
                                                       █████                █████
                                                      ░░███                ░░███
     ████████    ██████   ████████    ██████   ██████  ░███████    ██████  ███████
    ░░███░░███  ░░░░░███ ░░███░░███  ███░░███ ███░░███ ░███░░███  ░░░░░███░░░███░
     ░███ ░███   ███████  ░███ ░███ ░███ ░███░███ ░░░  ░███ ░███   ███████  ░███
     ░███ ░███  ███░░███  ░███ ░███ ░███ ░███░███  ███ ░███ ░███  ███░░███  ░███ ███
     ████ █████░░████████ ████ █████░░██████ ░░██████  ████ █████░░███████  ░░█████
    ░░░░ ░░░░░  ░░░░░░░░ ░░░░ ░░░░░  ░░░░░░   ░░░░░░  ░░░░ ░░░░░  ░░░░░░░░   ░░░░░
    
Autodetected device type: mps
2026-08-24 21:15:55,329 - nanochat.common - [32m[1mINFO[0m - Distributed world size: 1
COMPUTE_DTYPE: torch.float32 (auto-detected: no CUDA (CPU/MPS))
!!!!!!!!!!!!!!!!!!!!!!!!!!!!!!!!!!!!!!!!!!!!!!!!!!!!!!!!!!!!!!!!!!!!!!!!!!!!!!!!
WARNING: Flash Attention 3 not available, using PyTorch SDPA fallback
WARNING: Training will be less efficient without FA3
!!!!!!!!!!!!!!!!!!!!!!!!!!!!!!!!!!!!!!!!!!!!!!!!!!!!!!!!!!!!!!!!!!!!!!!!!!!!!!!!
Vocab size: 32,768
Model config:
{
  "sequence_len": 512,
  "vocab_size": 32768,
  "n_layer": 6,
  "n_head": 6,
  "n_kv_head": 6,
  "n_embd": 384,
  "window_pattern": "L",
  "tie_embeddings": false
}
Parameter counts:
wte                     : 12,582,912
value_embeds            : 37,748,736
lm_head                 : 12,582,912
transformer_matrices    : 10,617,048
scalars                 : 38
total                   : 73,531,646
Estimated FLOPs per token: 1.533557e+08
Scaling LRs by 0.1768 for batch size 16,384 (reference: 524,288)
Scaling the LR for the AdamW parameters ∝1/√(384/768) = 1.414214
Using user-provided number of iterations: 600
Total number of training tokens: 9,830,400
Tokens : Scaling params ratio: 0.42
Total training FLOPs estimate: 1.507548e+15
Tokens / micro-batch / rank: 32 x 512 = 16,384
Tokens / micro-batch: 16,384
Total batch size 16,384 => gradient accumulation steps: 1
Step 00000 | Validation bpb: 3.199714
step 00000/00600 (0.00%) | loss: 10.397530 | lrm: 0.03 | dt: 1236.96ms | tok/sec: 13,245 | bf16_mfu: 0.00 | epoch: 1 pq: 0 rg: 1 | total time: 0.00m
step 00001/00600 (0.17%) | loss: 10.396430 | lrm: 0.05 | dt: 389.48ms | tok/sec: 42,066 | bf16_mfu: 0.00 | epoch: 1 pq: 0 rg: 1 | total time: 0.00m
step 00002/00600 (0.33%) | loss: 10.394370 | lrm: 0.07 | dt: 665.49ms | tok/sec: 24,619 | bf16_mfu: 0.00 | epoch: 1 pq: 0 rg: 1 | total time: 0.00m
step 00003/00600 (0.50%) | loss: 10.391254 | lrm: 0.10 | dt: 592.33ms | tok/sec: 27,660 | bf16_mfu: 0.00 | epoch: 1 pq: 0 rg: 1 | total time: 0.00m
step 00004/00600 (0.67%) | loss: 10.387436 | lrm: 0.12 | dt: 549.59ms | tok/sec: 29,811 | bf16_mfu: 0.00 | epoch: 1 pq: 0 rg: 1 | total time: 0.00m
step 00005/00600 (0.83%) | loss: 10.382665 | lrm: 0.15 | dt: 527.89ms | tok/sec: 31,036 | bf16_mfu: 0.00 | epoch: 1 pq: 0 rg: 1 | total time: 0.00m
step 00006/00600 (1.00%) | loss: 10.375831 | lrm: 0.17 | dt: 543.19ms | tok/sec: 30,162 | bf16_mfu: 0.00 | epoch: 1 pq: 0 rg: 1 | total time: 0.00m
step 00007/00600 (1.17%) | loss: 10.367961 | lrm: 0.20 | dt: 520.64ms | tok/sec: 31,468 | bf16_mfu: 0.00 | epoch: 1 pq: 0 rg: 1 | total time: 0.00m
step 00008/00600 (1.33%) | loss: 10.357465 | lrm: 0.23 | dt: 746.13ms | tok/sec: 21,958 | bf16_mfu: 0.00 | epoch: 1 pq: 0 rg: 1 | total time: 0.00m
step 00009/00600 (1.50%) | loss: 10.344059 | lrm: 0.25 | dt: 614.52ms | tok/sec: 26,661 | bf16_mfu: 0.00 | epoch: 1 pq: 0 rg: 1 | total time: 0.00m
step 00010/00600 (1.67%) | loss: 10.326988 | lrm: 0.28 | dt: 622.91ms | tok/sec: 26,302 | bf16_mfu: 0.00 | epoch: 1 pq: 0 rg: 1 | total time: 0.00m
step 00011/00600 (1.83%) | loss: 10.305004 | lrm: 0.30 | dt: 536.78ms | tok/sec: 30,522 | bf16_mfu: 0.00 | epoch: 1 pq: 0 rg: 1 | total time: 0.01m | eta: 5.3m
step 00012/00600 (2.00%) | loss: 10.276393 | lrm: 0.33 | dt: 549.92ms | tok/sec: 29,793 | bf16_mfu: 0.00 | epoch: 1 pq: 0 rg: 1 | total time: 0.02m | eta: 5.3m
step 00013/00600 (2.17%) | loss: 10.243151 | lrm: 0.35 | dt: 489.28ms | tok/sec: 33,486 | bf16_mfu: 0.00 | epoch: 1 pq: 0 rg: 1 | total time: 0.03m | eta: 5.1m
step 00014/00600 (2.33%) | loss: 10.202451 | lrm: 0.38 | dt: 514.15ms | tok/sec: 31,866 | bf16_mfu: 0.00 | epoch: 1 pq: 0 rg: 2 | total time: 0.03m | eta: 5.1m
step 00015/00600 (2.50%) | loss: 10.143563 | lrm: 0.40 | dt: 493.66ms | tok/sec: 33,188 | bf16_mfu: 0.00 | epoch: 1 pq: 0 rg: 2 | total time: 0.04m | eta: 5.0m
step 00016/00600 (2.67%) | loss: 10.063330 | lrm: 0.42 | dt: 504.22ms | tok/sec: 32,493 | bf16_mfu: 0.00 | epoch: 1 pq: 0 rg: 2 | total time: 0.05m | eta: 5.0m
step 00017/00600 (2.83%) | loss: 9.943907 | lrm: 0.45 | dt: 509.31ms | tok/sec: 32,168 | bf16_mfu: 0.00 | epoch: 1 pq: 0 rg: 2 | total time: 0.06m | eta: 5.0m
step 00018/00600 (3.00%) | loss: 9.846265 | lrm: 0.47 | dt: 510.18ms | tok/sec: 32,114 | bf16_mfu: 0.00 | epoch: 1 pq: 0 rg: 2 | total time: 0.07m | eta: 5.0m
step 00019/00600 (3.17%) | loss: 9.688622 | lrm: 0.50 | dt: 511.84ms | tok/sec: 32,009 | bf16_mfu: 0.00 | epoch: 1 pq: 0 rg: 2 | total time: 0.08m | eta: 5.0m
step 00020/00600 (3.33%) | loss: 9.539636 | lrm: 0.53 | dt: 505.74ms | tok/sec: 32,396 | bf16_mfu: 0.00 | epoch: 1 pq: 0 rg: 2 | total time: 0.09m | eta: 5.0m
step 00021/00600 (3.50%) | loss: 9.396263 | lrm: 0.55 | dt: 509.70ms | tok/sec: 32,144 | bf16_mfu: 0.00 | epoch: 1 pq: 0 rg: 2 | total time: 0.09m | eta: 4.9m
step 00022/00600 (3.67%) | loss: 9.248027 | lrm: 0.57 | dt: 501.72ms | tok/sec: 32,655 | bf16_mfu: 0.00 | epoch: 1 pq: 0 rg: 2 | total time: 0.10m | eta: 4.9m
step 00023/00600 (3.83%) | loss: 9.094531 | lrm: 0.60 | dt: 498.91ms | tok/sec: 32,839 | bf16_mfu: 0.00 | epoch: 1 pq: 0 rg: 2 | total time: 0.11m | eta: 4.9m
step 00024/00600 (4.00%) | loss: 8.960652 | lrm: 0.62 | dt: 497.99ms | tok/sec: 32,900 | bf16_mfu: 0.00 | epoch: 1 pq: 0 rg: 2 | total time: 0.12m | eta: 4.9m
step 00025/00600 (4.17%) | loss: 8.816329 | lrm: 0.65 | dt: 506.97ms | tok/sec: 32,317 | bf16_mfu: 0.00 | epoch: 1 pq: 0 rg: 2 | total time: 0.13m | eta: 4.9m
step 00026/00600 (4.33%) | loss: 8.688350 | lrm: 0.68 | dt: 539.05ms | tok/sec: 30,394 | bf16_mfu: 0.00 | epoch: 1 pq: 0 rg: 2 | total time: 0.14m | eta: 4.9m
step 00027/00600 (4.50%) | loss: 8.570995 | lrm: 0.70 | dt: 576.86ms | tok/sec: 28,402 | bf16_mfu: 0.00 | epoch: 1 pq: 0 rg: 2 | total time: 0.15m | eta: 4.9m
step 00028/00600 (4.67%) | loss: 8.467575 | lrm: 0.72 | dt: 573.00ms | tok/sec: 28,593 | bf16_mfu: 0.00 | epoch: 1 pq: 0 rg: 2 | total time: 0.16m | eta: 4.9m
step 00029/00600 (4.83%) | loss: 8.383414 | lrm: 0.75 | dt: 614.22ms | tok/sec: 26,674 | bf16_mfu: 0.00 | epoch: 1 pq: 0 rg: 2 | total time: 0.17m | eta: 5.0m
step 00030/00600 (5.00%) | loss: 8.295650 | lrm: 0.78 | dt: 552.03ms | tok/sec: 29,679 | bf16_mfu: 0.00 | epoch: 1 pq: 0 rg: 2 | total time: 0.17m | eta: 5.0m
step 00031/00600 (5.17%) | loss: 8.203739 | lrm: 0.80 | dt: 486.36ms | tok/sec: 33,686 | bf16_mfu: 0.00 | epoch: 1 pq: 0 rg: 2 | total time: 0.18m | eta: 5.0m
step 00032/00600 (5.33%) | loss: 8.118525 | lrm: 0.82 | dt: 485.06ms | tok/sec: 33,777 | bf16_mfu: 0.00 | epoch: 1 pq: 0 rg: 2 | total time: 0.19m | eta: 4.9m
step 00033/00600 (5.50%) | loss: 8.036235 | lrm: 0.85 | dt: 506.23ms | tok/sec: 32,364 | bf16_mfu: 0.00 | epoch: 1 pq: 0 rg: 2 | total time: 0.20m | eta: 4.9m
step 00034/00600 (5.67%) | loss: 7.957975 | lrm: 0.88 | dt: 491.31ms | tok/sec: 33,347 | bf16_mfu: 0.00 | epoch: 1 pq: 0 rg: 2 | total time: 0.21m | eta: 4.9m
step 00035/00600 (5.83%) | loss: 7.890117 | lrm: 0.90 | dt: 478.74ms | tok/sec: 34,223 | bf16_mfu: 0.00 | epoch: 1 pq: 0 rg: 2 | total time: 0.22m | eta: 4.9m
step 00036/00600 (6.00%) | loss: 7.832298 | lrm: 0.93 | dt: 486.25ms | tok/sec: 33,694 | bf16_mfu: 0.00 | epoch: 1 pq: 0 rg: 2 | total time: 0.22m | eta: 4.9m
step 00037/00600 (6.17%) | loss: 7.773693 | lrm: 0.95 | dt: 496.17ms | tok/sec: 33,020 | bf16_mfu: 0.00 | epoch: 1 pq: 0 rg: 3 | total time: 0.23m | eta: 4.8m
step 00038/00600 (6.33%) | loss: 7.704337 | lrm: 0.97 | dt: 492.31ms | tok/sec: 33,279 | bf16_mfu: 0.00 | epoch: 1 pq: 0 rg: 3 | total time: 0.24m | eta: 4.8m
step 00039/00600 (6.50%) | loss: 7.633757 | lrm: 1.00 | dt: 510.16ms | tok/sec: 32,115 | bf16_mfu: 0.00 | epoch: 1 pq: 0 rg: 3 | total time: 0.25m | eta: 4.8m
step 00040/00600 (6.67%) | loss: 7.565528 | lrm: 1.00 | dt: 483.43ms | tok/sec: 33,891 | bf16_mfu: 0.00 | epoch: 1 pq: 0 rg: 3 | total time: 0.26m | eta: 4.8m
step 00041/00600 (6.83%) | loss: 7.504214 | lrm: 1.00 | dt: 554.00ms | tok/sec: 29,574 | bf16_mfu: 0.00 | epoch: 1 pq: 0 rg: 3 | total time: 0.27m | eta: 4.8m
step 00042/00600 (7.00%) | loss: 7.460463 | lrm: 1.00 | dt: 477.79ms | tok/sec: 34,291 | bf16_mfu: 0.00 | epoch: 1 pq: 0 rg: 3 | total time: 0.27m | eta: 4.8m
step 00043/00600 (7.17%) | loss: 7.398628 | lrm: 1.00 | dt: 484.92ms | tok/sec: 33,787 | bf16_mfu: 0.00 | epoch: 1 pq: 0 rg: 3 | total time: 0.28m | eta: 4.8m
step 00044/00600 (7.33%) | loss: 7.350192 | lrm: 1.00 | dt: 510.25ms | tok/sec: 32,109 | bf16_mfu: 0.00 | epoch: 1 pq: 0 rg: 3 | total time: 0.29m | eta: 4.8m
step 00045/00600 (7.50%) | loss: 7.301052 | lrm: 1.00 | dt: 474.74ms | tok/sec: 34,511 | bf16_mfu: 0.00 | epoch: 1 pq: 0 rg: 3 | total time: 0.30m | eta: 4.7m
step 00046/00600 (7.67%) | loss: 7.260293 | lrm: 1.00 | dt: 513.76ms | tok/sec: 31,890 | bf16_mfu: 0.00 | epoch: 1 pq: 0 rg: 3 | total time: 0.31m | eta: 4.7m
step 00047/00600 (7.83%) | loss: 7.218633 | lrm: 1.00 | dt: 481.79ms | tok/sec: 34,006 | bf16_mfu: 0.00 | epoch: 1 pq: 0 rg: 3 | total time: 0.32m | eta: 4.7m
step 00048/00600 (8.00%) | loss: 7.167447 | lrm: 1.00 | dt: 620.71ms | tok/sec: 26,395 | bf16_mfu: 0.00 | epoch: 1 pq: 0 rg: 3 | total time: 0.33m | eta: 4.7m
step 00049/00600 (8.17%) | loss: 7.131017 | lrm: 1.00 | dt: 481.70ms | tok/sec: 34,012 | bf16_mfu: 0.00 | epoch: 1 pq: 0 rg: 3 | total time: 0.33m | eta: 4.7m
step 00050/00600 (8.33%) | loss: 7.099566 | lrm: 1.00 | dt: 496.02ms | tok/sec: 33,031 | bf16_mfu: 0.00 | epoch: 1 pq: 0 rg: 3 | total time: 0.34m | eta: 4.7m
step 00051/00600 (8.50%) | loss: 7.083048 | lrm: 1.00 | dt: 598.30ms | tok/sec: 27,384 | bf16_mfu: 0.00 | epoch: 1 pq: 0 rg: 3 | total time: 0.35m | eta: 4.7m
step 00052/00600 (8.67%) | loss: 7.051252 | lrm: 1.00 | dt: 552.26ms | tok/sec: 29,667 | bf16_mfu: 0.00 | epoch: 1 pq: 0 rg: 3 | total time: 0.36m | eta: 4.7m
step 00053/00600 (8.83%) | loss: 7.032203 | lrm: 1.00 | dt: 474.68ms | tok/sec: 34,516 | bf16_mfu: 0.00 | epoch: 1 pq: 0 rg: 3 | total time: 0.37m | eta: 4.7m
step 00054/00600 (9.00%) | loss: 6.991944 | lrm: 1.00 | dt: 523.53ms | tok/sec: 31,295 | bf16_mfu: 0.00 | epoch: 1 pq: 0 rg: 3 | total time: 0.38m | eta: 4.7m
step 00055/00600 (9.17%) | loss: 6.965450 | lrm: 1.00 | dt: 484.18ms | tok/sec: 33,838 | bf16_mfu: 0.00 | epoch: 1 pq: 0 rg: 3 | total time: 0.39m | eta: 4.7m
step 00056/00600 (9.33%) | loss: 6.945646 | lrm: 1.00 | dt: 539.80ms | tok/sec: 30,351 | bf16_mfu: 0.00 | epoch: 1 pq: 0 rg: 3 | total time: 0.39m | eta: 4.7m
step 00057/00600 (9.50%) | loss: 6.915912 | lrm: 1.00 | dt: 512.38ms | tok/sec: 31,976 | bf16_mfu: 0.00 | epoch: 1 pq: 0 rg: 3 | total time: 0.40m | eta: 4.7m
step 00058/00600 (9.67%) | loss: 6.887225 | lrm: 1.00 | dt: 499.99ms | tok/sec: 32,768 | bf16_mfu: 0.00 | epoch: 1 pq: 0 rg: 3 | total time: 0.41m | eta: 4.6m
step 00059/00600 (9.83%) | loss: 6.853770 | lrm: 1.00 | dt: 499.98ms | tok/sec: 32,769 | bf16_mfu: 0.00 | epoch: 1 pq: 0 rg: 3 | total time: 0.42m | eta: 4.6m
step 00060/00600 (10.00%) | loss: 6.828491 | lrm: 1.00 | dt: 490.23ms | tok/sec: 33,421 | bf16_mfu: 0.00 | epoch: 1 pq: 0 rg: 4 | total time: 0.43m | eta: 4.6m
step 00061/00600 (10.17%) | loss: 6.811224 | lrm: 1.00 | dt: 486.46ms | tok/sec: 33,679 | bf16_mfu: 0.00 | epoch: 1 pq: 0 rg: 4 | total time: 0.44m | eta: 4.6m
step 00062/00600 (10.33%) | loss: 6.794052 | lrm: 1.00 | dt: 557.93ms | tok/sec: 29,365 | bf16_mfu: 0.00 | epoch: 1 pq: 0 rg: 4 | total time: 0.45m | eta: 4.6m
step 00063/00600 (10.50%) | loss: 6.751505 | lrm: 1.00 | dt: 484.58ms | tok/sec: 33,810 | bf16_mfu: 0.00 | epoch: 1 pq: 0 rg: 4 | total time: 0.45m | eta: 4.6m
step 00064/00600 (10.67%) | loss: 6.743020 | lrm: 1.00 | dt: 483.90ms | tok/sec: 33,858 | bf16_mfu: 0.00 | epoch: 1 pq: 0 rg: 4 | total time: 0.46m | eta: 4.6m
step 00065/00600 (10.83%) | loss: 6.732917 | lrm: 1.00 | dt: 498.33ms | tok/sec: 32,877 | bf16_mfu: 0.00 | epoch: 1 pq: 0 rg: 4 | total time: 0.47m | eta: 4.6m
step 00066/00600 (11.00%) | loss: 6.715795 | lrm: 1.00 | dt: 539.71ms | tok/sec: 30,356 | bf16_mfu: 0.00 | epoch: 1 pq: 0 rg: 4 | total time: 0.48m | eta: 4.6m
step 00067/00600 (11.17%) | loss: 6.699269 | lrm: 1.00 | dt: 493.95ms | tok/sec: 33,169 | bf16_mfu: 0.00 | epoch: 1 pq: 0 rg: 4 | total time: 0.49m | eta: 4.6m
step 00068/00600 (11.33%) | loss: 6.695510 | lrm: 1.00 | dt: 469.71ms | tok/sec: 34,880 | bf16_mfu: 0.00 | epoch: 1 pq: 0 rg: 4 | total time: 0.49m | eta: 4.5m
step 00069/00600 (11.50%) | loss: 6.680996 | lrm: 1.00 | dt: 485.96ms | tok/sec: 33,714 | bf16_mfu: 0.00 | epoch: 1 pq: 0 rg: 4 | total time: 0.50m | eta: 4.5m
step 00070/00600 (11.67%) | loss: 6.673639 | lrm: 1.00 | dt: 485.43ms | tok/sec: 33,751 | bf16_mfu: 0.00 | epoch: 1 pq: 0 rg: 4 | total time: 0.51m | eta: 4.5m
step 00071/00600 (11.83%) | loss: 6.661455 | lrm: 1.00 | dt: 557.93ms | tok/sec: 29,365 | bf16_mfu: 0.00 | epoch: 1 pq: 0 rg: 4 | total time: 0.52m | eta: 4.5m
step 00072/00600 (12.00%) | loss: 6.652234 | lrm: 1.00 | dt: 475.60ms | tok/sec: 34,448 | bf16_mfu: 0.00 | epoch: 1 pq: 0 rg: 4 | total time: 0.53m | eta: 4.5m
step 00073/00600 (12.17%) | loss: 6.631579 | lrm: 1.00 | dt: 493.25ms | tok/sec: 33,216 | bf16_mfu: 0.00 | epoch: 1 pq: 0 rg: 4 | total time: 0.54m | eta: 4.5m
step 00074/00600 (12.33%) | loss: 6.603316 | lrm: 1.00 | dt: 476.91ms | tok/sec: 34,354 | bf16_mfu: 0.00 | epoch: 1 pq: 0 rg: 4 | total time: 0.54m | eta: 4.5m
step 00075/00600 (12.50%) | loss: 6.585599 | lrm: 1.00 | dt: 494.02ms | tok/sec: 33,164 | bf16_mfu: 0.00 | epoch: 1 pq: 0 rg: 4 | total time: 0.55m | eta: 4.5m
step 00076/00600 (12.67%) | loss: 6.583647 | lrm: 1.00 | dt: 478.99ms | tok/sec: 34,205 | bf16_mfu: 0.00 | epoch: 1 pq: 0 rg: 4 | total time: 0.56m | eta: 4.5m
step 00077/00600 (12.83%) | loss: 6.562903 | lrm: 1.00 | dt: 486.17ms | tok/sec: 33,700 | bf16_mfu: 0.00 | epoch: 1 pq: 0 rg: 4 | total time: 0.57m | eta: 4.4m
step 00078/00600 (13.00%) | loss: 6.553703 | lrm: 1.00 | dt: 484.43ms | tok/sec: 33,820 | bf16_mfu: 0.00 | epoch: 1 pq: 0 rg: 4 | total time: 0.58m | eta: 4.4m
step 00079/00600 (13.17%) | loss: 6.548422 | lrm: 1.00 | dt: 494.46ms | tok/sec: 33,134 | bf16_mfu: 0.00 | epoch: 1 pq: 0 rg: 4 | total time: 0.59m | eta: 4.4m
step 00080/00600 (13.33%) | loss: 6.539524 | lrm: 1.00 | dt: 530.47ms | tok/sec: 30,886 | bf16_mfu: 0.00 | epoch: 1 pq: 0 rg: 4 | total time: 0.59m | eta: 4.4m
step 00081/00600 (13.50%) | loss: 6.533126 | lrm: 1.00 | dt: 493.91ms | tok/sec: 33,172 | bf16_mfu: 0.00 | epoch: 1 pq: 0 rg: 4 | total time: 0.60m | eta: 4.4m
step 00082/00600 (13.67%) | loss: 6.533641 | lrm: 1.00 | dt: 482.12ms | tok/sec: 33,983 | bf16_mfu: 0.00 | epoch: 1 pq: 0 rg: 4 | total time: 0.61m | eta: 4.4m
step 00083/00600 (13.83%) | loss: 6.521448 | lrm: 1.00 | dt: 489.04ms | tok/sec: 33,502 | bf16_mfu: 0.00 | epoch: 1 pq: 0 rg: 5 | total time: 0.62m | eta: 4.4m
step 00084/00600 (14.00%) | loss: 6.508512 | lrm: 1.00 | dt: 482.72ms | tok/sec: 33,941 | bf16_mfu: 0.00 | epoch: 1 pq: 0 rg: 5 | total time: 0.63m | eta: 4.4m
step 00085/00600 (14.17%) | loss: 6.497585 | lrm: 1.00 | dt: 484.67ms | tok/sec: 33,804 | bf16_mfu: 0.00 | epoch: 1 pq: 0 rg: 5 | total time: 0.63m | eta: 4.4m
step 00086/00600 (14.33%) | loss: 6.480350 | lrm: 1.00 | dt: 482.83ms | tok/sec: 33,932 | bf16_mfu: 0.00 | epoch: 1 pq: 0 rg: 5 | total time: 0.64m | eta: 4.3m
step 00087/00600 (14.50%) | loss: 6.460918 | lrm: 1.00 | dt: 480.04ms | tok/sec: 34,130 | bf16_mfu: 0.00 | epoch: 1 pq: 0 rg: 5 | total time: 0.65m | eta: 4.3m
step 00088/00600 (14.67%) | loss: 6.445672 | lrm: 1.00 | dt: 488.75ms | tok/sec: 33,522 | bf16_mfu: 0.00 | epoch: 1 pq: 0 rg: 5 | total time: 0.66m | eta: 4.3m
step 00089/00600 (14.83%) | loss: 6.432804 | lrm: 1.00 | dt: 492.06ms | tok/sec: 33,296 | bf16_mfu: 0.00 | epoch: 1 pq: 0 rg: 5 | total time: 0.67m | eta: 4.3m
step 00090/00600 (15.00%) | loss: 6.436657 | lrm: 1.00 | dt: 473.98ms | tok/sec: 34,567 | bf16_mfu: 0.00 | epoch: 1 pq: 0 rg: 5 | total time: 0.67m | eta: 4.3m
step 00091/00600 (15.17%) | loss: 6.435459 | lrm: 1.00 | dt: 480.59ms | tok/sec: 34,091 | bf16_mfu: 0.00 | epoch: 1 pq: 0 rg: 5 | total time: 0.68m | eta: 4.3m
step 00092/00600 (15.33%) | loss: 6.426533 | lrm: 1.00 | dt: 555.71ms | tok/sec: 29,482 | bf16_mfu: 0.00 | epoch: 1 pq: 0 rg: 5 | total time: 0.69m | eta: 4.3m
step 00093/00600 (15.50%) | loss: 6.411749 | lrm: 1.00 | dt: 630.21ms | tok/sec: 25,997 | bf16_mfu: 0.00 | epoch: 1 pq: 0 rg: 5 | total time: 0.70m | eta: 4.3m
step 00094/00600 (15.67%) | loss: 6.402575 | lrm: 1.00 | dt: 546.05ms | tok/sec: 30,004 | bf16_mfu: 0.00 | epoch: 1 pq: 0 rg: 5 | total time: 0.71m | eta: 4.3m
step 00095/00600 (15.83%) | loss: 6.403996 | lrm: 1.00 | dt: 547.04ms | tok/sec: 29,950 | bf16_mfu: 0.00 | epoch: 1 pq: 0 rg: 5 | total time: 0.72m | eta: 4.3m
step 00096/00600 (16.00%) | loss: 6.390772 | lrm: 1.00 | dt: 497.61ms | tok/sec: 32,925 | bf16_mfu: 0.00 | epoch: 1 pq: 0 rg: 5 | total time: 0.73m | eta: 4.3m
step 00097/00600 (16.17%) | loss: 6.389954 | lrm: 1.00 | dt: 498.30ms | tok/sec: 32,880 | bf16_mfu: 0.00 | epoch: 1 pq: 0 rg: 5 | total time: 0.74m | eta: 4.3m
step 00098/00600 (16.33%) | loss: 6.393401 | lrm: 1.00 | dt: 499.93ms | tok/sec: 32,772 | bf16_mfu: 0.00 | epoch: 1 pq: 0 rg: 5 | total time: 0.75m | eta: 4.3m
step 00099/00600 (16.50%) | loss: 6.379183 | lrm: 1.00 | dt: 537.29ms | tok/sec: 30,494 | bf16_mfu: 0.00 | epoch: 1 pq: 0 rg: 5 | total time: 0.75m | eta: 4.2m
Step 00100 | Validation bpb: 1.952329
step 00100/00600 (16.67%) | loss: 6.373325 | lrm: 1.00 | dt: 499.27ms | tok/sec: 32,815 | bf16_mfu: 0.00 | epoch: 1 pq: 0 rg: 5 | total time: 0.76m | eta: 4.2m
step 00101/00600 (16.83%) | loss: 6.384782 | lrm: 1.00 | dt: 500.71ms | tok/sec: 32,721 | bf16_mfu: 0.00 | epoch: 1 pq: 0 rg: 5 | total time: 0.77m | eta: 4.2m
step 00102/00600 (17.00%) | loss: 6.390226 | lrm: 1.00 | dt: 497.78ms | tok/sec: 32,914 | bf16_mfu: 0.00 | epoch: 1 pq: 0 rg: 5 | total time: 0.78m | eta: 4.2m
step 00103/00600 (17.17%) | loss: 6.373290 | lrm: 1.00 | dt: 494.87ms | tok/sec: 33,107 | bf16_mfu: 0.00 | epoch: 1 pq: 0 rg: 5 | total time: 0.79m | eta: 4.2m
step 00104/00600 (17.33%) | loss: 6.371731 | lrm: 1.00 | dt: 504.66ms | tok/sec: 32,465 | bf16_mfu: 0.00 | epoch: 1 pq: 0 rg: 5 | total time: 0.80m | eta: 4.2m
step 00105/00600 (17.50%) | loss: 6.359837 | lrm: 1.00 | dt: 502.75ms | tok/sec: 32,588 | bf16_mfu: 0.00 | epoch: 1 pq: 0 rg: 5 | total time: 0.80m | eta: 4.2m
step 00106/00600 (17.67%) | loss: 6.334509 | lrm: 1.00 | dt: 495.17ms | tok/sec: 33,087 | bf16_mfu: 0.00 | epoch: 1 pq: 0 rg: 5 | total time: 0.81m | eta: 4.2m
step 00107/00600 (17.83%) | loss: 6.333325 | lrm: 1.00 | dt: 500.66ms | tok/sec: 32,725 | bf16_mfu: 0.00 | epoch: 1 pq: 0 rg: 6 | total time: 0.82m | eta: 4.2m
step 00108/00600 (18.00%) | loss: 6.328574 | lrm: 1.00 | dt: 502.16ms | tok/sec: 32,626 | bf16_mfu: 0.00 | epoch: 1 pq: 0 rg: 6 | total time: 0.83m | eta: 4.2m
step 00109/00600 (18.17%) | loss: 6.320367 | lrm: 1.00 | dt: 499.45ms | tok/sec: 32,803 | bf16_mfu: 0.00 | epoch: 1 pq: 0 rg: 6 | total time: 0.84m | eta: 4.2m
step 00110/00600 (18.33%) | loss: 6.322586 | lrm: 1.00 | dt: 507.87ms | tok/sec: 32,259 | bf16_mfu: 0.00 | epoch: 1 pq: 0 rg: 6 | total time: 0.85m | eta: 4.1m
step 00111/00600 (18.50%) | loss: 6.308766 | lrm: 1.00 | dt: 494.24ms | tok/sec: 33,149 | bf16_mfu: 0.00 | epoch: 1 pq: 0 rg: 6 | total time: 0.85m | eta: 4.1m
step 00112/00600 (18.67%) | loss: 6.289911 | lrm: 1.00 | dt: 501.78ms | tok/sec: 32,651 | bf16_mfu: 0.00 | epoch: 1 pq: 0 rg: 6 | total time: 0.86m | eta: 4.1m
step 00113/00600 (18.83%) | loss: 6.287387 | lrm: 1.00 | dt: 494.31ms | tok/sec: 33,145 | bf16_mfu: 0.00 | epoch: 1 pq: 0 rg: 6 | total time: 0.87m | eta: 4.1m
step 00114/00600 (19.00%) | loss: 6.267739 | lrm: 1.00 | dt: 507.46ms | tok/sec: 32,286 | bf16_mfu: 0.00 | epoch: 1 pq: 0 rg: 6 | total time: 0.88m | eta: 4.1m
step 00115/00600 (19.17%) | loss: 6.259323 | lrm: 1.00 | dt: 517.99ms | tok/sec: 31,630 | bf16_mfu: 0.00 | epoch: 1 pq: 0 rg: 6 | total time: 0.89m | eta: 4.1m
step 00116/00600 (19.33%) | loss: 6.253996 | lrm: 1.00 | dt: 489.18ms | tok/sec: 33,492 | bf16_mfu: 0.00 | epoch: 1 pq: 0 rg: 6 | total time: 0.90m | eta: 4.1m
step 00117/00600 (19.50%) | loss: 6.246757 | lrm: 1.00 | dt: 498.54ms | tok/sec: 32,864 | bf16_mfu: 0.00 | epoch: 1 pq: 0 rg: 6 | total time: 0.90m | eta: 4.1m
step 00118/00600 (19.67%) | loss: 6.234776 | lrm: 1.00 | dt: 505.03ms | tok/sec: 32,441 | bf16_mfu: 0.00 | epoch: 1 pq: 0 rg: 6 | total time: 0.91m | eta: 4.1m
step 00119/00600 (19.83%) | loss: 6.219172 | lrm: 1.00 | dt: 499.87ms | tok/sec: 32,776 | bf16_mfu: 0.00 | epoch: 1 pq: 0 rg: 6 | total time: 0.92m | eta: 4.1m
step 00120/00600 (20.00%) | loss: 6.215631 | lrm: 1.00 | dt: 498.77ms | tok/sec: 32,848 | bf16_mfu: 0.00 | epoch: 1 pq: 0 rg: 6 | total time: 0.93m | eta: 4.1m
step 00121/00600 (20.17%) | loss: 6.208913 | lrm: 1.00 | dt: 579.90ms | tok/sec: 28,253 | bf16_mfu: 0.00 | epoch: 1 pq: 0 rg: 6 | total time: 0.94m | eta: 4.1m
step 00122/00600 (20.33%) | loss: 6.194753 | lrm: 1.00 | dt: 493.30ms | tok/sec: 33,213 | bf16_mfu: 0.00 | epoch: 1 pq: 0 rg: 6 | total time: 0.95m | eta: 4.0m
step 00123/00600 (20.50%) | loss: 6.192492 | lrm: 1.00 | dt: 498.25ms | tok/sec: 32,882 | bf16_mfu: 0.00 | epoch: 1 pq: 0 rg: 6 | total time: 0.96m | eta: 4.0m
step 00124/00600 (20.67%) | loss: 6.189218 | lrm: 1.00 | dt: 503.41ms | tok/sec: 32,546 | bf16_mfu: 0.00 | epoch: 1 pq: 0 rg: 6 | total time: 0.96m | eta: 4.0m
step 00125/00600 (20.83%) | loss: 6.180943 | lrm: 1.00 | dt: 501.67ms | tok/sec: 32,659 | bf16_mfu: 0.00 | epoch: 1 pq: 0 rg: 6 | total time: 0.97m | eta: 4.0m
step 00126/00600 (21.00%) | loss: 6.188337 | lrm: 1.00 | dt: 502.68ms | tok/sec: 32,593 | bf16_mfu: 0.00 | epoch: 1 pq: 0 rg: 6 | total time: 0.98m | eta: 4.0m
step 00127/00600 (21.17%) | loss: 6.185988 | lrm: 1.00 | dt: 508.64ms | tok/sec: 32,211 | bf16_mfu: 0.00 | epoch: 1 pq: 0 rg: 6 | total time: 0.99m | eta: 4.0m
step 00128/00600 (21.33%) | loss: 6.183363 | lrm: 1.00 | dt: 494.71ms | tok/sec: 33,118 | bf16_mfu: 0.00 | epoch: 1 pq: 0 rg: 6 | total time: 1.00m | eta: 4.0m
step 00129/00600 (21.50%) | loss: 6.191344 | lrm: 1.00 | dt: 502.07ms | tok/sec: 32,632 | bf16_mfu: 0.00 | epoch: 1 pq: 0 rg: 6 | total time: 1.01m | eta: 4.0m
step 00130/00600 (21.67%) | loss: 6.187436 | lrm: 1.00 | dt: 531.41ms | tok/sec: 30,831 | bf16_mfu: 0.00 | epoch: 1 pq: 0 rg: 7 | total time: 1.02m | eta: 4.0m
step 00131/00600 (21.83%) | loss: 6.197907 | lrm: 1.00 | dt: 552.23ms | tok/sec: 29,668 | bf16_mfu: 0.00 | epoch: 1 pq: 0 rg: 7 | total time: 1.02m | eta: 4.0m
step 00132/00600 (22.00%) | loss: 6.204776 | lrm: 1.00 | dt: 464.50ms | tok/sec: 35,272 | bf16_mfu: 0.00 | epoch: 1 pq: 0 rg: 7 | total time: 1.03m | eta: 4.0m
step 00133/00600 (22.17%) | loss: 6.200094 | lrm: 1.00 | dt: 524.36ms | tok/sec: 31,245 | bf16_mfu: 0.00 | epoch: 1 pq: 0 rg: 7 | total time: 1.04m | eta: 4.0m
step 00134/00600 (22.33%) | loss: 6.179547 | lrm: 1.00 | dt: 495.37ms | tok/sec: 33,074 | bf16_mfu: 0.00 | epoch: 1 pq: 0 rg: 7 | total time: 1.05m | eta: 3.9m
step 00135/00600 (22.50%) | loss: 6.166092 | lrm: 1.00 | dt: 505.09ms | tok/sec: 32,438 | bf16_mfu: 0.00 | epoch: 1 pq: 0 rg: 7 | total time: 1.06m | eta: 3.9m
step 00136/00600 (22.67%) | loss: 6.167525 | lrm: 1.00 | dt: 501.63ms | tok/sec: 32,661 | bf16_mfu: 0.00 | epoch: 1 pq: 0 rg: 7 | total time: 1.07m | eta: 3.9m
step 00137/00600 (22.83%) | loss: 6.169526 | lrm: 1.00 | dt: 501.55ms | tok/sec: 32,666 | bf16_mfu: 0.00 | epoch: 1 pq: 0 rg: 7 | total time: 1.07m | eta: 3.9m
step 00138/00600 (23.00%) | loss: 6.164126 | lrm: 1.00 | dt: 494.61ms | tok/sec: 33,125 | bf16_mfu: 0.00 | epoch: 1 pq: 0 rg: 7 | total time: 1.08m | eta: 3.9m
step 00139/00600 (23.17%) | loss: 6.154459 | lrm: 1.00 | dt: 620.63ms | tok/sec: 26,399 | bf16_mfu: 0.00 | epoch: 1 pq: 0 rg: 7 | total time: 1.09m | eta: 3.9m
step 00140/00600 (23.33%) | loss: 6.153341 | lrm: 1.00 | dt: 476.20ms | tok/sec: 34,405 | bf16_mfu: 0.00 | epoch: 1 pq: 0 rg: 7 | total time: 1.10m | eta: 3.9m
step 00141/00600 (23.50%) | loss: 6.130664 | lrm: 1.00 | dt: 502.12ms | tok/sec: 32,629 | bf16_mfu: 0.00 | epoch: 1 pq: 0 rg: 7 | total time: 1.11m | eta: 3.9m
step 00142/00600 (23.67%) | loss: 6.120049 | lrm: 1.00 | dt: 504.86ms | tok/sec: 32,452 | bf16_mfu: 0.00 | epoch: 1 pq: 0 rg: 7 | total time: 1.12m | eta: 3.9m
step 00143/00600 (23.83%) | loss: 6.113138 | lrm: 1.00 | dt: 504.54ms | tok/sec: 32,472 | bf16_mfu: 0.00 | epoch: 1 pq: 0 rg: 7 | total time: 1.13m | eta: 3.9m
step 00144/00600 (24.00%) | loss: 6.094907 | lrm: 1.00 | dt: 599.84ms | tok/sec: 27,314 | bf16_mfu: 0.00 | epoch: 1 pq: 0 rg: 7 | total time: 1.14m | eta: 3.9m
step 00145/00600 (24.17%) | loss: 6.107067 | lrm: 1.00 | dt: 484.90ms | tok/sec: 33,788 | bf16_mfu: 0.00 | epoch: 1 pq: 0 rg: 7 | total time: 1.14m | eta: 3.9m
step 00146/00600 (24.33%) | loss: 6.101095 | lrm: 1.00 | dt: 499.90ms | tok/sec: 32,774 | bf16_mfu: 0.00 | epoch: 1 pq: 0 rg: 7 | total time: 1.15m | eta: 3.8m
step 00147/00600 (24.50%) | loss: 6.096116 | lrm: 1.00 | dt: 505.17ms | tok/sec: 32,432 | bf16_mfu: 0.00 | epoch: 1 pq: 0 rg: 7 | total time: 1.16m | eta: 3.8m
step 00148/00600 (24.67%) | loss: 6.088684 | lrm: 1.00 | dt: 542.42ms | tok/sec: 30,205 | bf16_mfu: 0.00 | epoch: 1 pq: 0 rg: 7 | total time: 1.17m | eta: 3.8m
step 00149/00600 (24.83%) | loss: 6.091788 | lrm: 1.00 | dt: 559.05ms | tok/sec: 29,307 | bf16_mfu: 0.00 | epoch: 1 pq: 0 rg: 7 | total time: 1.18m | eta: 3.8m
step 00150/00600 (25.00%) | loss: 6.087156 | lrm: 1.00 | dt: 598.29ms | tok/sec: 27,384 | bf16_mfu: 0.00 | epoch: 1 pq: 0 rg: 7 | total time: 1.19m | eta: 3.8m
step 00151/00600 (25.17%) | loss: 6.085546 | lrm: 1.00 | dt: 488.26ms | tok/sec: 33,555 | bf16_mfu: 0.00 | epoch: 1 pq: 0 rg: 7 | total time: 1.20m | eta: 3.8m
step 00152/00600 (25.33%) | loss: 6.064633 | lrm: 1.00 | dt: 499.86ms | tok/sec: 32,777 | bf16_mfu: 0.00 | epoch: 1 pq: 0 rg: 7 | total time: 1.21m | eta: 3.8m
step 00153/00600 (25.50%) | loss: 6.059434 | lrm: 1.00 | dt: 505.48ms | tok/sec: 32,412 | bf16_mfu: 0.00 | epoch: 1 pq: 0 rg: 7 | total time: 1.21m | eta: 3.8m
step 00154/00600 (25.67%) | loss: 6.041593 | lrm: 1.00 | dt: 567.00ms | tok/sec: 28,895 | bf16_mfu: 0.00 | epoch: 1 pq: 0 rg: 8 | total time: 1.22m | eta: 3.8m
step 00155/00600 (25.83%) | loss: 6.033427 | lrm: 1.00 | dt: 622.82ms | tok/sec: 26,306 | bf16_mfu: 0.00 | epoch: 1 pq: 0 rg: 8 | total time: 1.23m | eta: 3.8m
step 00156/00600 (26.00%) | loss: 6.013653 | lrm: 1.00 | dt: 501.99ms | tok/sec: 32,638 | bf16_mfu: 0.00 | epoch: 1 pq: 0 rg: 8 | total time: 1.24m | eta: 3.8m
step 00157/00600 (26.17%) | loss: 6.018385 | lrm: 1.00 | dt: 517.28ms | tok/sec: 31,673 | bf16_mfu: 0.00 | epoch: 1 pq: 0 rg: 8 | total time: 1.25m | eta: 3.8m
step 00158/00600 (26.33%) | loss: 6.015968 | lrm: 1.00 | dt: 501.21ms | tok/sec: 32,688 | bf16_mfu: 0.00 | epoch: 1 pq: 0 rg: 8 | total time: 1.26m | eta: 3.8m
step 00159/00600 (26.50%) | loss: 6.003857 | lrm: 1.00 | dt: 534.36ms | tok/sec: 30,661 | bf16_mfu: 0.00 | epoch: 1 pq: 0 rg: 8 | total time: 1.27m | eta: 3.8m
step 00160/00600 (26.67%) | loss: 5.992197 | lrm: 1.00 | dt: 494.77ms | tok/sec: 33,114 | bf16_mfu: 0.00 | epoch: 1 pq: 0 rg: 8 | total time: 1.28m | eta: 3.7m
step 00161/00600 (26.83%) | loss: 5.990867 | lrm: 1.00 | dt: 524.93ms | tok/sec: 31,212 | bf16_mfu: 0.00 | epoch: 1 pq: 0 rg: 8 | total time: 1.29m | eta: 3.7m
step 00162/00600 (27.00%) | loss: 5.984457 | lrm: 1.00 | dt: 511.44ms | tok/sec: 32,035 | bf16_mfu: 0.00 | epoch: 1 pq: 0 rg: 8 | total time: 1.29m | eta: 3.7m
step 00163/00600 (27.17%) | loss: 6.005328 | lrm: 1.00 | dt: 555.68ms | tok/sec: 29,484 | bf16_mfu: 0.00 | epoch: 1 pq: 0 rg: 8 | total time: 1.30m | eta: 3.7m
step 00164/00600 (27.33%) | loss: 5.985738 | lrm: 1.00 | dt: 500.19ms | tok/sec: 32,755 | bf16_mfu: 0.00 | epoch: 1 pq: 0 rg: 8 | total time: 1.31m | eta: 3.7m
step 00165/00600 (27.50%) | loss: 5.972948 | lrm: 1.00 | dt: 540.25ms | tok/sec: 30,326 | bf16_mfu: 0.00 | epoch: 1 pq: 0 rg: 8 | total time: 1.32m | eta: 3.7m
step 00166/00600 (27.67%) | loss: 5.972727 | lrm: 1.00 | dt: 566.57ms | tok/sec: 28,918 | bf16_mfu: 0.00 | epoch: 1 pq: 0 rg: 8 | total time: 1.33m | eta: 3.7m
step 00167/00600 (27.83%) | loss: 5.955479 | lrm: 1.00 | dt: 549.36ms | tok/sec: 29,824 | bf16_mfu: 0.00 | epoch: 1 pq: 0 rg: 8 | total time: 1.34m | eta: 3.7m
step 00168/00600 (28.00%) | loss: 5.953270 | lrm: 1.00 | dt: 512.46ms | tok/sec: 31,971 | bf16_mfu: 0.00 | epoch: 1 pq: 0 rg: 8 | total time: 1.35m | eta: 3.7m
step 00169/00600 (28.17%) | loss: 5.949004 | lrm: 1.00 | dt: 507.02ms | tok/sec: 32,314 | bf16_mfu: 0.00 | epoch: 1 pq: 0 rg: 8 | total time: 1.36m | eta: 3.7m
step 00170/00600 (28.33%) | loss: 5.960912 | lrm: 1.00 | dt: 580.21ms | tok/sec: 28,238 | bf16_mfu: 0.00 | epoch: 1 pq: 0 rg: 8 | total time: 1.37m | eta: 3.7m
step 00171/00600 (28.50%) | loss: 5.956611 | lrm: 1.00 | dt: 556.83ms | tok/sec: 29,423 | bf16_mfu: 0.00 | epoch: 1 pq: 0 rg: 8 | total time: 1.37m | eta: 3.7m
step 00172/00600 (28.67%) | loss: 5.957787 | lrm: 1.00 | dt: 480.53ms | tok/sec: 34,095 | bf16_mfu: 0.00 | epoch: 1 pq: 0 rg: 8 | total time: 1.38m | eta: 3.7m
step 00173/00600 (28.83%) | loss: 5.947660 | lrm: 1.00 | dt: 513.01ms | tok/sec: 31,937 | bf16_mfu: 0.00 | epoch: 1 pq: 0 rg: 8 | total time: 1.39m | eta: 3.6m
step 00174/00600 (29.00%) | loss: 5.942469 | lrm: 1.00 | dt: 500.22ms | tok/sec: 32,753 | bf16_mfu: 0.00 | epoch: 1 pq: 0 rg: 8 | total time: 1.40m | eta: 3.6m
step 00175/00600 (29.17%) | loss: 5.937536 | lrm: 1.00 | dt: 507.76ms | tok/sec: 32,266 | bf16_mfu: 0.00 | epoch: 1 pq: 0 rg: 8 | total time: 1.41m | eta: 3.6m
step 00176/00600 (29.33%) | loss: 5.929980 | lrm: 1.00 | dt: 492.99ms | tok/sec: 33,234 | bf16_mfu: 0.00 | epoch: 1 pq: 0 rg: 8 | total time: 1.42m | eta: 3.6m
step 00177/00600 (29.50%) | loss: 5.925057 | lrm: 1.00 | dt: 512.41ms | tok/sec: 31,974 | bf16_mfu: 0.00 | epoch: 1 pq: 0 rg: 9 | total time: 1.42m | eta: 3.6m
step 00178/00600 (29.67%) | loss: 5.931234 | lrm: 1.00 | dt: 494.92ms | tok/sec: 33,104 | bf16_mfu: 0.00 | epoch: 1 pq: 0 rg: 9 | total time: 1.43m | eta: 3.6m
step 00179/00600 (29.83%) | loss: 5.919243 | lrm: 1.00 | dt: 497.71ms | tok/sec: 32,918 | bf16_mfu: 0.00 | epoch: 1 pq: 0 rg: 9 | total time: 1.44m | eta: 3.6m
step 00180/00600 (30.00%) | loss: 5.920197 | lrm: 1.00 | dt: 504.42ms | tok/sec: 32,480 | bf16_mfu: 0.00 | epoch: 1 pq: 0 rg: 9 | total time: 1.45m | eta: 3.6m
step 00181/00600 (30.17%) | loss: 5.917198 | lrm: 1.00 | dt: 501.17ms | tok/sec: 32,691 | bf16_mfu: 0.00 | epoch: 1 pq: 0 rg: 9 | total time: 1.46m | eta: 3.6m
step 00182/00600 (30.33%) | loss: 5.898919 | lrm: 1.00 | dt: 500.92ms | tok/sec: 32,707 | bf16_mfu: 0.00 | epoch: 1 pq: 0 rg: 9 | total time: 1.47m | eta: 3.6m
step 00183/00600 (30.50%) | loss: 5.900816 | lrm: 1.00 | dt: 508.18ms | tok/sec: 32,240 | bf16_mfu: 0.00 | epoch: 1 pq: 0 rg: 9 | total time: 1.48m | eta: 3.6m
step 00184/00600 (30.67%) | loss: 5.892227 | lrm: 1.00 | dt: 499.99ms | tok/sec: 32,768 | bf16_mfu: 0.00 | epoch: 1 pq: 0 rg: 9 | total time: 1.48m | eta: 3.5m
step 00185/00600 (30.83%) | loss: 5.883609 | lrm: 1.00 | dt: 504.40ms | tok/sec: 32,481 | bf16_mfu: 0.00 | epoch: 1 pq: 0 rg: 9 | total time: 1.49m | eta: 3.5m
step 00186/00600 (31.00%) | loss: 5.874609 | lrm: 1.00 | dt: 569.18ms | tok/sec: 28,785 | bf16_mfu: 0.00 | epoch: 1 pq: 0 rg: 9 | total time: 1.50m | eta: 3.5m
step 00187/00600 (31.17%) | loss: 5.859583 | lrm: 1.00 | dt: 593.14ms | tok/sec: 27,622 | bf16_mfu: 0.00 | epoch: 1 pq: 0 rg: 9 | total time: 1.51m | eta: 3.5m
step 00188/00600 (31.33%) | loss: 5.846863 | lrm: 1.00 | dt: 517.25ms | tok/sec: 31,675 | bf16_mfu: 0.00 | epoch: 1 pq: 0 rg: 9 | total time: 1.52m | eta: 3.5m
step 00189/00600 (31.50%) | loss: 5.850847 | lrm: 1.00 | dt: 527.73ms | tok/sec: 31,046 | bf16_mfu: 0.00 | epoch: 1 pq: 0 rg: 9 | total time: 1.53m | eta: 3.5m
step 00190/00600 (31.67%) | loss: 5.829972 | lrm: 1.00 | dt: 525.48ms | tok/sec: 31,179 | bf16_mfu: 0.00 | epoch: 1 pq: 0 rg: 9 | total time: 1.54m | eta: 3.5m
step 00191/00600 (31.83%) | loss: 5.831828 | lrm: 1.00 | dt: 545.41ms | tok/sec: 30,039 | bf16_mfu: 0.00 | epoch: 1 pq: 0 rg: 9 | total time: 1.55m | eta: 3.5m
step 00192/00600 (32.00%) | loss: 5.823911 | lrm: 1.00 | dt: 499.84ms | tok/sec: 32,778 | bf16_mfu: 0.00 | epoch: 1 pq: 0 rg: 9 | total time: 1.55m | eta: 3.5m
step 00193/00600 (32.17%) | loss: 5.807424 | lrm: 1.00 | dt: 539.68ms | tok/sec: 30,358 | bf16_mfu: 0.00 | epoch: 1 pq: 0 rg: 9 | total time: 1.56m | eta: 3.5m
step 00194/00600 (32.33%) | loss: 5.800172 | lrm: 1.00 | dt: 552.69ms | tok/sec: 29,644 | bf16_mfu: 0.00 | epoch: 1 pq: 0 rg: 9 | total time: 1.57m | eta: 3.5m
step 00195/00600 (32.50%) | loss: 5.804885 | lrm: 1.00 | dt: 499.29ms | tok/sec: 32,814 | bf16_mfu: 0.00 | epoch: 1 pq: 0 rg: 9 | total time: 1.58m | eta: 3.5m
step 00196/00600 (32.67%) | loss: 5.796321 | lrm: 1.00 | dt: 508.22ms | tok/sec: 32,237 | bf16_mfu: 0.00 | epoch: 1 pq: 0 rg: 9 | total time: 1.59m | eta: 3.5m
step 00197/00600 (32.83%) | loss: 5.787290 | lrm: 1.00 | dt: 507.81ms | tok/sec: 32,264 | bf16_mfu: 0.00 | epoch: 1 pq: 0 rg: 9 | total time: 1.60m | eta: 3.4m
step 00198/00600 (33.00%) | loss: 5.779323 | lrm: 1.00 | dt: 505.78ms | tok/sec: 32,393 | bf16_mfu: 0.00 | epoch: 1 pq: 0 rg: 9 | total time: 1.61m | eta: 3.4m
step 00199/00600 (33.17%) | loss: 5.772875 | lrm: 1.00 | dt: 589.05ms | tok/sec: 27,814 | bf16_mfu: 0.00 | epoch: 1 pq: 0 rg: 9 | total time: 1.62m | eta: 3.4m
Step 00200 | Validation bpb: 1.780622
step 00200/00600 (33.33%) | loss: 5.774375 | lrm: 1.00 | dt: 538.56ms | tok/sec: 30,421 | bf16_mfu: 0.00 | epoch: 1 pq: 0 rg: 10 | total time: 1.63m | eta: 3.4m
step 00201/00600 (33.50%) | loss: 5.770466 | lrm: 1.00 | dt: 553.57ms | tok/sec: 29,596 | bf16_mfu: 0.00 | epoch: 1 pq: 0 rg: 10 | total time: 1.63m | eta: 3.4m
step 00202/00600 (33.67%) | loss: 5.767023 | lrm: 1.00 | dt: 532.68ms | tok/sec: 30,757 | bf16_mfu: 0.00 | epoch: 1 pq: 0 rg: 10 | total time: 1.64m | eta: 3.4m
step 00203/00600 (33.83%) | loss: 5.768560 | lrm: 1.00 | dt: 567.11ms | tok/sec: 28,890 | bf16_mfu: 0.00 | epoch: 1 pq: 0 rg: 10 | total time: 1.65m | eta: 3.4m
step 00204/00600 (34.00%) | loss: 5.762548 | lrm: 1.00 | dt: 546.32ms | tok/sec: 29,989 | bf16_mfu: 0.00 | epoch: 1 pq: 0 rg: 10 | total time: 1.66m | eta: 3.4m
step 00205/00600 (34.17%) | loss: 5.741613 | lrm: 1.00 | dt: 502.93ms | tok/sec: 32,577 | bf16_mfu: 0.00 | epoch: 1 pq: 0 rg: 10 | total time: 1.67m | eta: 3.4m
step 00206/00600 (34.33%) | loss: 5.743675 | lrm: 1.00 | dt: 505.81ms | tok/sec: 32,391 | bf16_mfu: 0.00 | epoch: 1 pq: 0 rg: 10 | total time: 1.68m | eta: 3.4m
step 00207/00600 (34.50%) | loss: 5.732732 | lrm: 1.00 | dt: 531.14ms | tok/sec: 30,846 | bf16_mfu: 0.00 | epoch: 1 pq: 0 rg: 10 | total time: 1.69m | eta: 3.4m
step 00208/00600 (34.67%) | loss: 5.728998 | lrm: 1.00 | dt: 629.89ms | tok/sec: 26,010 | bf16_mfu: 0.00 | epoch: 1 pq: 0 rg: 10 | total time: 1.70m | eta: 3.4m
step 00209/00600 (34.83%) | loss: 5.720569 | lrm: 1.00 | dt: 538.76ms | tok/sec: 30,410 | bf16_mfu: 0.00 | epoch: 1 pq: 0 rg: 10 | total time: 1.71m | eta: 3.4m
step 00210/00600 (35.00%) | loss: 5.718583 | lrm: 1.00 | dt: 536.09ms | tok/sec: 30,561 | bf16_mfu: 0.00 | epoch: 1 pq: 0 rg: 10 | total time: 1.72m | eta: 3.3m
step 00211/00600 (35.17%) | loss: 5.718587 | lrm: 1.00 | dt: 559.62ms | tok/sec: 29,276 | bf16_mfu: 0.00 | epoch: 1 pq: 0 rg: 10 | total time: 1.73m | eta: 3.3m
step 00212/00600 (35.33%) | loss: 5.710077 | lrm: 1.00 | dt: 537.08ms | tok/sec: 30,505 | bf16_mfu: 0.00 | epoch: 1 pq: 0 rg: 10 | total time: 1.73m | eta: 3.3m
step 00213/00600 (35.50%) | loss: 5.690508 | lrm: 0.99 | dt: 523.22ms | tok/sec: 31,313 | bf16_mfu: 0.00 | epoch: 1 pq: 0 rg: 10 | total time: 1.74m | eta: 3.3m
step 00214/00600 (35.67%) | loss: 5.695859 | lrm: 0.99 | dt: 524.79ms | tok/sec: 31,220 | bf16_mfu: 0.00 | epoch: 1 pq: 0 rg: 10 | total time: 1.75m | eta: 3.3m
step 00215/00600 (35.83%) | loss: 5.681531 | lrm: 0.99 | dt: 551.24ms | tok/sec: 29,721 | bf16_mfu: 0.00 | epoch: 1 pq: 0 rg: 10 | total time: 1.76m | eta: 3.3m
step 00216/00600 (36.00%) | loss: 5.671386 | lrm: 0.99 | dt: 529.98ms | tok/sec: 30,914 | bf16_mfu: 0.00 | epoch: 1 pq: 0 rg: 10 | total time: 1.77m | eta: 3.3m
step 00217/00600 (36.17%) | loss: 5.669007 | lrm: 0.98 | dt: 526.40ms | tok/sec: 31,124 | bf16_mfu: 0.00 | epoch: 1 pq: 0 rg: 10 | total time: 1.78m | eta: 3.3m
step 00218/00600 (36.33%) | loss: 5.666482 | lrm: 0.98 | dt: 498.47ms | tok/sec: 32,868 | bf16_mfu: 0.00 | epoch: 1 pq: 0 rg: 10 | total time: 1.79m | eta: 3.3m
step 00219/00600 (36.50%) | loss: 5.668048 | lrm: 0.98 | dt: 543.49ms | tok/sec: 30,146 | bf16_mfu: 0.00 | epoch: 1 pq: 0 rg: 10 | total time: 1.80m | eta: 3.3m
step 00220/00600 (36.67%) | loss: 5.671664 | lrm: 0.98 | dt: 513.46ms | tok/sec: 31,909 | bf16_mfu: 0.00 | epoch: 1 pq: 0 rg: 10 | total time: 1.80m | eta: 3.3m
step 00221/00600 (36.83%) | loss: 5.668168 | lrm: 0.97 | dt: 508.29ms | tok/sec: 32,233 | bf16_mfu: 0.00 | epoch: 1 pq: 0 rg: 10 | total time: 1.81m | eta: 3.3m
step 00222/00600 (37.00%) | loss: 5.663606 | lrm: 0.97 | dt: 532.03ms | tok/sec: 30,795 | bf16_mfu: 0.00 | epoch: 1 pq: 0 rg: 10 | total time: 1.82m | eta: 3.2m
step 00223/00600 (37.17%) | loss: 5.668298 | lrm: 0.97 | dt: 534.37ms | tok/sec: 30,660 | bf16_mfu: 0.00 | epoch: 1 pq: 0 rg: 11 | total time: 1.83m | eta: 3.2m
step 00224/00600 (37.33%) | loss: 5.664905 | lrm: 0.97 | dt: 514.24ms | tok/sec: 31,860 | bf16_mfu: 0.00 | epoch: 1 pq: 0 rg: 11 | total time: 1.84m | eta: 3.2m
step 00225/00600 (37.50%) | loss: 5.665355 | lrm: 0.96 | dt: 539.80ms | tok/sec: 30,352 | bf16_mfu: 0.00 | epoch: 1 pq: 0 rg: 11 | total time: 1.85m | eta: 3.2m
step 00226/00600 (37.67%) | loss: 5.661671 | lrm: 0.96 | dt: 721.35ms | tok/sec: 22,713 | bf16_mfu: 0.00 | epoch: 1 pq: 0 rg: 11 | total time: 1.86m | eta: 3.2m
step 00227/00600 (37.83%) | loss: 5.662745 | lrm: 0.96 | dt: 623.57ms | tok/sec: 26,274 | bf16_mfu: 0.00 | epoch: 1 pq: 0 rg: 11 | total time: 1.87m | eta: 3.2m
step 00228/00600 (38.00%) | loss: 5.653653 | lrm: 0.96 | dt: 637.19ms | tok/sec: 25,712 | bf16_mfu: 0.00 | epoch: 1 pq: 0 rg: 11 | total time: 1.88m | eta: 3.2m
step 00229/00600 (38.17%) | loss: 5.661291 | lrm: 0.95 | dt: 587.56ms | tok/sec: 27,884 | bf16_mfu: 0.00 | epoch: 1 pq: 0 rg: 11 | total time: 1.89m | eta: 3.2m
step 00230/00600 (38.33%) | loss: 5.664913 | lrm: 0.95 | dt: 499.42ms | tok/sec: 32,806 | bf16_mfu: 0.00 | epoch: 1 pq: 0 rg: 11 | total time: 1.90m | eta: 3.2m
step 00231/00600 (38.50%) | loss: 5.652246 | lrm: 0.95 | dt: 556.53ms | tok/sec: 29,439 | bf16_mfu: 0.00 | epoch: 1 pq: 0 rg: 11 | total time: 1.91m | eta: 3.2m
step 00232/00600 (38.67%) | loss: 5.652276 | lrm: 0.95 | dt: 556.23ms | tok/sec: 29,455 | bf16_mfu: 0.00 | epoch: 1 pq: 0 rg: 11 | total time: 1.92m | eta: 3.2m
step 00233/00600 (38.83%) | loss: 5.640635 | lrm: 0.94 | dt: 566.42ms | tok/sec: 28,925 | bf16_mfu: 0.00 | epoch: 1 pq: 0 rg: 11 | total time: 1.93m | eta: 3.2m
step 00234/00600 (39.00%) | loss: 5.629388 | lrm: 0.94 | dt: 528.65ms | tok/sec: 30,992 | bf16_mfu: 0.00 | epoch: 1 pq: 0 rg: 11 | total time: 1.94m | eta: 3.2m
step 00235/00600 (39.17%) | loss: 5.630998 | lrm: 0.94 | dt: 574.15ms | tok/sec: 28,536 | bf16_mfu: 0.00 | epoch: 1 pq: 0 rg: 11 | total time: 1.95m | eta: 3.2m
step 00236/00600 (39.33%) | loss: 5.634160 | lrm: 0.94 | dt: 543.31ms | tok/sec: 30,155 | bf16_mfu: 0.00 | epoch: 1 pq: 0 rg: 11 | total time: 1.96m | eta: 3.1m
step 00237/00600 (39.50%) | loss: 5.623870 | lrm: 0.93 | dt: 522.10ms | tok/sec: 31,380 | bf16_mfu: 0.00 | epoch: 1 pq: 0 rg: 11 | total time: 1.96m | eta: 3.1m
step 00238/00600 (39.67%) | loss: 5.600862 | lrm: 0.93 | dt: 514.23ms | tok/sec: 31,861 | bf16_mfu: 0.00 | epoch: 1 pq: 0 rg: 11 | total time: 1.97m | eta: 3.1m
step 00239/00600 (39.83%) | loss: 5.591853 | lrm: 0.93 | dt: 524.15ms | tok/sec: 31,258 | bf16_mfu: 0.00 | epoch: 1 pq: 0 rg: 11 | total time: 1.98m | eta: 3.1m
step 00240/00600 (40.00%) | loss: 5.589575 | lrm: 0.93 | dt: 557.10ms | tok/sec: 29,409 | bf16_mfu: 0.00 | epoch: 1 pq: 0 rg: 11 | total time: 1.99m | eta: 3.1m
step 00241/00600 (40.17%) | loss: 5.575075 | lrm: 0.92 | dt: 522.56ms | tok/sec: 31,353 | bf16_mfu: 0.00 | epoch: 1 pq: 0 rg: 11 | total time: 2.00m | eta: 3.1m
step 00242/00600 (40.33%) | loss: 5.576591 | lrm: 0.92 | dt: 539.14ms | tok/sec: 30,389 | bf16_mfu: 0.00 | epoch: 1 pq: 0 rg: 11 | total time: 2.01m | eta: 3.1m
step 00243/00600 (40.50%) | loss: 5.569840 | lrm: 0.92 | dt: 523.04ms | tok/sec: 31,324 | bf16_mfu: 0.00 | epoch: 1 pq: 0 rg: 11 | total time: 2.02m | eta: 3.1m
step 00244/00600 (40.67%) | loss: 5.566998 | lrm: 0.92 | dt: 558.48ms | tok/sec: 29,336 | bf16_mfu: 0.00 | epoch: 1 pq: 0 rg: 11 | total time: 2.03m | eta: 3.1m
step 00245/00600 (40.83%) | loss: 5.560860 | lrm: 0.91 | dt: 512.48ms | tok/sec: 31,969 | bf16_mfu: 0.00 | epoch: 1 pq: 0 rg: 11 | total time: 2.03m | eta: 3.1m
step 00246/00600 (41.00%) | loss: 5.559959 | lrm: 0.91 | dt: 533.65ms | tok/sec: 30,701 | bf16_mfu: 0.00 | epoch: 1 pq: 0 rg: 12 | total time: 2.04m | eta: 3.1m
step 00247/00600 (41.17%) | loss: 5.566817 | lrm: 0.91 | dt: 512.27ms | tok/sec: 31,983 | bf16_mfu: 0.00 | epoch: 1 pq: 0 rg: 12 | total time: 2.05m | eta: 3.1m
step 00248/00600 (41.33%) | loss: 5.567096 | lrm: 0.91 | dt: 508.93ms | tok/sec: 32,193 | bf16_mfu: 0.00 | epoch: 1 pq: 0 rg: 12 | total time: 2.06m | eta: 3.0m
step 00249/00600 (41.50%) | loss: 5.575559 | lrm: 0.91 | dt: 530.43ms | tok/sec: 30,888 | bf16_mfu: 0.00 | epoch: 1 pq: 0 rg: 12 | total time: 2.07m | eta: 3.0m
step 00250/00600 (41.67%) | loss: 5.579308 | lrm: 0.90 | dt: 539.76ms | tok/sec: 30,354 | bf16_mfu: 0.00 | epoch: 1 pq: 0 rg: 12 | total time: 2.08m | eta: 3.0m
step 00251/00600 (41.83%) | loss: 5.564078 | lrm: 0.90 | dt: 522.99ms | tok/sec: 31,327 | bf16_mfu: 0.00 | epoch: 1 pq: 0 rg: 12 | total time: 2.09m | eta: 3.0m
step 00252/00600 (42.00%) | loss: 5.568085 | lrm: 0.90 | dt: 520.73ms | tok/sec: 31,463 | bf16_mfu: 0.00 | epoch: 1 pq: 0 rg: 12 | total time: 2.10m | eta: 3.0m
step 00253/00600 (42.17%) | loss: 5.558152 | lrm: 0.90 | dt: 513.30ms | tok/sec: 31,919 | bf16_mfu: 0.00 | epoch: 1 pq: 0 rg: 12 | total time: 2.10m | eta: 3.0m
step 00254/00600 (42.33%) | loss: 5.543647 | lrm: 0.89 | dt: 526.16ms | tok/sec: 31,138 | bf16_mfu: 0.00 | epoch: 1 pq: 0 rg: 12 | total time: 2.11m | eta: 3.0m
step 00255/00600 (42.50%) | loss: 5.543716 | lrm: 0.89 | dt: 535.82ms | tok/sec: 30,577 | bf16_mfu: 0.00 | epoch: 1 pq: 0 rg: 12 | total time: 2.12m | eta: 3.0m
step 00256/00600 (42.67%) | loss: 5.544242 | lrm: 0.89 | dt: 528.08ms | tok/sec: 31,025 | bf16_mfu: 0.00 | epoch: 1 pq: 0 rg: 12 | total time: 2.13m | eta: 3.0m
step 00257/00600 (42.83%) | loss: 5.532774 | lrm: 0.89 | dt: 635.74ms | tok/sec: 25,771 | bf16_mfu: 0.00 | epoch: 1 pq: 0 rg: 12 | total time: 2.14m | eta: 3.0m
step 00258/00600 (43.00%) | loss: 5.536449 | lrm: 0.88 | dt: 544.42ms | tok/sec: 30,094 | bf16_mfu: 0.00 | epoch: 1 pq: 0 rg: 12 | total time: 2.15m | eta: 3.0m
step 00259/00600 (43.17%) | loss: 5.536975 | lrm: 0.88 | dt: 504.72ms | tok/sec: 32,461 | bf16_mfu: 0.00 | epoch: 1 pq: 0 rg: 12 | total time: 2.16m | eta: 3.0m
step 00260/00600 (43.33%) | loss: 5.516475 | lrm: 0.88 | dt: 512.54ms | tok/sec: 31,966 | bf16_mfu: 0.00 | epoch: 1 pq: 0 rg: 12 | total time: 2.17m | eta: 2.9m
step 00261/00600 (43.50%) | loss: 5.521679 | lrm: 0.88 | dt: 512.07ms | tok/sec: 31,995 | bf16_mfu: 0.00 | epoch: 1 pq: 0 rg: 12 | total time: 2.18m | eta: 2.9m
step 00262/00600 (43.67%) | loss: 5.522185 | lrm: 0.87 | dt: 495.35ms | tok/sec: 33,075 | bf16_mfu: 0.00 | epoch: 1 pq: 0 rg: 12 | total time: 2.18m | eta: 2.9m
step 00263/00600 (43.83%) | loss: 5.500746 | lrm: 0.87 | dt: 500.22ms | tok/sec: 32,753 | bf16_mfu: 0.00 | epoch: 1 pq: 0 rg: 12 | total time: 2.19m | eta: 2.9m
step 00264/00600 (44.00%) | loss: 5.497328 | lrm: 0.87 | dt: 551.31ms | tok/sec: 29,718 | bf16_mfu: 0.00 | epoch: 1 pq: 0 rg: 12 | total time: 2.20m | eta: 2.9m
step 00265/00600 (44.17%) | loss: 5.493130 | lrm: 0.87 | dt: 483.98ms | tok/sec: 33,852 | bf16_mfu: 0.00 | epoch: 1 pq: 0 rg: 12 | total time: 2.21m | eta: 2.9m
step 00266/00600 (44.33%) | loss: 5.487674 | lrm: 0.86 | dt: 484.74ms | tok/sec: 33,799 | bf16_mfu: 0.00 | epoch: 1 pq: 0 rg: 12 | total time: 2.22m | eta: 2.9m
step 00267/00600 (44.50%) | loss: 5.494400 | lrm: 0.86 | dt: 501.80ms | tok/sec: 32,650 | bf16_mfu: 0.00 | epoch: 1 pq: 0 rg: 12 | total time: 2.23m | eta: 2.9m
step 00268/00600 (44.67%) | loss: 5.500285 | lrm: 0.86 | dt: 492.89ms | tok/sec: 33,240 | bf16_mfu: 0.00 | epoch: 1 pq: 0 rg: 12 | total time: 2.23m | eta: 2.9m
step 00269/00600 (44.83%) | loss: 5.494560 | lrm: 0.86 | dt: 509.75ms | tok/sec: 32,141 | bf16_mfu: 0.00 | epoch: 1 pq: 0 rg: 13 | total time: 2.24m | eta: 2.9m
step 00270/00600 (45.00%) | loss: 5.496180 | lrm: 0.85 | dt: 488.46ms | tok/sec: 33,542 | bf16_mfu: 0.00 | epoch: 1 pq: 0 rg: 13 | total time: 2.25m | eta: 2.9m
step 00271/00600 (45.17%) | loss: 5.509260 | lrm: 0.85 | dt: 493.31ms | tok/sec: 33,212 | bf16_mfu: 0.00 | epoch: 1 pq: 0 rg: 13 | total time: 2.26m | eta: 2.8m
step 00272/00600 (45.33%) | loss: 5.497401 | lrm: 0.85 | dt: 507.33ms | tok/sec: 32,294 | bf16_mfu: 0.00 | epoch: 1 pq: 0 rg: 13 | total time: 2.27m | eta: 2.8m
step 00273/00600 (45.50%) | loss: 5.489438 | lrm: 0.85 | dt: 493.87ms | tok/sec: 33,174 | bf16_mfu: 0.00 | epoch: 1 pq: 0 rg: 13 | total time: 2.28m | eta: 2.8m
step 00274/00600 (45.67%) | loss: 5.479697 | lrm: 0.84 | dt: 531.94ms | tok/sec: 30,800 | bf16_mfu: 0.00 | epoch: 1 pq: 0 rg: 13 | total time: 2.28m | eta: 2.8m
step 00275/00600 (45.83%) | loss: 5.479743 | lrm: 0.84 | dt: 647.23ms | tok/sec: 25,313 | bf16_mfu: 0.00 | epoch: 1 pq: 0 rg: 13 | total time: 2.30m | eta: 2.8m
step 00276/00600 (46.00%) | loss: 5.475955 | lrm: 0.84 | dt: 525.15ms | tok/sec: 31,198 | bf16_mfu: 0.00 | epoch: 1 pq: 0 rg: 13 | total time: 2.30m | eta: 2.8m
step 00277/00600 (46.17%) | loss: 5.464593 | lrm: 0.84 | dt: 496.32ms | tok/sec: 33,011 | bf16_mfu: 0.00 | epoch: 1 pq: 0 rg: 13 | total time: 2.31m | eta: 2.8m
step 00278/00600 (46.33%) | loss: 5.464693 | lrm: 0.83 | dt: 509.22ms | tok/sec: 32,174 | bf16_mfu: 0.00 | epoch: 1 pq: 0 rg: 13 | total time: 2.32m | eta: 2.8m
step 00279/00600 (46.50%) | loss: 5.463150 | lrm: 0.83 | dt: 575.62ms | tok/sec: 28,463 | bf16_mfu: 0.00 | epoch: 1 pq: 0 rg: 13 | total time: 2.33m | eta: 2.8m
step 00280/00600 (46.67%) | loss: 5.447056 | lrm: 0.83 | dt: 485.87ms | tok/sec: 33,720 | bf16_mfu: 0.00 | epoch: 1 pq: 0 rg: 13 | total time: 2.34m | eta: 2.8m
step 00281/00600 (46.83%) | loss: 5.445590 | lrm: 0.83 | dt: 517.09ms | tok/sec: 31,684 | bf16_mfu: 0.00 | epoch: 1 pq: 0 rg: 13 | total time: 2.35m | eta: 2.8m
step 00282/00600 (47.00%) | loss: 5.442924 | lrm: 0.82 | dt: 508.39ms | tok/sec: 32,227 | bf16_mfu: 0.00 | epoch: 1 pq: 0 rg: 13 | total time: 2.36m | eta: 2.8m
step 00283/00600 (47.17%) | loss: 5.428504 | lrm: 0.82 | dt: 522.00ms | tok/sec: 31,386 | bf16_mfu: 0.00 | epoch: 1 pq: 0 rg: 13 | total time: 2.36m | eta: 2.7m
step 00284/00600 (47.33%) | loss: 5.433331 | lrm: 0.82 | dt: 503.19ms | tok/sec: 32,560 | bf16_mfu: 0.00 | epoch: 1 pq: 0 rg: 13 | total time: 2.37m | eta: 2.7m
step 00285/00600 (47.50%) | loss: 5.426791 | lrm: 0.82 | dt: 494.52ms | tok/sec: 33,131 | bf16_mfu: 0.00 | epoch: 1 pq: 0 rg: 13 | total time: 2.38m | eta: 2.7m
step 00286/00600 (47.67%) | loss: 5.436178 | lrm: 0.81 | dt: 512.13ms | tok/sec: 31,992 | bf16_mfu: 0.00 | epoch: 1 pq: 0 rg: 13 | total time: 2.39m | eta: 2.7m
step 00287/00600 (47.83%) | loss: 5.439925 | lrm: 0.81 | dt: 515.47ms | tok/sec: 31,784 | bf16_mfu: 0.00 | epoch: 1 pq: 0 rg: 13 | total time: 2.40m | eta: 2.7m
step 00288/00600 (48.00%) | loss: 5.442062 | lrm: 0.81 | dt: 540.73ms | tok/sec: 30,299 | bf16_mfu: 0.00 | epoch: 1 pq: 0 rg: 13 | total time: 2.41m | eta: 2.7m
step 00289/00600 (48.17%) | loss: 5.432006 | lrm: 0.81 | dt: 494.92ms | tok/sec: 33,104 | bf16_mfu: 0.00 | epoch: 1 pq: 0 rg: 13 | total time: 2.42m | eta: 2.7m
step 00290/00600 (48.33%) | loss: 5.426904 | lrm: 0.81 | dt: 492.13ms | tok/sec: 33,291 | bf16_mfu: 0.00 | epoch: 1 pq: 0 rg: 13 | total time: 2.42m | eta: 2.7m
step 00291/00600 (48.50%) | loss: 5.420272 | lrm: 0.80 | dt: 499.67ms | tok/sec: 32,789 | bf16_mfu: 0.00 | epoch: 1 pq: 0 rg: 13 | total time: 2.43m | eta: 2.7m
step 00292/00600 (48.67%) | loss: 5.413579 | lrm: 0.80 | dt: 505.82ms | tok/sec: 32,390 | bf16_mfu: 0.00 | epoch: 1 pq: 0 rg: 14 | total time: 2.44m | eta: 2.7m
step 00293/00600 (48.83%) | loss: 5.408442 | lrm: 0.80 | dt: 499.23ms | tok/sec: 32,818 | bf16_mfu: 0.00 | epoch: 1 pq: 0 rg: 14 | total time: 2.45m | eta: 2.7m
step 00294/00600 (49.00%) | loss: 5.412249 | lrm: 0.80 | dt: 495.97ms | tok/sec: 33,034 | bf16_mfu: 0.00 | epoch: 1 pq: 0 rg: 14 | total time: 2.46m | eta: 2.6m
step 00295/00600 (49.17%) | loss: 5.412830 | lrm: 0.79 | dt: 503.91ms | tok/sec: 32,513 | bf16_mfu: 0.00 | epoch: 1 pq: 0 rg: 14 | total time: 2.47m | eta: 2.6m
step 00296/00600 (49.33%) | loss: 5.418763 | lrm: 0.79 | dt: 523.16ms | tok/sec: 31,317 | bf16_mfu: 0.00 | epoch: 1 pq: 0 rg: 14 | total time: 2.47m | eta: 2.6m
step 00297/00600 (49.50%) | loss: 5.414490 | lrm: 0.79 | dt: 514.68ms | tok/sec: 31,833 | bf16_mfu: 0.00 | epoch: 1 pq: 0 rg: 14 | total time: 2.48m | eta: 2.6m
step 00298/00600 (49.67%) | loss: 5.410163 | lrm: 0.79 | dt: 518.63ms | tok/sec: 31,591 | bf16_mfu: 0.00 | epoch: 1 pq: 0 rg: 14 | total time: 2.49m | eta: 2.6m
step 00299/00600 (49.83%) | loss: 5.412673 | lrm: 0.78 | dt: 483.16ms | tok/sec: 33,909 | bf16_mfu: 0.00 | epoch: 1 pq: 0 rg: 14 | total time: 2.50m | eta: 2.6m
Step 00300 | Validation bpb: 1.666059
step 00300/00600 (50.00%) | loss: 5.398082 | lrm: 0.78 | dt: 506.07ms | tok/sec: 32,375 | bf16_mfu: 0.00 | epoch: 1 pq: 0 rg: 14 | total time: 2.51m | eta: 2.6m
step 00301/00600 (50.17%) | loss: 5.398829 | lrm: 0.78 | dt: 506.29ms | tok/sec: 32,360 | bf16_mfu: 0.00 | epoch: 1 pq: 0 rg: 14 | total time: 2.52m | eta: 2.6m
step 00302/00600 (50.33%) | loss: 5.396929 | lrm: 0.78 | dt: 496.30ms | tok/sec: 33,012 | bf16_mfu: 0.00 | epoch: 1 pq: 0 rg: 14 | total time: 2.52m | eta: 2.6m
step 00303/00600 (50.50%) | loss: 5.389148 | lrm: 0.77 | dt: 497.93ms | tok/sec: 32,904 | bf16_mfu: 0.00 | epoch: 1 pq: 0 rg: 14 | total time: 2.53m | eta: 2.6m
step 00304/00600 (50.67%) | loss: 5.369651 | lrm: 0.77 | dt: 498.64ms | tok/sec: 32,857 | bf16_mfu: 0.00 | epoch: 1 pq: 0 rg: 14 | total time: 2.54m | eta: 2.6m
step 00305/00600 (50.83%) | loss: 5.373338 | lrm: 0.77 | dt: 575.49ms | tok/sec: 28,469 | bf16_mfu: 0.00 | epoch: 1 pq: 0 rg: 14 | total time: 2.55m | eta: 2.6m
step 00306/00600 (51.00%) | loss: 5.369359 | lrm: 0.77 | dt: 494.85ms | tok/sec: 33,108 | bf16_mfu: 0.00 | epoch: 1 pq: 0 rg: 14 | total time: 2.56m | eta: 2.5m
step 00307/00600 (51.17%) | loss: 5.374439 | lrm: 0.76 | dt: 503.73ms | tok/sec: 32,525 | bf16_mfu: 0.00 | epoch: 1 pq: 0 rg: 14 | total time: 2.57m | eta: 2.5m
step 00308/00600 (51.33%) | loss: 5.376145 | lrm: 0.76 | dt: 505.35ms | tok/sec: 32,421 | bf16_mfu: 0.00 | epoch: 1 pq: 0 rg: 14 | total time: 2.58m | eta: 2.5m
step 00309/00600 (51.50%) | loss: 5.360899 | lrm: 0.76 | dt: 517.40ms | tok/sec: 31,666 | bf16_mfu: 0.00 | epoch: 1 pq: 0 rg: 14 | total time: 2.58m | eta: 2.5m
step 00310/00600 (51.67%) | loss: 5.362875 | lrm: 0.76 | dt: 510.38ms | tok/sec: 32,101 | bf16_mfu: 0.00 | epoch: 1 pq: 0 rg: 14 | total time: 2.59m | eta: 2.5m
step 00311/00600 (51.83%) | loss: 5.350367 | lrm: 0.75 | dt: 489.55ms | tok/sec: 33,467 | bf16_mfu: 0.00 | epoch: 1 pq: 0 rg: 14 | total time: 2.60m | eta: 2.5m
step 00312/00600 (52.00%) | loss: 5.331534 | lrm: 0.75 | dt: 505.51ms | tok/sec: 32,411 | bf16_mfu: 0.00 | epoch: 1 pq: 0 rg: 14 | total time: 2.61m | eta: 2.5m
step 00313/00600 (52.17%) | loss: 5.336119 | lrm: 0.75 | dt: 494.05ms | tok/sec: 33,162 | bf16_mfu: 0.00 | epoch: 1 pq: 0 rg: 14 | total time: 2.62m | eta: 2.5m
step 00314/00600 (52.33%) | loss: 5.320191 | lrm: 0.75 | dt: 506.83ms | tok/sec: 32,326 | bf16_mfu: 0.00 | epoch: 1 pq: 0 rg: 14 | total time: 2.63m | eta: 2.5m
step 00315/00600 (52.50%) | loss: 5.322163 | lrm: 0.74 | dt: 509.67ms | tok/sec: 32,146 | bf16_mfu: 0.00 | epoch: 1 pq: 0 rg: 15 | total time: 2.63m | eta: 2.5m
step 00316/00600 (52.67%) | loss: 5.319103 | lrm: 0.74 | dt: 537.54ms | tok/sec: 30,479 | bf16_mfu: 0.00 | epoch: 1 pq: 0 rg: 15 | total time: 2.64m | eta: 2.5m
step 00317/00600 (52.83%) | loss: 5.318997 | lrm: 0.74 | dt: 502.21ms | tok/sec: 32,623 | bf16_mfu: 0.00 | epoch: 1 pq: 0 rg: 15 | total time: 2.65m | eta: 2.4m
step 00318/00600 (53.00%) | loss: 5.301082 | lrm: 0.74 | dt: 511.57ms | tok/sec: 32,026 | bf16_mfu: 0.00 | epoch: 1 pq: 0 rg: 15 | total time: 2.66m | eta: 2.4m
step 00319/00600 (53.17%) | loss: 5.312646 | lrm: 0.73 | dt: 499.57ms | tok/sec: 32,796 | bf16_mfu: 0.00 | epoch: 1 pq: 0 rg: 15 | total time: 2.67m | eta: 2.4m
step 00320/00600 (53.33%) | loss: 5.302981 | lrm: 0.73 | dt: 538.56ms | tok/sec: 30,421 | bf16_mfu: 0.00 | epoch: 1 pq: 0 rg: 15 | total time: 2.68m | eta: 2.4m
step 00321/00600 (53.50%) | loss: 5.309787 | lrm: 0.73 | dt: 504.85ms | tok/sec: 32,453 | bf16_mfu: 0.00 | epoch: 1 pq: 0 rg: 15 | total time: 2.69m | eta: 2.4m
step 00322/00600 (53.67%) | loss: 5.322719 | lrm: 0.73 | dt: 510.13ms | tok/sec: 32,117 | bf16_mfu: 0.00 | epoch: 1 pq: 0 rg: 15 | total time: 2.69m | eta: 2.4m
step 00323/00600 (53.83%) | loss: 5.315702 | lrm: 0.72 | dt: 508.36ms | tok/sec: 32,229 | bf16_mfu: 0.00 | epoch: 1 pq: 0 rg: 15 | total time: 2.70m | eta: 2.4m
step 00324/00600 (54.00%) | loss: 5.329826 | lrm: 0.72 | dt: 537.04ms | tok/sec: 30,508 | bf16_mfu: 0.00 | epoch: 1 pq: 0 rg: 15 | total time: 2.71m | eta: 2.4m
step 00325/00600 (54.17%) | loss: 5.319737 | lrm: 0.72 | dt: 513.11ms | tok/sec: 31,930 | bf16_mfu: 0.00 | epoch: 1 pq: 0 rg: 15 | total time: 2.72m | eta: 2.4m
step 00326/00600 (54.33%) | loss: 5.319233 | lrm: 0.72 | dt: 526.36ms | tok/sec: 31,126 | bf16_mfu: 0.00 | epoch: 1 pq: 0 rg: 15 | total time: 2.73m | eta: 2.4m
step 00327/00600 (54.50%) | loss: 5.324821 | lrm: 0.71 | dt: 505.61ms | tok/sec: 32,404 | bf16_mfu: 0.00 | epoch: 1 pq: 0 rg: 15 | total time: 2.74m | eta: 2.4m
step 00328/00600 (54.67%) | loss: 5.342971 | lrm: 0.71 | dt: 505.48ms | tok/sec: 32,412 | bf16_mfu: 0.00 | epoch: 1 pq: 0 rg: 15 | total time: 2.75m | eta: 2.3m
step 00329/00600 (54.83%) | loss: 5.345255 | lrm: 0.71 | dt: 511.02ms | tok/sec: 32,061 | bf16_mfu: 0.00 | epoch: 1 pq: 0 rg: 15 | total time: 2.76m | eta: 2.3m
step 00330/00600 (55.00%) | loss: 5.344121 | lrm: 0.71 | dt: 510.63ms | tok/sec: 32,086 | bf16_mfu: 0.00 | epoch: 1 pq: 0 rg: 15 | total time: 2.76m | eta: 2.3m
step 00331/00600 (55.17%) | loss: 5.336721 | lrm: 0.71 | dt: 501.65ms | tok/sec: 32,660 | bf16_mfu: 0.00 | epoch: 1 pq: 0 rg: 15 | total time: 2.77m | eta: 2.3m
step 00332/00600 (55.33%) | loss: 5.326055 | lrm: 0.70 | dt: 503.06ms | tok/sec: 32,568 | bf16_mfu: 0.00 | epoch: 1 pq: 0 rg: 15 | total time: 2.78m | eta: 2.3m
step 00333/00600 (55.50%) | loss: 5.321166 | lrm: 0.70 | dt: 574.32ms | tok/sec: 28,527 | bf16_mfu: 0.00 | epoch: 1 pq: 0 rg: 15 | total time: 2.79m | eta: 2.3m
step 00334/00600 (55.67%) | loss: 5.316447 | lrm: 0.70 | dt: 574.85ms | tok/sec: 28,501 | bf16_mfu: 0.00 | epoch: 1 pq: 0 rg: 15 | total time: 2.80m | eta: 2.3m
step 00335/00600 (55.83%) | loss: 5.311679 | lrm: 0.70 | dt: 595.54ms | tok/sec: 27,511 | bf16_mfu: 0.00 | epoch: 1 pq: 0 rg: 15 | total time: 2.81m | eta: 2.3m
step 00336/00600 (56.00%) | loss: 5.312847 | lrm: 0.69 | dt: 585.33ms | tok/sec: 27,991 | bf16_mfu: 0.00 | epoch: 1 pq: 0 rg: 15 | total time: 2.82m | eta: 2.3m
step 00337/00600 (56.17%) | loss: 5.307095 | lrm: 0.69 | dt: 599.01ms | tok/sec: 27,351 | bf16_mfu: 0.00 | epoch: 1 pq: 0 rg: 15 | total time: 2.83m | eta: 2.3m
step 00338/00600 (56.33%) | loss: 5.300400 | lrm: 0.69 | dt: 517.50ms | tok/sec: 31,659 | bf16_mfu: 0.00 | epoch: 1 pq: 0 rg: 16 | total time: 2.84m | eta: 2.3m
step 00339/00600 (56.50%) | loss: 5.294043 | lrm: 0.69 | dt: 514.43ms | tok/sec: 31,848 | bf16_mfu: 0.00 | epoch: 1 pq: 0 rg: 16 | total time: 2.85m | eta: 2.3m
step 00340/00600 (56.67%) | loss: 5.290273 | lrm: 0.68 | dt: 502.21ms | tok/sec: 32,623 | bf16_mfu: 0.00 | epoch: 1 pq: 0 rg: 16 | total time: 2.85m | eta: 2.2m
step 00341/00600 (56.83%) | loss: 5.281613 | lrm: 0.68 | dt: 512.64ms | tok/sec: 31,959 | bf16_mfu: 0.00 | epoch: 1 pq: 0 rg: 16 | total time: 2.86m | eta: 2.2m
step 00342/00600 (57.00%) | loss: 5.275989 | lrm: 0.68 | dt: 512.26ms | tok/sec: 31,983 | bf16_mfu: 0.00 | epoch: 1 pq: 0 rg: 16 | total time: 2.87m | eta: 2.2m
step 00343/00600 (57.17%) | loss: 5.275581 | lrm: 0.68 | dt: 519.59ms | tok/sec: 31,532 | bf16_mfu: 0.00 | epoch: 1 pq: 0 rg: 16 | total time: 2.88m | eta: 2.2m
step 00344/00600 (57.33%) | loss: 5.273454 | lrm: 0.67 | dt: 524.04ms | tok/sec: 31,264 | bf16_mfu: 0.00 | epoch: 1 pq: 0 rg: 16 | total time: 2.89m | eta: 2.2m
step 00345/00600 (57.50%) | loss: 5.266718 | lrm: 0.67 | dt: 503.03ms | tok/sec: 32,570 | bf16_mfu: 0.00 | epoch: 1 pq: 0 rg: 16 | total time: 2.90m | eta: 2.2m
step 00346/00600 (57.67%) | loss: 5.286351 | lrm: 0.67 | dt: 508.61ms | tok/sec: 32,213 | bf16_mfu: 0.00 | epoch: 1 pq: 0 rg: 16 | total time: 2.91m | eta: 2.2m
step 00347/00600 (57.83%) | loss: 5.292025 | lrm: 0.67 | dt: 509.83ms | tok/sec: 32,136 | bf16_mfu: 0.00 | epoch: 1 pq: 0 rg: 16 | total time: 2.91m | eta: 2.2m
step 00348/00600 (58.00%) | loss: 5.283503 | lrm: 0.66 | dt: 491.70ms | tok/sec: 33,321 | bf16_mfu: 0.00 | epoch: 1 pq: 0 rg: 16 | total time: 2.92m | eta: 2.2m
step 00349/00600 (58.17%) | loss: 5.286334 | lrm: 0.66 | dt: 508.63ms | tok/sec: 32,212 | bf16_mfu: 0.00 | epoch: 1 pq: 0 rg: 16 | total time: 2.93m | eta: 2.2m
step 00350/00600 (58.33%) | loss: 5.288131 | lrm: 0.66 | dt: 506.83ms | tok/sec: 32,326 | bf16_mfu: 0.00 | epoch: 1 pq: 0 rg: 16 | total time: 2.94m | eta: 2.2m
step 00351/00600 (58.50%) | loss: 5.283793 | lrm: 0.66 | dt: 503.93ms | tok/sec: 32,512 | bf16_mfu: 0.00 | epoch: 1 pq: 0 rg: 16 | total time: 2.95m | eta: 2.2m
step 00352/00600 (58.67%) | loss: 5.276876 | lrm: 0.65 | dt: 496.64ms | tok/sec: 32,989 | bf16_mfu: 0.00 | epoch: 1 pq: 0 rg: 16 | total time: 2.96m | eta: 2.1m
step 00353/00600 (58.83%) | loss: 5.275753 | lrm: 0.65 | dt: 507.12ms | tok/sec: 32,307 | bf16_mfu: 0.00 | epoch: 1 pq: 0 rg: 16 | total time: 2.96m | eta: 2.1m
step 00354/00600 (59.00%) | loss: 5.277922 | lrm: 0.65 | dt: 500.30ms | tok/sec: 32,748 | bf16_mfu: 0.00 | epoch: 1 pq: 0 rg: 16 | total time: 2.97m | eta: 2.1m
step 00355/00600 (59.17%) | loss: 5.280404 | lrm: 0.65 | dt: 503.30ms | tok/sec: 32,552 | bf16_mfu: 0.00 | epoch: 1 pq: 0 rg: 16 | total time: 2.98m | eta: 2.1m
step 00356/00600 (59.33%) | loss: 5.280470 | lrm: 0.64 | dt: 495.78ms | tok/sec: 33,046 | bf16_mfu: 0.00 | epoch: 1 pq: 0 rg: 16 | total time: 2.99m | eta: 2.1m
step 00357/00600 (59.50%) | loss: 5.280361 | lrm: 0.64 | dt: 504.16ms | tok/sec: 32,497 | bf16_mfu: 0.00 | epoch: 1 pq: 0 rg: 16 | total time: 3.00m | eta: 2.1m
step 00358/00600 (59.67%) | loss: 5.268918 | lrm: 0.64 | dt: 496.43ms | tok/sec: 33,003 | bf16_mfu: 0.00 | epoch: 1 pq: 0 rg: 16 | total time: 3.01m | eta: 2.1m
step 00359/00600 (59.83%) | loss: 5.264333 | lrm: 0.64 | dt: 509.16ms | tok/sec: 32,178 | bf16_mfu: 0.00 | epoch: 1 pq: 0 rg: 16 | total time: 3.01m | eta: 2.1m
step 00360/00600 (60.00%) | loss: 5.275727 | lrm: 0.63 | dt: 496.14ms | tok/sec: 33,023 | bf16_mfu: 0.00 | epoch: 1 pq: 0 rg: 16 | total time: 3.02m | eta: 2.1m
step 00361/00600 (60.17%) | loss: 5.277708 | lrm: 0.63 | dt: 504.79ms | tok/sec: 32,456 | bf16_mfu: 0.00 | epoch: 1 pq: 0 rg: 16 | total time: 3.03m | eta: 2.1m
step 00362/00600 (60.33%) | loss: 5.275605 | lrm: 0.63 | dt: 504.37ms | tok/sec: 32,484 | bf16_mfu: 0.00 | epoch: 1 pq: 0 rg: 17 | total time: 3.04m | eta: 2.1m
step 00363/00600 (60.50%) | loss: 5.272503 | lrm: 0.63 | dt: 516.76ms | tok/sec: 31,704 | bf16_mfu: 0.00 | epoch: 1 pq: 0 rg: 17 | total time: 3.05m | eta: 2.0m
step 00364/00600 (60.67%) | loss: 5.259986 | lrm: 0.62 | dt: 501.04ms | tok/sec: 32,700 | bf16_mfu: 0.00 | epoch: 1 pq: 0 rg: 17 | total time: 3.06m | eta: 2.0m
step 00365/00600 (60.83%) | loss: 5.250510 | lrm: 0.62 | dt: 498.15ms | tok/sec: 32,889 | bf16_mfu: 0.00 | epoch: 1 pq: 0 rg: 17 | total time: 3.07m | eta: 2.0m
step 00366/00600 (61.00%) | loss: 5.251138 | lrm: 0.62 | dt: 505.69ms | tok/sec: 32,399 | bf16_mfu: 0.00 | epoch: 1 pq: 0 rg: 17 | total time: 3.07m | eta: 2.0m
step 00367/00600 (61.17%) | loss: 5.244063 | lrm: 0.62 | dt: 519.51ms | tok/sec: 31,537 | bf16_mfu: 0.00 | epoch: 1 pq: 0 rg: 17 | total time: 3.08m | eta: 2.0m
step 00368/00600 (61.33%) | loss: 5.243397 | lrm: 0.62 | dt: 499.89ms | tok/sec: 32,775 | bf16_mfu: 0.00 | epoch: 1 pq: 0 rg: 17 | total time: 3.09m | eta: 2.0m
step 00369/00600 (61.50%) | loss: 5.251892 | lrm: 0.61 | dt: 504.93ms | tok/sec: 32,448 | bf16_mfu: 0.00 | epoch: 1 pq: 0 rg: 17 | total time: 3.10m | eta: 2.0m
step 00370/00600 (61.67%) | loss: 5.240999 | lrm: 0.61 | dt: 542.45ms | tok/sec: 30,203 | bf16_mfu: 0.00 | epoch: 1 pq: 0 rg: 17 | total time: 3.11m | eta: 2.0m
step 00371/00600 (61.83%) | loss: 5.236919 | lrm: 0.61 | dt: 504.11ms | tok/sec: 32,501 | bf16_mfu: 0.00 | epoch: 1 pq: 0 rg: 17 | total time: 3.12m | eta: 2.0m
step 00372/00600 (62.00%) | loss: 5.238503 | lrm: 0.61 | dt: 516.62ms | tok/sec: 31,713 | bf16_mfu: 0.00 | epoch: 1 pq: 0 rg: 17 | total time: 3.13m | eta: 2.0m
step 00373/00600 (62.17%) | loss: 5.226357 | lrm: 0.60 | dt: 518.52ms | tok/sec: 31,597 | bf16_mfu: 0.00 | epoch: 1 pq: 0 rg: 17 | total time: 3.13m | eta: 2.0m
step 00374/00600 (62.33%) | loss: 5.221011 | lrm: 0.60 | dt: 505.55ms | tok/sec: 32,408 | bf16_mfu: 0.00 | epoch: 1 pq: 0 rg: 17 | total time: 3.14m | eta: 2.0m
step 00375/00600 (62.50%) | loss: 5.208951 | lrm: 0.60 | dt: 526.27ms | tok/sec: 31,132 | bf16_mfu: 0.00 | epoch: 1 pq: 0 rg: 17 | total time: 3.15m | eta: 1.9m
step 00376/00600 (62.67%) | loss: 5.216119 | lrm: 0.60 | dt: 518.13ms | tok/sec: 31,621 | bf16_mfu: 0.00 | epoch: 1 pq: 0 rg: 17 | total time: 3.16m | eta: 1.9m
step 00377/00600 (62.83%) | loss: 5.214319 | lrm: 0.59 | dt: 508.35ms | tok/sec: 32,229 | bf16_mfu: 0.00 | epoch: 1 pq: 0 rg: 17 | total time: 3.17m | eta: 1.9m
step 00378/00600 (63.00%) | loss: 5.206103 | lrm: 0.59 | dt: 547.89ms | tok/sec: 29,903 | bf16_mfu: 0.00 | epoch: 1 pq: 0 rg: 17 | total time: 3.18m | eta: 1.9m
step 00379/00600 (63.17%) | loss: 5.189665 | lrm: 0.59 | dt: 523.81ms | tok/sec: 31,278 | bf16_mfu: 0.00 | epoch: 1 pq: 0 rg: 17 | total time: 3.19m | eta: 1.9m
step 00380/00600 (63.33%) | loss: 5.192868 | lrm: 0.59 | dt: 514.03ms | tok/sec: 31,873 | bf16_mfu: 0.00 | epoch: 1 pq: 0 rg: 17 | total time: 3.19m | eta: 1.9m
step 00381/00600 (63.50%) | loss: 5.184853 | lrm: 0.58 | dt: 491.36ms | tok/sec: 33,344 | bf16_mfu: 0.00 | epoch: 1 pq: 0 rg: 17 | total time: 3.20m | eta: 1.9m
step 00382/00600 (63.67%) | loss: 5.182181 | lrm: 0.58 | dt: 512.23ms | tok/sec: 31,985 | bf16_mfu: 0.00 | epoch: 1 pq: 0 rg: 17 | total time: 3.21m | eta: 1.9m
step 00383/00600 (63.83%) | loss: 5.179622 | lrm: 0.58 | dt: 526.62ms | tok/sec: 31,111 | bf16_mfu: 0.00 | epoch: 1 pq: 0 rg: 17 | total time: 3.22m | eta: 1.9m
step 00384/00600 (64.00%) | loss: 5.167446 | lrm: 0.58 | dt: 499.47ms | tok/sec: 32,803 | bf16_mfu: 0.00 | epoch: 1 pq: 0 rg: 17 | total time: 3.23m | eta: 1.9m
step 00385/00600 (64.17%) | loss: 5.172677 | lrm: 0.57 | dt: 554.63ms | tok/sec: 29,540 | bf16_mfu: 0.00 | epoch: 1 pq: 0 rg: 18 | total time: 3.24m | eta: 1.9m
step 00386/00600 (64.33%) | loss: 5.172592 | lrm: 0.57 | dt: 656.99ms | tok/sec: 24,938 | bf16_mfu: 0.00 | epoch: 1 pq: 0 rg: 18 | total time: 3.25m | eta: 1.8m
step 00387/00600 (64.50%) | loss: 5.173199 | lrm: 0.57 | dt: 692.40ms | tok/sec: 23,662 | bf16_mfu: 0.00 | epoch: 1 pq: 0 rg: 18 | total time: 3.26m | eta: 1.8m
step 00388/00600 (64.67%) | loss: 5.175571 | lrm: 0.57 | dt: 725.63ms | tok/sec: 22,578 | bf16_mfu: 0.00 | epoch: 1 pq: 0 rg: 18 | total time: 3.27m | eta: 1.8m
step 00389/00600 (64.83%) | loss: 5.163381 | lrm: 0.56 | dt: 682.73ms | tok/sec: 23,997 | bf16_mfu: 0.00 | epoch: 1 pq: 0 rg: 18 | total time: 3.28m | eta: 1.8m
step 00390/00600 (65.00%) | loss: 5.166942 | lrm: 0.56 | dt: 637.17ms | tok/sec: 25,713 | bf16_mfu: 0.00 | epoch: 1 pq: 0 rg: 18 | total time: 3.29m | eta: 1.8m
step 00391/00600 (65.17%) | loss: 5.159770 | lrm: 0.56 | dt: 548.93ms | tok/sec: 29,847 | bf16_mfu: 0.00 | epoch: 1 pq: 0 rg: 18 | total time: 3.30m | eta: 1.8m
step 00392/00600 (65.33%) | loss: 5.166200 | lrm: 0.56 | dt: 551.37ms | tok/sec: 29,715 | bf16_mfu: 0.00 | epoch: 1 pq: 0 rg: 18 | total time: 3.31m | eta: 1.8m
step 00393/00600 (65.50%) | loss: 5.176715 | lrm: 0.55 | dt: 662.63ms | tok/sec: 24,725 | bf16_mfu: 0.00 | epoch: 1 pq: 0 rg: 18 | total time: 3.32m | eta: 1.8m
step 00394/00600 (65.67%) | loss: 5.160915 | lrm: 0.55 | dt: 568.33ms | tok/sec: 28,828 | bf16_mfu: 0.00 | epoch: 1 pq: 0 rg: 18 | total time: 3.33m | eta: 1.8m
step 00395/00600 (65.83%) | loss: 5.157238 | lrm: 0.55 | dt: 631.33ms | tok/sec: 25,951 | bf16_mfu: 0.00 | epoch: 1 pq: 0 rg: 18 | total time: 3.34m | eta: 1.8m
step 00396/00600 (66.00%) | loss: 5.157836 | lrm: 0.55 | dt: 576.91ms | tok/sec: 28,399 | bf16_mfu: 0.00 | epoch: 1 pq: 0 rg: 18 | total time: 3.35m | eta: 1.8m
step 00397/00600 (66.17%) | loss: 5.153109 | lrm: 0.54 | dt: 590.78ms | tok/sec: 27,732 | bf16_mfu: 0.00 | epoch: 1 pq: 0 rg: 18 | total time: 3.36m | eta: 1.8m
step 00398/00600 (66.33%) | loss: 5.150903 | lrm: 0.54 | dt: 583.09ms | tok/sec: 28,098 | bf16_mfu: 0.00 | epoch: 1 pq: 0 rg: 18 | total time: 3.37m | eta: 1.8m
step 00399/00600 (66.50%) | loss: 5.148555 | lrm: 0.54 | dt: 572.28ms | tok/sec: 28,629 | bf16_mfu: 0.00 | epoch: 1 pq: 0 rg: 18 | total time: 3.38m | eta: 1.7m
Step 00400 | Validation bpb: 1.599008
step 00400/00600 (66.67%) | loss: 5.162705 | lrm: 0.54 | dt: 586.80ms | tok/sec: 27,920 | bf16_mfu: 0.00 | epoch: 1 pq: 0 rg: 18 | total time: 3.39m | eta: 1.7m
step 00401/00600 (66.83%) | loss: 5.161265 | lrm: 0.53 | dt: 681.50ms | tok/sec: 24,041 | bf16_mfu: 0.00 | epoch: 1 pq: 0 rg: 18 | total time: 3.40m | eta: 1.7m
step 00402/00600 (67.00%) | loss: 5.142982 | lrm: 0.53 | dt: 570.84ms | tok/sec: 28,701 | bf16_mfu: 0.00 | epoch: 1 pq: 0 rg: 18 | total time: 3.41m | eta: 1.7m
step 00403/00600 (67.17%) | loss: 5.140125 | lrm: 0.53 | dt: 615.52ms | tok/sec: 26,618 | bf16_mfu: 0.00 | epoch: 1 pq: 0 rg: 18 | total time: 3.42m | eta: 1.7m
step 00404/00600 (67.33%) | loss: 5.150549 | lrm: 0.53 | dt: 584.76ms | tok/sec: 28,018 | bf16_mfu: 0.00 | epoch: 1 pq: 0 rg: 18 | total time: 3.43m | eta: 1.7m
step 00405/00600 (67.50%) | loss: 5.141244 | lrm: 0.53 | dt: 576.93ms | tok/sec: 28,398 | bf16_mfu: 0.00 | epoch: 1 pq: 0 rg: 18 | total time: 3.44m | eta: 1.7m
step 00406/00600 (67.67%) | loss: 5.148159 | lrm: 0.52 | dt: 579.31ms | tok/sec: 28,281 | bf16_mfu: 0.00 | epoch: 1 pq: 0 rg: 18 | total time: 3.45m | eta: 1.7m
step 00407/00600 (67.83%) | loss: 5.136722 | lrm: 0.52 | dt: 604.46ms | tok/sec: 27,105 | bf16_mfu: 0.00 | epoch: 1 pq: 0 rg: 18 | total time: 3.46m | eta: 1.7m
step 00408/00600 (68.00%) | loss: 5.122206 | lrm: 0.52 | dt: 650.36ms | tok/sec: 25,192 | bf16_mfu: 0.00 | epoch: 1 pq: 0 rg: 19 | total time: 3.47m | eta: 1.7m
step 00409/00600 (68.17%) | loss: 5.111159 | lrm: 0.52 | dt: 630.29ms | tok/sec: 25,994 | bf16_mfu: 0.00 | epoch: 1 pq: 0 rg: 19 | total time: 3.48m | eta: 1.7m
step 00410/00600 (68.33%) | loss: 5.121295 | lrm: 0.51 | dt: 643.85ms | tok/sec: 25,447 | bf16_mfu: 0.00 | epoch: 1 pq: 0 rg: 19 | total time: 3.49m | eta: 1.7m
step 00411/00600 (68.50%) | loss: 5.115090 | lrm: 0.51 | dt: 567.29ms | tok/sec: 28,880 | bf16_mfu: 0.00 | epoch: 1 pq: 0 rg: 19 | total time: 3.50m | eta: 1.7m
step 00412/00600 (68.67%) | loss: 5.131123 | lrm: 0.51 | dt: 497.55ms | tok/sec: 32,929 | bf16_mfu: 0.00 | epoch: 1 pq: 0 rg: 19 | total time: 3.51m | eta: 1.6m
step 00413/00600 (68.83%) | loss: 5.135264 | lrm: 0.51 | dt: 522.66ms | tok/sec: 31,347 | bf16_mfu: 0.00 | epoch: 1 pq: 0 rg: 19 | total time: 3.52m | eta: 1.6m
step 00414/00600 (69.00%) | loss: 5.131971 | lrm: 0.50 | dt: 539.25ms | tok/sec: 30,382 | bf16_mfu: 0.00 | epoch: 1 pq: 0 rg: 19 | total time: 3.53m | eta: 1.6m
step 00415/00600 (69.17%) | loss: 5.124545 | lrm: 0.50 | dt: 560.62ms | tok/sec: 29,224 | bf16_mfu: 0.00 | epoch: 1 pq: 0 rg: 19 | total time: 3.54m | eta: 1.6m
step 00416/00600 (69.33%) | loss: 5.129000 | lrm: 0.50 | dt: 554.51ms | tok/sec: 29,546 | bf16_mfu: 0.00 | epoch: 1 pq: 0 rg: 19 | total time: 3.55m | eta: 1.6m
step 00417/00600 (69.50%) | loss: 5.123048 | lrm: 0.50 | dt: 535.24ms | tok/sec: 30,610 | bf16_mfu: 0.00 | epoch: 1 pq: 0 rg: 19 | total time: 3.56m | eta: 1.6m
step 00418/00600 (69.67%) | loss: 5.124293 | lrm: 0.49 | dt: 514.75ms | tok/sec: 31,828 | bf16_mfu: 0.00 | epoch: 1 pq: 0 rg: 19 | total time: 3.57m | eta: 1.6m
step 00419/00600 (69.83%) | loss: 5.125527 | lrm: 0.49 | dt: 512.52ms | tok/sec: 31,967 | bf16_mfu: 0.00 | epoch: 1 pq: 0 rg: 19 | total time: 3.57m | eta: 1.6m
step 00420/00600 (70.00%) | loss: 5.131305 | lrm: 0.49 | dt: 532.00ms | tok/sec: 30,797 | bf16_mfu: 0.00 | epoch: 1 pq: 0 rg: 19 | total time: 3.58m | eta: 1.6m
step 00421/00600 (70.17%) | loss: 5.137255 | lrm: 0.49 | dt: 524.72ms | tok/sec: 31,224 | bf16_mfu: 0.00 | epoch: 1 pq: 0 rg: 19 | total time: 3.59m | eta: 1.6m
step 00422/00600 (70.33%) | loss: 5.138753 | lrm: 0.48 | dt: 486.91ms | tok/sec: 33,648 | bf16_mfu: 0.00 | epoch: 1 pq: 0 rg: 19 | total time: 3.60m | eta: 1.6m
step 00423/00600 (70.50%) | loss: 5.135530 | lrm: 0.48 | dt: 544.79ms | tok/sec: 30,074 | bf16_mfu: 0.00 | epoch: 1 pq: 0 rg: 19 | total time: 3.61m | eta: 1.5m
step 00424/00600 (70.67%) | loss: 5.136020 | lrm: 0.48 | dt: 513.27ms | tok/sec: 31,920 | bf16_mfu: 0.00 | epoch: 1 pq: 0 rg: 19 | total time: 3.62m | eta: 1.5m
step 00425/00600 (70.83%) | loss: 5.133436 | lrm: 0.48 | dt: 526.18ms | tok/sec: 31,137 | bf16_mfu: 0.00 | epoch: 1 pq: 0 rg: 19 | total time: 3.63m | eta: 1.5m
step 00426/00600 (71.00%) | loss: 5.135899 | lrm: 0.47 | dt: 535.68ms | tok/sec: 30,585 | bf16_mfu: 0.00 | epoch: 1 pq: 0 rg: 19 | total time: 3.64m | eta: 1.5m
step 00427/00600 (71.17%) | loss: 5.135782 | lrm: 0.47 | dt: 538.65ms | tok/sec: 30,416 | bf16_mfu: 0.00 | epoch: 1 pq: 0 rg: 19 | total time: 3.64m | eta: 1.5m
step 00428/00600 (71.33%) | loss: 5.121440 | lrm: 0.47 | dt: 516.43ms | tok/sec: 31,725 | bf16_mfu: 0.00 | epoch: 1 pq: 0 rg: 19 | total time: 3.65m | eta: 1.5m
step 00429/00600 (71.50%) | loss: 5.129483 | lrm: 0.47 | dt: 506.28ms | tok/sec: 32,361 | bf16_mfu: 0.00 | epoch: 1 pq: 0 rg: 19 | total time: 3.66m | eta: 1.5m
step 00430/00600 (71.67%) | loss: 5.125170 | lrm: 0.46 | dt: 510.27ms | tok/sec: 32,108 | bf16_mfu: 0.00 | epoch: 1 pq: 0 rg: 19 | total time: 3.67m | eta: 1.5m
step 00431/00600 (71.83%) | loss: 5.107187 | lrm: 0.46 | dt: 533.53ms | tok/sec: 30,708 | bf16_mfu: 0.00 | epoch: 1 pq: 0 rg: 20 | total time: 3.68m | eta: 1.5m
step 00432/00600 (72.00%) | loss: 5.115667 | lrm: 0.46 | dt: 497.04ms | tok/sec: 32,962 | bf16_mfu: 0.00 | epoch: 1 pq: 0 rg: 20 | total time: 3.69m | eta: 1.5m
step 00433/00600 (72.17%) | loss: 5.120509 | lrm: 0.46 | dt: 504.66ms | tok/sec: 32,465 | bf16_mfu: 0.00 | epoch: 1 pq: 0 rg: 20 | total time: 3.70m | eta: 1.5m
step 00434/00600 (72.33%) | loss: 5.126111 | lrm: 0.45 | dt: 504.30ms | tok/sec: 32,488 | bf16_mfu: 0.00 | epoch: 1 pq: 0 rg: 20 | total time: 3.70m | eta: 1.5m
step 00435/00600 (72.50%) | loss: 5.128799 | lrm: 0.45 | dt: 507.70ms | tok/sec: 32,270 | bf16_mfu: 0.00 | epoch: 1 pq: 0 rg: 20 | total time: 3.71m | eta: 1.4m
step 00436/00600 (72.67%) | loss: 5.129393 | lrm: 0.45 | dt: 503.84ms | tok/sec: 32,518 | bf16_mfu: 0.00 | epoch: 1 pq: 0 rg: 20 | total time: 3.72m | eta: 1.4m
step 00437/00600 (72.83%) | loss: 5.122113 | lrm: 0.45 | dt: 505.02ms | tok/sec: 32,442 | bf16_mfu: 0.00 | epoch: 1 pq: 0 rg: 20 | total time: 3.73m | eta: 1.4m
step 00438/00600 (73.00%) | loss: 5.119983 | lrm: 0.44 | dt: 500.72ms | tok/sec: 32,720 | bf16_mfu: 0.00 | epoch: 1 pq: 0 rg: 20 | total time: 3.74m | eta: 1.4m
step 00439/00600 (73.17%) | loss: 5.108573 | lrm: 0.44 | dt: 505.19ms | tok/sec: 32,431 | bf16_mfu: 0.00 | epoch: 1 pq: 0 rg: 20 | total time: 3.75m | eta: 1.4m
step 00440/00600 (73.33%) | loss: 5.092138 | lrm: 0.44 | dt: 512.50ms | tok/sec: 31,968 | bf16_mfu: 0.00 | epoch: 1 pq: 0 rg: 20 | total time: 3.75m | eta: 1.4m
step 00441/00600 (73.50%) | loss: 5.092861 | lrm: 0.44 | dt: 501.09ms | tok/sec: 32,696 | bf16_mfu: 0.00 | epoch: 1 pq: 0 rg: 20 | total time: 3.76m | eta: 1.4m
step 00442/00600 (73.67%) | loss: 5.088544 | lrm: 0.43 | dt: 508.37ms | tok/sec: 32,228 | bf16_mfu: 0.00 | epoch: 1 pq: 0 rg: 20 | total time: 3.77m | eta: 1.4m
step 00443/00600 (73.83%) | loss: 5.097200 | lrm: 0.43 | dt: 504.68ms | tok/sec: 32,464 | bf16_mfu: 0.00 | epoch: 1 pq: 0 rg: 20 | total time: 3.78m | eta: 1.4m
step 00444/00600 (74.00%) | loss: 5.102814 | lrm: 0.43 | dt: 508.03ms | tok/sec: 32,249 | bf16_mfu: 0.00 | epoch: 1 pq: 0 rg: 20 | total time: 3.79m | eta: 1.4m
step 00445/00600 (74.17%) | loss: 5.102566 | lrm: 0.43 | dt: 512.91ms | tok/sec: 31,943 | bf16_mfu: 0.00 | epoch: 1 pq: 0 rg: 20 | total time: 3.80m | eta: 1.4m
step 00446/00600 (74.33%) | loss: 5.096323 | lrm: 0.43 | dt: 529.56ms | tok/sec: 30,938 | bf16_mfu: 0.00 | epoch: 1 pq: 0 rg: 20 | total time: 3.81m | eta: 1.3m
step 00447/00600 (74.50%) | loss: 5.099392 | lrm: 0.42 | dt: 494.38ms | tok/sec: 33,140 | bf16_mfu: 0.00 | epoch: 1 pq: 0 rg: 20 | total time: 3.81m | eta: 1.3m
step 00448/00600 (74.67%) | loss: 5.082499 | lrm: 0.42 | dt: 518.13ms | tok/sec: 31,621 | bf16_mfu: 0.00 | epoch: 1 pq: 0 rg: 20 | total time: 3.82m | eta: 1.3m
step 00449/00600 (74.83%) | loss: 5.089689 | lrm: 0.42 | dt: 513.76ms | tok/sec: 31,890 | bf16_mfu: 0.00 | epoch: 1 pq: 0 rg: 20 | total time: 3.83m | eta: 1.3m
step 00450/00600 (75.00%) | loss: 5.096880 | lrm: 0.42 | dt: 606.54ms | tok/sec: 27,012 | bf16_mfu: 0.00 | epoch: 1 pq: 0 rg: 20 | total time: 3.84m | eta: 1.3m
step 00451/00600 (75.17%) | loss: 5.076683 | lrm: 0.41 | dt: 530.32ms | tok/sec: 30,894 | bf16_mfu: 0.00 | epoch: 1 pq: 0 rg: 20 | total time: 3.85m | eta: 1.3m
step 00452/00600 (75.33%) | loss: 5.081703 | lrm: 0.41 | dt: 537.71ms | tok/sec: 30,469 | bf16_mfu: 0.00 | epoch: 1 pq: 0 rg: 20 | total time: 3.86m | eta: 1.3m
step 00453/00600 (75.50%) | loss: 5.099655 | lrm: 0.41 | dt: 500.07ms | tok/sec: 32,763 | bf16_mfu: 0.00 | epoch: 1 pq: 0 rg: 20 | total time: 3.87m | eta: 1.3m
step 00454/00600 (75.67%) | loss: 5.103151 | lrm: 0.41 | dt: 515.59ms | tok/sec: 31,776 | bf16_mfu: 0.00 | epoch: 1 pq: 0 rg: 20 | total time: 3.88m | eta: 1.3m
step 00455/00600 (75.83%) | loss: 5.094113 | lrm: 0.40 | dt: 496.89ms | tok/sec: 32,973 | bf16_mfu: 0.00 | epoch: 1 pq: 0 rg: 21 | total time: 3.88m | eta: 1.3m
step 00456/00600 (76.00%) | loss: 5.101328 | lrm: 0.40 | dt: 510.51ms | tok/sec: 32,093 | bf16_mfu: 0.00 | epoch: 1 pq: 0 rg: 21 | total time: 3.89m | eta: 1.3m
step 00457/00600 (76.17%) | loss: 5.088991 | lrm: 0.40 | dt: 503.99ms | tok/sec: 32,508 | bf16_mfu: 0.00 | epoch: 1 pq: 0 rg: 21 | total time: 3.90m | eta: 1.2m
step 00458/00600 (76.33%) | loss: 5.087158 | lrm: 0.40 | dt: 510.99ms | tok/sec: 32,063 | bf16_mfu: 0.00 | epoch: 1 pq: 0 rg: 21 | total time: 3.91m | eta: 1.2m
step 00459/00600 (76.50%) | loss: 5.082856 | lrm: 0.39 | dt: 509.68ms | tok/sec: 32,145 | bf16_mfu: 0.00 | epoch: 1 pq: 0 rg: 21 | total time: 3.92m | eta: 1.2m
step 00460/00600 (76.67%) | loss: 5.069865 | lrm: 0.39 | dt: 509.38ms | tok/sec: 32,164 | bf16_mfu: 0.00 | epoch: 1 pq: 0 rg: 21 | total time: 3.93m | eta: 1.2m
step 00461/00600 (76.83%) | loss: 5.066748 | lrm: 0.39 | dt: 607.39ms | tok/sec: 26,974 | bf16_mfu: 0.00 | epoch: 1 pq: 0 rg: 21 | total time: 3.94m | eta: 1.2m
step 00462/00600 (77.00%) | loss: 5.057698 | lrm: 0.39 | dt: 629.41ms | tok/sec: 26,030 | bf16_mfu: 0.00 | epoch: 1 pq: 0 rg: 21 | total time: 3.95m | eta: 1.2m
step 00463/00600 (77.17%) | loss: 5.063487 | lrm: 0.38 | dt: 544.99ms | tok/sec: 30,062 | bf16_mfu: 0.00 | epoch: 1 pq: 0 rg: 21 | total time: 3.96m | eta: 1.2m
step 00464/00600 (77.33%) | loss: 5.065227 | lrm: 0.38 | dt: 519.36ms | tok/sec: 31,546 | bf16_mfu: 0.00 | epoch: 1 pq: 0 rg: 21 | total time: 3.97m | eta: 1.2m
step 00465/00600 (77.50%) | loss: 5.063967 | lrm: 0.38 | dt: 502.12ms | tok/sec: 32,629 | bf16_mfu: 0.00 | epoch: 1 pq: 0 rg: 21 | total time: 3.97m | eta: 1.2m
step 00466/00600 (77.67%) | loss: 5.042356 | lrm: 0.38 | dt: 503.35ms | tok/sec: 32,549 | bf16_mfu: 0.00 | epoch: 1 pq: 0 rg: 21 | total time: 3.98m | eta: 1.2m
step 00467/00600 (77.83%) | loss: 5.039189 | lrm: 0.37 | dt: 511.45ms | tok/sec: 32,034 | bf16_mfu: 0.00 | epoch: 1 pq: 0 rg: 21 | total time: 3.99m | eta: 1.2m
step 00468/00600 (78.00%) | loss: 5.047260 | lrm: 0.37 | dt: 535.58ms | tok/sec: 30,591 | bf16_mfu: 0.00 | epoch: 1 pq: 0 rg: 21 | total time: 4.00m | eta: 1.2m
step 00469/00600 (78.17%) | loss: 5.063368 | lrm: 0.37 | dt: 506.75ms | tok/sec: 32,331 | bf16_mfu: 0.00 | epoch: 1 pq: 0 rg: 21 | total time: 4.01m | eta: 1.1m
step 00470/00600 (78.33%) | loss: 5.064608 | lrm: 0.37 | dt: 518.19ms | tok/sec: 31,617 | bf16_mfu: 0.00 | epoch: 1 pq: 0 rg: 21 | total time: 4.02m | eta: 1.1m
step 00471/00600 (78.50%) | loss: 5.062139 | lrm: 0.36 | dt: 662.53ms | tok/sec: 24,729 | bf16_mfu: 0.00 | epoch: 1 pq: 0 rg: 21 | total time: 4.03m | eta: 1.1m
step 00472/00600 (78.67%) | loss: 5.040754 | lrm: 0.36 | dt: 490.89ms | tok/sec: 33,375 | bf16_mfu: 0.00 | epoch: 1 pq: 0 rg: 21 | total time: 4.04m | eta: 1.1m
step 00473/00600 (78.83%) | loss: 5.048156 | lrm: 0.36 | dt: 509.52ms | tok/sec: 32,155 | bf16_mfu: 0.00 | epoch: 1 pq: 0 rg: 21 | total time: 4.04m | eta: 1.1m
step 00474/00600 (79.00%) | loss: 5.051615 | lrm: 0.36 | dt: 502.40ms | tok/sec: 32,611 | bf16_mfu: 0.00 | epoch: 1 pq: 0 rg: 21 | total time: 4.05m | eta: 1.1m
step 00475/00600 (79.17%) | loss: 5.057830 | lrm: 0.35 | dt: 502.43ms | tok/sec: 32,609 | bf16_mfu: 0.00 | epoch: 1 pq: 0 rg: 21 | total time: 4.06m | eta: 1.1m
step 00476/00600 (79.33%) | loss: 5.055420 | lrm: 0.35 | dt: 511.03ms | tok/sec: 32,060 | bf16_mfu: 0.00 | epoch: 1 pq: 0 rg: 21 | total time: 4.07m | eta: 1.1m
step 00477/00600 (79.50%) | loss: 5.075010 | lrm: 0.35 | dt: 512.08ms | tok/sec: 31,995 | bf16_mfu: 0.00 | epoch: 1 pq: 0 rg: 21 | total time: 4.08m | eta: 1.1m
step 00478/00600 (79.67%) | loss: 5.067742 | lrm: 0.35 | dt: 556.16ms | tok/sec: 29,459 | bf16_mfu: 0.00 | epoch: 1 pq: 0 rg: 22 | total time: 4.09m | eta: 1.1m
step 00479/00600 (79.83%) | loss: 5.057043 | lrm: 0.34 | dt: 510.34ms | tok/sec: 32,104 | bf16_mfu: 0.00 | epoch: 1 pq: 0 rg: 22 | total time: 4.10m | eta: 1.1m
step 00480/00600 (80.00%) | loss: 5.053737 | lrm: 0.34 | dt: 504.63ms | tok/sec: 32,467 | bf16_mfu: 0.00 | epoch: 1 pq: 0 rg: 22 | total time: 4.10m | eta: 1.0m
step 00481/00600 (80.17%) | loss: 5.056384 | lrm: 0.34 | dt: 511.99ms | tok/sec: 32,000 | bf16_mfu: 0.00 | epoch: 1 pq: 0 rg: 22 | total time: 4.11m | eta: 1.0m
step 00482/00600 (80.33%) | loss: 5.061191 | lrm: 0.34 | dt: 504.48ms | tok/sec: 32,476 | bf16_mfu: 0.00 | epoch: 1 pq: 0 rg: 22 | total time: 4.12m | eta: 1.0m
step 00483/00600 (80.50%) | loss: 5.062200 | lrm: 0.33 | dt: 500.37ms | tok/sec: 32,743 | bf16_mfu: 0.00 | epoch: 1 pq: 0 rg: 22 | total time: 4.13m | eta: 1.0m
step 00484/00600 (80.67%) | loss: 5.061425 | lrm: 0.33 | dt: 511.81ms | tok/sec: 32,012 | bf16_mfu: 0.00 | epoch: 1 pq: 0 rg: 22 | total time: 4.14m | eta: 1.0m
step 00485/00600 (80.83%) | loss: 5.044571 | lrm: 0.33 | dt: 514.61ms | tok/sec: 31,837 | bf16_mfu: 0.00 | epoch: 1 pq: 0 rg: 22 | total time: 4.15m | eta: 1.0m
step 00486/00600 (81.00%) | loss: 5.037402 | lrm: 0.33 | dt: 503.67ms | tok/sec: 32,529 | bf16_mfu: 0.00 | epoch: 1 pq: 0 rg: 22 | total time: 4.15m | eta: 1.0m
step 00487/00600 (81.17%) | loss: 5.027306 | lrm: 0.33 | dt: 505.75ms | tok/sec: 32,395 | bf16_mfu: 0.00 | epoch: 1 pq: 0 rg: 22 | total time: 4.16m | eta: 1.0m
step 00488/00600 (81.33%) | loss: 5.024268 | lrm: 0.32 | dt: 611.05ms | tok/sec: 26,812 | bf16_mfu: 0.00 | epoch: 1 pq: 0 rg: 22 | total time: 4.17m | eta: 1.0m
step 00489/00600 (81.50%) | loss: 5.026163 | lrm: 0.32 | dt: 497.87ms | tok/sec: 32,908 | bf16_mfu: 0.00 | epoch: 1 pq: 0 rg: 22 | total time: 4.18m | eta: 1.0m
step 00490/00600 (81.67%) | loss: 5.016272 | lrm: 0.32 | dt: 552.65ms | tok/sec: 29,646 | bf16_mfu: 0.00 | epoch: 1 pq: 0 rg: 22 | total time: 4.19m | eta: 1.0m
step 00491/00600 (81.83%) | loss: 5.015435 | lrm: 0.32 | dt: 493.89ms | tok/sec: 33,173 | bf16_mfu: 0.00 | epoch: 1 pq: 0 rg: 22 | total time: 4.20m | eta: 1.0m
step 00492/00600 (82.00%) | loss: 5.004868 | lrm: 0.31 | dt: 510.73ms | tok/sec: 32,079 | bf16_mfu: 0.00 | epoch: 1 pq: 0 rg: 22 | total time: 4.21m | eta: 0.9m
step 00493/00600 (82.17%) | loss: 4.993111 | lrm: 0.31 | dt: 505.77ms | tok/sec: 32,394 | bf16_mfu: 0.00 | epoch: 1 pq: 0 rg: 22 | total time: 4.22m | eta: 0.9m
step 00494/00600 (82.33%) | loss: 4.993827 | lrm: 0.31 | dt: 502.13ms | tok/sec: 32,628 | bf16_mfu: 0.00 | epoch: 1 pq: 0 rg: 22 | total time: 4.22m | eta: 0.9m
step 00495/00600 (82.50%) | loss: 4.992198 | lrm: 0.31 | dt: 507.46ms | tok/sec: 32,286 | bf16_mfu: 0.00 | epoch: 1 pq: 0 rg: 22 | total time: 4.23m | eta: 0.9m
step 00496/00600 (82.67%) | loss: 5.003200 | lrm: 0.30 | dt: 507.86ms | tok/sec: 32,260 | bf16_mfu: 0.00 | epoch: 1 pq: 0 rg: 22 | total time: 4.24m | eta: 0.9m
step 00497/00600 (82.83%) | loss: 5.003032 | lrm: 0.30 | dt: 503.23ms | tok/sec: 32,557 | bf16_mfu: 0.00 | epoch: 1 pq: 0 rg: 22 | total time: 4.25m | eta: 0.9m
step 00498/00600 (83.00%) | loss: 4.996098 | lrm: 0.30 | dt: 518.81ms | tok/sec: 31,580 | bf16_mfu: 0.00 | epoch: 1 pq: 0 rg: 22 | total time: 4.26m | eta: 0.9m
step 00499/00600 (83.17%) | loss: 5.003244 | lrm: 0.30 | dt: 594.02ms | tok/sec: 27,581 | bf16_mfu: 0.00 | epoch: 1 pq: 0 rg: 22 | total time: 4.27m | eta: 0.9m
Step 00500 | Validation bpb: 1.552777
step 00500/00600 (83.33%) | loss: 4.996185 | lrm: 0.29 | dt: 499.63ms | tok/sec: 32,792 | bf16_mfu: 0.00 | epoch: 1 pq: 0 rg: 22 | total time: 4.28m | eta: 0.9m
step 00501/00600 (83.50%) | loss: 4.990206 | lrm: 0.29 | dt: 507.05ms | tok/sec: 32,312 | bf16_mfu: 0.00 | epoch: 1 pq: 0 rg: 23 | total time: 4.29m | eta: 0.9m
step 00502/00600 (83.67%) | loss: 4.994185 | lrm: 0.29 | dt: 504.46ms | tok/sec: 32,478 | bf16_mfu: 0.00 | epoch: 1 pq: 0 rg: 23 | total time: 4.29m | eta: 0.9m
step 00503/00600 (83.83%) | loss: 5.008684 | lrm: 0.29 | dt: 488.21ms | tok/sec: 33,559 | bf16_mfu: 0.00 | epoch: 1 pq: 0 rg: 23 | total time: 4.30m | eta: 0.8m
step 00504/00600 (84.00%) | loss: 5.000569 | lrm: 0.28 | dt: 504.93ms | tok/sec: 32,447 | bf16_mfu: 0.00 | epoch: 1 pq: 0 rg: 23 | total time: 4.31m | eta: 0.8m
step 00505/00600 (84.17%) | loss: 4.980095 | lrm: 0.28 | dt: 499.01ms | tok/sec: 32,833 | bf16_mfu: 0.00 | epoch: 1 pq: 0 rg: 23 | total time: 4.32m | eta: 0.8m
step 00506/00600 (84.33%) | loss: 4.986069 | lrm: 0.28 | dt: 502.04ms | tok/sec: 32,635 | bf16_mfu: 0.00 | epoch: 1 pq: 0 rg: 23 | total time: 4.33m | eta: 0.8m
step 00507/00600 (84.50%) | loss: 4.968407 | lrm: 0.28 | dt: 504.05ms | tok/sec: 32,504 | bf16_mfu: 0.00 | epoch: 1 pq: 0 rg: 23 | total time: 4.34m | eta: 0.8m
step 00508/00600 (84.67%) | loss: 4.978061 | lrm: 0.27 | dt: 496.72ms | tok/sec: 32,984 | bf16_mfu: 0.00 | epoch: 1 pq: 0 rg: 23 | total time: 4.34m | eta: 0.8m
step 00509/00600 (84.83%) | loss: 4.986039 | lrm: 0.27 | dt: 498.32ms | tok/sec: 32,878 | bf16_mfu: 0.00 | epoch: 1 pq: 0 rg: 23 | total time: 4.35m | eta: 0.8m
step 00510/00600 (85.00%) | loss: 4.975914 | lrm: 0.27 | dt: 505.99ms | tok/sec: 32,380 | bf16_mfu: 0.00 | epoch: 1 pq: 0 rg: 23 | total time: 4.36m | eta: 0.8m
step 00511/00600 (85.17%) | loss: 4.971783 | lrm: 0.27 | dt: 498.62ms | tok/sec: 32,859 | bf16_mfu: 0.00 | epoch: 1 pq: 0 rg: 23 | total time: 4.37m | eta: 0.8m
step 00512/00600 (85.33%) | loss: 4.959841 | lrm: 0.26 | dt: 494.03ms | tok/sec: 33,164 | bf16_mfu: 0.00 | epoch: 1 pq: 0 rg: 23 | total time: 4.38m | eta: 0.8m
step 00513/00600 (85.50%) | loss: 4.955102 | lrm: 0.26 | dt: 506.19ms | tok/sec: 32,367 | bf16_mfu: 0.00 | epoch: 1 pq: 0 rg: 23 | total time: 4.39m | eta: 0.8m
step 00514/00600 (85.67%) | loss: 4.954044 | lrm: 0.26 | dt: 502.03ms | tok/sec: 32,635 | bf16_mfu: 0.00 | epoch: 1 pq: 0 rg: 23 | total time: 4.39m | eta: 0.7m
step 00515/00600 (85.83%) | loss: 4.951767 | lrm: 0.26 | dt: 496.01ms | tok/sec: 33,031 | bf16_mfu: 0.00 | epoch: 1 pq: 0 rg: 23 | total time: 4.40m | eta: 0.7m
step 00516/00600 (86.00%) | loss: 4.933066 | lrm: 0.25 | dt: 502.30ms | tok/sec: 32,618 | bf16_mfu: 0.00 | epoch: 1 pq: 0 rg: 23 | total time: 4.41m | eta: 0.7m
step 00517/00600 (86.17%) | loss: 4.936611 | lrm: 0.25 | dt: 500.82ms | tok/sec: 32,714 | bf16_mfu: 0.00 | epoch: 1 pq: 0 rg: 23 | total time: 4.42m | eta: 0.7m
step 00518/00600 (86.33%) | loss: 4.947374 | lrm: 0.25 | dt: 502.74ms | tok/sec: 32,589 | bf16_mfu: 0.00 | epoch: 1 pq: 0 rg: 23 | total time: 4.43m | eta: 0.7m
step 00519/00600 (86.50%) | loss: 4.941951 | lrm: 0.25 | dt: 501.68ms | tok/sec: 32,658 | bf16_mfu: 0.00 | epoch: 1 pq: 0 rg: 23 | total time: 4.44m | eta: 0.7m
step 00520/00600 (86.67%) | loss: 4.946078 | lrm: 0.24 | dt: 498.18ms | tok/sec: 32,887 | bf16_mfu: 0.00 | epoch: 1 pq: 0 rg: 23 | total time: 4.44m | eta: 0.7m
step 00521/00600 (86.83%) | loss: 4.948534 | lrm: 0.24 | dt: 496.85ms | tok/sec: 32,975 | bf16_mfu: 0.00 | epoch: 1 pq: 0 rg: 23 | total time: 4.45m | eta: 0.7m
step 00522/00600 (87.00%) | loss: 4.942432 | lrm: 0.24 | dt: 506.86ms | tok/sec: 32,324 | bf16_mfu: 0.00 | epoch: 1 pq: 0 rg: 23 | total time: 4.46m | eta: 0.7m
step 00523/00600 (87.17%) | loss: 4.942656 | lrm: 0.24 | dt: 503.97ms | tok/sec: 32,510 | bf16_mfu: 0.00 | epoch: 1 pq: 0 rg: 23 | total time: 4.47m | eta: 0.7m
step 00524/00600 (87.33%) | loss: 4.950208 | lrm: 0.24 | dt: 496.96ms | tok/sec: 32,968 | bf16_mfu: 0.00 | epoch: 1 pq: 0 rg: 23 | total time: 4.48m | eta: 0.7m
step 00525/00600 (87.50%) | loss: 4.937865 | lrm: 0.23 | dt: 506.90ms | tok/sec: 32,321 | bf16_mfu: 0.00 | epoch: 1 pq: 0 rg: 24 | total time: 4.49m | eta: 0.7m
step 00526/00600 (87.67%) | loss: 4.947086 | lrm: 0.23 | dt: 499.46ms | tok/sec: 32,803 | bf16_mfu: 0.00 | epoch: 1 pq: 0 rg: 24 | total time: 4.49m | eta: 0.6m
step 00527/00600 (87.83%) | loss: 4.932894 | lrm: 0.23 | dt: 509.83ms | tok/sec: 32,136 | bf16_mfu: 0.00 | epoch: 1 pq: 0 rg: 24 | total time: 4.50m | eta: 0.6m
step 00528/00600 (88.00%) | loss: 4.920114 | lrm: 0.23 | dt: 505.06ms | tok/sec: 32,439 | bf16_mfu: 0.00 | epoch: 1 pq: 0 rg: 24 | total time: 4.51m | eta: 0.6m
step 00529/00600 (88.17%) | loss: 4.931765 | lrm: 0.22 | dt: 498.27ms | tok/sec: 32,881 | bf16_mfu: 0.00 | epoch: 1 pq: 0 rg: 24 | total time: 4.52m | eta: 0.6m
step 00530/00600 (88.33%) | loss: 4.930319 | lrm: 0.22 | dt: 497.45ms | tok/sec: 32,935 | bf16_mfu: 0.00 | epoch: 1 pq: 0 rg: 24 | total time: 4.53m | eta: 0.6m
step 00531/00600 (88.50%) | loss: 4.934992 | lrm: 0.22 | dt: 506.10ms | tok/sec: 32,373 | bf16_mfu: 0.00 | epoch: 1 pq: 0 rg: 24 | total time: 4.54m | eta: 0.6m
step 00532/00600 (88.67%) | loss: 4.928952 | lrm: 0.22 | dt: 495.44ms | tok/sec: 33,069 | bf16_mfu: 0.00 | epoch: 1 pq: 0 rg: 24 | total time: 4.54m | eta: 0.6m
step 00533/00600 (88.83%) | loss: 4.922334 | lrm: 0.21 | dt: 498.54ms | tok/sec: 32,864 | bf16_mfu: 0.00 | epoch: 1 pq: 0 rg: 24 | total time: 4.55m | eta: 0.6m
step 00534/00600 (89.00%) | loss: 4.926841 | lrm: 0.21 | dt: 502.38ms | tok/sec: 32,612 | bf16_mfu: 0.00 | epoch: 1 pq: 0 rg: 24 | total time: 4.56m | eta: 0.6m
step 00535/00600 (89.17%) | loss: 4.936845 | lrm: 0.21 | dt: 502.93ms | tok/sec: 32,576 | bf16_mfu: 0.00 | epoch: 1 pq: 0 rg: 24 | total time: 4.57m | eta: 0.6m
step 00536/00600 (89.33%) | loss: 4.940457 | lrm: 0.21 | dt: 494.95ms | tok/sec: 33,102 | bf16_mfu: 0.00 | epoch: 1 pq: 0 rg: 24 | total time: 4.58m | eta: 0.6m
step 00537/00600 (89.50%) | loss: 4.951478 | lrm: 0.20 | dt: 504.04ms | tok/sec: 32,505 | bf16_mfu: 0.00 | epoch: 1 pq: 0 rg: 24 | total time: 4.59m | eta: 0.5m
step 00538/00600 (89.67%) | loss: 4.934089 | lrm: 0.20 | dt: 499.94ms | tok/sec: 32,771 | bf16_mfu: 0.00 | epoch: 1 pq: 0 rg: 24 | total time: 4.59m | eta: 0.5m
step 00539/00600 (89.83%) | loss: 4.921033 | lrm: 0.20 | dt: 520.18ms | tok/sec: 31,496 | bf16_mfu: 0.00 | epoch: 1 pq: 0 rg: 24 | total time: 4.60m | eta: 0.5m
step 00540/00600 (90.00%) | loss: 4.934293 | lrm: 0.20 | dt: 499.77ms | tok/sec: 32,783 | bf16_mfu: 0.00 | epoch: 1 pq: 0 rg: 24 | total time: 4.61m | eta: 0.5m
step 00541/00600 (90.17%) | loss: 4.951937 | lrm: 0.19 | dt: 511.81ms | tok/sec: 32,011 | bf16_mfu: 0.00 | epoch: 1 pq: 0 rg: 24 | total time: 4.62m | eta: 0.5m
step 00542/00600 (90.33%) | loss: 4.939282 | lrm: 0.19 | dt: 512.82ms | tok/sec: 31,949 | bf16_mfu: 0.00 | epoch: 1 pq: 0 rg: 24 | total time: 4.63m | eta: 0.5m
step 00543/00600 (90.50%) | loss: 4.949898 | lrm: 0.19 | dt: 498.79ms | tok/sec: 32,847 | bf16_mfu: 0.00 | epoch: 1 pq: 0 rg: 24 | total time: 4.64m | eta: 0.5m
step 00544/00600 (90.67%) | loss: 4.955427 | lrm: 0.19 | dt: 566.45ms | tok/sec: 28,923 | bf16_mfu: 0.00 | epoch: 1 pq: 0 rg: 24 | total time: 4.65m | eta: 0.5m
step 00545/00600 (90.83%) | loss: 4.953578 | lrm: 0.18 | dt: 498.94ms | tok/sec: 32,837 | bf16_mfu: 0.00 | epoch: 1 pq: 0 rg: 24 | total time: 4.65m | eta: 0.5m
step 00546/00600 (91.00%) | loss: 4.961325 | lrm: 0.18 | dt: 610.01ms | tok/sec: 26,858 | bf16_mfu: 0.00 | epoch: 1 pq: 0 rg: 24 | total time: 4.66m | eta: 0.5m
step 00547/00600 (91.17%) | loss: 4.947113 | lrm: 0.18 | dt: 466.15ms | tok/sec: 35,147 | bf16_mfu: 0.00 | epoch: 1 pq: 0 rg: 24 | total time: 4.67m | eta: 0.5m
step 00548/00600 (91.33%) | loss: 4.951556 | lrm: 0.18 | dt: 545.77ms | tok/sec: 30,019 | bf16_mfu: 0.00 | epoch: 1 pq: 0 rg: 25 | total time: 4.68m | eta: 0.5m
step 00549/00600 (91.50%) | loss: 4.951328 | lrm: 0.17 | dt: 509.49ms | tok/sec: 32,157 | bf16_mfu: 0.00 | epoch: 1 pq: 0 rg: 25 | total time: 4.69m | eta: 0.4m
step 00550/00600 (91.67%) | loss: 4.963911 | lrm: 0.17 | dt: 505.14ms | tok/sec: 32,434 | bf16_mfu: 0.00 | epoch: 1 pq: 0 rg: 25 | total time: 4.70m | eta: 0.4m
step 00551/00600 (91.83%) | loss: 4.975264 | lrm: 0.17 | dt: 603.91ms | tok/sec: 27,129 | bf16_mfu: 0.00 | epoch: 1 pq: 0 rg: 25 | total time: 4.71m | eta: 0.4m
step 00552/00600 (92.00%) | loss: 4.971560 | lrm: 0.17 | dt: 560.67ms | tok/sec: 29,222 | bf16_mfu: 0.00 | epoch: 1 pq: 0 rg: 25 | total time: 4.72m | eta: 0.4m
step 00553/00600 (92.17%) | loss: 4.982693 | lrm: 0.16 | dt: 502.09ms | tok/sec: 32,631 | bf16_mfu: 0.00 | epoch: 1 pq: 0 rg: 25 | total time: 4.73m | eta: 0.4m
step 00554/00600 (92.33%) | loss: 4.975189 | lrm: 0.16 | dt: 522.50ms | tok/sec: 31,356 | bf16_mfu: 0.00 | epoch: 1 pq: 0 rg: 25 | total time: 4.73m | eta: 0.4m
step 00555/00600 (92.50%) | loss: 4.966960 | lrm: 0.16 | dt: 532.71ms | tok/sec: 30,755 | bf16_mfu: 0.00 | epoch: 1 pq: 0 rg: 25 | total time: 4.74m | eta: 0.4m
step 00556/00600 (92.67%) | loss: 4.968895 | lrm: 0.16 | dt: 516.71ms | tok/sec: 31,708 | bf16_mfu: 0.00 | epoch: 1 pq: 0 rg: 25 | total time: 4.75m | eta: 0.4m
step 00557/00600 (92.83%) | loss: 4.956115 | lrm: 0.15 | dt: 509.05ms | tok/sec: 32,185 | bf16_mfu: 0.00 | epoch: 1 pq: 0 rg: 25 | total time: 4.76m | eta: 0.4m
step 00558/00600 (93.00%) | loss: 4.962516 | lrm: 0.15 | dt: 506.61ms | tok/sec: 32,340 | bf16_mfu: 0.00 | epoch: 1 pq: 0 rg: 25 | total time: 4.77m | eta: 0.4m
step 00559/00600 (93.17%) | loss: 4.958163 | lrm: 0.15 | dt: 493.91ms | tok/sec: 33,172 | bf16_mfu: 0.00 | epoch: 1 pq: 0 rg: 25 | total time: 4.78m | eta: 0.4m
step 00560/00600 (93.33%) | loss: 4.954976 | lrm: 0.15 | dt: 511.15ms | tok/sec: 32,053 | bf16_mfu: 0.00 | epoch: 1 pq: 0 rg: 25 | total time: 4.79m | eta: 0.3m
step 00561/00600 (93.50%) | loss: 4.953640 | lrm: 0.15 | dt: 508.31ms | tok/sec: 32,232 | bf16_mfu: 0.00 | epoch: 1 pq: 0 rg: 25 | total time: 4.79m | eta: 0.3m
step 00562/00600 (93.67%) | loss: 4.958829 | lrm: 0.14 | dt: 518.81ms | tok/sec: 31,580 | bf16_mfu: 0.00 | epoch: 1 pq: 0 rg: 25 | total time: 4.80m | eta: 0.3m
step 00563/00600 (93.83%) | loss: 4.952408 | lrm: 0.14 | dt: 512.89ms | tok/sec: 31,944 | bf16_mfu: 0.00 | epoch: 1 pq: 0 rg: 25 | total time: 4.81m | eta: 0.3m
step 00564/00600 (94.00%) | loss: 4.971050 | lrm: 0.14 | dt: 562.25ms | tok/sec: 29,140 | bf16_mfu: 0.00 | epoch: 1 pq: 0 rg: 25 | total time: 4.82m | eta: 0.3m
step 00565/00600 (94.17%) | loss: 4.967160 | lrm: 0.14 | dt: 597.97ms | tok/sec: 27,399 | bf16_mfu: 0.00 | epoch: 1 pq: 0 rg: 25 | total time: 4.83m | eta: 0.3m
step 00566/00600 (94.33%) | loss: 4.962326 | lrm: 0.13 | dt: 729.04ms | tok/sec: 22,473 | bf16_mfu: 0.00 | epoch: 1 pq: 0 rg: 25 | total time: 4.84m | eta: 0.3m
step 00567/00600 (94.50%) | loss: 4.962784 | lrm: 0.13 | dt: 633.04ms | tok/sec: 25,881 | bf16_mfu: 0.00 | epoch: 1 pq: 0 rg: 25 | total time: 4.85m | eta: 0.3m
step 00568/00600 (94.67%) | loss: 4.950133 | lrm: 0.13 | dt: 517.15ms | tok/sec: 31,681 | bf16_mfu: 0.00 | epoch: 1 pq: 0 rg: 25 | total time: 4.86m | eta: 0.3m
step 00569/00600 (94.83%) | loss: 4.946956 | lrm: 0.13 | dt: 526.11ms | tok/sec: 31,141 | bf16_mfu: 0.00 | epoch: 1 pq: 0 rg: 25 | total time: 4.87m | eta: 0.3m
step 00570/00600 (95.00%) | loss: 4.952794 | lrm: 0.12 | dt: 507.21ms | tok/sec: 32,302 | bf16_mfu: 0.00 | epoch: 1 pq: 0 rg: 25 | total time: 4.88m | eta: 0.3m
step 00571/00600 (95.17%) | loss: 4.954525 | lrm: 0.12 | dt: 497.57ms | tok/sec: 32,928 | bf16_mfu: 0.00 | epoch: 1 pq: 0 rg: 25 | total time: 4.89m | eta: 0.3m
step 00572/00600 (95.33%) | loss: 4.939996 | lrm: 0.12 | dt: 513.95ms | tok/sec: 31,878 | bf16_mfu: 0.00 | epoch: 1 pq: 0 rg: 26 | total time: 4.90m | eta: 0.2m
step 00573/00600 (95.50%) | loss: 4.938259 | lrm: 0.12 | dt: 494.91ms | tok/sec: 33,105 | bf16_mfu: 0.00 | epoch: 1 pq: 0 rg: 26 | total time: 4.90m | eta: 0.2m
step 00574/00600 (95.67%) | loss: 4.934624 | lrm: 0.11 | dt: 496.26ms | tok/sec: 33,014 | bf16_mfu: 0.00 | epoch: 1 pq: 0 rg: 26 | total time: 4.91m | eta: 0.2m
step 00575/00600 (95.83%) | loss: 4.929306 | lrm: 0.11 | dt: 543.35ms | tok/sec: 30,153 | bf16_mfu: 0.00 | epoch: 1 pq: 0 rg: 26 | total time: 4.92m | eta: 0.2m
step 00576/00600 (96.00%) | loss: 4.933310 | lrm: 0.11 | dt: 519.65ms | tok/sec: 31,528 | bf16_mfu: 0.00 | epoch: 1 pq: 0 rg: 26 | total time: 4.93m | eta: 0.2m
step 00577/00600 (96.17%) | loss: 4.922774 | lrm: 0.11 | dt: 496.14ms | tok/sec: 33,022 | bf16_mfu: 0.00 | epoch: 1 pq: 0 rg: 26 | total time: 4.94m | eta: 0.2m
step 00578/00600 (96.33%) | loss: 4.916166 | lrm: 0.10 | dt: 516.56ms | tok/sec: 31,717 | bf16_mfu: 0.00 | epoch: 1 pq: 0 rg: 26 | total time: 4.95m | eta: 0.2m
step 00579/00600 (96.50%) | loss: 4.911042 | lrm: 0.10 | dt: 514.12ms | tok/sec: 31,867 | bf16_mfu: 0.00 | epoch: 1 pq: 0 rg: 26 | total time: 4.96m | eta: 0.2m
step 00580/00600 (96.67%) | loss: 4.917382 | lrm: 0.10 | dt: 612.12ms | tok/sec: 26,766 | bf16_mfu: 0.00 | epoch: 1 pq: 0 rg: 26 | total time: 4.97m | eta: 0.2m
step 00581/00600 (96.83%) | loss: 4.898797 | lrm: 0.10 | dt: 604.32ms | tok/sec: 27,111 | bf16_mfu: 0.00 | epoch: 1 pq: 0 rg: 26 | total time: 4.98m | eta: 0.2m
step 00582/00600 (97.00%) | loss: 4.901236 | lrm: 0.09 | dt: 521.60ms | tok/sec: 31,410 | bf16_mfu: 0.00 | epoch: 1 pq: 0 rg: 26 | total time: 4.98m | eta: 0.2m
step 00583/00600 (97.17%) | loss: 4.916545 | lrm: 0.09 | dt: 579.98ms | tok/sec: 28,249 | bf16_mfu: 0.00 | epoch: 1 pq: 0 rg: 26 | total time: 4.99m | eta: 0.1m
step 00584/00600 (97.33%) | loss: 4.924404 | lrm: 0.09 | dt: 604.28ms | tok/sec: 27,113 | bf16_mfu: 0.00 | epoch: 1 pq: 0 rg: 26 | total time: 5.00m | eta: 0.1m
step 00585/00600 (97.50%) | loss: 4.930989 | lrm: 0.09 | dt: 483.56ms | tok/sec: 33,882 | bf16_mfu: 0.00 | epoch: 1 pq: 0 rg: 26 | total time: 5.01m | eta: 0.1m
step 00586/00600 (97.67%) | loss: 4.936458 | lrm: 0.08 | dt: 521.24ms | tok/sec: 31,432 | bf16_mfu: 0.00 | epoch: 1 pq: 0 rg: 26 | total time: 5.02m | eta: 0.1m
step 00587/00600 (97.83%) | loss: 4.936726 | lrm: 0.08 | dt: 498.51ms | tok/sec: 32,865 | bf16_mfu: 0.00 | epoch: 1 pq: 0 rg: 26 | total time: 5.03m | eta: 0.1m
step 00588/00600 (98.00%) | loss: 4.944248 | lrm: 0.08 | dt: 501.39ms | tok/sec: 32,676 | bf16_mfu: 0.00 | epoch: 1 pq: 0 rg: 26 | total time: 5.04m | eta: 0.1m
step 00589/00600 (98.17%) | loss: 4.925802 | lrm: 0.08 | dt: 515.95ms | tok/sec: 31,755 | bf16_mfu: 0.00 | epoch: 1 pq: 0 rg: 26 | total time: 5.05m | eta: 0.1m
step 00590/00600 (98.33%) | loss: 4.930204 | lrm: 0.07 | dt: 529.99ms | tok/sec: 30,914 | bf16_mfu: 0.00 | epoch: 1 pq: 0 rg: 26 | total time: 5.06m | eta: 0.1m
step 00591/00600 (98.50%) | loss: 4.930271 | lrm: 0.07 | dt: 515.47ms | tok/sec: 31,784 | bf16_mfu: 0.00 | epoch: 1 pq: 0 rg: 26 | total time: 5.06m | eta: 0.1m
step 00592/00600 (98.67%) | loss: 4.947553 | lrm: 0.07 | dt: 511.74ms | tok/sec: 32,016 | bf16_mfu: 0.00 | epoch: 1 pq: 0 rg: 26 | total time: 5.07m | eta: 0.1m
step 00593/00600 (98.83%) | loss: 4.951531 | lrm: 0.07 | dt: 528.16ms | tok/sec: 31,020 | bf16_mfu: 0.00 | epoch: 1 pq: 0 rg: 26 | total time: 5.08m | eta: 0.1m
step 00594/00600 (99.00%) | loss: 4.945439 | lrm: 0.06 | dt: 659.75ms | tok/sec: 24,833 | bf16_mfu: 0.00 | epoch: 1 pq: 0 rg: 26 | total time: 5.09m | eta: 0.1m
step 00595/00600 (99.17%) | loss: 4.958034 | lrm: 0.06 | dt: 535.43ms | tok/sec: 30,599 | bf16_mfu: 0.00 | epoch: 1 pq: 0 rg: 27 | total time: 5.10m | eta: 0.0m
step 00596/00600 (99.33%) | loss: 4.942257 | lrm: 0.06 | dt: 579.17ms | tok/sec: 28,288 | bf16_mfu: 0.00 | epoch: 1 pq: 0 rg: 27 | total time: 5.11m | eta: 0.0m
step 00597/00600 (99.50%) | loss: 4.951418 | lrm: 0.06 | dt: 511.45ms | tok/sec: 32,034 | bf16_mfu: 0.00 | epoch: 1 pq: 0 rg: 27 | total time: 5.12m | eta: 0.0m
step 00598/00600 (99.67%) | loss: 4.960903 | lrm: 0.05 | dt: 549.98ms | tok/sec: 29,790 | bf16_mfu: 0.00 | epoch: 1 pq: 0 rg: 27 | total time: 5.13m | eta: 0.0m
step 00599/00600 (99.83%) | loss: 4.958751 | lrm: 0.05 | dt: 528.01ms | tok/sec: 31,029 | bf16_mfu: 0.00 | epoch: 1 pq: 0 rg: 27 | total time: 5.14m | eta: 0.0m
Step 00600 | Validation bpb: 1.530254
2026-08-24 21:21:24,167 - nanochat.checkpoint_manager - [32m[1mINFO[0m - Saved model parameters to: /Users/frankfacundo/.cache/nanochat/base_checkpoints/w2_wd-zero/model_000600.pt
2026-08-24 21:21:24,167 - nanochat.checkpoint_manager - [32m[1mINFO[0m - Saved metadata to: /Users/frankfacundo/.cache/nanochat/base_checkpoints/w2_wd-zero/meta_000600.json
2026-08-24 21:21:24,803 - nanochat.checkpoint_manager - [32m[1mINFO[0m - Saved optimizer state to: /Users/frankfacundo/.cache/nanochat/base_checkpoints/w2_wd-zero/optim_000600_rank0.pt
Peak memory usage: 11708.20MiB
Total training time: 5.14m
Minimum validation bpb: 1.530254
