
                                                       █████                █████
                                                      ░░███                ░░███
     ████████    ██████   ████████    ██████   ██████  ░███████    ██████  ███████
    ░░███░░███  ░░░░░███ ░░███░░███  ███░░███ ███░░███ ░███░░███  ░░░░░███░░░███░
     ░███ ░███   ███████  ░███ ░███ ░███ ░███░███ ░░░  ░███ ░███   ███████  ░███
     ░███ ░███  ███░░███  ░███ ░███ ░███ ░███░███  ███ ░███ ░███  ███░░███  ░███ ███
     ████ █████░░████████ ████ █████░░██████ ░░██████  ████ █████░░███████  ░░█████
    ░░░░ ░░░░░  ░░░░░░░░ ░░░░ ░░░░░  ░░░░░░   ░░░░░░  ░░░░ ░░░░░  ░░░░░░░░   ░░░░░
    
Autodetected device type: mps
2026-08-24 21:09:49,318 - nanochat.common - [32m[1mINFO[0m - Distributed world size: 1
COMPUTE_DTYPE: torch.float32 (auto-detected: no CUDA (CPU/MPS))
!!!!!!!!!!!!!!!!!!!!!!!!!!!!!!!!!!!!!!!!!!!!!!!!!!!!!!!!!!!!!!!!!!!!!!!!!!!!!!!!
WARNING: Flash Attention 3 not available, using PyTorch SDPA fallback
WARNING: Training will be less efficient without FA3
!!!!!!!!!!!!!!!!!!!!!!!!!!!!!!!!!!!!!!!!!!!!!!!!!!!!!!!!!!!!!!!!!!!!!!!!!!!!!!!!
Vocab size: 32,768
Model config:
{
  "sequence_len": 512,
  "vocab_size": 32768,
  "n_layer": 6,
  "n_head": 6,
  "n_kv_head": 6,
  "n_embd": 384,
  "window_pattern": "L",
  "tie_embeddings": false
}
Parameter counts:
wte                     : 12,582,912
value_embeds            : 37,748,736
lm_head                 : 12,582,912
transformer_matrices    : 10,617,048
scalars                 : 38
total                   : 73,531,646
Estimated FLOPs per token: 1.533557e+08
Scaling LRs by 0.1768 for batch size 16,384 (reference: 524,288)
Scaling weight decay from 0.280000 to 0.234903 for depth 6
Scaling the LR for the AdamW parameters ∝1/√(384/768) = 1.414214
Using user-provided number of iterations: 600
Total number of training tokens: 9,830,400
Tokens : Scaling params ratio: 0.42
Total training FLOPs estimate: 1.507548e+15
Tokens / micro-batch / rank: 32 x 512 = 16,384
Tokens / micro-batch: 16,384
Total batch size 16,384 => gradient accumulation steps: 1
Step 00000 | Validation bpb: 3.199714
step 00000/00600 (0.00%) | loss: 10.397530 | lrm: 0.03 | dt: 1604.87ms | tok/sec: 10,208 | bf16_mfu: 0.00 | epoch: 1 pq: 0 rg: 1 | total time: 0.00m
step 00001/00600 (0.17%) | loss: 10.395390 | lrm: 0.05 | dt: 530.08ms | tok/sec: 30,908 | bf16_mfu: 0.00 | epoch: 1 pq: 0 rg: 1 | total time: 0.00m
step 00002/00600 (0.33%) | loss: 10.391381 | lrm: 0.07 | dt: 728.99ms | tok/sec: 22,474 | bf16_mfu: 0.00 | epoch: 1 pq: 0 rg: 1 | total time: 0.00m
step 00003/00600 (0.50%) | loss: 10.385038 | lrm: 0.10 | dt: 700.00ms | tok/sec: 23,405 | bf16_mfu: 0.00 | epoch: 1 pq: 0 rg: 1 | total time: 0.00m
step 00004/00600 (0.67%) | loss: 10.376977 | lrm: 0.12 | dt: 679.87ms | tok/sec: 24,098 | bf16_mfu: 0.00 | epoch: 1 pq: 0 rg: 1 | total time: 0.00m
step 00005/00600 (0.83%) | loss: 10.366435 | lrm: 0.15 | dt: 696.60ms | tok/sec: 23,519 | bf16_mfu: 0.00 | epoch: 1 pq: 0 rg: 1 | total time: 0.00m
step 00006/00600 (1.00%) | loss: 10.350430 | lrm: 0.17 | dt: 703.53ms | tok/sec: 23,288 | bf16_mfu: 0.00 | epoch: 1 pq: 0 rg: 1 | total time: 0.00m
step 00007/00600 (1.17%) | loss: 10.330641 | lrm: 0.20 | dt: 681.84ms | tok/sec: 24,029 | bf16_mfu: 0.00 | epoch: 1 pq: 0 rg: 1 | total time: 0.00m
step 00008/00600 (1.33%) | loss: 10.302637 | lrm: 0.23 | dt: 733.90ms | tok/sec: 22,324 | bf16_mfu: 0.00 | epoch: 1 pq: 0 rg: 1 | total time: 0.00m
step 00009/00600 (1.50%) | loss: 10.263986 | lrm: 0.25 | dt: 680.21ms | tok/sec: 24,086 | bf16_mfu: 0.00 | epoch: 1 pq: 0 rg: 1 | total time: 0.00m
step 00010/00600 (1.67%) | loss: 10.210960 | lrm: 0.28 | dt: 695.70ms | tok/sec: 23,550 | bf16_mfu: 0.00 | epoch: 1 pq: 0 rg: 1 | total time: 0.00m
step 00011/00600 (1.83%) | loss: 10.138843 | lrm: 0.30 | dt: 676.91ms | tok/sec: 24,203 | bf16_mfu: 0.00 | epoch: 1 pq: 0 rg: 1 | total time: 0.01m | eta: 6.6m
step 00012/00600 (2.00%) | loss: 10.040282 | lrm: 0.33 | dt: 700.11ms | tok/sec: 23,401 | bf16_mfu: 0.00 | epoch: 1 pq: 0 rg: 1 | total time: 0.02m | eta: 6.7m
step 00013/00600 (2.17%) | loss: 9.917434 | lrm: 0.35 | dt: 675.65ms | tok/sec: 24,249 | bf16_mfu: 0.00 | epoch: 1 pq: 0 rg: 1 | total time: 0.03m | eta: 6.7m
step 00014/00600 (2.33%) | loss: 9.757330 | lrm: 0.38 | dt: 709.79ms | tok/sec: 23,082 | bf16_mfu: 0.00 | epoch: 1 pq: 0 rg: 2 | total time: 0.05m | eta: 6.7m
step 00015/00600 (2.50%) | loss: 9.571305 | lrm: 0.40 | dt: 671.72ms | tok/sec: 24,391 | bf16_mfu: 0.00 | epoch: 1 pq: 0 rg: 2 | total time: 0.06m | eta: 6.7m
step 00016/00600 (2.67%) | loss: 9.375381 | lrm: 0.42 | dt: 749.82ms | tok/sec: 21,850 | bf16_mfu: 0.00 | epoch: 1 pq: 0 rg: 2 | total time: 0.07m | eta: 6.8m
step 00017/00600 (2.83%) | loss: 9.182813 | lrm: 0.45 | dt: 708.71ms | tok/sec: 23,118 | bf16_mfu: 0.00 | epoch: 1 pq: 0 rg: 2 | total time: 0.08m | eta: 6.8m
step 00018/00600 (3.00%) | loss: 9.005713 | lrm: 0.47 | dt: 693.70ms | tok/sec: 23,618 | bf16_mfu: 0.00 | epoch: 1 pq: 0 rg: 2 | total time: 0.09m | eta: 6.8m
step 00019/00600 (3.17%) | loss: 8.854609 | lrm: 0.50 | dt: 696.63ms | tok/sec: 23,519 | bf16_mfu: 0.00 | epoch: 1 pq: 0 rg: 2 | total time: 0.10m | eta: 6.8m
step 00020/00600 (3.33%) | loss: 8.723183 | lrm: 0.53 | dt: 698.62ms | tok/sec: 23,451 | bf16_mfu: 0.00 | epoch: 1 pq: 0 rg: 2 | total time: 0.12m | eta: 6.7m
step 00021/00600 (3.50%) | loss: 8.610021 | lrm: 0.55 | dt: 538.64ms | tok/sec: 30,417 | bf16_mfu: 0.00 | epoch: 1 pq: 0 rg: 2 | total time: 0.13m | eta: 6.6m
step 00022/00600 (3.67%) | loss: 8.503150 | lrm: 0.57 | dt: 612.09ms | tok/sec: 26,767 | bf16_mfu: 0.00 | epoch: 1 pq: 0 rg: 2 | total time: 0.14m | eta: 6.5m
step 00023/00600 (3.83%) | loss: 8.394101 | lrm: 0.60 | dt: 719.04ms | tok/sec: 22,786 | bf16_mfu: 0.00 | epoch: 1 pq: 0 rg: 2 | total time: 0.15m | eta: 6.5m
step 00024/00600 (4.00%) | loss: 8.304326 | lrm: 0.62 | dt: 689.06ms | tok/sec: 23,777 | bf16_mfu: 0.00 | epoch: 1 pq: 0 rg: 2 | total time: 0.16m | eta: 6.5m
step 00025/00600 (4.17%) | loss: 8.198279 | lrm: 0.65 | dt: 709.24ms | tok/sec: 23,100 | bf16_mfu: 0.00 | epoch: 1 pq: 0 rg: 2 | total time: 0.17m | eta: 6.5m
step 00026/00600 (4.33%) | loss: 8.102027 | lrm: 0.68 | dt: 723.59ms | tok/sec: 22,642 | bf16_mfu: 0.00 | epoch: 1 pq: 0 rg: 2 | total time: 0.18m | eta: 6.6m
step 00027/00600 (4.50%) | loss: 8.005858 | lrm: 0.70 | dt: 695.09ms | tok/sec: 23,571 | bf16_mfu: 0.00 | epoch: 1 pq: 0 rg: 2 | total time: 0.19m | eta: 6.6m
step 00028/00600 (4.67%) | loss: 7.916260 | lrm: 0.72 | dt: 679.68ms | tok/sec: 24,105 | bf16_mfu: 0.00 | epoch: 1 pq: 0 rg: 2 | total time: 0.21m | eta: 6.5m
step 00029/00600 (4.83%) | loss: 7.837846 | lrm: 0.75 | dt: 716.05ms | tok/sec: 22,881 | bf16_mfu: 0.00 | epoch: 1 pq: 0 rg: 2 | total time: 0.22m | eta: 6.5m
step 00030/00600 (5.00%) | loss: 7.750481 | lrm: 0.78 | dt: 681.21ms | tok/sec: 24,051 | bf16_mfu: 0.00 | epoch: 1 pq: 0 rg: 2 | total time: 0.23m | eta: 6.5m
step 00031/00600 (5.17%) | loss: 7.661499 | lrm: 0.80 | dt: 719.28ms | tok/sec: 22,778 | bf16_mfu: 0.00 | epoch: 1 pq: 0 rg: 2 | total time: 0.24m | eta: 6.5m
step 00032/00600 (5.33%) | loss: 7.583005 | lrm: 0.82 | dt: 687.85ms | tok/sec: 23,819 | bf16_mfu: 0.00 | epoch: 1 pq: 0 rg: 2 | total time: 0.25m | eta: 6.5m
step 00033/00600 (5.50%) | loss: 7.511871 | lrm: 0.85 | dt: 706.05ms | tok/sec: 23,205 | bf16_mfu: 0.00 | epoch: 1 pq: 0 rg: 2 | total time: 0.26m | eta: 6.5m
step 00034/00600 (5.67%) | loss: 7.446719 | lrm: 0.88 | dt: 735.47ms | tok/sec: 22,277 | bf16_mfu: 0.00 | epoch: 1 pq: 0 rg: 2 | total time: 0.28m | eta: 6.5m
step 00035/00600 (5.83%) | loss: 7.390414 | lrm: 0.90 | dt: 721.56ms | tok/sec: 22,706 | bf16_mfu: 0.00 | epoch: 1 pq: 0 rg: 2 | total time: 0.29m | eta: 6.5m
step 00036/00600 (6.00%) | loss: 7.345867 | lrm: 0.93 | dt: 897.70ms | tok/sec: 18,251 | bf16_mfu: 0.00 | epoch: 1 pq: 0 rg: 2 | total time: 0.30m | eta: 6.6m
step 00037/00600 (6.17%) | loss: 7.300599 | lrm: 0.95 | dt: 970.55ms | tok/sec: 16,881 | bf16_mfu: 0.00 | epoch: 1 pq: 0 rg: 3 | total time: 0.32m | eta: 6.7m
step 00038/00600 (6.33%) | loss: 7.246417 | lrm: 0.97 | dt: 768.60ms | tok/sec: 21,316 | bf16_mfu: 0.00 | epoch: 1 pq: 0 rg: 3 | total time: 0.33m | eta: 6.7m
step 00039/00600 (6.50%) | loss: 7.190901 | lrm: 1.00 | dt: 704.50ms | tok/sec: 23,256 | bf16_mfu: 0.00 | epoch: 1 pq: 0 rg: 3 | total time: 0.34m | eta: 6.7m
step 00040/00600 (6.67%) | loss: 7.138793 | lrm: 1.00 | dt: 813.92ms | tok/sec: 20,129 | bf16_mfu: 0.00 | epoch: 1 pq: 0 rg: 3 | total time: 0.36m | eta: 6.7m
step 00041/00600 (6.83%) | loss: 7.092158 | lrm: 1.00 | dt: 725.90ms | tok/sec: 22,570 | bf16_mfu: 0.00 | epoch: 1 pq: 0 rg: 3 | total time: 0.37m | eta: 6.7m
step 00042/00600 (7.00%) | loss: 7.062192 | lrm: 1.00 | dt: 772.09ms | tok/sec: 21,220 | bf16_mfu: 0.00 | epoch: 1 pq: 0 rg: 3 | total time: 0.38m | eta: 6.7m
step 00043/00600 (7.17%) | loss: 7.014602 | lrm: 1.00 | dt: 735.40ms | tok/sec: 22,279 | bf16_mfu: 0.00 | epoch: 1 pq: 0 rg: 3 | total time: 0.40m | eta: 6.7m
step 00044/00600 (7.33%) | loss: 6.983574 | lrm: 1.00 | dt: 694.74ms | tok/sec: 23,583 | bf16_mfu: 0.00 | epoch: 1 pq: 0 rg: 3 | total time: 0.41m | eta: 6.6m
step 00045/00600 (7.50%) | loss: 6.951323 | lrm: 1.00 | dt: 711.73ms | tok/sec: 23,020 | bf16_mfu: 0.00 | epoch: 1 pq: 0 rg: 3 | total time: 0.42m | eta: 6.6m
step 00046/00600 (7.67%) | loss: 6.924441 | lrm: 1.00 | dt: 684.56ms | tok/sec: 23,933 | bf16_mfu: 0.00 | epoch: 1 pq: 0 rg: 3 | total time: 0.43m | eta: 6.6m
step 00047/00600 (7.83%) | loss: 6.897644 | lrm: 1.00 | dt: 698.36ms | tok/sec: 23,460 | bf16_mfu: 0.00 | epoch: 1 pq: 0 rg: 3 | total time: 0.44m | eta: 6.6m
step 00048/00600 (8.00%) | loss: 6.858026 | lrm: 1.00 | dt: 687.61ms | tok/sec: 23,827 | bf16_mfu: 0.00 | epoch: 1 pq: 0 rg: 3 | total time: 0.45m | eta: 6.6m
step 00049/00600 (8.17%) | loss: 6.833089 | lrm: 1.00 | dt: 773.80ms | tok/sec: 21,173 | bf16_mfu: 0.00 | epoch: 1 pq: 0 rg: 3 | total time: 0.47m | eta: 6.6m
step 00050/00600 (8.33%) | loss: 6.812474 | lrm: 1.00 | dt: 693.85ms | tok/sec: 23,613 | bf16_mfu: 0.00 | epoch: 1 pq: 0 rg: 3 | total time: 0.48m | eta: 6.6m
step 00051/00600 (8.50%) | loss: 6.806931 | lrm: 1.00 | dt: 699.64ms | tok/sec: 23,417 | bf16_mfu: 0.00 | epoch: 1 pq: 0 rg: 3 | total time: 0.49m | eta: 6.5m
step 00052/00600 (8.67%) | loss: 6.786148 | lrm: 1.00 | dt: 677.71ms | tok/sec: 24,175 | bf16_mfu: 0.00 | epoch: 1 pq: 0 rg: 3 | total time: 0.50m | eta: 6.5m
step 00053/00600 (8.83%) | loss: 6.776593 | lrm: 1.00 | dt: 688.82ms | tok/sec: 23,785 | bf16_mfu: 0.00 | epoch: 1 pq: 0 rg: 3 | total time: 0.51m | eta: 6.5m
step 00054/00600 (9.00%) | loss: 6.744906 | lrm: 1.00 | dt: 695.89ms | tok/sec: 23,544 | bf16_mfu: 0.00 | epoch: 1 pq: 0 rg: 3 | total time: 0.52m | eta: 6.5m
step 00055/00600 (9.17%) | loss: 6.723959 | lrm: 1.00 | dt: 701.56ms | tok/sec: 23,353 | bf16_mfu: 0.00 | epoch: 1 pq: 0 rg: 3 | total time: 0.54m | eta: 6.5m
step 00056/00600 (9.33%) | loss: 6.712284 | lrm: 1.00 | dt: 681.32ms | tok/sec: 24,047 | bf16_mfu: 0.00 | epoch: 1 pq: 0 rg: 3 | total time: 0.55m | eta: 6.5m
step 00057/00600 (9.50%) | loss: 6.689055 | lrm: 1.00 | dt: 726.71ms | tok/sec: 22,545 | bf16_mfu: 0.00 | epoch: 1 pq: 0 rg: 3 | total time: 0.56m | eta: 6.5m
step 00058/00600 (9.67%) | loss: 6.665030 | lrm: 1.00 | dt: 715.20ms | tok/sec: 22,908 | bf16_mfu: 0.00 | epoch: 1 pq: 0 rg: 3 | total time: 0.57m | eta: 6.4m
step 00059/00600 (9.83%) | loss: 6.637145 | lrm: 1.00 | dt: 695.71ms | tok/sec: 23,549 | bf16_mfu: 0.00 | epoch: 1 pq: 0 rg: 3 | total time: 0.58m | eta: 6.4m
step 00060/00600 (10.00%) | loss: 6.617420 | lrm: 1.00 | dt: 704.27ms | tok/sec: 23,263 | bf16_mfu: 0.00 | epoch: 1 pq: 0 rg: 4 | total time: 0.59m | eta: 6.4m
step 00061/00600 (10.17%) | loss: 6.608096 | lrm: 1.00 | dt: 684.70ms | tok/sec: 23,928 | bf16_mfu: 0.00 | epoch: 1 pq: 0 rg: 4 | total time: 0.61m | eta: 6.4m
step 00062/00600 (10.33%) | loss: 6.596074 | lrm: 1.00 | dt: 703.81ms | tok/sec: 23,279 | bf16_mfu: 0.00 | epoch: 1 pq: 0 rg: 4 | total time: 0.62m | eta: 6.4m
step 00063/00600 (10.50%) | loss: 6.555700 | lrm: 1.00 | dt: 545.23ms | tok/sec: 30,049 | bf16_mfu: 0.00 | epoch: 1 pq: 0 rg: 4 | total time: 0.63m | eta: 6.3m
step 00064/00600 (10.67%) | loss: 6.552801 | lrm: 1.00 | dt: 587.86ms | tok/sec: 27,870 | bf16_mfu: 0.00 | epoch: 1 pq: 0 rg: 4 | total time: 0.64m | eta: 6.3m
step 00065/00600 (10.83%) | loss: 6.545923 | lrm: 1.00 | dt: 721.69ms | tok/sec: 22,702 | bf16_mfu: 0.00 | epoch: 1 pq: 0 rg: 4 | total time: 0.65m | eta: 6.3m
step 00066/00600 (11.00%) | loss: 6.529062 | lrm: 1.00 | dt: 683.75ms | tok/sec: 23,961 | bf16_mfu: 0.00 | epoch: 1 pq: 0 rg: 4 | total time: 0.66m | eta: 6.3m
step 00067/00600 (11.17%) | loss: 6.517112 | lrm: 1.00 | dt: 715.25ms | tok/sec: 22,906 | bf16_mfu: 0.00 | epoch: 1 pq: 0 rg: 4 | total time: 0.67m | eta: 6.3m
step 00068/00600 (11.33%) | loss: 6.516041 | lrm: 1.00 | dt: 674.23ms | tok/sec: 24,300 | bf16_mfu: 0.00 | epoch: 1 pq: 0 rg: 4 | total time: 0.68m | eta: 6.3m
step 00069/00600 (11.50%) | loss: 6.503618 | lrm: 1.00 | dt: 715.38ms | tok/sec: 22,902 | bf16_mfu: 0.00 | epoch: 1 pq: 0 rg: 4 | total time: 0.69m | eta: 6.3m
step 00070/00600 (11.67%) | loss: 6.500109 | lrm: 1.00 | dt: 768.92ms | tok/sec: 21,307 | bf16_mfu: 0.00 | epoch: 1 pq: 0 rg: 4 | total time: 0.71m | eta: 6.2m
step 00071/00600 (11.83%) | loss: 6.491380 | lrm: 1.00 | dt: 756.36ms | tok/sec: 21,661 | bf16_mfu: 0.00 | epoch: 1 pq: 0 rg: 4 | total time: 0.72m | eta: 6.2m
step 00072/00600 (12.00%) | loss: 6.482959 | lrm: 1.00 | dt: 741.77ms | tok/sec: 22,087 | bf16_mfu: 0.00 | epoch: 1 pq: 0 rg: 4 | total time: 0.73m | eta: 6.2m
step 00073/00600 (12.17%) | loss: 6.464237 | lrm: 1.00 | dt: 717.42ms | tok/sec: 22,837 | bf16_mfu: 0.00 | epoch: 1 pq: 0 rg: 4 | total time: 0.74m | eta: 6.2m
step 00074/00600 (12.33%) | loss: 6.436717 | lrm: 1.00 | dt: 729.92ms | tok/sec: 22,446 | bf16_mfu: 0.00 | epoch: 1 pq: 0 rg: 4 | total time: 0.76m | eta: 6.2m
step 00075/00600 (12.50%) | loss: 6.418525 | lrm: 1.00 | dt: 717.77ms | tok/sec: 22,826 | bf16_mfu: 0.00 | epoch: 1 pq: 0 rg: 4 | total time: 0.77m | eta: 6.2m
step 00076/00600 (12.67%) | loss: 6.419119 | lrm: 1.00 | dt: 704.81ms | tok/sec: 23,246 | bf16_mfu: 0.00 | epoch: 1 pq: 0 rg: 4 | total time: 0.78m | eta: 6.2m
step 00077/00600 (12.83%) | loss: 6.399943 | lrm: 1.00 | dt: 753.62ms | tok/sec: 21,740 | bf16_mfu: 0.00 | epoch: 1 pq: 0 rg: 4 | total time: 0.79m | eta: 6.2m
step 00078/00600 (13.00%) | loss: 6.390666 | lrm: 1.00 | dt: 709.86ms | tok/sec: 23,080 | bf16_mfu: 0.00 | epoch: 1 pq: 0 rg: 4 | total time: 0.80m | eta: 6.2m
step 00079/00600 (13.17%) | loss: 6.386379 | lrm: 1.00 | dt: 701.82ms | tok/sec: 23,345 | bf16_mfu: 0.00 | epoch: 1 pq: 0 rg: 4 | total time: 0.82m | eta: 6.2m
step 00080/00600 (13.33%) | loss: 6.379022 | lrm: 1.00 | dt: 733.71ms | tok/sec: 22,330 | bf16_mfu: 0.00 | epoch: 1 pq: 0 rg: 4 | total time: 0.83m | eta: 6.2m
step 00081/00600 (13.50%) | loss: 6.373240 | lrm: 1.00 | dt: 745.62ms | tok/sec: 21,973 | bf16_mfu: 0.00 | epoch: 1 pq: 0 rg: 4 | total time: 0.84m | eta: 6.1m
step 00082/00600 (13.67%) | loss: 6.374254 | lrm: 1.00 | dt: 719.44ms | tok/sec: 22,773 | bf16_mfu: 0.00 | epoch: 1 pq: 0 rg: 4 | total time: 0.85m | eta: 6.1m
step 00083/00600 (13.83%) | loss: 6.361271 | lrm: 1.00 | dt: 741.78ms | tok/sec: 22,087 | bf16_mfu: 0.00 | epoch: 1 pq: 0 rg: 5 | total time: 0.87m | eta: 6.1m
step 00084/00600 (14.00%) | loss: 6.348763 | lrm: 1.00 | dt: 683.69ms | tok/sec: 23,964 | bf16_mfu: 0.00 | epoch: 1 pq: 0 rg: 5 | total time: 0.88m | eta: 6.1m
step 00085/00600 (14.17%) | loss: 6.337518 | lrm: 1.00 | dt: 668.07ms | tok/sec: 24,524 | bf16_mfu: 0.00 | epoch: 1 pq: 0 rg: 5 | total time: 0.89m | eta: 6.1m
step 00086/00600 (14.33%) | loss: 6.320546 | lrm: 1.00 | dt: 701.07ms | tok/sec: 23,370 | bf16_mfu: 0.00 | epoch: 1 pq: 0 rg: 5 | total time: 0.90m | eta: 6.1m
step 00087/00600 (14.50%) | loss: 6.300473 | lrm: 1.00 | dt: 691.40ms | tok/sec: 23,696 | bf16_mfu: 0.00 | epoch: 1 pq: 0 rg: 5 | total time: 0.91m | eta: 6.1m
step 00088/00600 (14.67%) | loss: 6.287127 | lrm: 1.00 | dt: 729.06ms | tok/sec: 22,472 | bf16_mfu: 0.00 | epoch: 1 pq: 0 rg: 5 | total time: 0.92m | eta: 6.1m
step 00089/00600 (14.83%) | loss: 6.274614 | lrm: 1.00 | dt: 730.93ms | tok/sec: 22,415 | bf16_mfu: 0.00 | epoch: 1 pq: 0 rg: 5 | total time: 0.94m | eta: 6.0m
step 00090/00600 (15.00%) | loss: 6.276440 | lrm: 1.00 | dt: 810.06ms | tok/sec: 20,225 | bf16_mfu: 0.00 | epoch: 1 pq: 0 rg: 5 | total time: 0.95m | eta: 6.0m
step 00091/00600 (15.17%) | loss: 6.275821 | lrm: 1.00 | dt: 922.78ms | tok/sec: 17,755 | bf16_mfu: 0.00 | epoch: 1 pq: 0 rg: 5 | total time: 0.96m | eta: 6.1m
step 00092/00600 (15.33%) | loss: 6.267717 | lrm: 1.00 | dt: 814.65ms | tok/sec: 20,111 | bf16_mfu: 0.00 | epoch: 1 pq: 0 rg: 5 | total time: 0.98m | eta: 6.1m
step 00093/00600 (15.50%) | loss: 6.252818 | lrm: 1.00 | dt: 1015.73ms | tok/sec: 16,130 | bf16_mfu: 0.00 | epoch: 1 pq: 0 rg: 5 | total time: 0.99m | eta: 6.1m
step 00094/00600 (15.67%) | loss: 6.243942 | lrm: 1.00 | dt: 878.90ms | tok/sec: 18,641 | bf16_mfu: 0.00 | epoch: 1 pq: 0 rg: 5 | total time: 1.01m | eta: 6.1m
step 00095/00600 (15.83%) | loss: 6.244378 | lrm: 1.00 | dt: 1019.53ms | tok/sec: 16,070 | bf16_mfu: 0.00 | epoch: 1 pq: 0 rg: 5 | total time: 1.03m | eta: 6.1m
step 00096/00600 (16.00%) | loss: 6.232209 | lrm: 1.00 | dt: 965.18ms | tok/sec: 16,975 | bf16_mfu: 0.00 | epoch: 1 pq: 0 rg: 5 | total time: 1.04m | eta: 6.1m
step 00097/00600 (16.17%) | loss: 6.228646 | lrm: 1.00 | dt: 832.63ms | tok/sec: 19,677 | bf16_mfu: 0.00 | epoch: 1 pq: 0 rg: 5 | total time: 1.06m | eta: 6.1m
step 00098/00600 (16.33%) | loss: 6.233668 | lrm: 1.00 | dt: 749.82ms | tok/sec: 21,850 | bf16_mfu: 0.00 | epoch: 1 pq: 0 rg: 5 | total time: 1.07m | eta: 6.1m
step 00099/00600 (16.50%) | loss: 6.218818 | lrm: 1.00 | dt: 687.82ms | tok/sec: 23,820 | bf16_mfu: 0.00 | epoch: 1 pq: 0 rg: 5 | total time: 1.08m | eta: 6.1m
Step 00100 | Validation bpb: 1.905630
step 00100/00600 (16.67%) | loss: 6.213700 | lrm: 1.00 | dt: 551.56ms | tok/sec: 29,705 | bf16_mfu: 0.00 | epoch: 1 pq: 0 rg: 5 | total time: 1.09m | eta: 6.1m
step 00101/00600 (16.83%) | loss: 6.226439 | lrm: 1.00 | dt: 554.60ms | tok/sec: 29,542 | bf16_mfu: 0.00 | epoch: 1 pq: 0 rg: 5 | total time: 1.10m | eta: 6.0m
step 00102/00600 (17.00%) | loss: 6.231886 | lrm: 1.00 | dt: 718.99ms | tok/sec: 22,787 | bf16_mfu: 0.00 | epoch: 1 pq: 0 rg: 5 | total time: 1.11m | eta: 6.0m
step 00103/00600 (17.17%) | loss: 6.215274 | lrm: 1.00 | dt: 723.83ms | tok/sec: 22,635 | bf16_mfu: 0.00 | epoch: 1 pq: 0 rg: 5 | total time: 1.12m | eta: 6.0m
step 00104/00600 (17.33%) | loss: 6.214224 | lrm: 1.00 | dt: 707.40ms | tok/sec: 23,160 | bf16_mfu: 0.00 | epoch: 1 pq: 0 rg: 5 | total time: 1.13m | eta: 6.0m
step 00105/00600 (17.50%) | loss: 6.201958 | lrm: 1.00 | dt: 656.46ms | tok/sec: 24,958 | bf16_mfu: 0.00 | epoch: 1 pq: 0 rg: 5 | total time: 1.15m | eta: 6.0m
step 00106/00600 (17.67%) | loss: 6.175325 | lrm: 1.00 | dt: 666.85ms | tok/sec: 24,569 | bf16_mfu: 0.00 | epoch: 1 pq: 0 rg: 5 | total time: 1.16m | eta: 6.0m
step 00107/00600 (17.83%) | loss: 6.171072 | lrm: 1.00 | dt: 734.42ms | tok/sec: 22,308 | bf16_mfu: 0.00 | epoch: 1 pq: 0 rg: 6 | total time: 1.17m | eta: 5.9m
step 00108/00600 (18.00%) | loss: 6.163924 | lrm: 1.00 | dt: 743.95ms | tok/sec: 22,022 | bf16_mfu: 0.00 | epoch: 1 pq: 0 rg: 6 | total time: 1.18m | eta: 5.9m
step 00109/00600 (18.17%) | loss: 6.152473 | lrm: 1.00 | dt: 652.07ms | tok/sec: 25,126 | bf16_mfu: 0.00 | epoch: 1 pq: 0 rg: 6 | total time: 1.19m | eta: 5.9m
step 00110/00600 (18.33%) | loss: 6.152243 | lrm: 1.00 | dt: 673.76ms | tok/sec: 24,317 | bf16_mfu: 0.00 | epoch: 1 pq: 0 rg: 6 | total time: 1.20m | eta: 5.9m
step 00111/00600 (18.50%) | loss: 6.140992 | lrm: 1.00 | dt: 628.13ms | tok/sec: 26,083 | bf16_mfu: 0.00 | epoch: 1 pq: 0 rg: 6 | total time: 1.21m | eta: 5.9m
step 00112/00600 (18.67%) | loss: 6.119804 | lrm: 1.00 | dt: 667.38ms | tok/sec: 24,549 | bf16_mfu: 0.00 | epoch: 1 pq: 0 rg: 6 | total time: 1.22m | eta: 5.9m
step 00113/00600 (18.83%) | loss: 6.116762 | lrm: 1.00 | dt: 706.91ms | tok/sec: 23,176 | bf16_mfu: 0.00 | epoch: 1 pq: 0 rg: 6 | total time: 1.24m | eta: 5.8m
step 00114/00600 (19.00%) | loss: 6.098466 | lrm: 1.00 | dt: 811.11ms | tok/sec: 20,199 | bf16_mfu: 0.00 | epoch: 1 pq: 0 rg: 6 | total time: 1.25m | eta: 5.8m
step 00115/00600 (19.17%) | loss: 6.087811 | lrm: 1.00 | dt: 825.87ms | tok/sec: 19,838 | bf16_mfu: 0.00 | epoch: 1 pq: 0 rg: 6 | total time: 1.26m | eta: 5.8m
step 00116/00600 (19.33%) | loss: 6.083474 | lrm: 1.00 | dt: 860.63ms | tok/sec: 19,037 | bf16_mfu: 0.00 | epoch: 1 pq: 0 rg: 6 | total time: 1.28m | eta: 5.8m
step 00117/00600 (19.50%) | loss: 6.076870 | lrm: 1.00 | dt: 817.42ms | tok/sec: 20,043 | bf16_mfu: 0.00 | epoch: 1 pq: 0 rg: 6 | total time: 1.29m | eta: 5.8m
step 00118/00600 (19.67%) | loss: 6.063023 | lrm: 1.00 | dt: 780.00ms | tok/sec: 21,005 | bf16_mfu: 0.00 | epoch: 1 pq: 0 rg: 6 | total time: 1.30m | eta: 5.8m
step 00119/00600 (19.83%) | loss: 6.045218 | lrm: 1.00 | dt: 748.87ms | tok/sec: 21,878 | bf16_mfu: 0.00 | epoch: 1 pq: 0 rg: 6 | total time: 1.32m | eta: 5.8m
step 00120/00600 (20.00%) | loss: 6.039877 | lrm: 1.00 | dt: 729.66ms | tok/sec: 22,454 | bf16_mfu: 0.00 | epoch: 1 pq: 0 rg: 6 | total time: 1.33m | eta: 5.8m
step 00121/00600 (20.17%) | loss: 6.031794 | lrm: 1.00 | dt: 680.75ms | tok/sec: 24,067 | bf16_mfu: 0.00 | epoch: 1 pq: 0 rg: 6 | total time: 1.34m | eta: 5.8m
step 00122/00600 (20.33%) | loss: 6.017803 | lrm: 1.00 | dt: 823.09ms | tok/sec: 19,905 | bf16_mfu: 0.00 | epoch: 1 pq: 0 rg: 6 | total time: 1.35m | eta: 5.8m
step 00123/00600 (20.50%) | loss: 6.013163 | lrm: 1.00 | dt: 754.41ms | tok/sec: 21,717 | bf16_mfu: 0.00 | epoch: 1 pq: 0 rg: 6 | total time: 1.37m | eta: 5.8m
step 00124/00600 (20.67%) | loss: 6.008182 | lrm: 1.00 | dt: 685.44ms | tok/sec: 23,902 | bf16_mfu: 0.00 | epoch: 1 pq: 0 rg: 6 | total time: 1.38m | eta: 5.8m
step 00125/00600 (20.83%) | loss: 5.998562 | lrm: 1.00 | dt: 759.49ms | tok/sec: 21,572 | bf16_mfu: 0.00 | epoch: 1 pq: 0 rg: 6 | total time: 1.39m | eta: 5.7m
step 00126/00600 (21.00%) | loss: 6.005172 | lrm: 1.00 | dt: 677.30ms | tok/sec: 24,190 | bf16_mfu: 0.00 | epoch: 1 pq: 0 rg: 6 | total time: 1.40m | eta: 5.7m
step 00127/00600 (21.17%) | loss: 6.004002 | lrm: 1.00 | dt: 677.46ms | tok/sec: 24,184 | bf16_mfu: 0.00 | epoch: 1 pq: 0 rg: 6 | total time: 1.41m | eta: 5.7m
step 00128/00600 (21.33%) | loss: 5.998986 | lrm: 1.00 | dt: 801.49ms | tok/sec: 20,441 | bf16_mfu: 0.00 | epoch: 1 pq: 0 rg: 6 | total time: 1.43m | eta: 5.7m
step 00129/00600 (21.50%) | loss: 6.008311 | lrm: 1.00 | dt: 769.41ms | tok/sec: 21,294 | bf16_mfu: 0.00 | epoch: 1 pq: 0 rg: 6 | total time: 1.44m | eta: 5.7m
step 00130/00600 (21.67%) | loss: 6.002141 | lrm: 1.00 | dt: 678.56ms | tok/sec: 24,145 | bf16_mfu: 0.00 | epoch: 1 pq: 0 rg: 7 | total time: 1.45m | eta: 5.7m
step 00131/00600 (21.83%) | loss: 6.010276 | lrm: 1.00 | dt: 724.61ms | tok/sec: 22,610 | bf16_mfu: 0.00 | epoch: 1 pq: 0 rg: 7 | total time: 1.46m | eta: 5.7m
step 00132/00600 (22.00%) | loss: 6.018569 | lrm: 1.00 | dt: 692.42ms | tok/sec: 23,661 | bf16_mfu: 0.00 | epoch: 1 pq: 0 rg: 7 | total time: 1.47m | eta: 5.7m
step 00133/00600 (22.17%) | loss: 6.014149 | lrm: 1.00 | dt: 684.58ms | tok/sec: 23,932 | bf16_mfu: 0.00 | epoch: 1 pq: 0 rg: 7 | total time: 1.49m | eta: 5.6m
step 00134/00600 (22.33%) | loss: 5.989999 | lrm: 1.00 | dt: 597.46ms | tok/sec: 27,422 | bf16_mfu: 0.00 | epoch: 1 pq: 0 rg: 7 | total time: 1.50m | eta: 5.6m
step 00135/00600 (22.50%) | loss: 5.974366 | lrm: 1.00 | dt: 687.68ms | tok/sec: 23,824 | bf16_mfu: 0.00 | epoch: 1 pq: 0 rg: 7 | total time: 1.51m | eta: 5.6m
step 00136/00600 (22.67%) | loss: 5.974763 | lrm: 1.00 | dt: 662.28ms | tok/sec: 24,738 | bf16_mfu: 0.00 | epoch: 1 pq: 0 rg: 7 | total time: 1.52m | eta: 5.6m
step 00137/00600 (22.83%) | loss: 5.976395 | lrm: 1.00 | dt: 619.82ms | tok/sec: 26,433 | bf16_mfu: 0.00 | epoch: 1 pq: 0 rg: 7 | total time: 1.53m | eta: 5.6m
step 00138/00600 (23.00%) | loss: 5.968650 | lrm: 1.00 | dt: 615.94ms | tok/sec: 26,600 | bf16_mfu: 0.00 | epoch: 1 pq: 0 rg: 7 | total time: 1.54m | eta: 5.6m
step 00139/00600 (23.17%) | loss: 5.955770 | lrm: 1.00 | dt: 614.42ms | tok/sec: 26,665 | bf16_mfu: 0.00 | epoch: 1 pq: 0 rg: 7 | total time: 1.55m | eta: 5.5m
step 00140/00600 (23.33%) | loss: 5.954337 | lrm: 1.00 | dt: 601.44ms | tok/sec: 27,241 | bf16_mfu: 0.00 | epoch: 1 pq: 0 rg: 7 | total time: 1.56m | eta: 5.5m
step 00141/00600 (23.50%) | loss: 5.930349 | lrm: 1.00 | dt: 592.95ms | tok/sec: 27,631 | bf16_mfu: 0.00 | epoch: 1 pq: 0 rg: 7 | total time: 1.57m | eta: 5.5m
step 00142/00600 (23.67%) | loss: 5.916799 | lrm: 1.00 | dt: 601.27ms | tok/sec: 27,248 | bf16_mfu: 0.00 | epoch: 1 pq: 0 rg: 7 | total time: 1.58m | eta: 5.5m
step 00143/00600 (23.83%) | loss: 5.908238 | lrm: 1.00 | dt: 464.56ms | tok/sec: 35,267 | bf16_mfu: 0.00 | epoch: 1 pq: 0 rg: 7 | total time: 1.59m | eta: 5.5m
step 00144/00600 (24.00%) | loss: 5.887149 | lrm: 1.00 | dt: 521.77ms | tok/sec: 31,400 | bf16_mfu: 0.00 | epoch: 1 pq: 0 rg: 7 | total time: 1.60m | eta: 5.4m
step 00145/00600 (24.17%) | loss: 5.897204 | lrm: 1.00 | dt: 536.29ms | tok/sec: 30,550 | bf16_mfu: 0.00 | epoch: 1 pq: 0 rg: 7 | total time: 1.60m | eta: 5.4m
step 00146/00600 (24.33%) | loss: 5.892230 | lrm: 1.00 | dt: 533.37ms | tok/sec: 30,717 | bf16_mfu: 0.00 | epoch: 1 pq: 0 rg: 7 | total time: 1.61m | eta: 5.4m
step 00147/00600 (24.50%) | loss: 5.886546 | lrm: 1.00 | dt: 513.12ms | tok/sec: 31,929 | bf16_mfu: 0.00 | epoch: 1 pq: 0 rg: 7 | total time: 1.62m | eta: 5.4m
step 00148/00600 (24.67%) | loss: 5.878295 | lrm: 1.00 | dt: 508.13ms | tok/sec: 32,243 | bf16_mfu: 0.00 | epoch: 1 pq: 0 rg: 7 | total time: 1.63m | eta: 5.3m
step 00149/00600 (24.83%) | loss: 5.882328 | lrm: 1.00 | dt: 538.24ms | tok/sec: 30,440 | bf16_mfu: 0.00 | epoch: 1 pq: 0 rg: 7 | total time: 1.64m | eta: 5.3m
step 00150/00600 (25.00%) | loss: 5.874683 | lrm: 1.00 | dt: 514.96ms | tok/sec: 31,815 | bf16_mfu: 0.00 | epoch: 1 pq: 0 rg: 7 | total time: 1.65m | eta: 5.3m
step 00151/00600 (25.17%) | loss: 5.868824 | lrm: 1.00 | dt: 507.11ms | tok/sec: 32,308 | bf16_mfu: 0.00 | epoch: 1 pq: 0 rg: 7 | total time: 1.66m | eta: 5.3m
step 00152/00600 (25.33%) | loss: 5.845171 | lrm: 1.00 | dt: 521.23ms | tok/sec: 31,433 | bf16_mfu: 0.00 | epoch: 1 pq: 0 rg: 7 | total time: 1.67m | eta: 5.3m
step 00153/00600 (25.50%) | loss: 5.836900 | lrm: 1.00 | dt: 504.28ms | tok/sec: 32,489 | bf16_mfu: 0.00 | epoch: 1 pq: 0 rg: 7 | total time: 1.67m | eta: 5.2m
step 00154/00600 (25.67%) | loss: 5.816903 | lrm: 1.00 | dt: 516.65ms | tok/sec: 31,711 | bf16_mfu: 0.00 | epoch: 1 pq: 0 rg: 8 | total time: 1.68m | eta: 5.2m
step 00155/00600 (25.83%) | loss: 5.807302 | lrm: 1.00 | dt: 517.55ms | tok/sec: 31,656 | bf16_mfu: 0.00 | epoch: 1 pq: 0 rg: 8 | total time: 1.69m | eta: 5.2m
step 00156/00600 (26.00%) | loss: 5.782697 | lrm: 1.00 | dt: 517.46ms | tok/sec: 31,662 | bf16_mfu: 0.00 | epoch: 1 pq: 0 rg: 8 | total time: 1.70m | eta: 5.2m
step 00157/00600 (26.17%) | loss: 5.788520 | lrm: 1.00 | dt: 506.06ms | tok/sec: 32,375 | bf16_mfu: 0.00 | epoch: 1 pq: 0 rg: 8 | total time: 1.71m | eta: 5.1m
step 00158/00600 (26.33%) | loss: 5.784870 | lrm: 1.00 | dt: 530.91ms | tok/sec: 30,860 | bf16_mfu: 0.00 | epoch: 1 pq: 0 rg: 8 | total time: 1.72m | eta: 5.1m
step 00159/00600 (26.50%) | loss: 5.773368 | lrm: 1.00 | dt: 500.42ms | tok/sec: 32,740 | bf16_mfu: 0.00 | epoch: 1 pq: 0 rg: 8 | total time: 1.73m | eta: 5.1m
step 00160/00600 (26.67%) | loss: 5.761183 | lrm: 1.00 | dt: 518.36ms | tok/sec: 31,607 | bf16_mfu: 0.00 | epoch: 1 pq: 0 rg: 8 | total time: 1.73m | eta: 5.1m
step 00161/00600 (26.83%) | loss: 5.760736 | lrm: 1.00 | dt: 523.77ms | tok/sec: 31,281 | bf16_mfu: 0.00 | epoch: 1 pq: 0 rg: 8 | total time: 1.74m | eta: 5.1m
step 00162/00600 (27.00%) | loss: 5.755789 | lrm: 1.00 | dt: 516.85ms | tok/sec: 31,699 | bf16_mfu: 0.00 | epoch: 1 pq: 0 rg: 8 | total time: 1.75m | eta: 5.0m
step 00163/00600 (27.17%) | loss: 5.779951 | lrm: 1.00 | dt: 521.48ms | tok/sec: 31,418 | bf16_mfu: 0.00 | epoch: 1 pq: 0 rg: 8 | total time: 1.76m | eta: 5.0m
step 00164/00600 (27.33%) | loss: 5.760219 | lrm: 1.00 | dt: 521.37ms | tok/sec: 31,424 | bf16_mfu: 0.00 | epoch: 1 pq: 0 rg: 8 | total time: 1.77m | eta: 5.0m
step 00165/00600 (27.50%) | loss: 5.749382 | lrm: 1.00 | dt: 519.79ms | tok/sec: 31,520 | bf16_mfu: 0.00 | epoch: 1 pq: 0 rg: 8 | total time: 1.78m | eta: 5.0m
step 00166/00600 (27.67%) | loss: 5.748652 | lrm: 1.00 | dt: 503.59ms | tok/sec: 32,534 | bf16_mfu: 0.00 | epoch: 1 pq: 0 rg: 8 | total time: 1.79m | eta: 5.0m
step 00167/00600 (27.83%) | loss: 5.728889 | lrm: 1.00 | dt: 517.89ms | tok/sec: 31,636 | bf16_mfu: 0.00 | epoch: 1 pq: 0 rg: 8 | total time: 1.79m | eta: 4.9m
step 00168/00600 (28.00%) | loss: 5.724666 | lrm: 1.00 | dt: 506.04ms | tok/sec: 32,376 | bf16_mfu: 0.00 | epoch: 1 pq: 0 rg: 8 | total time: 1.80m | eta: 4.9m
step 00169/00600 (28.17%) | loss: 5.722593 | lrm: 1.00 | dt: 627.23ms | tok/sec: 26,121 | bf16_mfu: 0.00 | epoch: 1 pq: 0 rg: 8 | total time: 1.81m | eta: 4.9m
step 00170/00600 (28.33%) | loss: 5.736224 | lrm: 1.00 | dt: 586.21ms | tok/sec: 27,948 | bf16_mfu: 0.00 | epoch: 1 pq: 0 rg: 8 | total time: 1.82m | eta: 4.9m
step 00171/00600 (28.50%) | loss: 5.732475 | lrm: 1.00 | dt: 592.81ms | tok/sec: 27,637 | bf16_mfu: 0.00 | epoch: 1 pq: 0 rg: 8 | total time: 1.83m | eta: 4.9m
step 00172/00600 (28.67%) | loss: 5.734351 | lrm: 1.00 | dt: 553.49ms | tok/sec: 29,601 | bf16_mfu: 0.00 | epoch: 1 pq: 0 rg: 8 | total time: 1.84m | eta: 4.9m
step 00173/00600 (28.83%) | loss: 5.724310 | lrm: 1.00 | dt: 520.03ms | tok/sec: 31,505 | bf16_mfu: 0.00 | epoch: 1 pq: 0 rg: 8 | total time: 1.85m | eta: 4.8m
step 00174/00600 (29.00%) | loss: 5.719258 | lrm: 1.00 | dt: 534.00ms | tok/sec: 30,681 | bf16_mfu: 0.00 | epoch: 1 pq: 0 rg: 8 | total time: 1.86m | eta: 4.8m
step 00175/00600 (29.17%) | loss: 5.716696 | lrm: 1.00 | dt: 520.84ms | tok/sec: 31,456 | bf16_mfu: 0.00 | epoch: 1 pq: 0 rg: 8 | total time: 1.87m | eta: 4.8m
step 00176/00600 (29.33%) | loss: 5.709368 | lrm: 1.00 | dt: 543.02ms | tok/sec: 30,172 | bf16_mfu: 0.00 | epoch: 1 pq: 0 rg: 8 | total time: 1.88m | eta: 4.8m
step 00177/00600 (29.50%) | loss: 5.707657 | lrm: 1.00 | dt: 527.87ms | tok/sec: 31,037 | bf16_mfu: 0.00 | epoch: 1 pq: 0 rg: 9 | total time: 1.89m | eta: 4.8m
step 00178/00600 (29.67%) | loss: 5.714097 | lrm: 1.00 | dt: 537.24ms | tok/sec: 30,496 | bf16_mfu: 0.00 | epoch: 1 pq: 0 rg: 9 | total time: 1.90m | eta: 4.8m
step 00179/00600 (29.83%) | loss: 5.701115 | lrm: 1.00 | dt: 533.32ms | tok/sec: 30,721 | bf16_mfu: 0.00 | epoch: 1 pq: 0 rg: 9 | total time: 1.90m | eta: 4.7m
step 00180/00600 (30.00%) | loss: 5.701843 | lrm: 1.00 | dt: 539.18ms | tok/sec: 30,386 | bf16_mfu: 0.00 | epoch: 1 pq: 0 rg: 9 | total time: 1.91m | eta: 4.7m
step 00181/00600 (30.17%) | loss: 5.703037 | lrm: 1.00 | dt: 533.40ms | tok/sec: 30,715 | bf16_mfu: 0.00 | epoch: 1 pq: 0 rg: 9 | total time: 1.92m | eta: 4.7m
step 00182/00600 (30.33%) | loss: 5.685176 | lrm: 1.00 | dt: 542.15ms | tok/sec: 30,220 | bf16_mfu: 0.00 | epoch: 1 pq: 0 rg: 9 | total time: 1.93m | eta: 4.7m
step 00183/00600 (30.50%) | loss: 5.688796 | lrm: 1.00 | dt: 550.37ms | tok/sec: 29,768 | bf16_mfu: 0.00 | epoch: 1 pq: 0 rg: 9 | total time: 1.94m | eta: 4.7m
step 00184/00600 (30.67%) | loss: 5.683256 | lrm: 1.00 | dt: 498.64ms | tok/sec: 32,857 | bf16_mfu: 0.00 | epoch: 1 pq: 0 rg: 9 | total time: 1.95m | eta: 4.7m
step 00185/00600 (30.83%) | loss: 5.676377 | lrm: 1.00 | dt: 536.90ms | tok/sec: 30,516 | bf16_mfu: 0.00 | epoch: 1 pq: 0 rg: 9 | total time: 1.96m | eta: 4.6m
step 00186/00600 (31.00%) | loss: 5.664094 | lrm: 1.00 | dt: 524.30ms | tok/sec: 31,249 | bf16_mfu: 0.00 | epoch: 1 pq: 0 rg: 9 | total time: 1.97m | eta: 4.6m
step 00187/00600 (31.17%) | loss: 5.650308 | lrm: 1.00 | dt: 529.62ms | tok/sec: 30,935 | bf16_mfu: 0.00 | epoch: 1 pq: 0 rg: 9 | total time: 1.98m | eta: 4.6m
step 00188/00600 (31.33%) | loss: 5.638194 | lrm: 1.00 | dt: 545.61ms | tok/sec: 30,028 | bf16_mfu: 0.00 | epoch: 1 pq: 0 rg: 9 | total time: 1.98m | eta: 4.6m
step 00189/00600 (31.50%) | loss: 5.644742 | lrm: 1.00 | dt: 520.70ms | tok/sec: 31,465 | bf16_mfu: 0.00 | epoch: 1 pq: 0 rg: 9 | total time: 1.99m | eta: 4.6m
step 00190/00600 (31.67%) | loss: 5.623849 | lrm: 1.00 | dt: 523.12ms | tok/sec: 31,319 | bf16_mfu: 0.00 | epoch: 1 pq: 0 rg: 9 | total time: 2.00m | eta: 4.6m
step 00191/00600 (31.83%) | loss: 5.627352 | lrm: 1.00 | dt: 525.26ms | tok/sec: 31,191 | bf16_mfu: 0.00 | epoch: 1 pq: 0 rg: 9 | total time: 2.01m | eta: 4.5m
step 00192/00600 (32.00%) | loss: 5.621436 | lrm: 1.00 | dt: 527.02ms | tok/sec: 31,087 | bf16_mfu: 0.00 | epoch: 1 pq: 0 rg: 9 | total time: 2.02m | eta: 4.5m
step 00193/00600 (32.17%) | loss: 5.606197 | lrm: 1.00 | dt: 530.03ms | tok/sec: 30,911 | bf16_mfu: 0.00 | epoch: 1 pq: 0 rg: 9 | total time: 2.03m | eta: 4.5m
step 00194/00600 (32.33%) | loss: 5.600279 | lrm: 1.00 | dt: 530.65ms | tok/sec: 30,875 | bf16_mfu: 0.00 | epoch: 1 pq: 0 rg: 9 | total time: 2.04m | eta: 4.5m
step 00195/00600 (32.50%) | loss: 5.605198 | lrm: 1.00 | dt: 547.13ms | tok/sec: 29,945 | bf16_mfu: 0.00 | epoch: 1 pq: 0 rg: 9 | total time: 2.05m | eta: 4.5m
step 00196/00600 (32.67%) | loss: 5.596129 | lrm: 1.00 | dt: 522.80ms | tok/sec: 31,338 | bf16_mfu: 0.00 | epoch: 1 pq: 0 rg: 9 | total time: 2.05m | eta: 4.5m
step 00197/00600 (32.83%) | loss: 5.588212 | lrm: 1.00 | dt: 591.22ms | tok/sec: 27,712 | bf16_mfu: 0.00 | epoch: 1 pq: 0 rg: 9 | total time: 2.06m | eta: 4.4m
step 00198/00600 (33.00%) | loss: 5.580895 | lrm: 1.00 | dt: 636.89ms | tok/sec: 25,725 | bf16_mfu: 0.00 | epoch: 1 pq: 0 rg: 9 | total time: 2.08m | eta: 4.4m
step 00199/00600 (33.17%) | loss: 5.572593 | lrm: 1.00 | dt: 518.53ms | tok/sec: 31,597 | bf16_mfu: 0.00 | epoch: 1 pq: 0 rg: 9 | total time: 2.08m | eta: 4.4m
Step 00200 | Validation bpb: 1.724902
step 00200/00600 (33.33%) | loss: 5.575206 | lrm: 1.00 | dt: 545.40ms | tok/sec: 30,040 | bf16_mfu: 0.00 | epoch: 1 pq: 0 rg: 10 | total time: 2.09m | eta: 4.4m
step 00201/00600 (33.50%) | loss: 5.570647 | lrm: 1.00 | dt: 522.74ms | tok/sec: 31,342 | bf16_mfu: 0.00 | epoch: 1 pq: 0 rg: 10 | total time: 2.10m | eta: 4.4m
step 00202/00600 (33.67%) | loss: 5.568786 | lrm: 1.00 | dt: 517.80ms | tok/sec: 31,641 | bf16_mfu: 0.00 | epoch: 1 pq: 0 rg: 10 | total time: 2.11m | eta: 4.4m
step 00203/00600 (33.83%) | loss: 5.573114 | lrm: 1.00 | dt: 542.49ms | tok/sec: 30,201 | bf16_mfu: 0.00 | epoch: 1 pq: 0 rg: 10 | total time: 2.12m | eta: 4.4m
step 00204/00600 (34.00%) | loss: 5.568117 | lrm: 1.00 | dt: 527.76ms | tok/sec: 31,044 | bf16_mfu: 0.00 | epoch: 1 pq: 0 rg: 10 | total time: 2.13m | eta: 4.3m
step 00205/00600 (34.17%) | loss: 5.545571 | lrm: 1.00 | dt: 540.45ms | tok/sec: 30,315 | bf16_mfu: 0.00 | epoch: 1 pq: 0 rg: 10 | total time: 2.14m | eta: 4.3m
step 00206/00600 (34.33%) | loss: 5.549505 | lrm: 1.00 | dt: 547.56ms | tok/sec: 29,921 | bf16_mfu: 0.00 | epoch: 1 pq: 0 rg: 10 | total time: 2.15m | eta: 4.3m
step 00207/00600 (34.50%) | loss: 5.538282 | lrm: 1.00 | dt: 500.25ms | tok/sec: 32,751 | bf16_mfu: 0.00 | epoch: 1 pq: 0 rg: 10 | total time: 2.15m | eta: 4.3m
step 00208/00600 (34.67%) | loss: 5.536269 | lrm: 1.00 | dt: 522.56ms | tok/sec: 31,353 | bf16_mfu: 0.00 | epoch: 1 pq: 0 rg: 10 | total time: 2.16m | eta: 4.3m
step 00209/00600 (34.83%) | loss: 5.528749 | lrm: 1.00 | dt: 527.68ms | tok/sec: 31,049 | bf16_mfu: 0.00 | epoch: 1 pq: 0 rg: 10 | total time: 2.17m | eta: 4.3m
step 00210/00600 (35.00%) | loss: 5.524858 | lrm: 1.00 | dt: 499.73ms | tok/sec: 32,785 | bf16_mfu: 0.00 | epoch: 1 pq: 0 rg: 10 | total time: 2.18m | eta: 4.3m
step 00211/00600 (35.17%) | loss: 5.526861 | lrm: 1.00 | dt: 521.38ms | tok/sec: 31,424 | bf16_mfu: 0.00 | epoch: 1 pq: 0 rg: 10 | total time: 2.19m | eta: 4.2m
step 00212/00600 (35.33%) | loss: 5.517815 | lrm: 1.00 | dt: 547.99ms | tok/sec: 29,898 | bf16_mfu: 0.00 | epoch: 1 pq: 0 rg: 10 | total time: 2.20m | eta: 4.2m
step 00213/00600 (35.50%) | loss: 5.500960 | lrm: 0.99 | dt: 516.88ms | tok/sec: 31,697 | bf16_mfu: 0.00 | epoch: 1 pq: 0 rg: 10 | total time: 2.21m | eta: 4.2m
step 00214/00600 (35.67%) | loss: 5.508999 | lrm: 0.99 | dt: 512.64ms | tok/sec: 31,959 | bf16_mfu: 0.00 | epoch: 1 pq: 0 rg: 10 | total time: 2.22m | eta: 4.2m
step 00215/00600 (35.83%) | loss: 5.495599 | lrm: 0.99 | dt: 521.88ms | tok/sec: 31,394 | bf16_mfu: 0.00 | epoch: 1 pq: 0 rg: 10 | total time: 2.22m | eta: 4.2m
step 00216/00600 (36.00%) | loss: 5.485221 | lrm: 0.99 | dt: 553.30ms | tok/sec: 29,611 | bf16_mfu: 0.00 | epoch: 1 pq: 0 rg: 10 | total time: 2.23m | eta: 4.2m
step 00217/00600 (36.17%) | loss: 5.484213 | lrm: 0.98 | dt: 524.85ms | tok/sec: 31,216 | bf16_mfu: 0.00 | epoch: 1 pq: 0 rg: 10 | total time: 2.24m | eta: 4.1m
step 00218/00600 (36.33%) | loss: 5.483289 | lrm: 0.98 | dt: 514.29ms | tok/sec: 31,857 | bf16_mfu: 0.00 | epoch: 1 pq: 0 rg: 10 | total time: 2.25m | eta: 4.1m
step 00219/00600 (36.50%) | loss: 5.486132 | lrm: 0.98 | dt: 516.75ms | tok/sec: 31,705 | bf16_mfu: 0.00 | epoch: 1 pq: 0 rg: 10 | total time: 2.26m | eta: 4.1m
step 00220/00600 (36.67%) | loss: 5.492019 | lrm: 0.98 | dt: 519.84ms | tok/sec: 31,517 | bf16_mfu: 0.00 | epoch: 1 pq: 0 rg: 10 | total time: 2.27m | eta: 4.1m
step 00221/00600 (36.83%) | loss: 5.488646 | lrm: 0.97 | dt: 512.72ms | tok/sec: 31,955 | bf16_mfu: 0.00 | epoch: 1 pq: 0 rg: 10 | total time: 2.28m | eta: 4.1m
step 00222/00600 (37.00%) | loss: 5.483805 | lrm: 0.97 | dt: 524.78ms | tok/sec: 31,220 | bf16_mfu: 0.00 | epoch: 1 pq: 0 rg: 10 | total time: 2.29m | eta: 4.1m
step 00223/00600 (37.17%) | loss: 5.488497 | lrm: 0.97 | dt: 508.74ms | tok/sec: 32,204 | bf16_mfu: 0.00 | epoch: 1 pq: 0 rg: 11 | total time: 2.29m | eta: 4.1m
step 00224/00600 (37.33%) | loss: 5.486529 | lrm: 0.97 | dt: 514.72ms | tok/sec: 31,831 | bf16_mfu: 0.00 | epoch: 1 pq: 0 rg: 11 | total time: 2.30m | eta: 4.0m
step 00225/00600 (37.50%) | loss: 5.486342 | lrm: 0.96 | dt: 524.28ms | tok/sec: 31,250 | bf16_mfu: 0.00 | epoch: 1 pq: 0 rg: 11 | total time: 2.31m | eta: 4.0m
step 00226/00600 (37.67%) | loss: 5.482326 | lrm: 0.96 | dt: 526.98ms | tok/sec: 31,090 | bf16_mfu: 0.00 | epoch: 1 pq: 0 rg: 11 | total time: 2.32m | eta: 4.0m
step 00227/00600 (37.83%) | loss: 5.485721 | lrm: 0.96 | dt: 504.17ms | tok/sec: 32,497 | bf16_mfu: 0.00 | epoch: 1 pq: 0 rg: 11 | total time: 2.33m | eta: 4.0m
step 00228/00600 (38.00%) | loss: 5.478785 | lrm: 0.96 | dt: 577.98ms | tok/sec: 28,347 | bf16_mfu: 0.00 | epoch: 1 pq: 0 rg: 11 | total time: 2.34m | eta: 4.0m
step 00229/00600 (38.17%) | loss: 5.488726 | lrm: 0.95 | dt: 595.75ms | tok/sec: 27,501 | bf16_mfu: 0.00 | epoch: 1 pq: 0 rg: 11 | total time: 2.35m | eta: 4.0m
step 00230/00600 (38.33%) | loss: 5.492714 | lrm: 0.95 | dt: 511.62ms | tok/sec: 32,023 | bf16_mfu: 0.00 | epoch: 1 pq: 0 rg: 11 | total time: 2.36m | eta: 4.0m
step 00231/00600 (38.50%) | loss: 5.479907 | lrm: 0.95 | dt: 571.29ms | tok/sec: 28,678 | bf16_mfu: 0.00 | epoch: 1 pq: 0 rg: 11 | total time: 2.37m | eta: 3.9m
step 00232/00600 (38.67%) | loss: 5.480015 | lrm: 0.95 | dt: 537.10ms | tok/sec: 30,504 | bf16_mfu: 0.00 | epoch: 1 pq: 0 rg: 11 | total time: 2.37m | eta: 3.9m
step 00233/00600 (38.83%) | loss: 5.466502 | lrm: 0.94 | dt: 539.11ms | tok/sec: 30,390 | bf16_mfu: 0.00 | epoch: 1 pq: 0 rg: 11 | total time: 2.38m | eta: 3.9m
step 00234/00600 (39.00%) | loss: 5.457436 | lrm: 0.94 | dt: 520.11ms | tok/sec: 31,501 | bf16_mfu: 0.00 | epoch: 1 pq: 0 rg: 11 | total time: 2.39m | eta: 3.9m
step 00235/00600 (39.17%) | loss: 5.461213 | lrm: 0.94 | dt: 514.68ms | tok/sec: 31,833 | bf16_mfu: 0.00 | epoch: 1 pq: 0 rg: 11 | total time: 2.40m | eta: 3.9m
step 00236/00600 (39.33%) | loss: 5.463871 | lrm: 0.94 | dt: 511.67ms | tok/sec: 32,020 | bf16_mfu: 0.00 | epoch: 1 pq: 0 rg: 11 | total time: 2.41m | eta: 3.9m
step 00237/00600 (39.50%) | loss: 5.455452 | lrm: 0.93 | dt: 529.26ms | tok/sec: 30,956 | bf16_mfu: 0.00 | epoch: 1 pq: 0 rg: 11 | total time: 2.42m | eta: 3.9m
step 00238/00600 (39.67%) | loss: 5.431899 | lrm: 0.93 | dt: 512.86ms | tok/sec: 31,946 | bf16_mfu: 0.00 | epoch: 1 pq: 0 rg: 11 | total time: 2.43m | eta: 3.9m
step 00239/00600 (39.83%) | loss: 5.422971 | lrm: 0.93 | dt: 516.02ms | tok/sec: 31,750 | bf16_mfu: 0.00 | epoch: 1 pq: 0 rg: 11 | total time: 2.44m | eta: 3.8m
step 00240/00600 (40.00%) | loss: 5.422159 | lrm: 0.93 | dt: 514.76ms | tok/sec: 31,828 | bf16_mfu: 0.00 | epoch: 1 pq: 0 rg: 11 | total time: 2.44m | eta: 3.8m
step 00241/00600 (40.17%) | loss: 5.406665 | lrm: 0.92 | dt: 515.39ms | tok/sec: 31,789 | bf16_mfu: 0.00 | epoch: 1 pq: 0 rg: 11 | total time: 2.45m | eta: 3.8m
step 00242/00600 (40.33%) | loss: 5.409884 | lrm: 0.92 | dt: 515.75ms | tok/sec: 31,767 | bf16_mfu: 0.00 | epoch: 1 pq: 0 rg: 11 | total time: 2.46m | eta: 3.8m
step 00243/00600 (40.50%) | loss: 5.401541 | lrm: 0.92 | dt: 512.41ms | tok/sec: 31,974 | bf16_mfu: 0.00 | epoch: 1 pq: 0 rg: 11 | total time: 2.47m | eta: 3.8m
step 00244/00600 (40.67%) | loss: 5.398143 | lrm: 0.92 | dt: 510.71ms | tok/sec: 32,080 | bf16_mfu: 0.00 | epoch: 1 pq: 0 rg: 11 | total time: 2.48m | eta: 3.8m
step 00245/00600 (40.83%) | loss: 5.392402 | lrm: 0.91 | dt: 512.64ms | tok/sec: 31,959 | bf16_mfu: 0.00 | epoch: 1 pq: 0 rg: 11 | total time: 2.49m | eta: 3.8m
step 00246/00600 (41.00%) | loss: 5.392033 | lrm: 0.91 | dt: 520.28ms | tok/sec: 31,490 | bf16_mfu: 0.00 | epoch: 1 pq: 0 rg: 12 | total time: 2.50m | eta: 3.7m
step 00247/00600 (41.17%) | loss: 5.399412 | lrm: 0.91 | dt: 582.88ms | tok/sec: 28,108 | bf16_mfu: 0.00 | epoch: 1 pq: 0 rg: 12 | total time: 2.51m | eta: 3.7m
step 00248/00600 (41.33%) | loss: 5.401259 | lrm: 0.91 | dt: 536.46ms | tok/sec: 30,541 | bf16_mfu: 0.00 | epoch: 1 pq: 0 rg: 12 | total time: 2.51m | eta: 3.7m
step 00249/00600 (41.50%) | loss: 5.409348 | lrm: 0.91 | dt: 555.42ms | tok/sec: 29,498 | bf16_mfu: 0.00 | epoch: 1 pq: 0 rg: 12 | total time: 2.52m | eta: 3.7m
step 00250/00600 (41.67%) | loss: 5.415289 | lrm: 0.90 | dt: 556.76ms | tok/sec: 29,427 | bf16_mfu: 0.00 | epoch: 1 pq: 0 rg: 12 | total time: 2.53m | eta: 3.7m
step 00251/00600 (41.83%) | loss: 5.399369 | lrm: 0.90 | dt: 519.29ms | tok/sec: 31,551 | bf16_mfu: 0.00 | epoch: 1 pq: 0 rg: 12 | total time: 2.54m | eta: 3.7m
step 00252/00600 (42.00%) | loss: 5.402838 | lrm: 0.90 | dt: 553.83ms | tok/sec: 29,583 | bf16_mfu: 0.00 | epoch: 1 pq: 0 rg: 12 | total time: 2.55m | eta: 3.7m
step 00253/00600 (42.17%) | loss: 5.394004 | lrm: 0.90 | dt: 569.17ms | tok/sec: 28,785 | bf16_mfu: 0.00 | epoch: 1 pq: 0 rg: 12 | total time: 2.56m | eta: 3.7m
step 00254/00600 (42.33%) | loss: 5.378774 | lrm: 0.89 | dt: 553.67ms | tok/sec: 29,591 | bf16_mfu: 0.00 | epoch: 1 pq: 0 rg: 12 | total time: 2.57m | eta: 3.6m
step 00255/00600 (42.50%) | loss: 5.378414 | lrm: 0.89 | dt: 554.71ms | tok/sec: 29,535 | bf16_mfu: 0.00 | epoch: 1 pq: 0 rg: 12 | total time: 2.58m | eta: 3.6m
step 00256/00600 (42.67%) | loss: 5.378229 | lrm: 0.89 | dt: 503.05ms | tok/sec: 32,569 | bf16_mfu: 0.00 | epoch: 1 pq: 0 rg: 12 | total time: 2.59m | eta: 3.6m
step 00257/00600 (42.83%) | loss: 5.365676 | lrm: 0.89 | dt: 561.88ms | tok/sec: 29,159 | bf16_mfu: 0.00 | epoch: 1 pq: 0 rg: 12 | total time: 2.60m | eta: 3.6m
step 00258/00600 (43.00%) | loss: 5.369887 | lrm: 0.88 | dt: 534.96ms | tok/sec: 30,626 | bf16_mfu: 0.00 | epoch: 1 pq: 0 rg: 12 | total time: 2.61m | eta: 3.6m
step 00259/00600 (43.17%) | loss: 5.370994 | lrm: 0.88 | dt: 561.51ms | tok/sec: 29,178 | bf16_mfu: 0.00 | epoch: 1 pq: 0 rg: 12 | total time: 2.61m | eta: 3.6m
step 00260/00600 (43.33%) | loss: 5.350161 | lrm: 0.88 | dt: 545.37ms | tok/sec: 30,041 | bf16_mfu: 0.00 | epoch: 1 pq: 0 rg: 12 | total time: 2.62m | eta: 3.6m
step 00261/00600 (43.50%) | loss: 5.356905 | lrm: 0.88 | dt: 564.14ms | tok/sec: 29,042 | bf16_mfu: 0.00 | epoch: 1 pq: 0 rg: 12 | total time: 2.63m | eta: 3.6m
step 00262/00600 (43.67%) | loss: 5.356850 | lrm: 0.87 | dt: 530.37ms | tok/sec: 30,891 | bf16_mfu: 0.00 | epoch: 1 pq: 0 rg: 12 | total time: 2.64m | eta: 3.5m
step 00263/00600 (43.83%) | loss: 5.334797 | lrm: 0.87 | dt: 524.41ms | tok/sec: 31,242 | bf16_mfu: 0.00 | epoch: 1 pq: 0 rg: 12 | total time: 2.65m | eta: 3.5m
step 00264/00600 (44.00%) | loss: 5.330565 | lrm: 0.87 | dt: 528.17ms | tok/sec: 31,020 | bf16_mfu: 0.00 | epoch: 1 pq: 0 rg: 12 | total time: 2.66m | eta: 3.5m
step 00265/00600 (44.17%) | loss: 5.325758 | lrm: 0.87 | dt: 535.90ms | tok/sec: 30,572 | bf16_mfu: 0.00 | epoch: 1 pq: 0 rg: 12 | total time: 2.67m | eta: 3.5m
step 00266/00600 (44.33%) | loss: 5.322023 | lrm: 0.86 | dt: 531.50ms | tok/sec: 30,825 | bf16_mfu: 0.00 | epoch: 1 pq: 0 rg: 12 | total time: 2.68m | eta: 3.5m
step 00267/00600 (44.50%) | loss: 5.329414 | lrm: 0.86 | dt: 508.19ms | tok/sec: 32,239 | bf16_mfu: 0.00 | epoch: 1 pq: 0 rg: 12 | total time: 2.69m | eta: 3.5m
step 00268/00600 (44.67%) | loss: 5.336697 | lrm: 0.86 | dt: 522.30ms | tok/sec: 31,368 | bf16_mfu: 0.00 | epoch: 1 pq: 0 rg: 12 | total time: 2.69m | eta: 3.5m
step 00269/00600 (44.83%) | loss: 5.332657 | lrm: 0.86 | dt: 534.25ms | tok/sec: 30,667 | bf16_mfu: 0.00 | epoch: 1 pq: 0 rg: 13 | total time: 2.70m | eta: 3.5m
step 00270/00600 (45.00%) | loss: 5.334437 | lrm: 0.85 | dt: 545.23ms | tok/sec: 30,049 | bf16_mfu: 0.00 | epoch: 1 pq: 0 rg: 13 | total time: 2.71m | eta: 3.4m
step 00271/00600 (45.17%) | loss: 5.349460 | lrm: 0.85 | dt: 532.87ms | tok/sec: 30,746 | bf16_mfu: 0.00 | epoch: 1 pq: 0 rg: 13 | total time: 2.72m | eta: 3.4m
step 00272/00600 (45.33%) | loss: 5.339553 | lrm: 0.85 | dt: 559.92ms | tok/sec: 29,261 | bf16_mfu: 0.00 | epoch: 1 pq: 0 rg: 13 | total time: 2.73m | eta: 3.4m
step 00273/00600 (45.50%) | loss: 5.331610 | lrm: 0.85 | dt: 536.33ms | tok/sec: 30,548 | bf16_mfu: 0.00 | epoch: 1 pq: 0 rg: 13 | total time: 2.74m | eta: 3.4m
step 00274/00600 (45.67%) | loss: 5.320385 | lrm: 0.84 | dt: 532.51ms | tok/sec: 30,767 | bf16_mfu: 0.00 | epoch: 1 pq: 0 rg: 13 | total time: 2.75m | eta: 3.4m
step 00275/00600 (45.83%) | loss: 5.320626 | lrm: 0.84 | dt: 590.48ms | tok/sec: 27,746 | bf16_mfu: 0.00 | epoch: 1 pq: 0 rg: 13 | total time: 2.76m | eta: 3.4m
step 00276/00600 (46.00%) | loss: 5.316916 | lrm: 0.84 | dt: 512.54ms | tok/sec: 31,966 | bf16_mfu: 0.00 | epoch: 1 pq: 0 rg: 13 | total time: 2.77m | eta: 3.4m
step 00277/00600 (46.17%) | loss: 5.305112 | lrm: 0.84 | dt: 539.25ms | tok/sec: 30,383 | bf16_mfu: 0.00 | epoch: 1 pq: 0 rg: 13 | total time: 2.78m | eta: 3.4m
step 00278/00600 (46.33%) | loss: 5.305950 | lrm: 0.83 | dt: 531.38ms | tok/sec: 30,832 | bf16_mfu: 0.00 | epoch: 1 pq: 0 rg: 13 | total time: 2.78m | eta: 3.3m
step 00279/00600 (46.50%) | loss: 5.305468 | lrm: 0.83 | dt: 540.03ms | tok/sec: 30,339 | bf16_mfu: 0.00 | epoch: 1 pq: 0 rg: 13 | total time: 2.79m | eta: 3.3m
step 00280/00600 (46.67%) | loss: 5.289032 | lrm: 0.83 | dt: 510.92ms | tok/sec: 32,067 | bf16_mfu: 0.00 | epoch: 1 pq: 0 rg: 13 | total time: 2.80m | eta: 3.3m
step 00281/00600 (46.83%) | loss: 5.286911 | lrm: 0.83 | dt: 518.31ms | tok/sec: 31,610 | bf16_mfu: 0.00 | epoch: 1 pq: 0 rg: 13 | total time: 2.81m | eta: 3.3m
step 00282/00600 (47.00%) | loss: 5.285160 | lrm: 0.82 | dt: 517.29ms | tok/sec: 31,672 | bf16_mfu: 0.00 | epoch: 1 pq: 0 rg: 13 | total time: 2.82m | eta: 3.3m
step 00283/00600 (47.17%) | loss: 5.268705 | lrm: 0.82 | dt: 520.13ms | tok/sec: 31,499 | bf16_mfu: 0.00 | epoch: 1 pq: 0 rg: 13 | total time: 2.83m | eta: 3.3m
step 00284/00600 (47.33%) | loss: 5.274287 | lrm: 0.82 | dt: 542.54ms | tok/sec: 30,198 | bf16_mfu: 0.00 | epoch: 1 pq: 0 rg: 13 | total time: 2.84m | eta: 3.3m
step 00285/00600 (47.50%) | loss: 5.267060 | lrm: 0.82 | dt: 524.01ms | tok/sec: 31,266 | bf16_mfu: 0.00 | epoch: 1 pq: 0 rg: 13 | total time: 2.85m | eta: 3.3m
step 00286/00600 (47.67%) | loss: 5.277729 | lrm: 0.81 | dt: 518.54ms | tok/sec: 31,596 | bf16_mfu: 0.00 | epoch: 1 pq: 0 rg: 13 | total time: 2.85m | eta: 3.2m
step 00287/00600 (47.83%) | loss: 5.283823 | lrm: 0.81 | dt: 506.29ms | tok/sec: 32,360 | bf16_mfu: 0.00 | epoch: 1 pq: 0 rg: 13 | total time: 2.86m | eta: 3.2m
step 00288/00600 (48.00%) | loss: 5.286223 | lrm: 0.81 | dt: 530.85ms | tok/sec: 30,863 | bf16_mfu: 0.00 | epoch: 1 pq: 0 rg: 13 | total time: 2.87m | eta: 3.2m
step 00289/00600 (48.17%) | loss: 5.274416 | lrm: 0.81 | dt: 568.77ms | tok/sec: 28,805 | bf16_mfu: 0.00 | epoch: 1 pq: 0 rg: 13 | total time: 2.88m | eta: 3.2m
step 00290/00600 (48.33%) | loss: 5.269853 | lrm: 0.81 | dt: 675.84ms | tok/sec: 24,242 | bf16_mfu: 0.00 | epoch: 1 pq: 0 rg: 13 | total time: 2.89m | eta: 3.2m
step 00291/00600 (48.50%) | loss: 5.264340 | lrm: 0.80 | dt: 617.11ms | tok/sec: 26,549 | bf16_mfu: 0.00 | epoch: 1 pq: 0 rg: 13 | total time: 2.90m | eta: 3.2m
step 00292/00600 (48.67%) | loss: 5.257002 | lrm: 0.80 | dt: 601.45ms | tok/sec: 27,240 | bf16_mfu: 0.00 | epoch: 1 pq: 0 rg: 14 | total time: 2.91m | eta: 3.2m
step 00293/00600 (48.83%) | loss: 5.249993 | lrm: 0.80 | dt: 610.85ms | tok/sec: 26,821 | bf16_mfu: 0.00 | epoch: 1 pq: 0 rg: 14 | total time: 2.92m | eta: 3.2m
step 00294/00600 (49.00%) | loss: 5.253710 | lrm: 0.80 | dt: 603.81ms | tok/sec: 27,134 | bf16_mfu: 0.00 | epoch: 1 pq: 0 rg: 14 | total time: 2.93m | eta: 3.2m
step 00295/00600 (49.17%) | loss: 5.253208 | lrm: 0.79 | dt: 632.39ms | tok/sec: 25,908 | bf16_mfu: 0.00 | epoch: 1 pq: 0 rg: 14 | total time: 2.94m | eta: 3.2m
step 00296/00600 (49.33%) | loss: 5.260135 | lrm: 0.79 | dt: 639.54ms | tok/sec: 25,618 | bf16_mfu: 0.00 | epoch: 1 pq: 0 rg: 14 | total time: 2.95m | eta: 3.1m
step 00297/00600 (49.50%) | loss: 5.255864 | lrm: 0.79 | dt: 563.80ms | tok/sec: 29,059 | bf16_mfu: 0.00 | epoch: 1 pq: 0 rg: 14 | total time: 2.96m | eta: 3.1m
step 00298/00600 (49.67%) | loss: 5.251178 | lrm: 0.79 | dt: 525.84ms | tok/sec: 31,157 | bf16_mfu: 0.00 | epoch: 1 pq: 0 rg: 14 | total time: 2.97m | eta: 3.1m
step 00299/00600 (49.83%) | loss: 5.254221 | lrm: 0.78 | dt: 533.96ms | tok/sec: 30,684 | bf16_mfu: 0.00 | epoch: 1 pq: 0 rg: 14 | total time: 2.98m | eta: 3.1m
Step 00300 | Validation bpb: 1.616488
step 00300/00600 (50.00%) | loss: 5.238074 | lrm: 0.78 | dt: 535.86ms | tok/sec: 30,575 | bf16_mfu: 0.00 | epoch: 1 pq: 0 rg: 14 | total time: 2.99m | eta: 3.1m
step 00301/00600 (50.17%) | loss: 5.238566 | lrm: 0.78 | dt: 510.06ms | tok/sec: 32,121 | bf16_mfu: 0.00 | epoch: 1 pq: 0 rg: 14 | total time: 3.00m | eta: 3.1m
step 00302/00600 (50.33%) | loss: 5.237214 | lrm: 0.78 | dt: 501.36ms | tok/sec: 32,678 | bf16_mfu: 0.00 | epoch: 1 pq: 0 rg: 14 | total time: 3.01m | eta: 3.1m
step 00303/00600 (50.50%) | loss: 5.229187 | lrm: 0.77 | dt: 510.50ms | tok/sec: 32,093 | bf16_mfu: 0.00 | epoch: 1 pq: 0 rg: 14 | total time: 3.02m | eta: 3.1m
step 00304/00600 (50.67%) | loss: 5.207053 | lrm: 0.77 | dt: 506.28ms | tok/sec: 32,361 | bf16_mfu: 0.00 | epoch: 1 pq: 0 rg: 14 | total time: 3.02m | eta: 3.0m
step 00305/00600 (50.83%) | loss: 5.211193 | lrm: 0.77 | dt: 506.57ms | tok/sec: 32,342 | bf16_mfu: 0.00 | epoch: 1 pq: 0 rg: 14 | total time: 3.03m | eta: 3.0m
step 00306/00600 (51.00%) | loss: 5.206265 | lrm: 0.77 | dt: 512.86ms | tok/sec: 31,946 | bf16_mfu: 0.00 | epoch: 1 pq: 0 rg: 14 | total time: 3.04m | eta: 3.0m
step 00307/00600 (51.17%) | loss: 5.210346 | lrm: 0.76 | dt: 501.80ms | tok/sec: 32,650 | bf16_mfu: 0.00 | epoch: 1 pq: 0 rg: 14 | total time: 3.05m | eta: 3.0m
step 00308/00600 (51.33%) | loss: 5.212746 | lrm: 0.76 | dt: 506.75ms | tok/sec: 32,331 | bf16_mfu: 0.00 | epoch: 1 pq: 0 rg: 14 | total time: 3.06m | eta: 3.0m
step 00309/00600 (51.50%) | loss: 5.197285 | lrm: 0.76 | dt: 498.88ms | tok/sec: 32,841 | bf16_mfu: 0.00 | epoch: 1 pq: 0 rg: 14 | total time: 3.07m | eta: 3.0m
step 00310/00600 (51.67%) | loss: 5.199658 | lrm: 0.76 | dt: 514.07ms | tok/sec: 31,870 | bf16_mfu: 0.00 | epoch: 1 pq: 0 rg: 14 | total time: 3.07m | eta: 3.0m
step 00311/00600 (51.83%) | loss: 5.187490 | lrm: 0.75 | dt: 510.34ms | tok/sec: 32,104 | bf16_mfu: 0.00 | epoch: 1 pq: 0 rg: 14 | total time: 3.08m | eta: 3.0m
step 00312/00600 (52.00%) | loss: 5.165778 | lrm: 0.75 | dt: 521.74ms | tok/sec: 31,402 | bf16_mfu: 0.00 | epoch: 1 pq: 0 rg: 14 | total time: 3.09m | eta: 2.9m
step 00313/00600 (52.17%) | loss: 5.170263 | lrm: 0.75 | dt: 517.13ms | tok/sec: 31,682 | bf16_mfu: 0.00 | epoch: 1 pq: 0 rg: 14 | total time: 3.10m | eta: 2.9m
step 00314/00600 (52.33%) | loss: 5.155539 | lrm: 0.75 | dt: 501.08ms | tok/sec: 32,697 | bf16_mfu: 0.00 | epoch: 1 pq: 0 rg: 14 | total time: 3.11m | eta: 2.9m
step 00315/00600 (52.50%) | loss: 5.156778 | lrm: 0.74 | dt: 510.92ms | tok/sec: 32,067 | bf16_mfu: 0.00 | epoch: 1 pq: 0 rg: 15 | total time: 3.12m | eta: 2.9m
step 00316/00600 (52.67%) | loss: 5.154211 | lrm: 0.74 | dt: 498.83ms | tok/sec: 32,845 | bf16_mfu: 0.00 | epoch: 1 pq: 0 rg: 15 | total time: 3.13m | eta: 2.9m
step 00317/00600 (52.83%) | loss: 5.154932 | lrm: 0.74 | dt: 506.80ms | tok/sec: 32,328 | bf16_mfu: 0.00 | epoch: 1 pq: 0 rg: 15 | total time: 3.13m | eta: 2.9m
step 00318/00600 (53.00%) | loss: 5.136326 | lrm: 0.74 | dt: 509.18ms | tok/sec: 32,177 | bf16_mfu: 0.00 | epoch: 1 pq: 0 rg: 15 | total time: 3.14m | eta: 2.9m
step 00319/00600 (53.17%) | loss: 5.148892 | lrm: 0.73 | dt: 503.85ms | tok/sec: 32,517 | bf16_mfu: 0.00 | epoch: 1 pq: 0 rg: 15 | total time: 3.15m | eta: 2.9m
step 00320/00600 (53.33%) | loss: 5.140629 | lrm: 0.73 | dt: 503.39ms | tok/sec: 32,547 | bf16_mfu: 0.00 | epoch: 1 pq: 0 rg: 15 | total time: 3.16m | eta: 2.9m
step 00321/00600 (53.50%) | loss: 5.146805 | lrm: 0.73 | dt: 518.98ms | tok/sec: 31,569 | bf16_mfu: 0.00 | epoch: 1 pq: 0 rg: 15 | total time: 3.17m | eta: 2.8m
step 00322/00600 (53.67%) | loss: 5.161876 | lrm: 0.73 | dt: 503.41ms | tok/sec: 32,545 | bf16_mfu: 0.00 | epoch: 1 pq: 0 rg: 15 | total time: 3.18m | eta: 2.8m
step 00323/00600 (53.83%) | loss: 5.155021 | lrm: 0.72 | dt: 500.61ms | tok/sec: 32,727 | bf16_mfu: 0.00 | epoch: 1 pq: 0 rg: 15 | total time: 3.18m | eta: 2.8m
step 00324/00600 (54.00%) | loss: 5.168832 | lrm: 0.72 | dt: 510.26ms | tok/sec: 32,109 | bf16_mfu: 0.00 | epoch: 1 pq: 0 rg: 15 | total time: 3.19m | eta: 2.8m
step 00325/00600 (54.17%) | loss: 5.158799 | lrm: 0.72 | dt: 504.70ms | tok/sec: 32,462 | bf16_mfu: 0.00 | epoch: 1 pq: 0 rg: 15 | total time: 3.20m | eta: 2.8m
step 00326/00600 (54.33%) | loss: 5.155252 | lrm: 0.72 | dt: 561.56ms | tok/sec: 29,175 | bf16_mfu: 0.00 | epoch: 1 pq: 0 rg: 15 | total time: 3.21m | eta: 2.8m
step 00327/00600 (54.50%) | loss: 5.161896 | lrm: 0.71 | dt: 514.38ms | tok/sec: 31,852 | bf16_mfu: 0.00 | epoch: 1 pq: 0 rg: 15 | total time: 3.22m | eta: 2.8m
step 00328/00600 (54.67%) | loss: 5.180955 | lrm: 0.71 | dt: 531.90ms | tok/sec: 30,802 | bf16_mfu: 0.00 | epoch: 1 pq: 0 rg: 15 | total time: 3.23m | eta: 2.8m
step 00329/00600 (54.83%) | loss: 5.180878 | lrm: 0.71 | dt: 565.10ms | tok/sec: 28,992 | bf16_mfu: 0.00 | epoch: 1 pq: 0 rg: 15 | total time: 3.24m | eta: 2.8m
step 00330/00600 (55.00%) | loss: 5.178893 | lrm: 0.71 | dt: 544.28ms | tok/sec: 30,102 | bf16_mfu: 0.00 | epoch: 1 pq: 0 rg: 15 | total time: 3.25m | eta: 2.7m
step 00331/00600 (55.17%) | loss: 5.173126 | lrm: 0.71 | dt: 510.22ms | tok/sec: 32,111 | bf16_mfu: 0.00 | epoch: 1 pq: 0 rg: 15 | total time: 3.26m | eta: 2.7m
step 00332/00600 (55.33%) | loss: 5.161366 | lrm: 0.70 | dt: 534.52ms | tok/sec: 30,651 | bf16_mfu: 0.00 | epoch: 1 pq: 0 rg: 15 | total time: 3.26m | eta: 2.7m
step 00333/00600 (55.50%) | loss: 5.155426 | lrm: 0.70 | dt: 551.61ms | tok/sec: 29,702 | bf16_mfu: 0.00 | epoch: 1 pq: 0 rg: 15 | total time: 3.27m | eta: 2.7m
step 00334/00600 (55.67%) | loss: 5.151366 | lrm: 0.70 | dt: 540.54ms | tok/sec: 30,310 | bf16_mfu: 0.00 | epoch: 1 pq: 0 rg: 15 | total time: 3.28m | eta: 2.7m
step 00335/00600 (55.83%) | loss: 5.148710 | lrm: 0.70 | dt: 525.44ms | tok/sec: 31,181 | bf16_mfu: 0.00 | epoch: 1 pq: 0 rg: 15 | total time: 3.29m | eta: 2.7m
step 00336/00600 (56.00%) | loss: 5.149759 | lrm: 0.69 | dt: 556.85ms | tok/sec: 29,422 | bf16_mfu: 0.00 | epoch: 1 pq: 0 rg: 15 | total time: 3.30m | eta: 2.7m
step 00337/00600 (56.17%) | loss: 5.143572 | lrm: 0.69 | dt: 525.02ms | tok/sec: 31,206 | bf16_mfu: 0.00 | epoch: 1 pq: 0 rg: 15 | total time: 3.31m | eta: 2.7m
step 00338/00600 (56.33%) | loss: 5.134111 | lrm: 0.69 | dt: 511.28ms | tok/sec: 32,045 | bf16_mfu: 0.00 | epoch: 1 pq: 0 rg: 16 | total time: 3.32m | eta: 2.7m
step 00339/00600 (56.50%) | loss: 5.128576 | lrm: 0.69 | dt: 529.59ms | tok/sec: 30,936 | bf16_mfu: 0.00 | epoch: 1 pq: 0 rg: 16 | total time: 3.33m | eta: 2.6m
step 00340/00600 (56.67%) | loss: 5.122676 | lrm: 0.68 | dt: 523.50ms | tok/sec: 31,297 | bf16_mfu: 0.00 | epoch: 1 pq: 0 rg: 16 | total time: 3.34m | eta: 2.6m
step 00341/00600 (56.83%) | loss: 5.114981 | lrm: 0.68 | dt: 530.90ms | tok/sec: 30,860 | bf16_mfu: 0.00 | epoch: 1 pq: 0 rg: 16 | total time: 3.34m | eta: 2.6m
step 00342/00600 (57.00%) | loss: 5.106495 | lrm: 0.68 | dt: 536.12ms | tok/sec: 30,560 | bf16_mfu: 0.00 | epoch: 1 pq: 0 rg: 16 | total time: 3.35m | eta: 2.6m
step 00343/00600 (57.17%) | loss: 5.105598 | lrm: 0.68 | dt: 532.82ms | tok/sec: 30,749 | bf16_mfu: 0.00 | epoch: 1 pq: 0 rg: 16 | total time: 3.36m | eta: 2.6m
step 00344/00600 (57.33%) | loss: 5.102357 | lrm: 0.67 | dt: 541.54ms | tok/sec: 30,254 | bf16_mfu: 0.00 | epoch: 1 pq: 0 rg: 16 | total time: 3.37m | eta: 2.6m
step 00345/00600 (57.50%) | loss: 5.094448 | lrm: 0.67 | dt: 535.54ms | tok/sec: 30,593 | bf16_mfu: 0.00 | epoch: 1 pq: 0 rg: 16 | total time: 3.38m | eta: 2.6m
step 00346/00600 (57.67%) | loss: 5.114588 | lrm: 0.67 | dt: 531.34ms | tok/sec: 30,835 | bf16_mfu: 0.00 | epoch: 1 pq: 0 rg: 16 | total time: 3.39m | eta: 2.6m
step 00347/00600 (57.83%) | loss: 5.120737 | lrm: 0.67 | dt: 518.99ms | tok/sec: 31,569 | bf16_mfu: 0.00 | epoch: 1 pq: 0 rg: 16 | total time: 3.40m | eta: 2.6m
step 00348/00600 (58.00%) | loss: 5.109007 | lrm: 0.66 | dt: 560.29ms | tok/sec: 29,241 | bf16_mfu: 0.00 | epoch: 1 pq: 0 rg: 16 | total time: 3.41m | eta: 2.5m
step 00349/00600 (58.17%) | loss: 5.111787 | lrm: 0.66 | dt: 512.74ms | tok/sec: 31,953 | bf16_mfu: 0.00 | epoch: 1 pq: 0 rg: 16 | total time: 3.42m | eta: 2.5m
step 00350/00600 (58.33%) | loss: 5.116845 | lrm: 0.66 | dt: 517.48ms | tok/sec: 31,661 | bf16_mfu: 0.00 | epoch: 1 pq: 0 rg: 16 | total time: 3.42m | eta: 2.5m
step 00351/00600 (58.50%) | loss: 5.114462 | lrm: 0.66 | dt: 536.87ms | tok/sec: 30,517 | bf16_mfu: 0.00 | epoch: 1 pq: 0 rg: 16 | total time: 3.43m | eta: 2.5m
step 00352/00600 (58.67%) | loss: 5.110237 | lrm: 0.65 | dt: 510.14ms | tok/sec: 32,116 | bf16_mfu: 0.00 | epoch: 1 pq: 0 rg: 16 | total time: 3.44m | eta: 2.5m
step 00353/00600 (58.83%) | loss: 5.109848 | lrm: 0.65 | dt: 514.06ms | tok/sec: 31,871 | bf16_mfu: 0.00 | epoch: 1 pq: 0 rg: 16 | total time: 3.45m | eta: 2.5m
step 00354/00600 (59.00%) | loss: 5.110703 | lrm: 0.65 | dt: 502.38ms | tok/sec: 32,612 | bf16_mfu: 0.00 | epoch: 1 pq: 0 rg: 16 | total time: 3.46m | eta: 2.5m
step 00355/00600 (59.17%) | loss: 5.112809 | lrm: 0.65 | dt: 500.46ms | tok/sec: 32,737 | bf16_mfu: 0.00 | epoch: 1 pq: 0 rg: 16 | total time: 3.47m | eta: 2.5m
step 00356/00600 (59.33%) | loss: 5.109078 | lrm: 0.64 | dt: 510.34ms | tok/sec: 32,104 | bf16_mfu: 0.00 | epoch: 1 pq: 0 rg: 16 | total time: 3.48m | eta: 2.5m
step 00357/00600 (59.50%) | loss: 5.109439 | lrm: 0.64 | dt: 520.66ms | tok/sec: 31,467 | bf16_mfu: 0.00 | epoch: 1 pq: 0 rg: 16 | total time: 3.48m | eta: 2.4m
step 00358/00600 (59.67%) | loss: 5.098143 | lrm: 0.64 | dt: 521.90ms | tok/sec: 31,393 | bf16_mfu: 0.00 | epoch: 1 pq: 0 rg: 16 | total time: 3.49m | eta: 2.4m
step 00359/00600 (59.83%) | loss: 5.091901 | lrm: 0.64 | dt: 503.31ms | tok/sec: 32,552 | bf16_mfu: 0.00 | epoch: 1 pq: 0 rg: 16 | total time: 3.50m | eta: 2.4m
step 00360/00600 (60.00%) | loss: 5.104643 | lrm: 0.63 | dt: 503.36ms | tok/sec: 32,549 | bf16_mfu: 0.00 | epoch: 1 pq: 0 rg: 16 | total time: 3.51m | eta: 2.4m
step 00361/00600 (60.17%) | loss: 5.106863 | lrm: 0.63 | dt: 511.21ms | tok/sec: 32,049 | bf16_mfu: 0.00 | epoch: 1 pq: 0 rg: 16 | total time: 3.52m | eta: 2.4m
step 00362/00600 (60.33%) | loss: 5.102932 | lrm: 0.63 | dt: 498.78ms | tok/sec: 32,847 | bf16_mfu: 0.00 | epoch: 1 pq: 0 rg: 17 | total time: 3.53m | eta: 2.4m
step 00363/00600 (60.50%) | loss: 5.101184 | lrm: 0.63 | dt: 500.77ms | tok/sec: 32,717 | bf16_mfu: 0.00 | epoch: 1 pq: 0 rg: 17 | total time: 3.53m | eta: 2.4m
step 00364/00600 (60.67%) | loss: 5.087283 | lrm: 0.62 | dt: 503.22ms | tok/sec: 32,558 | bf16_mfu: 0.00 | epoch: 1 pq: 0 rg: 17 | total time: 3.54m | eta: 2.4m
step 00365/00600 (60.83%) | loss: 5.074547 | lrm: 0.62 | dt: 500.68ms | tok/sec: 32,723 | bf16_mfu: 0.00 | epoch: 1 pq: 0 rg: 17 | total time: 3.55m | eta: 2.4m
step 00366/00600 (61.00%) | loss: 5.076256 | lrm: 0.62 | dt: 501.13ms | tok/sec: 32,693 | bf16_mfu: 0.00 | epoch: 1 pq: 0 rg: 17 | total time: 3.56m | eta: 2.3m
step 00367/00600 (61.17%) | loss: 5.069644 | lrm: 0.62 | dt: 487.85ms | tok/sec: 33,583 | bf16_mfu: 0.00 | epoch: 1 pq: 0 rg: 17 | total time: 3.57m | eta: 2.3m
step 00368/00600 (61.33%) | loss: 5.066940 | lrm: 0.62 | dt: 502.08ms | tok/sec: 32,631 | bf16_mfu: 0.00 | epoch: 1 pq: 0 rg: 17 | total time: 3.58m | eta: 2.3m
step 00369/00600 (61.50%) | loss: 5.076896 | lrm: 0.61 | dt: 547.75ms | tok/sec: 29,911 | bf16_mfu: 0.00 | epoch: 1 pq: 0 rg: 17 | total time: 3.59m | eta: 2.3m
step 00370/00600 (61.67%) | loss: 5.063487 | lrm: 0.61 | dt: 528.06ms | tok/sec: 31,026 | bf16_mfu: 0.00 | epoch: 1 pq: 0 rg: 17 | total time: 3.59m | eta: 2.3m
step 00371/00600 (61.83%) | loss: 5.056872 | lrm: 0.61 | dt: 538.14ms | tok/sec: 30,445 | bf16_mfu: 0.00 | epoch: 1 pq: 0 rg: 17 | total time: 3.60m | eta: 2.3m
step 00372/00600 (62.00%) | loss: 5.061230 | lrm: 0.61 | dt: 532.96ms | tok/sec: 30,741 | bf16_mfu: 0.00 | epoch: 1 pq: 0 rg: 17 | total time: 3.61m | eta: 2.3m
step 00373/00600 (62.17%) | loss: 5.045247 | lrm: 0.60 | dt: 509.98ms | tok/sec: 32,126 | bf16_mfu: 0.00 | epoch: 1 pq: 0 rg: 17 | total time: 3.62m | eta: 2.3m
step 00374/00600 (62.33%) | loss: 5.039024 | lrm: 0.60 | dt: 531.05ms | tok/sec: 30,852 | bf16_mfu: 0.00 | epoch: 1 pq: 0 rg: 17 | total time: 3.63m | eta: 2.3m
step 00375/00600 (62.50%) | loss: 5.026317 | lrm: 0.60 | dt: 506.95ms | tok/sec: 32,318 | bf16_mfu: 0.00 | epoch: 1 pq: 0 rg: 17 | total time: 3.64m | eta: 2.2m
step 00376/00600 (62.67%) | loss: 5.034732 | lrm: 0.60 | dt: 507.80ms | tok/sec: 32,264 | bf16_mfu: 0.00 | epoch: 1 pq: 0 rg: 17 | total time: 3.65m | eta: 2.2m
step 00377/00600 (62.83%) | loss: 5.033869 | lrm: 0.59 | dt: 512.75ms | tok/sec: 31,953 | bf16_mfu: 0.00 | epoch: 1 pq: 0 rg: 17 | total time: 3.65m | eta: 2.2m
step 00378/00600 (63.00%) | loss: 5.025906 | lrm: 0.59 | dt: 492.38ms | tok/sec: 33,275 | bf16_mfu: 0.00 | epoch: 1 pq: 0 rg: 17 | total time: 3.66m | eta: 2.2m
step 00379/00600 (63.17%) | loss: 5.007815 | lrm: 0.59 | dt: 531.92ms | tok/sec: 30,801 | bf16_mfu: 0.00 | epoch: 1 pq: 0 rg: 17 | total time: 3.67m | eta: 2.2m
step 00380/00600 (63.33%) | loss: 5.012088 | lrm: 0.59 | dt: 519.44ms | tok/sec: 31,541 | bf16_mfu: 0.00 | epoch: 1 pq: 0 rg: 17 | total time: 3.68m | eta: 2.2m
step 00381/00600 (63.50%) | loss: 5.004299 | lrm: 0.58 | dt: 508.14ms | tok/sec: 32,243 | bf16_mfu: 0.00 | epoch: 1 pq: 0 rg: 17 | total time: 3.69m | eta: 2.2m
step 00382/00600 (63.67%) | loss: 5.001490 | lrm: 0.58 | dt: 504.24ms | tok/sec: 32,492 | bf16_mfu: 0.00 | epoch: 1 pq: 0 rg: 17 | total time: 3.70m | eta: 2.2m
step 00383/00600 (63.83%) | loss: 4.998874 | lrm: 0.58 | dt: 516.87ms | tok/sec: 31,698 | bf16_mfu: 0.00 | epoch: 1 pq: 0 rg: 17 | total time: 3.71m | eta: 2.2m
step 00384/00600 (64.00%) | loss: 4.987443 | lrm: 0.58 | dt: 540.44ms | tok/sec: 30,316 | bf16_mfu: 0.00 | epoch: 1 pq: 0 rg: 17 | total time: 3.72m | eta: 2.1m
step 00385/00600 (64.17%) | loss: 4.992889 | lrm: 0.57 | dt: 566.12ms | tok/sec: 28,940 | bf16_mfu: 0.00 | epoch: 1 pq: 0 rg: 18 | total time: 3.72m | eta: 2.1m
step 00386/00600 (64.33%) | loss: 4.993499 | lrm: 0.57 | dt: 539.43ms | tok/sec: 30,372 | bf16_mfu: 0.00 | epoch: 1 pq: 0 rg: 18 | total time: 3.73m | eta: 2.1m
step 00387/00600 (64.50%) | loss: 4.995086 | lrm: 0.57 | dt: 520.15ms | tok/sec: 31,498 | bf16_mfu: 0.00 | epoch: 1 pq: 0 rg: 18 | total time: 3.74m | eta: 2.1m
step 00388/00600 (64.67%) | loss: 4.999052 | lrm: 0.57 | dt: 533.20ms | tok/sec: 30,727 | bf16_mfu: 0.00 | epoch: 1 pq: 0 rg: 18 | total time: 3.75m | eta: 2.1m
step 00389/00600 (64.83%) | loss: 4.988105 | lrm: 0.56 | dt: 537.98ms | tok/sec: 30,454 | bf16_mfu: 0.00 | epoch: 1 pq: 0 rg: 18 | total time: 3.76m | eta: 2.1m
step 00390/00600 (65.00%) | loss: 4.992048 | lrm: 0.56 | dt: 514.20ms | tok/sec: 31,863 | bf16_mfu: 0.00 | epoch: 1 pq: 0 rg: 18 | total time: 3.77m | eta: 2.1m
step 00391/00600 (65.17%) | loss: 4.981819 | lrm: 0.56 | dt: 497.91ms | tok/sec: 32,905 | bf16_mfu: 0.00 | epoch: 1 pq: 0 rg: 18 | total time: 3.78m | eta: 2.1m
step 00392/00600 (65.33%) | loss: 4.988858 | lrm: 0.56 | dt: 537.76ms | tok/sec: 30,467 | bf16_mfu: 0.00 | epoch: 1 pq: 0 rg: 18 | total time: 3.79m | eta: 2.1m
step 00393/00600 (65.50%) | loss: 5.000686 | lrm: 0.55 | dt: 539.93ms | tok/sec: 30,344 | bf16_mfu: 0.00 | epoch: 1 pq: 0 rg: 18 | total time: 3.79m | eta: 2.1m
step 00394/00600 (65.67%) | loss: 4.979628 | lrm: 0.55 | dt: 504.41ms | tok/sec: 32,481 | bf16_mfu: 0.00 | epoch: 1 pq: 0 rg: 18 | total time: 3.80m | eta: 2.0m
step 00395/00600 (65.83%) | loss: 4.974366 | lrm: 0.55 | dt: 531.65ms | tok/sec: 30,817 | bf16_mfu: 0.00 | epoch: 1 pq: 0 rg: 18 | total time: 3.81m | eta: 2.0m
step 00396/00600 (66.00%) | loss: 4.975054 | lrm: 0.55 | dt: 499.63ms | tok/sec: 32,792 | bf16_mfu: 0.00 | epoch: 1 pq: 0 rg: 18 | total time: 3.82m | eta: 2.0m
step 00397/00600 (66.17%) | loss: 4.967935 | lrm: 0.54 | dt: 499.50ms | tok/sec: 32,801 | bf16_mfu: 0.00 | epoch: 1 pq: 0 rg: 18 | total time: 3.83m | eta: 2.0m
step 00398/00600 (66.33%) | loss: 4.964761 | lrm: 0.54 | dt: 512.22ms | tok/sec: 31,986 | bf16_mfu: 0.00 | epoch: 1 pq: 0 rg: 18 | total time: 3.84m | eta: 2.0m
step 00399/00600 (66.50%) | loss: 4.964569 | lrm: 0.54 | dt: 541.56ms | tok/sec: 30,253 | bf16_mfu: 0.00 | epoch: 1 pq: 0 rg: 18 | total time: 3.85m | eta: 2.0m
Step 00400 | Validation bpb: 1.542811
step 00400/00600 (66.67%) | loss: 4.978381 | lrm: 0.54 | dt: 524.38ms | tok/sec: 31,244 | bf16_mfu: 0.00 | epoch: 1 pq: 0 rg: 18 | total time: 3.86m | eta: 2.0m
step 00401/00600 (66.83%) | loss: 4.975138 | lrm: 0.53 | dt: 553.49ms | tok/sec: 29,601 | bf16_mfu: 0.00 | epoch: 1 pq: 0 rg: 18 | total time: 3.86m | eta: 2.0m
step 00402/00600 (67.00%) | loss: 4.955236 | lrm: 0.53 | dt: 685.85ms | tok/sec: 23,888 | bf16_mfu: 0.00 | epoch: 1 pq: 0 rg: 18 | total time: 3.88m | eta: 2.0m
step 00403/00600 (67.17%) | loss: 4.950828 | lrm: 0.53 | dt: 583.07ms | tok/sec: 28,099 | bf16_mfu: 0.00 | epoch: 1 pq: 0 rg: 18 | total time: 3.89m | eta: 1.9m
step 00404/00600 (67.33%) | loss: 4.959506 | lrm: 0.53 | dt: 574.57ms | tok/sec: 28,515 | bf16_mfu: 0.00 | epoch: 1 pq: 0 rg: 18 | total time: 3.90m | eta: 1.9m
step 00405/00600 (67.50%) | loss: 4.947130 | lrm: 0.53 | dt: 588.50ms | tok/sec: 27,840 | bf16_mfu: 0.00 | epoch: 1 pq: 0 rg: 18 | total time: 3.90m | eta: 1.9m
step 00406/00600 (67.67%) | loss: 4.956272 | lrm: 0.52 | dt: 583.21ms | tok/sec: 28,092 | bf16_mfu: 0.00 | epoch: 1 pq: 0 rg: 18 | total time: 3.91m | eta: 1.9m
step 00407/00600 (67.83%) | loss: 4.943902 | lrm: 0.52 | dt: 587.38ms | tok/sec: 27,893 | bf16_mfu: 0.00 | epoch: 1 pq: 0 rg: 18 | total time: 3.92m | eta: 1.9m
step 00408/00600 (68.00%) | loss: 4.927775 | lrm: 0.52 | dt: 643.25ms | tok/sec: 25,470 | bf16_mfu: 0.00 | epoch: 1 pq: 0 rg: 19 | total time: 3.94m | eta: 1.9m
step 00409/00600 (68.17%) | loss: 4.917408 | lrm: 0.52 | dt: 616.60ms | tok/sec: 26,571 | bf16_mfu: 0.00 | epoch: 1 pq: 0 rg: 19 | total time: 3.95m | eta: 1.9m
step 00410/00600 (68.33%) | loss: 4.924510 | lrm: 0.51 | dt: 528.52ms | tok/sec: 30,999 | bf16_mfu: 0.00 | epoch: 1 pq: 0 rg: 19 | total time: 3.95m | eta: 1.9m
step 00411/00600 (68.50%) | loss: 4.918803 | lrm: 0.51 | dt: 502.70ms | tok/sec: 32,591 | bf16_mfu: 0.00 | epoch: 1 pq: 0 rg: 19 | total time: 3.96m | eta: 1.9m
step 00412/00600 (68.67%) | loss: 4.935008 | lrm: 0.51 | dt: 505.84ms | tok/sec: 32,390 | bf16_mfu: 0.00 | epoch: 1 pq: 0 rg: 19 | total time: 3.97m | eta: 1.9m
step 00413/00600 (68.83%) | loss: 4.938375 | lrm: 0.51 | dt: 504.77ms | tok/sec: 32,458 | bf16_mfu: 0.00 | epoch: 1 pq: 0 rg: 19 | total time: 3.98m | eta: 1.8m
step 00414/00600 (69.00%) | loss: 4.936309 | lrm: 0.50 | dt: 487.59ms | tok/sec: 33,601 | bf16_mfu: 0.00 | epoch: 1 pq: 0 rg: 19 | total time: 3.99m | eta: 1.8m
step 00415/00600 (69.17%) | loss: 4.927074 | lrm: 0.50 | dt: 499.55ms | tok/sec: 32,797 | bf16_mfu: 0.00 | epoch: 1 pq: 0 rg: 19 | total time: 4.00m | eta: 1.8m
step 00416/00600 (69.33%) | loss: 4.934140 | lrm: 0.50 | dt: 559.19ms | tok/sec: 29,299 | bf16_mfu: 0.00 | epoch: 1 pq: 0 rg: 19 | total time: 4.01m | eta: 1.8m
step 00417/00600 (69.50%) | loss: 4.928882 | lrm: 0.50 | dt: 503.23ms | tok/sec: 32,557 | bf16_mfu: 0.00 | epoch: 1 pq: 0 rg: 19 | total time: 4.01m | eta: 1.8m
step 00418/00600 (69.67%) | loss: 4.926937 | lrm: 0.49 | dt: 528.97ms | tok/sec: 30,973 | bf16_mfu: 0.00 | epoch: 1 pq: 0 rg: 19 | total time: 4.02m | eta: 1.8m
step 00419/00600 (69.83%) | loss: 4.928313 | lrm: 0.49 | dt: 501.43ms | tok/sec: 32,674 | bf16_mfu: 0.00 | epoch: 1 pq: 0 rg: 19 | total time: 4.03m | eta: 1.8m
step 00420/00600 (70.00%) | loss: 4.935263 | lrm: 0.49 | dt: 519.10ms | tok/sec: 31,562 | bf16_mfu: 0.00 | epoch: 1 pq: 0 rg: 19 | total time: 4.04m | eta: 1.8m
step 00421/00600 (70.17%) | loss: 4.941211 | lrm: 0.49 | dt: 519.40ms | tok/sec: 31,544 | bf16_mfu: 0.00 | epoch: 1 pq: 0 rg: 19 | total time: 4.05m | eta: 1.8m
step 00422/00600 (70.33%) | loss: 4.940686 | lrm: 0.48 | dt: 500.01ms | tok/sec: 32,767 | bf16_mfu: 0.00 | epoch: 1 pq: 0 rg: 19 | total time: 4.06m | eta: 1.8m
step 00423/00600 (70.50%) | loss: 4.934017 | lrm: 0.48 | dt: 493.34ms | tok/sec: 33,210 | bf16_mfu: 0.00 | epoch: 1 pq: 0 rg: 19 | total time: 4.06m | eta: 1.7m
step 00424/00600 (70.67%) | loss: 4.932469 | lrm: 0.48 | dt: 536.25ms | tok/sec: 30,552 | bf16_mfu: 0.00 | epoch: 1 pq: 0 rg: 19 | total time: 4.07m | eta: 1.7m
step 00425/00600 (70.83%) | loss: 4.931492 | lrm: 0.48 | dt: 528.95ms | tok/sec: 30,974 | bf16_mfu: 0.00 | epoch: 1 pq: 0 rg: 19 | total time: 4.08m | eta: 1.7m
step 00426/00600 (71.00%) | loss: 4.933611 | lrm: 0.47 | dt: 507.09ms | tok/sec: 32,310 | bf16_mfu: 0.00 | epoch: 1 pq: 0 rg: 19 | total time: 4.09m | eta: 1.7m
step 00427/00600 (71.17%) | loss: 4.933117 | lrm: 0.47 | dt: 509.78ms | tok/sec: 32,139 | bf16_mfu: 0.00 | epoch: 1 pq: 0 rg: 19 | total time: 4.10m | eta: 1.7m
step 00428/00600 (71.33%) | loss: 4.918078 | lrm: 0.47 | dt: 492.01ms | tok/sec: 33,299 | bf16_mfu: 0.00 | epoch: 1 pq: 0 rg: 19 | total time: 4.11m | eta: 1.7m
step 00429/00600 (71.50%) | loss: 4.926298 | lrm: 0.47 | dt: 511.05ms | tok/sec: 32,059 | bf16_mfu: 0.00 | epoch: 1 pq: 0 rg: 19 | total time: 4.12m | eta: 1.7m
step 00430/00600 (71.67%) | loss: 4.921672 | lrm: 0.46 | dt: 504.75ms | tok/sec: 32,459 | bf16_mfu: 0.00 | epoch: 1 pq: 0 rg: 19 | total time: 4.12m | eta: 1.7m
step 00431/00600 (71.83%) | loss: 4.900383 | lrm: 0.46 | dt: 506.58ms | tok/sec: 32,342 | bf16_mfu: 0.00 | epoch: 1 pq: 0 rg: 20 | total time: 4.13m | eta: 1.7m
step 00432/00600 (72.00%) | loss: 4.909542 | lrm: 0.46 | dt: 508.32ms | tok/sec: 32,231 | bf16_mfu: 0.00 | epoch: 1 pq: 0 rg: 20 | total time: 4.14m | eta: 1.6m
step 00433/00600 (72.17%) | loss: 4.916233 | lrm: 0.46 | dt: 505.47ms | tok/sec: 32,413 | bf16_mfu: 0.00 | epoch: 1 pq: 0 rg: 20 | total time: 4.15m | eta: 1.6m
step 00434/00600 (72.33%) | loss: 4.922519 | lrm: 0.45 | dt: 518.47ms | tok/sec: 31,600 | bf16_mfu: 0.00 | epoch: 1 pq: 0 rg: 20 | total time: 4.16m | eta: 1.6m
step 00435/00600 (72.50%) | loss: 4.925221 | lrm: 0.45 | dt: 479.15ms | tok/sec: 34,194 | bf16_mfu: 0.00 | epoch: 1 pq: 0 rg: 20 | total time: 4.17m | eta: 1.6m
step 00436/00600 (72.67%) | loss: 4.924615 | lrm: 0.45 | dt: 508.44ms | tok/sec: 32,223 | bf16_mfu: 0.00 | epoch: 1 pq: 0 rg: 20 | total time: 4.17m | eta: 1.6m
step 00437/00600 (72.83%) | loss: 4.917020 | lrm: 0.45 | dt: 546.12ms | tok/sec: 30,000 | bf16_mfu: 0.00 | epoch: 1 pq: 0 rg: 20 | total time: 4.18m | eta: 1.6m
step 00438/00600 (73.00%) | loss: 4.914486 | lrm: 0.44 | dt: 499.08ms | tok/sec: 32,828 | bf16_mfu: 0.00 | epoch: 1 pq: 0 rg: 20 | total time: 4.19m | eta: 1.6m
step 00439/00600 (73.17%) | loss: 4.903247 | lrm: 0.44 | dt: 517.02ms | tok/sec: 31,689 | bf16_mfu: 0.00 | epoch: 1 pq: 0 rg: 20 | total time: 4.20m | eta: 1.6m
step 00440/00600 (73.33%) | loss: 4.887175 | lrm: 0.44 | dt: 509.90ms | tok/sec: 32,131 | bf16_mfu: 0.00 | epoch: 1 pq: 0 rg: 20 | total time: 4.21m | eta: 1.6m
step 00441/00600 (73.50%) | loss: 4.887873 | lrm: 0.44 | dt: 505.71ms | tok/sec: 32,397 | bf16_mfu: 0.00 | epoch: 1 pq: 0 rg: 20 | total time: 4.22m | eta: 1.6m
step 00442/00600 (73.67%) | loss: 4.881567 | lrm: 0.43 | dt: 498.26ms | tok/sec: 32,882 | bf16_mfu: 0.00 | epoch: 1 pq: 0 rg: 20 | total time: 4.23m | eta: 1.5m
step 00443/00600 (73.83%) | loss: 4.890165 | lrm: 0.43 | dt: 507.79ms | tok/sec: 32,265 | bf16_mfu: 0.00 | epoch: 1 pq: 0 rg: 20 | total time: 4.23m | eta: 1.5m
step 00444/00600 (74.00%) | loss: 4.896627 | lrm: 0.43 | dt: 499.41ms | tok/sec: 32,806 | bf16_mfu: 0.00 | epoch: 1 pq: 0 rg: 20 | total time: 4.24m | eta: 1.5m
step 00445/00600 (74.17%) | loss: 4.897303 | lrm: 0.43 | dt: 499.70ms | tok/sec: 32,787 | bf16_mfu: 0.00 | epoch: 1 pq: 0 rg: 20 | total time: 4.25m | eta: 1.5m
step 00446/00600 (74.33%) | loss: 4.890919 | lrm: 0.43 | dt: 505.76ms | tok/sec: 32,394 | bf16_mfu: 0.00 | epoch: 1 pq: 0 rg: 20 | total time: 4.26m | eta: 1.5m
step 00447/00600 (74.50%) | loss: 4.894696 | lrm: 0.42 | dt: 498.78ms | tok/sec: 32,848 | bf16_mfu: 0.00 | epoch: 1 pq: 0 rg: 20 | total time: 4.27m | eta: 1.5m
step 00448/00600 (74.67%) | loss: 4.873745 | lrm: 0.42 | dt: 504.17ms | tok/sec: 32,496 | bf16_mfu: 0.00 | epoch: 1 pq: 0 rg: 20 | total time: 4.28m | eta: 1.5m
step 00449/00600 (74.83%) | loss: 4.882072 | lrm: 0.42 | dt: 497.55ms | tok/sec: 32,929 | bf16_mfu: 0.00 | epoch: 1 pq: 0 rg: 20 | total time: 4.28m | eta: 1.5m
step 00450/00600 (75.00%) | loss: 4.888675 | lrm: 0.42 | dt: 498.51ms | tok/sec: 32,866 | bf16_mfu: 0.00 | epoch: 1 pq: 0 rg: 20 | total time: 4.29m | eta: 1.5m
step 00451/00600 (75.17%) | loss: 4.866870 | lrm: 0.41 | dt: 501.64ms | tok/sec: 32,660 | bf16_mfu: 0.00 | epoch: 1 pq: 0 rg: 20 | total time: 4.30m | eta: 1.5m
step 00452/00600 (75.33%) | loss: 4.872396 | lrm: 0.41 | dt: 518.21ms | tok/sec: 31,616 | bf16_mfu: 0.00 | epoch: 1 pq: 0 rg: 20 | total time: 4.31m | eta: 1.4m
step 00453/00600 (75.50%) | loss: 4.890997 | lrm: 0.41 | dt: 481.40ms | tok/sec: 34,034 | bf16_mfu: 0.00 | epoch: 1 pq: 0 rg: 20 | total time: 4.32m | eta: 1.4m
step 00454/00600 (75.67%) | loss: 4.893893 | lrm: 0.41 | dt: 483.50ms | tok/sec: 33,885 | bf16_mfu: 0.00 | epoch: 1 pq: 0 rg: 20 | total time: 4.33m | eta: 1.4m
step 00455/00600 (75.83%) | loss: 4.882451 | lrm: 0.40 | dt: 513.90ms | tok/sec: 31,881 | bf16_mfu: 0.00 | epoch: 1 pq: 0 rg: 21 | total time: 4.33m | eta: 1.4m
step 00456/00600 (76.00%) | loss: 4.885831 | lrm: 0.40 | dt: 499.23ms | tok/sec: 32,818 | bf16_mfu: 0.00 | epoch: 1 pq: 0 rg: 21 | total time: 4.34m | eta: 1.4m
step 00457/00600 (76.17%) | loss: 4.876547 | lrm: 0.40 | dt: 487.35ms | tok/sec: 33,618 | bf16_mfu: 0.00 | epoch: 1 pq: 0 rg: 21 | total time: 4.35m | eta: 1.4m
step 00458/00600 (76.33%) | loss: 4.872764 | lrm: 0.40 | dt: 491.27ms | tok/sec: 33,350 | bf16_mfu: 0.00 | epoch: 1 pq: 0 rg: 21 | total time: 4.36m | eta: 1.4m
step 00459/00600 (76.50%) | loss: 4.864789 | lrm: 0.39 | dt: 496.06ms | tok/sec: 33,028 | bf16_mfu: 0.00 | epoch: 1 pq: 0 rg: 21 | total time: 4.37m | eta: 1.4m
step 00460/00600 (76.67%) | loss: 4.849064 | lrm: 0.39 | dt: 504.58ms | tok/sec: 32,470 | bf16_mfu: 0.00 | epoch: 1 pq: 0 rg: 21 | total time: 4.38m | eta: 1.4m
step 00461/00600 (76.83%) | loss: 4.847730 | lrm: 0.39 | dt: 502.96ms | tok/sec: 32,575 | bf16_mfu: 0.00 | epoch: 1 pq: 0 rg: 21 | total time: 4.38m | eta: 1.4m
step 00462/00600 (77.00%) | loss: 4.837699 | lrm: 0.39 | dt: 504.64ms | tok/sec: 32,466 | bf16_mfu: 0.00 | epoch: 1 pq: 0 rg: 21 | total time: 4.39m | eta: 1.3m
step 00463/00600 (77.17%) | loss: 4.843920 | lrm: 0.38 | dt: 556.06ms | tok/sec: 29,464 | bf16_mfu: 0.00 | epoch: 1 pq: 0 rg: 21 | total time: 4.40m | eta: 1.3m
step 00464/00600 (77.33%) | loss: 4.849102 | lrm: 0.38 | dt: 575.23ms | tok/sec: 28,482 | bf16_mfu: 0.00 | epoch: 1 pq: 0 rg: 21 | total time: 4.41m | eta: 1.3m
step 00465/00600 (77.50%) | loss: 4.846336 | lrm: 0.38 | dt: 530.45ms | tok/sec: 30,886 | bf16_mfu: 0.00 | epoch: 1 pq: 0 rg: 21 | total time: 4.42m | eta: 1.3m
step 00466/00600 (77.67%) | loss: 4.825038 | lrm: 0.38 | dt: 561.37ms | tok/sec: 29,185 | bf16_mfu: 0.00 | epoch: 1 pq: 0 rg: 21 | total time: 4.43m | eta: 1.3m
step 00467/00600 (77.83%) | loss: 4.820721 | lrm: 0.37 | dt: 574.11ms | tok/sec: 28,537 | bf16_mfu: 0.00 | epoch: 1 pq: 0 rg: 21 | total time: 4.44m | eta: 1.3m
step 00468/00600 (78.00%) | loss: 4.829975 | lrm: 0.37 | dt: 535.16ms | tok/sec: 30,614 | bf16_mfu: 0.00 | epoch: 1 pq: 0 rg: 21 | total time: 4.45m | eta: 1.3m
step 00469/00600 (78.17%) | loss: 4.843308 | lrm: 0.37 | dt: 584.88ms | tok/sec: 28,012 | bf16_mfu: 0.00 | epoch: 1 pq: 0 rg: 21 | total time: 4.46m | eta: 1.3m
step 00470/00600 (78.33%) | loss: 4.845641 | lrm: 0.37 | dt: 583.49ms | tok/sec: 28,079 | bf16_mfu: 0.00 | epoch: 1 pq: 0 rg: 21 | total time: 4.47m | eta: 1.3m
step 00471/00600 (78.50%) | loss: 4.845244 | lrm: 0.36 | dt: 552.91ms | tok/sec: 29,632 | bf16_mfu: 0.00 | epoch: 1 pq: 0 rg: 21 | total time: 4.48m | eta: 1.3m
step 00472/00600 (78.67%) | loss: 4.822705 | lrm: 0.36 | dt: 619.17ms | tok/sec: 26,461 | bf16_mfu: 0.00 | epoch: 1 pq: 0 rg: 21 | total time: 4.49m | eta: 1.2m
step 00473/00600 (78.83%) | loss: 4.827049 | lrm: 0.36 | dt: 573.10ms | tok/sec: 28,588 | bf16_mfu: 0.00 | epoch: 1 pq: 0 rg: 21 | total time: 4.50m | eta: 1.2m
step 00474/00600 (79.00%) | loss: 4.831452 | lrm: 0.36 | dt: 584.00ms | tok/sec: 28,054 | bf16_mfu: 0.00 | epoch: 1 pq: 0 rg: 21 | total time: 4.51m | eta: 1.2m
step 00475/00600 (79.17%) | loss: 4.832592 | lrm: 0.35 | dt: 609.61ms | tok/sec: 26,876 | bf16_mfu: 0.00 | epoch: 1 pq: 0 rg: 21 | total time: 4.52m | eta: 1.2m
step 00476/00600 (79.33%) | loss: 4.829891 | lrm: 0.35 | dt: 573.30ms | tok/sec: 28,578 | bf16_mfu: 0.00 | epoch: 1 pq: 0 rg: 21 | total time: 4.53m | eta: 1.2m
step 00477/00600 (79.50%) | loss: 4.850535 | lrm: 0.35 | dt: 560.46ms | tok/sec: 29,233 | bf16_mfu: 0.00 | epoch: 1 pq: 0 rg: 21 | total time: 4.54m | eta: 1.2m
step 00478/00600 (79.67%) | loss: 4.843724 | lrm: 0.35 | dt: 610.34ms | tok/sec: 26,844 | bf16_mfu: 0.00 | epoch: 1 pq: 0 rg: 22 | total time: 4.55m | eta: 1.2m
step 00479/00600 (79.83%) | loss: 4.832115 | lrm: 0.34 | dt: 611.30ms | tok/sec: 26,801 | bf16_mfu: 0.00 | epoch: 1 pq: 0 rg: 22 | total time: 4.56m | eta: 1.2m
step 00480/00600 (80.00%) | loss: 4.831354 | lrm: 0.34 | dt: 589.62ms | tok/sec: 27,787 | bf16_mfu: 0.00 | epoch: 1 pq: 0 rg: 22 | total time: 4.57m | eta: 1.2m
step 00481/00600 (80.17%) | loss: 4.833691 | lrm: 0.34 | dt: 534.32ms | tok/sec: 30,663 | bf16_mfu: 0.00 | epoch: 1 pq: 0 rg: 22 | total time: 4.57m | eta: 1.2m
step 00482/00600 (80.33%) | loss: 4.837564 | lrm: 0.34 | dt: 510.24ms | tok/sec: 32,110 | bf16_mfu: 0.00 | epoch: 1 pq: 0 rg: 22 | total time: 4.58m | eta: 1.1m
step 00483/00600 (80.50%) | loss: 4.837596 | lrm: 0.33 | dt: 517.15ms | tok/sec: 31,681 | bf16_mfu: 0.00 | epoch: 1 pq: 0 rg: 22 | total time: 4.59m | eta: 1.1m
step 00484/00600 (80.67%) | loss: 4.838332 | lrm: 0.33 | dt: 512.07ms | tok/sec: 31,995 | bf16_mfu: 0.00 | epoch: 1 pq: 0 rg: 22 | total time: 4.60m | eta: 1.1m
step 00485/00600 (80.83%) | loss: 4.817264 | lrm: 0.33 | dt: 519.28ms | tok/sec: 31,551 | bf16_mfu: 0.00 | epoch: 1 pq: 0 rg: 22 | total time: 4.61m | eta: 1.1m
step 00486/00600 (81.00%) | loss: 4.808378 | lrm: 0.33 | dt: 515.35ms | tok/sec: 31,791 | bf16_mfu: 0.00 | epoch: 1 pq: 0 rg: 22 | total time: 4.62m | eta: 1.1m
step 00487/00600 (81.17%) | loss: 4.797066 | lrm: 0.33 | dt: 518.00ms | tok/sec: 31,629 | bf16_mfu: 0.00 | epoch: 1 pq: 0 rg: 22 | total time: 4.63m | eta: 1.1m
step 00488/00600 (81.33%) | loss: 4.793159 | lrm: 0.32 | dt: 497.89ms | tok/sec: 32,906 | bf16_mfu: 0.00 | epoch: 1 pq: 0 rg: 22 | total time: 4.63m | eta: 1.1m
step 00489/00600 (81.50%) | loss: 4.794525 | lrm: 0.32 | dt: 522.50ms | tok/sec: 31,357 | bf16_mfu: 0.00 | epoch: 1 pq: 0 rg: 22 | total time: 4.64m | eta: 1.1m
step 00490/00600 (81.67%) | loss: 4.785242 | lrm: 0.32 | dt: 522.58ms | tok/sec: 31,352 | bf16_mfu: 0.00 | epoch: 1 pq: 0 rg: 22 | total time: 4.65m | eta: 1.1m
step 00491/00600 (81.83%) | loss: 4.783441 | lrm: 0.32 | dt: 504.72ms | tok/sec: 32,461 | bf16_mfu: 0.00 | epoch: 1 pq: 0 rg: 22 | total time: 4.66m | eta: 1.1m
step 00492/00600 (82.00%) | loss: 4.770694 | lrm: 0.31 | dt: 522.37ms | tok/sec: 31,364 | bf16_mfu: 0.00 | epoch: 1 pq: 0 rg: 22 | total time: 4.67m | eta: 1.0m
step 00493/00600 (82.17%) | loss: 4.757756 | lrm: 0.31 | dt: 500.95ms | tok/sec: 32,705 | bf16_mfu: 0.00 | epoch: 1 pq: 0 rg: 22 | total time: 4.68m | eta: 1.0m
step 00494/00600 (82.33%) | loss: 4.758241 | lrm: 0.31 | dt: 516.16ms | tok/sec: 31,742 | bf16_mfu: 0.00 | epoch: 1 pq: 0 rg: 22 | total time: 4.69m | eta: 1.0m
step 00495/00600 (82.50%) | loss: 4.758745 | lrm: 0.31 | dt: 522.23ms | tok/sec: 31,373 | bf16_mfu: 0.00 | epoch: 1 pq: 0 rg: 22 | total time: 4.69m | eta: 1.0m
step 00496/00600 (82.67%) | loss: 4.769379 | lrm: 0.30 | dt: 491.88ms | tok/sec: 33,308 | bf16_mfu: 0.00 | epoch: 1 pq: 0 rg: 22 | total time: 4.70m | eta: 1.0m
step 00497/00600 (82.83%) | loss: 4.769792 | lrm: 0.30 | dt: 481.49ms | tok/sec: 34,027 | bf16_mfu: 0.00 | epoch: 1 pq: 0 rg: 22 | total time: 4.71m | eta: 1.0m
step 00498/00600 (83.00%) | loss: 4.762731 | lrm: 0.30 | dt: 493.78ms | tok/sec: 33,180 | bf16_mfu: 0.00 | epoch: 1 pq: 0 rg: 22 | total time: 4.72m | eta: 1.0m
step 00499/00600 (83.17%) | loss: 4.768611 | lrm: 0.30 | dt: 493.85ms | tok/sec: 33,175 | bf16_mfu: 0.00 | epoch: 1 pq: 0 rg: 22 | total time: 4.73m | eta: 1.0m
Step 00500 | Validation bpb: 1.482337
step 00500/00600 (83.33%) | loss: 4.760197 | lrm: 0.29 | dt: 524.20ms | tok/sec: 31,255 | bf16_mfu: 0.00 | epoch: 1 pq: 0 rg: 22 | total time: 4.74m | eta: 1.0m
step 00501/00600 (83.50%) | loss: 4.753407 | lrm: 0.29 | dt: 499.22ms | tok/sec: 32,819 | bf16_mfu: 0.00 | epoch: 1 pq: 0 rg: 23 | total time: 4.74m | eta: 1.0m
step 00502/00600 (83.67%) | loss: 4.755611 | lrm: 0.29 | dt: 497.87ms | tok/sec: 32,908 | bf16_mfu: 0.00 | epoch: 1 pq: 0 rg: 23 | total time: 4.75m | eta: 0.9m
step 00503/00600 (83.83%) | loss: 4.771857 | lrm: 0.29 | dt: 537.92ms | tok/sec: 30,458 | bf16_mfu: 0.00 | epoch: 1 pq: 0 rg: 23 | total time: 4.76m | eta: 0.9m
step 00504/00600 (84.00%) | loss: 4.763255 | lrm: 0.28 | dt: 525.80ms | tok/sec: 31,159 | bf16_mfu: 0.00 | epoch: 1 pq: 0 rg: 23 | total time: 4.77m | eta: 0.9m
step 00505/00600 (84.17%) | loss: 4.742923 | lrm: 0.28 | dt: 521.23ms | tok/sec: 31,433 | bf16_mfu: 0.00 | epoch: 1 pq: 0 rg: 23 | total time: 4.78m | eta: 0.9m
step 00506/00600 (84.33%) | loss: 4.749304 | lrm: 0.28 | dt: 531.32ms | tok/sec: 30,836 | bf16_mfu: 0.00 | epoch: 1 pq: 0 rg: 23 | total time: 4.79m | eta: 0.9m
step 00507/00600 (84.50%) | loss: 4.731739 | lrm: 0.28 | dt: 517.75ms | tok/sec: 31,644 | bf16_mfu: 0.00 | epoch: 1 pq: 0 rg: 23 | total time: 4.80m | eta: 0.9m
step 00508/00600 (84.67%) | loss: 4.738696 | lrm: 0.27 | dt: 522.17ms | tok/sec: 31,376 | bf16_mfu: 0.00 | epoch: 1 pq: 0 rg: 23 | total time: 4.81m | eta: 0.9m
step 00509/00600 (84.83%) | loss: 4.746618 | lrm: 0.27 | dt: 533.03ms | tok/sec: 30,737 | bf16_mfu: 0.00 | epoch: 1 pq: 0 rg: 23 | total time: 4.81m | eta: 0.9m
step 00510/00600 (85.00%) | loss: 4.735135 | lrm: 0.27 | dt: 653.54ms | tok/sec: 25,069 | bf16_mfu: 0.00 | epoch: 1 pq: 0 rg: 23 | total time: 4.83m | eta: 0.9m
step 00511/00600 (85.17%) | loss: 4.728474 | lrm: 0.27 | dt: 578.75ms | tok/sec: 28,309 | bf16_mfu: 0.00 | epoch: 1 pq: 0 rg: 23 | total time: 4.83m | eta: 0.9m
step 00512/00600 (85.33%) | loss: 4.718702 | lrm: 0.26 | dt: 598.64ms | tok/sec: 27,368 | bf16_mfu: 0.00 | epoch: 1 pq: 0 rg: 23 | total time: 4.84m | eta: 0.8m
step 00513/00600 (85.50%) | loss: 4.714476 | lrm: 0.26 | dt: 559.98ms | tok/sec: 29,257 | bf16_mfu: 0.00 | epoch: 1 pq: 0 rg: 23 | total time: 4.85m | eta: 0.8m
step 00514/00600 (85.67%) | loss: 4.709893 | lrm: 0.26 | dt: 565.59ms | tok/sec: 28,967 | bf16_mfu: 0.00 | epoch: 1 pq: 0 rg: 23 | total time: 4.86m | eta: 0.8m
step 00515/00600 (85.83%) | loss: 4.708071 | lrm: 0.26 | dt: 540.34ms | tok/sec: 30,321 | bf16_mfu: 0.00 | epoch: 1 pq: 0 rg: 23 | total time: 4.87m | eta: 0.8m
step 00516/00600 (86.00%) | loss: 4.689674 | lrm: 0.25 | dt: 596.41ms | tok/sec: 27,471 | bf16_mfu: 0.00 | epoch: 1 pq: 0 rg: 23 | total time: 4.88m | eta: 0.8m
step 00517/00600 (86.17%) | loss: 4.693552 | lrm: 0.25 | dt: 508.85ms | tok/sec: 32,198 | bf16_mfu: 0.00 | epoch: 1 pq: 0 rg: 23 | total time: 4.89m | eta: 0.8m
step 00518/00600 (86.33%) | loss: 4.701501 | lrm: 0.25 | dt: 555.12ms | tok/sec: 29,514 | bf16_mfu: 0.00 | epoch: 1 pq: 0 rg: 23 | total time: 4.90m | eta: 0.8m
step 00519/00600 (86.50%) | loss: 4.696319 | lrm: 0.25 | dt: 593.37ms | tok/sec: 27,611 | bf16_mfu: 0.00 | epoch: 1 pq: 0 rg: 23 | total time: 4.91m | eta: 0.8m
step 00520/00600 (86.67%) | loss: 4.702544 | lrm: 0.24 | dt: 539.86ms | tok/sec: 30,348 | bf16_mfu: 0.00 | epoch: 1 pq: 0 rg: 23 | total time: 4.92m | eta: 0.8m
step 00521/00600 (86.83%) | loss: 4.706957 | lrm: 0.24 | dt: 596.01ms | tok/sec: 27,489 | bf16_mfu: 0.00 | epoch: 1 pq: 0 rg: 23 | total time: 4.93m | eta: 0.8m
step 00522/00600 (87.00%) | loss: 4.698070 | lrm: 0.24 | dt: 641.38ms | tok/sec: 25,544 | bf16_mfu: 0.00 | epoch: 1 pq: 0 rg: 23 | total time: 4.94m | eta: 0.8m
step 00523/00600 (87.17%) | loss: 4.697850 | lrm: 0.24 | dt: 596.69ms | tok/sec: 27,458 | bf16_mfu: 0.00 | epoch: 1 pq: 0 rg: 23 | total time: 4.95m | eta: 0.7m
step 00524/00600 (87.33%) | loss: 4.706508 | lrm: 0.24 | dt: 585.94ms | tok/sec: 27,961 | bf16_mfu: 0.00 | epoch: 1 pq: 0 rg: 23 | total time: 4.96m | eta: 0.7m
step 00525/00600 (87.50%) | loss: 4.694393 | lrm: 0.23 | dt: 610.46ms | tok/sec: 26,838 | bf16_mfu: 0.00 | epoch: 1 pq: 0 rg: 24 | total time: 4.97m | eta: 0.7m
step 00526/00600 (87.67%) | loss: 4.703330 | lrm: 0.23 | dt: 499.87ms | tok/sec: 32,776 | bf16_mfu: 0.00 | epoch: 1 pq: 0 rg: 24 | total time: 4.98m | eta: 0.7m
step 00527/00600 (87.83%) | loss: 4.688090 | lrm: 0.23 | dt: 542.20ms | tok/sec: 30,217 | bf16_mfu: 0.00 | epoch: 1 pq: 0 rg: 24 | total time: 4.99m | eta: 0.7m
step 00528/00600 (88.00%) | loss: 4.672678 | lrm: 0.23 | dt: 647.41ms | tok/sec: 25,306 | bf16_mfu: 0.00 | epoch: 1 pq: 0 rg: 24 | total time: 5.00m | eta: 0.7m
step 00529/00600 (88.17%) | loss: 4.685890 | lrm: 0.22 | dt: 479.65ms | tok/sec: 34,157 | bf16_mfu: 0.00 | epoch: 1 pq: 0 rg: 24 | total time: 5.01m | eta: 0.7m
step 00530/00600 (88.33%) | loss: 4.685257 | lrm: 0.22 | dt: 516.99ms | tok/sec: 31,690 | bf16_mfu: 0.00 | epoch: 1 pq: 0 rg: 24 | total time: 5.01m | eta: 0.7m
step 00531/00600 (88.50%) | loss: 4.691203 | lrm: 0.22 | dt: 524.51ms | tok/sec: 31,236 | bf16_mfu: 0.00 | epoch: 1 pq: 0 rg: 24 | total time: 5.02m | eta: 0.7m
step 00532/00600 (88.67%) | loss: 4.682985 | lrm: 0.22 | dt: 515.87ms | tok/sec: 31,759 | bf16_mfu: 0.00 | epoch: 1 pq: 0 rg: 24 | total time: 5.03m | eta: 0.7m
step 00533/00600 (88.83%) | loss: 4.678155 | lrm: 0.21 | dt: 519.22ms | tok/sec: 31,555 | bf16_mfu: 0.00 | epoch: 1 pq: 0 rg: 24 | total time: 5.04m | eta: 0.6m
step 00534/00600 (89.00%) | loss: 4.684723 | lrm: 0.21 | dt: 519.47ms | tok/sec: 31,539 | bf16_mfu: 0.00 | epoch: 1 pq: 0 rg: 24 | total time: 5.05m | eta: 0.6m
step 00535/00600 (89.17%) | loss: 4.694846 | lrm: 0.21 | dt: 509.78ms | tok/sec: 32,139 | bf16_mfu: 0.00 | epoch: 1 pq: 0 rg: 24 | total time: 5.06m | eta: 0.6m
step 00536/00600 (89.33%) | loss: 4.698771 | lrm: 0.21 | dt: 494.42ms | tok/sec: 33,137 | bf16_mfu: 0.00 | epoch: 1 pq: 0 rg: 24 | total time: 5.07m | eta: 0.6m
step 00537/00600 (89.50%) | loss: 4.710141 | lrm: 0.20 | dt: 490.15ms | tok/sec: 33,426 | bf16_mfu: 0.00 | epoch: 1 pq: 0 rg: 24 | total time: 5.07m | eta: 0.6m
step 00538/00600 (89.67%) | loss: 4.691714 | lrm: 0.20 | dt: 524.71ms | tok/sec: 31,224 | bf16_mfu: 0.00 | epoch: 1 pq: 0 rg: 24 | total time: 5.08m | eta: 0.6m
step 00539/00600 (89.83%) | loss: 4.673399 | lrm: 0.20 | dt: 513.68ms | tok/sec: 31,895 | bf16_mfu: 0.00 | epoch: 1 pq: 0 rg: 24 | total time: 5.09m | eta: 0.6m
step 00540/00600 (90.00%) | loss: 4.685667 | lrm: 0.20 | dt: 506.87ms | tok/sec: 32,323 | bf16_mfu: 0.00 | epoch: 1 pq: 0 rg: 24 | total time: 5.10m | eta: 0.6m
step 00541/00600 (90.17%) | loss: 4.701687 | lrm: 0.19 | dt: 503.85ms | tok/sec: 32,517 | bf16_mfu: 0.00 | epoch: 1 pq: 0 rg: 24 | total time: 5.11m | eta: 0.6m
step 00542/00600 (90.33%) | loss: 4.688934 | lrm: 0.19 | dt: 521.84ms | tok/sec: 31,396 | bf16_mfu: 0.00 | epoch: 1 pq: 0 rg: 24 | total time: 5.12m | eta: 0.6m
step 00543/00600 (90.50%) | loss: 4.698798 | lrm: 0.19 | dt: 529.40ms | tok/sec: 30,947 | bf16_mfu: 0.00 | epoch: 1 pq: 0 rg: 24 | total time: 5.13m | eta: 0.5m
step 00544/00600 (90.67%) | loss: 4.704656 | lrm: 0.19 | dt: 628.54ms | tok/sec: 26,066 | bf16_mfu: 0.00 | epoch: 1 pq: 0 rg: 24 | total time: 5.14m | eta: 0.5m
step 00545/00600 (90.83%) | loss: 4.703992 | lrm: 0.18 | dt: 591.01ms | tok/sec: 27,721 | bf16_mfu: 0.00 | epoch: 1 pq: 0 rg: 24 | total time: 5.15m | eta: 0.5m
step 00546/00600 (91.00%) | loss: 4.712319 | lrm: 0.18 | dt: 498.83ms | tok/sec: 32,845 | bf16_mfu: 0.00 | epoch: 1 pq: 0 rg: 24 | total time: 5.15m | eta: 0.5m
step 00547/00600 (91.17%) | loss: 4.699671 | lrm: 0.18 | dt: 576.20ms | tok/sec: 28,434 | bf16_mfu: 0.00 | epoch: 1 pq: 0 rg: 24 | total time: 5.16m | eta: 0.5m
step 00548/00600 (91.33%) | loss: 4.703587 | lrm: 0.18 | dt: 591.08ms | tok/sec: 27,718 | bf16_mfu: 0.00 | epoch: 1 pq: 0 rg: 25 | total time: 5.17m | eta: 0.5m
step 00549/00600 (91.50%) | loss: 4.702925 | lrm: 0.17 | dt: 567.31ms | tok/sec: 28,879 | bf16_mfu: 0.00 | epoch: 1 pq: 0 rg: 25 | total time: 5.18m | eta: 0.5m
step 00550/00600 (91.67%) | loss: 4.715708 | lrm: 0.17 | dt: 532.65ms | tok/sec: 30,759 | bf16_mfu: 0.00 | epoch: 1 pq: 0 rg: 25 | total time: 5.19m | eta: 0.5m
step 00551/00600 (91.83%) | loss: 4.729941 | lrm: 0.17 | dt: 619.63ms | tok/sec: 26,441 | bf16_mfu: 0.00 | epoch: 1 pq: 0 rg: 25 | total time: 5.20m | eta: 0.5m
step 00552/00600 (92.00%) | loss: 4.722155 | lrm: 0.17 | dt: 566.75ms | tok/sec: 28,908 | bf16_mfu: 0.00 | epoch: 1 pq: 0 rg: 25 | total time: 5.21m | eta: 0.5m
step 00553/00600 (92.17%) | loss: 4.735242 | lrm: 0.16 | dt: 561.61ms | tok/sec: 29,173 | bf16_mfu: 0.00 | epoch: 1 pq: 0 rg: 25 | total time: 5.22m | eta: 0.5m
step 00554/00600 (92.33%) | loss: 4.727593 | lrm: 0.16 | dt: 594.10ms | tok/sec: 27,578 | bf16_mfu: 0.00 | epoch: 1 pq: 0 rg: 25 | total time: 5.23m | eta: 0.4m
step 00555/00600 (92.50%) | loss: 4.718124 | lrm: 0.16 | dt: 541.11ms | tok/sec: 30,278 | bf16_mfu: 0.00 | epoch: 1 pq: 0 rg: 25 | total time: 5.24m | eta: 0.4m
step 00556/00600 (92.67%) | loss: 4.721140 | lrm: 0.16 | dt: 544.34ms | tok/sec: 30,098 | bf16_mfu: 0.00 | epoch: 1 pq: 0 rg: 25 | total time: 5.25m | eta: 0.4m
step 00557/00600 (92.83%) | loss: 4.707316 | lrm: 0.15 | dt: 608.28ms | tok/sec: 26,935 | bf16_mfu: 0.00 | epoch: 1 pq: 0 rg: 25 | total time: 5.26m | eta: 0.4m
step 00558/00600 (93.00%) | loss: 4.710744 | lrm: 0.15 | dt: 610.26ms | tok/sec: 26,847 | bf16_mfu: 0.00 | epoch: 1 pq: 0 rg: 25 | total time: 5.27m | eta: 0.4m
step 00559/00600 (93.17%) | loss: 4.707050 | lrm: 0.15 | dt: 628.29ms | tok/sec: 26,076 | bf16_mfu: 0.00 | epoch: 1 pq: 0 rg: 25 | total time: 5.28m | eta: 0.4m
step 00560/00600 (93.33%) | loss: 4.707398 | lrm: 0.15 | dt: 578.77ms | tok/sec: 28,308 | bf16_mfu: 0.00 | epoch: 1 pq: 0 rg: 25 | total time: 5.29m | eta: 0.4m
step 00561/00600 (93.50%) | loss: 4.704240 | lrm: 0.15 | dt: 537.41ms | tok/sec: 30,486 | bf16_mfu: 0.00 | epoch: 1 pq: 0 rg: 25 | total time: 5.30m | eta: 0.4m
step 00562/00600 (93.67%) | loss: 4.710864 | lrm: 0.14 | dt: 702.09ms | tok/sec: 23,335 | bf16_mfu: 0.00 | epoch: 1 pq: 0 rg: 25 | total time: 5.31m | eta: 0.4m
step 00563/00600 (93.83%) | loss: 4.702503 | lrm: 0.14 | dt: 576.24ms | tok/sec: 28,432 | bf16_mfu: 0.00 | epoch: 1 pq: 0 rg: 25 | total time: 5.32m | eta: 0.4m
step 00564/00600 (94.00%) | loss: 4.717592 | lrm: 0.14 | dt: 634.80ms | tok/sec: 25,809 | bf16_mfu: 0.00 | epoch: 1 pq: 0 rg: 25 | total time: 5.33m | eta: 0.3m
step 00565/00600 (94.17%) | loss: 4.717344 | lrm: 0.14 | dt: 535.87ms | tok/sec: 30,574 | bf16_mfu: 0.00 | epoch: 1 pq: 0 rg: 25 | total time: 5.34m | eta: 0.3m
step 00566/00600 (94.33%) | loss: 4.712311 | lrm: 0.13 | dt: 651.88ms | tok/sec: 25,133 | bf16_mfu: 0.00 | epoch: 1 pq: 0 rg: 25 | total time: 5.35m | eta: 0.3m
step 00567/00600 (94.50%) | loss: 4.711054 | lrm: 0.13 | dt: 571.79ms | tok/sec: 28,653 | bf16_mfu: 0.00 | epoch: 1 pq: 0 rg: 25 | total time: 5.36m | eta: 0.3m
step 00568/00600 (94.67%) | loss: 4.698199 | lrm: 0.13 | dt: 602.84ms | tok/sec: 27,178 | bf16_mfu: 0.00 | epoch: 1 pq: 0 rg: 25 | total time: 5.37m | eta: 0.3m
step 00569/00600 (94.83%) | loss: 4.694937 | lrm: 0.13 | dt: 540.78ms | tok/sec: 30,296 | bf16_mfu: 0.00 | epoch: 1 pq: 0 rg: 25 | total time: 5.38m | eta: 0.3m
step 00570/00600 (95.00%) | loss: 4.698804 | lrm: 0.12 | dt: 512.30ms | tok/sec: 31,981 | bf16_mfu: 0.00 | epoch: 1 pq: 0 rg: 25 | total time: 5.39m | eta: 0.3m
step 00571/00600 (95.17%) | loss: 4.700066 | lrm: 0.12 | dt: 591.63ms | tok/sec: 27,693 | bf16_mfu: 0.00 | epoch: 1 pq: 0 rg: 25 | total time: 5.40m | eta: 0.3m
step 00572/00600 (95.33%) | loss: 4.681822 | lrm: 0.12 | dt: 633.24ms | tok/sec: 25,873 | bf16_mfu: 0.00 | epoch: 1 pq: 0 rg: 26 | total time: 5.41m | eta: 0.3m
step 00573/00600 (95.50%) | loss: 4.682024 | lrm: 0.12 | dt: 644.70ms | tok/sec: 25,413 | bf16_mfu: 0.00 | epoch: 1 pq: 0 rg: 26 | total time: 5.42m | eta: 0.3m
step 00574/00600 (95.67%) | loss: 4.676500 | lrm: 0.11 | dt: 588.68ms | tok/sec: 27,831 | bf16_mfu: 0.00 | epoch: 1 pq: 0 rg: 26 | total time: 5.43m | eta: 0.3m
step 00575/00600 (95.83%) | loss: 4.669891 | lrm: 0.11 | dt: 614.96ms | tok/sec: 26,642 | bf16_mfu: 0.00 | epoch: 1 pq: 0 rg: 26 | total time: 5.44m | eta: 0.2m
step 00576/00600 (96.00%) | loss: 4.673115 | lrm: 0.11 | dt: 576.94ms | tok/sec: 28,397 | bf16_mfu: 0.00 | epoch: 1 pq: 0 rg: 26 | total time: 5.45m | eta: 0.2m
step 00577/00600 (96.17%) | loss: 4.661046 | lrm: 0.11 | dt: 573.49ms | tok/sec: 28,568 | bf16_mfu: 0.00 | epoch: 1 pq: 0 rg: 26 | total time: 5.46m | eta: 0.2m
step 00578/00600 (96.33%) | loss: 4.655929 | lrm: 0.10 | dt: 515.26ms | tok/sec: 31,797 | bf16_mfu: 0.00 | epoch: 1 pq: 0 rg: 26 | total time: 5.47m | eta: 0.2m
step 00579/00600 (96.50%) | loss: 4.649966 | lrm: 0.10 | dt: 504.34ms | tok/sec: 32,486 | bf16_mfu: 0.00 | epoch: 1 pq: 0 rg: 26 | total time: 5.47m | eta: 0.2m
step 00580/00600 (96.67%) | loss: 4.654365 | lrm: 0.10 | dt: 530.18ms | tok/sec: 30,902 | bf16_mfu: 0.00 | epoch: 1 pq: 0 rg: 26 | total time: 5.48m | eta: 0.2m
step 00581/00600 (96.83%) | loss: 4.637033 | lrm: 0.10 | dt: 583.41ms | tok/sec: 28,083 | bf16_mfu: 0.00 | epoch: 1 pq: 0 rg: 26 | total time: 5.49m | eta: 0.2m
step 00582/00600 (97.00%) | loss: 4.638558 | lrm: 0.09 | dt: 541.16ms | tok/sec: 30,275 | bf16_mfu: 0.00 | epoch: 1 pq: 0 rg: 26 | total time: 5.50m | eta: 0.2m
step 00583/00600 (97.17%) | loss: 4.656718 | lrm: 0.09 | dt: 620.12ms | tok/sec: 26,420 | bf16_mfu: 0.00 | epoch: 1 pq: 0 rg: 26 | total time: 5.51m | eta: 0.2m
step 00584/00600 (97.33%) | loss: 4.665330 | lrm: 0.09 | dt: 592.76ms | tok/sec: 27,640 | bf16_mfu: 0.00 | epoch: 1 pq: 0 rg: 26 | total time: 5.52m | eta: 0.2m
step 00585/00600 (97.50%) | loss: 4.673789 | lrm: 0.09 | dt: 630.44ms | tok/sec: 25,988 | bf16_mfu: 0.00 | epoch: 1 pq: 0 rg: 26 | total time: 5.53m | eta: 0.1m
step 00586/00600 (97.67%) | loss: 4.682889 | lrm: 0.08 | dt: 602.02ms | tok/sec: 27,215 | bf16_mfu: 0.00 | epoch: 1 pq: 0 rg: 26 | total time: 5.54m | eta: 0.1m
step 00587/00600 (97.83%) | loss: 4.680721 | lrm: 0.08 | dt: 558.27ms | tok/sec: 29,348 | bf16_mfu: 0.00 | epoch: 1 pq: 0 rg: 26 | total time: 5.55m | eta: 0.1m
step 00588/00600 (98.00%) | loss: 4.688564 | lrm: 0.08 | dt: 598.18ms | tok/sec: 27,389 | bf16_mfu: 0.00 | epoch: 1 pq: 0 rg: 26 | total time: 5.56m | eta: 0.1m
step 00589/00600 (98.17%) | loss: 4.670149 | lrm: 0.08 | dt: 623.25ms | tok/sec: 26,287 | bf16_mfu: 0.00 | epoch: 1 pq: 0 rg: 26 | total time: 5.57m | eta: 0.1m
step 00590/00600 (98.33%) | loss: 4.673764 | lrm: 0.07 | dt: 552.04ms | tok/sec: 29,678 | bf16_mfu: 0.00 | epoch: 1 pq: 0 rg: 26 | total time: 5.58m | eta: 0.1m
step 00591/00600 (98.50%) | loss: 4.672933 | lrm: 0.07 | dt: 623.47ms | tok/sec: 26,278 | bf16_mfu: 0.00 | epoch: 1 pq: 0 rg: 26 | total time: 5.59m | eta: 0.1m
step 00592/00600 (98.67%) | loss: 4.694402 | lrm: 0.07 | dt: 499.45ms | tok/sec: 32,803 | bf16_mfu: 0.00 | epoch: 1 pq: 0 rg: 26 | total time: 5.60m | eta: 0.1m
step 00593/00600 (98.83%) | loss: 4.696582 | lrm: 0.07 | dt: 628.77ms | tok/sec: 26,057 | bf16_mfu: 0.00 | epoch: 1 pq: 0 rg: 26 | total time: 5.61m | eta: 0.1m
step 00594/00600 (99.00%) | loss: 4.687563 | lrm: 0.06 | dt: 613.34ms | tok/sec: 26,712 | bf16_mfu: 0.00 | epoch: 1 pq: 0 rg: 26 | total time: 5.62m | eta: 0.1m
step 00595/00600 (99.17%) | loss: 4.701901 | lrm: 0.06 | dt: 497.33ms | tok/sec: 32,943 | bf16_mfu: 0.00 | epoch: 1 pq: 0 rg: 27 | total time: 5.63m | eta: 0.0m
step 00596/00600 (99.33%) | loss: 4.686840 | lrm: 0.06 | dt: 581.60ms | tok/sec: 28,170 | bf16_mfu: 0.00 | epoch: 1 pq: 0 rg: 27 | total time: 5.64m | eta: 0.0m
step 00597/00600 (99.50%) | loss: 4.693618 | lrm: 0.06 | dt: 650.33ms | tok/sec: 25,193 | bf16_mfu: 0.00 | epoch: 1 pq: 0 rg: 27 | total time: 5.65m | eta: 0.0m
step 00598/00600 (99.67%) | loss: 4.703039 | lrm: 0.05 | dt: 693.83ms | tok/sec: 23,613 | bf16_mfu: 0.00 | epoch: 1 pq: 0 rg: 27 | total time: 5.66m | eta: 0.0m
step 00599/00600 (99.83%) | loss: 4.699708 | lrm: 0.05 | dt: 616.94ms | tok/sec: 26,556 | bf16_mfu: 0.00 | epoch: 1 pq: 0 rg: 27 | total time: 5.67m | eta: 0.0m
Step 00600 | Validation bpb: 1.451009
2026-08-24 21:15:52,985 - nanochat.checkpoint_manager - [32m[1mINFO[0m - Saved model parameters to: /Users/frankfacundo/.cache/nanochat/base_checkpoints/w2_lr-double/model_000600.pt
2026-08-24 21:15:52,985 - nanochat.checkpoint_manager - [32m[1mINFO[0m - Saved metadata to: /Users/frankfacundo/.cache/nanochat/base_checkpoints/w2_lr-double/meta_000600.json
2026-08-24 21:15:53,661 - nanochat.checkpoint_manager - [32m[1mINFO[0m - Saved optimizer state to: /Users/frankfacundo/.cache/nanochat/base_checkpoints/w2_lr-double/optim_000600_rank0.pt
Peak memory usage: 11708.20MiB
Total training time: 5.67m
Minimum validation bpb: 1.451009
