
                                                       █████                █████
                                                      ░░███                ░░███
     ████████    ██████   ████████    ██████   ██████  ░███████    ██████  ███████
    ░░███░░███  ░░░░░███ ░░███░░███  ███░░███ ███░░███ ░███░░███  ░░░░░███░░░███░
     ░███ ░███   ███████  ░███ ░███ ░███ ░███░███ ░░░  ░███ ░███   ███████  ░███
     ░███ ░███  ███░░███  ░███ ░███ ░███ ░███░███  ███ ░███ ░███  ███░░███  ░███ ███
     ████ █████░░████████ ████ █████░░██████ ░░██████  ████ █████░░███████  ░░█████
    ░░░░ ░░░░░  ░░░░░░░░ ░░░░ ░░░░░  ░░░░░░   ░░░░░░  ░░░░ ░░░░░  ░░░░░░░░   ░░░░░
    
Autodetected device type: mps
2026-08-24 21:04:00,897 - nanochat.common - [32m[1mINFO[0m - Distributed world size: 1
COMPUTE_DTYPE: torch.float32 (auto-detected: no CUDA (CPU/MPS))
!!!!!!!!!!!!!!!!!!!!!!!!!!!!!!!!!!!!!!!!!!!!!!!!!!!!!!!!!!!!!!!!!!!!!!!!!!!!!!!!
WARNING: Flash Attention 3 not available, using PyTorch SDPA fallback
WARNING: Training will be less efficient without FA3
!!!!!!!!!!!!!!!!!!!!!!!!!!!!!!!!!!!!!!!!!!!!!!!!!!!!!!!!!!!!!!!!!!!!!!!!!!!!!!!!
Vocab size: 32,768
Model config:
{
  "sequence_len": 512,
  "vocab_size": 32768,
  "n_layer": 6,
  "n_head": 6,
  "n_kv_head": 6,
  "n_embd": 384,
  "window_pattern": "L",
  "tie_embeddings": false
}
Parameter counts:
wte                     : 12,582,912
value_embeds            : 37,748,736
lm_head                 : 12,582,912
transformer_matrices    : 10,617,048
scalars                 : 38
total                   : 73,531,646
Estimated FLOPs per token: 1.533557e+08
Scaling LRs by 0.1768 for batch size 16,384 (reference: 524,288)
Scaling weight decay from 0.280000 to 0.234903 for depth 6
Scaling the LR for the AdamW parameters ∝1/√(384/768) = 1.414214
Using user-provided number of iterations: 600
Total number of training tokens: 9,830,400
Tokens : Scaling params ratio: 0.42
Total training FLOPs estimate: 1.507548e+15
Tokens / micro-batch / rank: 32 x 512 = 16,384
Tokens / micro-batch: 16,384
Total batch size 16,384 => gradient accumulation steps: 1
Step 00000 | Validation bpb: 3.199714
step 00000/00600 (0.00%) | loss: 10.397530 | lrm: 0.03 | dt: 1363.97ms | tok/sec: 12,011 | bf16_mfu: 0.00 | epoch: 1 pq: 0 rg: 1 | total time: 0.00m
step 00001/00600 (0.17%) | loss: 10.396950 | lrm: 0.05 | dt: 372.40ms | tok/sec: 43,995 | bf16_mfu: 0.00 | epoch: 1 pq: 0 rg: 1 | total time: 0.00m
step 00002/00600 (0.33%) | loss: 10.395857 | lrm: 0.07 | dt: 621.91ms | tok/sec: 26,344 | bf16_mfu: 0.00 | epoch: 1 pq: 0 rg: 1 | total time: 0.00m
step 00003/00600 (0.50%) | loss: 10.394303 | lrm: 0.10 | dt: 584.48ms | tok/sec: 28,031 | bf16_mfu: 0.00 | epoch: 1 pq: 0 rg: 1 | total time: 0.00m
step 00004/00600 (0.67%) | loss: 10.392425 | lrm: 0.12 | dt: 642.30ms | tok/sec: 25,508 | bf16_mfu: 0.00 | epoch: 1 pq: 0 rg: 1 | total time: 0.00m
step 00005/00600 (0.83%) | loss: 10.390124 | lrm: 0.15 | dt: 618.80ms | tok/sec: 26,476 | bf16_mfu: 0.00 | epoch: 1 pq: 0 rg: 1 | total time: 0.00m
step 00006/00600 (1.00%) | loss: 10.386942 | lrm: 0.17 | dt: 586.15ms | tok/sec: 27,951 | bf16_mfu: 0.00 | epoch: 1 pq: 0 rg: 1 | total time: 0.00m
step 00007/00600 (1.17%) | loss: 10.383394 | lrm: 0.20 | dt: 636.43ms | tok/sec: 25,743 | bf16_mfu: 0.00 | epoch: 1 pq: 0 rg: 1 | total time: 0.00m
step 00008/00600 (1.33%) | loss: 10.378843 | lrm: 0.23 | dt: 585.58ms | tok/sec: 27,979 | bf16_mfu: 0.00 | epoch: 1 pq: 0 rg: 1 | total time: 0.00m
step 00009/00600 (1.50%) | loss: 10.373353 | lrm: 0.25 | dt: 603.92ms | tok/sec: 27,129 | bf16_mfu: 0.00 | epoch: 1 pq: 0 rg: 1 | total time: 0.00m
step 00010/00600 (1.67%) | loss: 10.366769 | lrm: 0.28 | dt: 589.81ms | tok/sec: 27,778 | bf16_mfu: 0.00 | epoch: 1 pq: 0 rg: 1 | total time: 0.00m
step 00011/00600 (1.83%) | loss: 10.358686 | lrm: 0.30 | dt: 597.41ms | tok/sec: 27,424 | bf16_mfu: 0.00 | epoch: 1 pq: 0 rg: 1 | total time: 0.01m | eta: 5.9m
step 00012/00600 (2.00%) | loss: 10.348660 | lrm: 0.33 | dt: 615.32ms | tok/sec: 26,626 | bf16_mfu: 0.00 | epoch: 1 pq: 0 rg: 1 | total time: 0.02m | eta: 5.9m
step 00013/00600 (2.17%) | loss: 10.337834 | lrm: 0.35 | dt: 614.95ms | tok/sec: 26,642 | bf16_mfu: 0.00 | epoch: 1 pq: 0 rg: 1 | total time: 0.03m | eta: 6.0m
step 00014/00600 (2.33%) | loss: 10.325604 | lrm: 0.38 | dt: 663.84ms | tok/sec: 24,680 | bf16_mfu: 0.00 | epoch: 1 pq: 0 rg: 2 | total time: 0.04m | eta: 6.1m
step 00015/00600 (2.50%) | loss: 10.308397 | lrm: 0.40 | dt: 640.52ms | tok/sec: 25,579 | bf16_mfu: 0.00 | epoch: 1 pq: 0 rg: 2 | total time: 0.05m | eta: 6.1m
step 00016/00600 (2.67%) | loss: 10.286890 | lrm: 0.42 | dt: 662.15ms | tok/sec: 24,743 | bf16_mfu: 0.00 | epoch: 1 pq: 0 rg: 2 | total time: 0.06m | eta: 6.2m
step 00017/00600 (2.83%) | loss: 10.259646 | lrm: 0.45 | dt: 660.75ms | tok/sec: 24,795 | bf16_mfu: 0.00 | epoch: 1 pq: 0 rg: 2 | total time: 0.07m | eta: 6.2m
step 00018/00600 (3.00%) | loss: 10.222161 | lrm: 0.47 | dt: 685.17ms | tok/sec: 23,912 | bf16_mfu: 0.00 | epoch: 1 pq: 0 rg: 2 | total time: 0.09m | eta: 6.2m
step 00019/00600 (3.17%) | loss: 10.145715 | lrm: 0.50 | dt: 629.16ms | tok/sec: 26,040 | bf16_mfu: 0.00 | epoch: 1 pq: 0 rg: 2 | total time: 0.10m | eta: 6.2m
step 00020/00600 (3.33%) | loss: 10.097477 | lrm: 0.53 | dt: 662.66ms | tok/sec: 24,724 | bf16_mfu: 0.00 | epoch: 1 pq: 0 rg: 2 | total time: 0.11m | eta: 6.2m
step 00021/00600 (3.50%) | loss: 10.050204 | lrm: 0.55 | dt: 632.21ms | tok/sec: 25,915 | bf16_mfu: 0.00 | epoch: 1 pq: 0 rg: 2 | total time: 0.12m | eta: 6.2m
step 00022/00600 (3.67%) | loss: 9.994991 | lrm: 0.57 | dt: 603.21ms | tok/sec: 27,161 | bf16_mfu: 0.00 | epoch: 1 pq: 0 rg: 2 | total time: 0.13m | eta: 6.2m
step 00023/00600 (3.83%) | loss: 9.929422 | lrm: 0.60 | dt: 614.23ms | tok/sec: 26,673 | bf16_mfu: 0.00 | epoch: 1 pq: 0 rg: 2 | total time: 0.14m | eta: 6.1m
step 00024/00600 (4.00%) | loss: 9.862079 | lrm: 0.62 | dt: 612.46ms | tok/sec: 26,751 | bf16_mfu: 0.00 | epoch: 1 pq: 0 rg: 2 | total time: 0.15m | eta: 6.1m
step 00025/00600 (4.17%) | loss: 9.776752 | lrm: 0.65 | dt: 593.56ms | tok/sec: 27,602 | bf16_mfu: 0.00 | epoch: 1 pq: 0 rg: 2 | total time: 0.16m | eta: 6.1m
step 00026/00600 (4.33%) | loss: 9.685032 | lrm: 0.68 | dt: 640.79ms | tok/sec: 25,568 | bf16_mfu: 0.00 | epoch: 1 pq: 0 rg: 2 | total time: 0.17m | eta: 6.1m
step 00027/00600 (4.50%) | loss: 9.584155 | lrm: 0.70 | dt: 579.64ms | tok/sec: 28,266 | bf16_mfu: 0.00 | epoch: 1 pq: 0 rg: 2 | total time: 0.18m | eta: 6.0m
step 00028/00600 (4.67%) | loss: 9.477092 | lrm: 0.72 | dt: 597.94ms | tok/sec: 27,400 | bf16_mfu: 0.00 | epoch: 1 pq: 0 rg: 2 | total time: 0.19m | eta: 6.0m
step 00029/00600 (4.83%) | loss: 9.370997 | lrm: 0.75 | dt: 633.81ms | tok/sec: 25,849 | bf16_mfu: 0.00 | epoch: 1 pq: 0 rg: 2 | total time: 0.20m | eta: 6.0m
step 00030/00600 (5.00%) | loss: 9.253676 | lrm: 0.78 | dt: 540.00ms | tok/sec: 30,340 | bf16_mfu: 0.00 | epoch: 1 pq: 0 rg: 2 | total time: 0.21m | eta: 5.9m
step 00031/00600 (5.17%) | loss: 9.127127 | lrm: 0.80 | dt: 570.37ms | tok/sec: 28,725 | bf16_mfu: 0.00 | epoch: 1 pq: 0 rg: 2 | total time: 0.22m | eta: 5.9m
step 00032/00600 (5.33%) | loss: 9.004470 | lrm: 0.82 | dt: 540.03ms | tok/sec: 30,339 | bf16_mfu: 0.00 | epoch: 1 pq: 0 rg: 2 | total time: 0.23m | eta: 5.8m
step 00033/00600 (5.50%) | loss: 8.883719 | lrm: 0.85 | dt: 563.43ms | tok/sec: 29,078 | bf16_mfu: 0.00 | epoch: 1 pq: 0 rg: 2 | total time: 0.24m | eta: 5.8m
step 00034/00600 (5.67%) | loss: 8.765419 | lrm: 0.88 | dt: 560.99ms | tok/sec: 29,205 | bf16_mfu: 0.00 | epoch: 1 pq: 0 rg: 2 | total time: 0.25m | eta: 5.8m
step 00035/00600 (5.83%) | loss: 8.661052 | lrm: 0.90 | dt: 566.35ms | tok/sec: 28,929 | bf16_mfu: 0.00 | epoch: 1 pq: 0 rg: 2 | total time: 0.25m | eta: 5.8m
step 00036/00600 (6.00%) | loss: 8.568117 | lrm: 0.93 | dt: 640.55ms | tok/sec: 25,578 | bf16_mfu: 0.00 | epoch: 1 pq: 0 rg: 2 | total time: 0.27m | eta: 5.8m
step 00037/00600 (6.17%) | loss: 8.479804 | lrm: 0.95 | dt: 564.68ms | tok/sec: 29,014 | bf16_mfu: 0.00 | epoch: 1 pq: 0 rg: 3 | total time: 0.27m | eta: 5.7m
step 00038/00600 (6.33%) | loss: 8.385109 | lrm: 0.97 | dt: 573.64ms | tok/sec: 28,561 | bf16_mfu: 0.00 | epoch: 1 pq: 0 rg: 3 | total time: 0.28m | eta: 5.7m
step 00039/00600 (6.50%) | loss: 8.297634 | lrm: 1.00 | dt: 557.48ms | tok/sec: 29,389 | bf16_mfu: 0.00 | epoch: 1 pq: 0 rg: 3 | total time: 0.29m | eta: 5.7m
step 00040/00600 (6.67%) | loss: 8.215463 | lrm: 1.00 | dt: 640.65ms | tok/sec: 25,574 | bf16_mfu: 0.00 | epoch: 1 pq: 0 rg: 3 | total time: 0.30m | eta: 5.7m
step 00041/00600 (6.83%) | loss: 8.142787 | lrm: 1.00 | dt: 639.80ms | tok/sec: 25,608 | bf16_mfu: 0.00 | epoch: 1 pq: 0 rg: 3 | total time: 0.31m | eta: 5.7m
step 00042/00600 (7.00%) | loss: 8.086944 | lrm: 1.00 | dt: 631.87ms | tok/sec: 25,929 | bf16_mfu: 0.00 | epoch: 1 pq: 0 rg: 3 | total time: 0.33m | eta: 5.7m
step 00043/00600 (7.17%) | loss: 8.018325 | lrm: 1.00 | dt: 665.79ms | tok/sec: 24,608 | bf16_mfu: 0.00 | epoch: 1 pq: 0 rg: 3 | total time: 0.34m | eta: 5.7m
step 00044/00600 (7.33%) | loss: 7.959989 | lrm: 1.00 | dt: 632.87ms | tok/sec: 25,888 | bf16_mfu: 0.00 | epoch: 1 pq: 0 rg: 3 | total time: 0.35m | eta: 5.7m
step 00045/00600 (7.50%) | loss: 7.897888 | lrm: 1.00 | dt: 658.14ms | tok/sec: 24,894 | bf16_mfu: 0.00 | epoch: 1 pq: 0 rg: 3 | total time: 0.36m | eta: 5.7m
step 00046/00600 (7.67%) | loss: 7.845545 | lrm: 1.00 | dt: 588.56ms | tok/sec: 27,837 | bf16_mfu: 0.00 | epoch: 1 pq: 0 rg: 3 | total time: 0.37m | eta: 5.7m
step 00047/00600 (7.83%) | loss: 7.794813 | lrm: 1.00 | dt: 578.81ms | tok/sec: 28,306 | bf16_mfu: 0.00 | epoch: 1 pq: 0 rg: 3 | total time: 0.38m | eta: 5.6m
step 00048/00600 (8.00%) | loss: 7.733366 | lrm: 1.00 | dt: 559.96ms | tok/sec: 29,259 | bf16_mfu: 0.00 | epoch: 1 pq: 0 rg: 3 | total time: 0.39m | eta: 5.6m
step 00049/00600 (8.17%) | loss: 7.686078 | lrm: 1.00 | dt: 552.65ms | tok/sec: 29,646 | bf16_mfu: 0.00 | epoch: 1 pq: 0 rg: 3 | total time: 0.40m | eta: 5.6m
step 00050/00600 (8.33%) | loss: 7.645848 | lrm: 1.00 | dt: 558.59ms | tok/sec: 29,330 | bf16_mfu: 0.00 | epoch: 1 pq: 0 rg: 3 | total time: 0.41m | eta: 5.6m
step 00051/00600 (8.50%) | loss: 7.615691 | lrm: 1.00 | dt: 562.30ms | tok/sec: 29,137 | bf16_mfu: 0.00 | epoch: 1 pq: 0 rg: 3 | total time: 0.41m | eta: 5.6m
step 00052/00600 (8.67%) | loss: 7.572718 | lrm: 1.00 | dt: 581.69ms | tok/sec: 28,166 | bf16_mfu: 0.00 | epoch: 1 pq: 0 rg: 3 | total time: 0.42m | eta: 5.5m
step 00053/00600 (8.83%) | loss: 7.542441 | lrm: 1.00 | dt: 553.03ms | tok/sec: 29,625 | bf16_mfu: 0.00 | epoch: 1 pq: 0 rg: 3 | total time: 0.43m | eta: 5.5m
step 00054/00600 (9.00%) | loss: 7.491839 | lrm: 1.00 | dt: 490.31ms | tok/sec: 33,415 | bf16_mfu: 0.00 | epoch: 1 pq: 0 rg: 3 | total time: 0.44m | eta: 5.5m
step 00055/00600 (9.17%) | loss: 7.457331 | lrm: 1.00 | dt: 531.40ms | tok/sec: 30,831 | bf16_mfu: 0.00 | epoch: 1 pq: 0 rg: 3 | total time: 0.45m | eta: 5.5m
step 00056/00600 (9.33%) | loss: 7.427570 | lrm: 1.00 | dt: 654.57ms | tok/sec: 25,030 | bf16_mfu: 0.00 | epoch: 1 pq: 0 rg: 3 | total time: 0.46m | eta: 5.5m
step 00057/00600 (9.50%) | loss: 7.386780 | lrm: 1.00 | dt: 570.30ms | tok/sec: 28,728 | bf16_mfu: 0.00 | epoch: 1 pq: 0 rg: 3 | total time: 0.47m | eta: 5.4m
step 00058/00600 (9.67%) | loss: 7.347817 | lrm: 1.00 | dt: 582.66ms | tok/sec: 28,119 | bf16_mfu: 0.00 | epoch: 1 pq: 0 rg: 3 | total time: 0.48m | eta: 5.4m
step 00059/00600 (9.83%) | loss: 7.306230 | lrm: 1.00 | dt: 611.88ms | tok/sec: 26,776 | bf16_mfu: 0.00 | epoch: 1 pq: 0 rg: 3 | total time: 0.49m | eta: 5.4m
step 00060/00600 (10.00%) | loss: 7.269526 | lrm: 1.00 | dt: 587.04ms | tok/sec: 27,909 | bf16_mfu: 0.00 | epoch: 1 pq: 0 rg: 4 | total time: 0.50m | eta: 5.4m
step 00061/00600 (10.17%) | loss: 7.240538 | lrm: 1.00 | dt: 560.68ms | tok/sec: 29,221 | bf16_mfu: 0.00 | epoch: 1 pq: 0 rg: 4 | total time: 0.51m | eta: 5.4m
step 00062/00600 (10.33%) | loss: 7.213921 | lrm: 1.00 | dt: 569.47ms | tok/sec: 28,770 | bf16_mfu: 0.00 | epoch: 1 pq: 0 rg: 4 | total time: 0.52m | eta: 5.4m
step 00063/00600 (10.50%) | loss: 7.163694 | lrm: 1.00 | dt: 615.63ms | tok/sec: 26,613 | bf16_mfu: 0.00 | epoch: 1 pq: 0 rg: 4 | total time: 0.53m | eta: 5.4m
step 00064/00600 (10.67%) | loss: 7.144419 | lrm: 1.00 | dt: 615.66ms | tok/sec: 26,612 | bf16_mfu: 0.00 | epoch: 1 pq: 0 rg: 4 | total time: 0.54m | eta: 5.4m
step 00065/00600 (10.83%) | loss: 7.124947 | lrm: 1.00 | dt: 534.32ms | tok/sec: 30,663 | bf16_mfu: 0.00 | epoch: 1 pq: 0 rg: 4 | total time: 0.55m | eta: 5.3m
step 00066/00600 (11.00%) | loss: 7.102173 | lrm: 1.00 | dt: 580.81ms | tok/sec: 28,209 | bf16_mfu: 0.00 | epoch: 1 pq: 0 rg: 4 | total time: 0.56m | eta: 5.3m
step 00067/00600 (11.17%) | loss: 7.076673 | lrm: 1.00 | dt: 591.23ms | tok/sec: 27,711 | bf16_mfu: 0.00 | epoch: 1 pq: 0 rg: 4 | total time: 0.57m | eta: 5.3m
step 00068/00600 (11.33%) | loss: 7.065029 | lrm: 1.00 | dt: 585.26ms | tok/sec: 27,994 | bf16_mfu: 0.00 | epoch: 1 pq: 0 rg: 4 | total time: 0.58m | eta: 5.3m
step 00069/00600 (11.50%) | loss: 7.042903 | lrm: 1.00 | dt: 579.47ms | tok/sec: 28,274 | bf16_mfu: 0.00 | epoch: 1 pq: 0 rg: 4 | total time: 0.59m | eta: 5.3m
step 00070/00600 (11.67%) | loss: 7.027302 | lrm: 1.00 | dt: 553.39ms | tok/sec: 29,606 | bf16_mfu: 0.00 | epoch: 1 pq: 0 rg: 4 | total time: 0.60m | eta: 5.3m
step 00071/00600 (11.83%) | loss: 7.007155 | lrm: 1.00 | dt: 577.59ms | tok/sec: 28,365 | bf16_mfu: 0.00 | epoch: 1 pq: 0 rg: 4 | total time: 0.61m | eta: 5.3m
step 00072/00600 (12.00%) | loss: 6.992175 | lrm: 1.00 | dt: 527.73ms | tok/sec: 31,046 | bf16_mfu: 0.00 | epoch: 1 pq: 0 rg: 4 | total time: 0.62m | eta: 5.2m
step 00073/00600 (12.17%) | loss: 6.966112 | lrm: 1.00 | dt: 542.37ms | tok/sec: 30,208 | bf16_mfu: 0.00 | epoch: 1 pq: 0 rg: 4 | total time: 0.62m | eta: 5.2m
step 00074/00600 (12.33%) | loss: 6.933697 | lrm: 1.00 | dt: 526.16ms | tok/sec: 31,138 | bf16_mfu: 0.00 | epoch: 1 pq: 0 rg: 4 | total time: 0.63m | eta: 5.2m
step 00075/00600 (12.50%) | loss: 6.912150 | lrm: 1.00 | dt: 619.62ms | tok/sec: 26,441 | bf16_mfu: 0.00 | epoch: 1 pq: 0 rg: 4 | total time: 0.64m | eta: 5.2m
step 00076/00600 (12.67%) | loss: 6.902417 | lrm: 1.00 | dt: 618.67ms | tok/sec: 26,482 | bf16_mfu: 0.00 | epoch: 1 pq: 0 rg: 4 | total time: 0.65m | eta: 5.2m
step 00077/00600 (12.83%) | loss: 6.878261 | lrm: 1.00 | dt: 672.95ms | tok/sec: 24,346 | bf16_mfu: 0.00 | epoch: 1 pq: 0 rg: 4 | total time: 0.67m | eta: 5.2m
step 00078/00600 (13.00%) | loss: 6.864516 | lrm: 1.00 | dt: 615.93ms | tok/sec: 26,600 | bf16_mfu: 0.00 | epoch: 1 pq: 0 rg: 4 | total time: 0.68m | eta: 5.2m
step 00079/00600 (13.17%) | loss: 6.853251 | lrm: 1.00 | dt: 565.61ms | tok/sec: 28,966 | bf16_mfu: 0.00 | epoch: 1 pq: 0 rg: 4 | total time: 0.69m | eta: 5.2m
step 00080/00600 (13.33%) | loss: 6.839528 | lrm: 1.00 | dt: 530.49ms | tok/sec: 30,884 | bf16_mfu: 0.00 | epoch: 1 pq: 0 rg: 4 | total time: 0.69m | eta: 5.2m
step 00081/00600 (13.50%) | loss: 6.828323 | lrm: 1.00 | dt: 525.76ms | tok/sec: 31,162 | bf16_mfu: 0.00 | epoch: 1 pq: 0 rg: 4 | total time: 0.70m | eta: 5.1m
step 00082/00600 (13.67%) | loss: 6.826286 | lrm: 1.00 | dt: 547.17ms | tok/sec: 29,942 | bf16_mfu: 0.00 | epoch: 1 pq: 0 rg: 4 | total time: 0.71m | eta: 5.1m
step 00083/00600 (13.83%) | loss: 6.811004 | lrm: 1.00 | dt: 558.24ms | tok/sec: 29,349 | bf16_mfu: 0.00 | epoch: 1 pq: 0 rg: 5 | total time: 0.72m | eta: 5.1m
step 00084/00600 (14.00%) | loss: 6.793571 | lrm: 1.00 | dt: 519.25ms | tok/sec: 31,553 | bf16_mfu: 0.00 | epoch: 1 pq: 0 rg: 5 | total time: 0.73m | eta: 5.1m
step 00085/00600 (14.17%) | loss: 6.778953 | lrm: 1.00 | dt: 542.68ms | tok/sec: 30,190 | bf16_mfu: 0.00 | epoch: 1 pq: 0 rg: 5 | total time: 0.74m | eta: 5.1m
step 00086/00600 (14.33%) | loss: 6.758653 | lrm: 1.00 | dt: 532.03ms | tok/sec: 30,795 | bf16_mfu: 0.00 | epoch: 1 pq: 0 rg: 5 | total time: 0.75m | eta: 5.1m
step 00087/00600 (14.50%) | loss: 6.738266 | lrm: 1.00 | dt: 537.78ms | tok/sec: 30,466 | bf16_mfu: 0.00 | epoch: 1 pq: 0 rg: 5 | total time: 0.76m | eta: 5.0m
step 00088/00600 (14.67%) | loss: 6.718824 | lrm: 1.00 | dt: 537.58ms | tok/sec: 30,477 | bf16_mfu: 0.00 | epoch: 1 pq: 0 rg: 5 | total time: 0.77m | eta: 5.0m
step 00089/00600 (14.83%) | loss: 6.703125 | lrm: 1.00 | dt: 532.83ms | tok/sec: 30,749 | bf16_mfu: 0.00 | epoch: 1 pq: 0 rg: 5 | total time: 0.77m | eta: 5.0m
step 00090/00600 (15.00%) | loss: 6.703737 | lrm: 1.00 | dt: 552.69ms | tok/sec: 29,644 | bf16_mfu: 0.00 | epoch: 1 pq: 0 rg: 5 | total time: 0.78m | eta: 5.0m
step 00091/00600 (15.17%) | loss: 6.699231 | lrm: 1.00 | dt: 518.20ms | tok/sec: 31,616 | bf16_mfu: 0.00 | epoch: 1 pq: 0 rg: 5 | total time: 0.79m | eta: 5.0m
step 00092/00600 (15.33%) | loss: 6.686915 | lrm: 1.00 | dt: 514.85ms | tok/sec: 31,822 | bf16_mfu: 0.00 | epoch: 1 pq: 0 rg: 5 | total time: 0.80m | eta: 5.0m
step 00093/00600 (15.50%) | loss: 6.669854 | lrm: 1.00 | dt: 535.13ms | tok/sec: 30,616 | bf16_mfu: 0.00 | epoch: 1 pq: 0 rg: 5 | total time: 0.81m | eta: 4.9m
step 00094/00600 (15.67%) | loss: 6.658171 | lrm: 1.00 | dt: 523.07ms | tok/sec: 31,323 | bf16_mfu: 0.00 | epoch: 1 pq: 0 rg: 5 | total time: 0.82m | eta: 4.9m
step 00095/00600 (15.83%) | loss: 6.658492 | lrm: 1.00 | dt: 542.64ms | tok/sec: 30,192 | bf16_mfu: 0.00 | epoch: 1 pq: 0 rg: 5 | total time: 0.83m | eta: 4.9m
step 00096/00600 (16.00%) | loss: 6.641679 | lrm: 1.00 | dt: 521.79ms | tok/sec: 31,399 | bf16_mfu: 0.00 | epoch: 1 pq: 0 rg: 5 | total time: 0.84m | eta: 4.9m
step 00097/00600 (16.17%) | loss: 6.638540 | lrm: 1.00 | dt: 528.60ms | tok/sec: 30,995 | bf16_mfu: 0.00 | epoch: 1 pq: 0 rg: 5 | total time: 0.85m | eta: 4.9m
step 00098/00600 (16.33%) | loss: 6.638343 | lrm: 1.00 | dt: 550.81ms | tok/sec: 29,745 | bf16_mfu: 0.00 | epoch: 1 pq: 0 rg: 5 | total time: 0.85m | eta: 4.9m
step 00099/00600 (16.50%) | loss: 6.621724 | lrm: 1.00 | dt: 529.80ms | tok/sec: 30,924 | bf16_mfu: 0.00 | epoch: 1 pq: 0 rg: 5 | total time: 0.86m | eta: 4.9m
Step 00100 | Validation bpb: 2.019867
step 00100/00600 (16.67%) | loss: 6.614059 | lrm: 1.00 | dt: 520.15ms | tok/sec: 31,498 | bf16_mfu: 0.00 | epoch: 1 pq: 0 rg: 5 | total time: 0.87m | eta: 4.8m
step 00101/00600 (16.83%) | loss: 6.623092 | lrm: 1.00 | dt: 556.51ms | tok/sec: 29,440 | bf16_mfu: 0.00 | epoch: 1 pq: 0 rg: 5 | total time: 0.88m | eta: 4.8m
step 00102/00600 (17.00%) | loss: 6.627162 | lrm: 1.00 | dt: 593.06ms | tok/sec: 27,626 | bf16_mfu: 0.00 | epoch: 1 pq: 0 rg: 5 | total time: 0.89m | eta: 4.8m
step 00103/00600 (17.17%) | loss: 6.607065 | lrm: 1.00 | dt: 516.31ms | tok/sec: 31,732 | bf16_mfu: 0.00 | epoch: 1 pq: 0 rg: 5 | total time: 0.90m | eta: 4.8m
step 00104/00600 (17.33%) | loss: 6.602588 | lrm: 1.00 | dt: 509.41ms | tok/sec: 32,162 | bf16_mfu: 0.00 | epoch: 1 pq: 0 rg: 5 | total time: 0.91m | eta: 4.8m
step 00105/00600 (17.50%) | loss: 6.589856 | lrm: 1.00 | dt: 418.37ms | tok/sec: 39,161 | bf16_mfu: 0.00 | epoch: 1 pq: 0 rg: 5 | total time: 0.91m | eta: 4.8m
step 00106/00600 (17.67%) | loss: 6.564156 | lrm: 1.00 | dt: 494.46ms | tok/sec: 33,135 | bf16_mfu: 0.00 | epoch: 1 pq: 0 rg: 5 | total time: 0.92m | eta: 4.8m
step 00107/00600 (17.83%) | loss: 6.562280 | lrm: 1.00 | dt: 534.57ms | tok/sec: 30,648 | bf16_mfu: 0.00 | epoch: 1 pq: 0 rg: 6 | total time: 0.93m | eta: 4.7m
step 00108/00600 (18.00%) | loss: 6.557439 | lrm: 1.00 | dt: 517.05ms | tok/sec: 31,687 | bf16_mfu: 0.00 | epoch: 1 pq: 0 rg: 6 | total time: 0.94m | eta: 4.7m
step 00109/00600 (18.17%) | loss: 6.548621 | lrm: 1.00 | dt: 506.12ms | tok/sec: 32,371 | bf16_mfu: 0.00 | epoch: 1 pq: 0 rg: 6 | total time: 0.95m | eta: 4.7m
step 00110/00600 (18.33%) | loss: 6.549909 | lrm: 1.00 | dt: 548.17ms | tok/sec: 29,888 | bf16_mfu: 0.00 | epoch: 1 pq: 0 rg: 6 | total time: 0.96m | eta: 4.7m
step 00111/00600 (18.50%) | loss: 6.532835 | lrm: 1.00 | dt: 514.16ms | tok/sec: 31,865 | bf16_mfu: 0.00 | epoch: 1 pq: 0 rg: 6 | total time: 0.97m | eta: 4.7m
step 00112/00600 (18.67%) | loss: 6.513445 | lrm: 1.00 | dt: 507.81ms | tok/sec: 32,263 | bf16_mfu: 0.00 | epoch: 1 pq: 0 rg: 6 | total time: 0.98m | eta: 4.7m
step 00113/00600 (18.83%) | loss: 6.510622 | lrm: 1.00 | dt: 521.88ms | tok/sec: 31,394 | bf16_mfu: 0.00 | epoch: 1 pq: 0 rg: 6 | total time: 0.98m | eta: 4.7m
step 00114/00600 (19.00%) | loss: 6.489800 | lrm: 1.00 | dt: 499.83ms | tok/sec: 32,778 | bf16_mfu: 0.00 | epoch: 1 pq: 0 rg: 6 | total time: 0.99m | eta: 4.6m
step 00115/00600 (19.17%) | loss: 6.481600 | lrm: 1.00 | dt: 516.97ms | tok/sec: 31,692 | bf16_mfu: 0.00 | epoch: 1 pq: 0 rg: 6 | total time: 1.00m | eta: 4.6m
step 00116/00600 (19.33%) | loss: 6.475230 | lrm: 1.00 | dt: 522.45ms | tok/sec: 31,359 | bf16_mfu: 0.00 | epoch: 1 pq: 0 rg: 6 | total time: 1.01m | eta: 4.6m
step 00117/00600 (19.50%) | loss: 6.466893 | lrm: 1.00 | dt: 495.50ms | tok/sec: 33,065 | bf16_mfu: 0.00 | epoch: 1 pq: 0 rg: 6 | total time: 1.02m | eta: 4.6m
step 00118/00600 (19.67%) | loss: 6.455831 | lrm: 1.00 | dt: 525.61ms | tok/sec: 31,171 | bf16_mfu: 0.00 | epoch: 1 pq: 0 rg: 6 | total time: 1.03m | eta: 4.6m
step 00119/00600 (19.83%) | loss: 6.442266 | lrm: 1.00 | dt: 503.37ms | tok/sec: 32,548 | bf16_mfu: 0.00 | epoch: 1 pq: 0 rg: 6 | total time: 1.04m | eta: 4.6m
step 00120/00600 (20.00%) | loss: 6.438741 | lrm: 1.00 | dt: 503.69ms | tok/sec: 32,528 | bf16_mfu: 0.00 | epoch: 1 pq: 0 rg: 6 | total time: 1.04m | eta: 4.6m
step 00121/00600 (20.17%) | loss: 6.432838 | lrm: 1.00 | dt: 544.81ms | tok/sec: 30,072 | bf16_mfu: 0.00 | epoch: 1 pq: 0 rg: 6 | total time: 1.05m | eta: 4.5m
step 00122/00600 (20.33%) | loss: 6.417682 | lrm: 1.00 | dt: 498.63ms | tok/sec: 32,858 | bf16_mfu: 0.00 | epoch: 1 pq: 0 rg: 6 | total time: 1.06m | eta: 4.5m
step 00123/00600 (20.50%) | loss: 6.415173 | lrm: 1.00 | dt: 510.97ms | tok/sec: 32,064 | bf16_mfu: 0.00 | epoch: 1 pq: 0 rg: 6 | total time: 1.07m | eta: 4.5m
step 00124/00600 (20.67%) | loss: 6.411814 | lrm: 1.00 | dt: 519.73ms | tok/sec: 31,524 | bf16_mfu: 0.00 | epoch: 1 pq: 0 rg: 6 | total time: 1.08m | eta: 4.5m
step 00125/00600 (20.83%) | loss: 6.402632 | lrm: 1.00 | dt: 505.29ms | tok/sec: 32,424 | bf16_mfu: 0.00 | epoch: 1 pq: 0 rg: 6 | total time: 1.09m | eta: 4.5m
step 00126/00600 (21.00%) | loss: 6.409022 | lrm: 1.00 | dt: 519.57ms | tok/sec: 31,533 | bf16_mfu: 0.00 | epoch: 1 pq: 0 rg: 6 | total time: 1.10m | eta: 4.5m
step 00127/00600 (21.17%) | loss: 6.404341 | lrm: 1.00 | dt: 507.53ms | tok/sec: 32,281 | bf16_mfu: 0.00 | epoch: 1 pq: 0 rg: 6 | total time: 1.10m | eta: 4.5m
step 00128/00600 (21.33%) | loss: 6.401633 | lrm: 1.00 | dt: 517.78ms | tok/sec: 31,642 | bf16_mfu: 0.00 | epoch: 1 pq: 0 rg: 6 | total time: 1.11m | eta: 4.4m
step 00129/00600 (21.50%) | loss: 6.408786 | lrm: 1.00 | dt: 511.54ms | tok/sec: 32,028 | bf16_mfu: 0.00 | epoch: 1 pq: 0 rg: 6 | total time: 1.12m | eta: 4.4m
step 00130/00600 (21.67%) | loss: 6.403759 | lrm: 1.00 | dt: 541.30ms | tok/sec: 30,268 | bf16_mfu: 0.00 | epoch: 1 pq: 0 rg: 7 | total time: 1.13m | eta: 4.4m
step 00131/00600 (21.83%) | loss: 6.416562 | lrm: 1.00 | dt: 543.40ms | tok/sec: 30,150 | bf16_mfu: 0.00 | epoch: 1 pq: 0 rg: 7 | total time: 1.14m | eta: 4.4m
step 00132/00600 (22.00%) | loss: 6.424407 | lrm: 1.00 | dt: 514.33ms | tok/sec: 31,855 | bf16_mfu: 0.00 | epoch: 1 pq: 0 rg: 7 | total time: 1.15m | eta: 4.4m
step 00133/00600 (22.17%) | loss: 6.419997 | lrm: 1.00 | dt: 499.16ms | tok/sec: 32,823 | bf16_mfu: 0.00 | epoch: 1 pq: 0 rg: 7 | total time: 1.16m | eta: 4.4m
step 00134/00600 (22.33%) | loss: 6.401726 | lrm: 1.00 | dt: 520.38ms | tok/sec: 31,484 | bf16_mfu: 0.00 | epoch: 1 pq: 0 rg: 7 | total time: 1.16m | eta: 4.4m
step 00135/00600 (22.50%) | loss: 6.389180 | lrm: 1.00 | dt: 502.79ms | tok/sec: 32,585 | bf16_mfu: 0.00 | epoch: 1 pq: 0 rg: 7 | total time: 1.17m | eta: 4.4m
step 00136/00600 (22.67%) | loss: 6.394415 | lrm: 1.00 | dt: 516.15ms | tok/sec: 31,742 | bf16_mfu: 0.00 | epoch: 1 pq: 0 rg: 7 | total time: 1.18m | eta: 4.4m
step 00137/00600 (22.83%) | loss: 6.396543 | lrm: 1.00 | dt: 512.50ms | tok/sec: 31,969 | bf16_mfu: 0.00 | epoch: 1 pq: 0 rg: 7 | total time: 1.19m | eta: 4.3m
step 00138/00600 (23.00%) | loss: 6.390872 | lrm: 1.00 | dt: 514.25ms | tok/sec: 31,859 | bf16_mfu: 0.00 | epoch: 1 pq: 0 rg: 7 | total time: 1.20m | eta: 4.3m
step 00139/00600 (23.17%) | loss: 6.384600 | lrm: 1.00 | dt: 524.06ms | tok/sec: 31,263 | bf16_mfu: 0.00 | epoch: 1 pq: 0 rg: 7 | total time: 1.21m | eta: 4.3m
step 00140/00600 (23.33%) | loss: 6.383101 | lrm: 1.00 | dt: 501.20ms | tok/sec: 32,689 | bf16_mfu: 0.00 | epoch: 1 pq: 0 rg: 7 | total time: 1.22m | eta: 4.3m
step 00141/00600 (23.50%) | loss: 6.361095 | lrm: 1.00 | dt: 510.60ms | tok/sec: 32,087 | bf16_mfu: 0.00 | epoch: 1 pq: 0 rg: 7 | total time: 1.22m | eta: 4.3m
step 00142/00600 (23.67%) | loss: 6.352944 | lrm: 1.00 | dt: 519.79ms | tok/sec: 31,520 | bf16_mfu: 0.00 | epoch: 1 pq: 0 rg: 7 | total time: 1.23m | eta: 4.3m
step 00143/00600 (23.83%) | loss: 6.346438 | lrm: 1.00 | dt: 563.64ms | tok/sec: 29,068 | bf16_mfu: 0.00 | epoch: 1 pq: 0 rg: 7 | total time: 1.24m | eta: 4.3m
step 00144/00600 (24.00%) | loss: 6.328789 | lrm: 1.00 | dt: 536.91ms | tok/sec: 30,515 | bf16_mfu: 0.00 | epoch: 1 pq: 0 rg: 7 | total time: 1.25m | eta: 4.3m
step 00145/00600 (24.17%) | loss: 6.341758 | lrm: 1.00 | dt: 528.03ms | tok/sec: 31,028 | bf16_mfu: 0.00 | epoch: 1 pq: 0 rg: 7 | total time: 1.26m | eta: 4.2m
step 00146/00600 (24.33%) | loss: 6.335520 | lrm: 1.00 | dt: 578.29ms | tok/sec: 28,331 | bf16_mfu: 0.00 | epoch: 1 pq: 0 rg: 7 | total time: 1.27m | eta: 4.2m
step 00147/00600 (24.50%) | loss: 6.331517 | lrm: 1.00 | dt: 559.54ms | tok/sec: 29,281 | bf16_mfu: 0.00 | epoch: 1 pq: 0 rg: 7 | total time: 1.28m | eta: 4.2m
step 00148/00600 (24.67%) | loss: 6.325963 | lrm: 1.00 | dt: 504.37ms | tok/sec: 32,483 | bf16_mfu: 0.00 | epoch: 1 pq: 0 rg: 7 | total time: 1.29m | eta: 4.2m
step 00149/00600 (24.83%) | loss: 6.328470 | lrm: 1.00 | dt: 510.12ms | tok/sec: 32,117 | bf16_mfu: 0.00 | epoch: 1 pq: 0 rg: 7 | total time: 1.30m | eta: 4.2m
step 00150/00600 (25.00%) | loss: 6.325991 | lrm: 1.00 | dt: 528.73ms | tok/sec: 30,987 | bf16_mfu: 0.00 | epoch: 1 pq: 0 rg: 7 | total time: 1.30m | eta: 4.2m
step 00151/00600 (25.17%) | loss: 6.327004 | lrm: 1.00 | dt: 613.89ms | tok/sec: 26,688 | bf16_mfu: 0.00 | epoch: 1 pq: 0 rg: 7 | total time: 1.31m | eta: 4.2m
step 00152/00600 (25.33%) | loss: 6.308024 | lrm: 1.00 | dt: 505.70ms | tok/sec: 32,398 | bf16_mfu: 0.00 | epoch: 1 pq: 0 rg: 7 | total time: 1.32m | eta: 4.2m
step 00153/00600 (25.50%) | loss: 6.304299 | lrm: 1.00 | dt: 498.71ms | tok/sec: 32,852 | bf16_mfu: 0.00 | epoch: 1 pq: 0 rg: 7 | total time: 1.33m | eta: 4.2m
step 00154/00600 (25.67%) | loss: 6.289037 | lrm: 1.00 | dt: 520.54ms | tok/sec: 31,474 | bf16_mfu: 0.00 | epoch: 1 pq: 0 rg: 8 | total time: 1.34m | eta: 4.2m
step 00155/00600 (25.83%) | loss: 6.282293 | lrm: 1.00 | dt: 541.65ms | tok/sec: 30,248 | bf16_mfu: 0.00 | epoch: 1 pq: 0 rg: 8 | total time: 1.35m | eta: 4.1m
step 00156/00600 (26.00%) | loss: 6.267030 | lrm: 1.00 | dt: 508.66ms | tok/sec: 32,210 | bf16_mfu: 0.00 | epoch: 1 pq: 0 rg: 8 | total time: 1.36m | eta: 4.1m
step 00157/00600 (26.17%) | loss: 6.273149 | lrm: 1.00 | dt: 515.96ms | tok/sec: 31,754 | bf16_mfu: 0.00 | epoch: 1 pq: 0 rg: 8 | total time: 1.37m | eta: 4.1m
step 00158/00600 (26.33%) | loss: 6.269681 | lrm: 1.00 | dt: 511.44ms | tok/sec: 32,034 | bf16_mfu: 0.00 | epoch: 1 pq: 0 rg: 8 | total time: 1.37m | eta: 4.1m
step 00159/00600 (26.50%) | loss: 6.258391 | lrm: 1.00 | dt: 507.62ms | tok/sec: 32,276 | bf16_mfu: 0.00 | epoch: 1 pq: 0 rg: 8 | total time: 1.38m | eta: 4.1m
step 00160/00600 (26.67%) | loss: 6.248156 | lrm: 1.00 | dt: 512.25ms | tok/sec: 31,984 | bf16_mfu: 0.00 | epoch: 1 pq: 0 rg: 8 | total time: 1.39m | eta: 4.1m
step 00161/00600 (26.83%) | loss: 6.245310 | lrm: 1.00 | dt: 509.41ms | tok/sec: 32,162 | bf16_mfu: 0.00 | epoch: 1 pq: 0 rg: 8 | total time: 1.40m | eta: 4.1m
step 00162/00600 (27.00%) | loss: 6.237794 | lrm: 1.00 | dt: 510.88ms | tok/sec: 32,070 | bf16_mfu: 0.00 | epoch: 1 pq: 0 rg: 8 | total time: 1.41m | eta: 4.1m
step 00163/00600 (27.17%) | loss: 6.258754 | lrm: 1.00 | dt: 452.19ms | tok/sec: 36,232 | bf16_mfu: 0.00 | epoch: 1 pq: 0 rg: 8 | total time: 1.42m | eta: 4.0m
step 00164/00600 (27.33%) | loss: 6.238130 | lrm: 1.00 | dt: 503.48ms | tok/sec: 32,541 | bf16_mfu: 0.00 | epoch: 1 pq: 0 rg: 8 | total time: 1.42m | eta: 4.0m
step 00165/00600 (27.50%) | loss: 6.224734 | lrm: 1.00 | dt: 536.35ms | tok/sec: 30,547 | bf16_mfu: 0.00 | epoch: 1 pq: 0 rg: 8 | total time: 1.43m | eta: 4.0m
step 00166/00600 (27.67%) | loss: 6.226213 | lrm: 1.00 | dt: 502.66ms | tok/sec: 32,594 | bf16_mfu: 0.00 | epoch: 1 pq: 0 rg: 8 | total time: 1.44m | eta: 4.0m
step 00167/00600 (27.83%) | loss: 6.212435 | lrm: 1.00 | dt: 504.47ms | tok/sec: 32,477 | bf16_mfu: 0.00 | epoch: 1 pq: 0 rg: 8 | total time: 1.45m | eta: 4.0m
step 00168/00600 (28.00%) | loss: 6.212534 | lrm: 1.00 | dt: 524.48ms | tok/sec: 31,238 | bf16_mfu: 0.00 | epoch: 1 pq: 0 rg: 8 | total time: 1.46m | eta: 4.0m
step 00169/00600 (28.17%) | loss: 6.209674 | lrm: 1.00 | dt: 504.88ms | tok/sec: 32,451 | bf16_mfu: 0.00 | epoch: 1 pq: 0 rg: 8 | total time: 1.47m | eta: 4.0m
step 00170/00600 (28.33%) | loss: 6.222270 | lrm: 1.00 | dt: 498.55ms | tok/sec: 32,863 | bf16_mfu: 0.00 | epoch: 1 pq: 0 rg: 8 | total time: 1.48m | eta: 4.0m
step 00171/00600 (28.50%) | loss: 6.219518 | lrm: 1.00 | dt: 513.56ms | tok/sec: 31,902 | bf16_mfu: 0.00 | epoch: 1 pq: 0 rg: 8 | total time: 1.48m | eta: 4.0m
step 00172/00600 (28.67%) | loss: 6.220766 | lrm: 1.00 | dt: 494.32ms | tok/sec: 33,144 | bf16_mfu: 0.00 | epoch: 1 pq: 0 rg: 8 | total time: 1.49m | eta: 3.9m
step 00173/00600 (28.83%) | loss: 6.209917 | lrm: 1.00 | dt: 501.61ms | tok/sec: 32,663 | bf16_mfu: 0.00 | epoch: 1 pq: 0 rg: 8 | total time: 1.50m | eta: 3.9m
step 00174/00600 (29.00%) | loss: 6.203968 | lrm: 1.00 | dt: 513.21ms | tok/sec: 31,924 | bf16_mfu: 0.00 | epoch: 1 pq: 0 rg: 8 | total time: 1.51m | eta: 3.9m
step 00175/00600 (29.17%) | loss: 6.198547 | lrm: 1.00 | dt: 495.25ms | tok/sec: 33,081 | bf16_mfu: 0.00 | epoch: 1 pq: 0 rg: 8 | total time: 1.52m | eta: 3.9m
step 00176/00600 (29.33%) | loss: 6.192341 | lrm: 1.00 | dt: 510.01ms | tok/sec: 32,124 | bf16_mfu: 0.00 | epoch: 1 pq: 0 rg: 8 | total time: 1.53m | eta: 3.9m
step 00177/00600 (29.50%) | loss: 6.187002 | lrm: 1.00 | dt: 500.67ms | tok/sec: 32,724 | bf16_mfu: 0.00 | epoch: 1 pq: 0 rg: 9 | total time: 1.53m | eta: 3.9m
step 00178/00600 (29.67%) | loss: 6.193015 | lrm: 1.00 | dt: 496.23ms | tok/sec: 33,017 | bf16_mfu: 0.00 | epoch: 1 pq: 0 rg: 9 | total time: 1.54m | eta: 3.9m
step 00179/00600 (29.83%) | loss: 6.183213 | lrm: 1.00 | dt: 557.56ms | tok/sec: 29,384 | bf16_mfu: 0.00 | epoch: 1 pq: 0 rg: 9 | total time: 1.55m | eta: 3.9m
step 00180/00600 (30.00%) | loss: 6.184723 | lrm: 1.00 | dt: 512.45ms | tok/sec: 31,971 | bf16_mfu: 0.00 | epoch: 1 pq: 0 rg: 9 | total time: 1.56m | eta: 3.9m
step 00181/00600 (30.17%) | loss: 6.179259 | lrm: 1.00 | dt: 542.95ms | tok/sec: 30,175 | bf16_mfu: 0.00 | epoch: 1 pq: 0 rg: 9 | total time: 1.57m | eta: 3.8m
step 00182/00600 (30.33%) | loss: 6.161412 | lrm: 1.00 | dt: 549.52ms | tok/sec: 29,814 | bf16_mfu: 0.00 | epoch: 1 pq: 0 rg: 9 | total time: 1.58m | eta: 3.8m
step 00183/00600 (30.50%) | loss: 6.164421 | lrm: 1.00 | dt: 500.44ms | tok/sec: 32,739 | bf16_mfu: 0.00 | epoch: 1 pq: 0 rg: 9 | total time: 1.59m | eta: 3.8m
step 00184/00600 (30.67%) | loss: 6.153120 | lrm: 1.00 | dt: 508.41ms | tok/sec: 32,226 | bf16_mfu: 0.00 | epoch: 1 pq: 0 rg: 9 | total time: 1.60m | eta: 3.8m
step 00185/00600 (30.83%) | loss: 6.143940 | lrm: 1.00 | dt: 506.89ms | tok/sec: 32,322 | bf16_mfu: 0.00 | epoch: 1 pq: 0 rg: 9 | total time: 1.60m | eta: 3.8m
step 00186/00600 (31.00%) | loss: 6.137819 | lrm: 1.00 | dt: 496.11ms | tok/sec: 33,024 | bf16_mfu: 0.00 | epoch: 1 pq: 0 rg: 9 | total time: 1.61m | eta: 3.8m
step 00187/00600 (31.17%) | loss: 6.121743 | lrm: 1.00 | dt: 555.13ms | tok/sec: 29,513 | bf16_mfu: 0.00 | epoch: 1 pq: 0 rg: 9 | total time: 1.62m | eta: 3.8m
step 00188/00600 (31.33%) | loss: 6.111495 | lrm: 1.00 | dt: 489.99ms | tok/sec: 33,437 | bf16_mfu: 0.00 | epoch: 1 pq: 0 rg: 9 | total time: 1.63m | eta: 3.8m
step 00189/00600 (31.50%) | loss: 6.113466 | lrm: 1.00 | dt: 513.45ms | tok/sec: 31,909 | bf16_mfu: 0.00 | epoch: 1 pq: 0 rg: 9 | total time: 1.64m | eta: 3.8m
step 00190/00600 (31.67%) | loss: 6.094010 | lrm: 1.00 | dt: 517.02ms | tok/sec: 31,689 | bf16_mfu: 0.00 | epoch: 1 pq: 0 rg: 9 | total time: 1.65m | eta: 3.8m
step 00191/00600 (31.83%) | loss: 6.094971 | lrm: 1.00 | dt: 494.27ms | tok/sec: 33,147 | bf16_mfu: 0.00 | epoch: 1 pq: 0 rg: 9 | total time: 1.66m | eta: 3.7m
step 00192/00600 (32.00%) | loss: 6.087082 | lrm: 1.00 | dt: 511.86ms | tok/sec: 32,008 | bf16_mfu: 0.00 | epoch: 1 pq: 0 rg: 9 | total time: 1.66m | eta: 3.7m
step 00193/00600 (32.17%) | loss: 6.070203 | lrm: 1.00 | dt: 497.76ms | tok/sec: 32,915 | bf16_mfu: 0.00 | epoch: 1 pq: 0 rg: 9 | total time: 1.67m | eta: 3.7m
step 00194/00600 (32.33%) | loss: 6.063465 | lrm: 1.00 | dt: 503.96ms | tok/sec: 32,510 | bf16_mfu: 0.00 | epoch: 1 pq: 0 rg: 9 | total time: 1.68m | eta: 3.7m
step 00195/00600 (32.50%) | loss: 6.068476 | lrm: 1.00 | dt: 512.83ms | tok/sec: 31,948 | bf16_mfu: 0.00 | epoch: 1 pq: 0 rg: 9 | total time: 1.69m | eta: 3.7m
step 00196/00600 (32.67%) | loss: 6.059982 | lrm: 1.00 | dt: 516.21ms | tok/sec: 31,738 | bf16_mfu: 0.00 | epoch: 1 pq: 0 rg: 9 | total time: 1.70m | eta: 3.7m
step 00197/00600 (32.83%) | loss: 6.049969 | lrm: 1.00 | dt: 556.86ms | tok/sec: 29,422 | bf16_mfu: 0.00 | epoch: 1 pq: 0 rg: 9 | total time: 1.71m | eta: 3.7m
step 00198/00600 (33.00%) | loss: 6.039741 | lrm: 1.00 | dt: 522.80ms | tok/sec: 31,338 | bf16_mfu: 0.00 | epoch: 1 pq: 0 rg: 9 | total time: 1.72m | eta: 3.7m
step 00199/00600 (33.17%) | loss: 6.035152 | lrm: 1.00 | dt: 497.74ms | tok/sec: 32,916 | bf16_mfu: 0.00 | epoch: 1 pq: 0 rg: 9 | total time: 1.72m | eta: 3.7m
Step 00200 | Validation bpb: 1.855589
step 00200/00600 (33.33%) | loss: 6.036185 | lrm: 1.00 | dt: 499.55ms | tok/sec: 32,797 | bf16_mfu: 0.00 | epoch: 1 pq: 0 rg: 10 | total time: 1.73m | eta: 3.6m
step 00201/00600 (33.50%) | loss: 6.032976 | lrm: 1.00 | dt: 492.15ms | tok/sec: 33,290 | bf16_mfu: 0.00 | epoch: 1 pq: 0 rg: 10 | total time: 1.74m | eta: 3.6m
step 00202/00600 (33.67%) | loss: 6.029576 | lrm: 1.00 | dt: 506.15ms | tok/sec: 32,369 | bf16_mfu: 0.00 | epoch: 1 pq: 0 rg: 10 | total time: 1.75m | eta: 3.6m
step 00203/00600 (33.83%) | loss: 6.029030 | lrm: 1.00 | dt: 492.25ms | tok/sec: 33,283 | bf16_mfu: 0.00 | epoch: 1 pq: 0 rg: 10 | total time: 1.76m | eta: 3.6m
step 00204/00600 (34.00%) | loss: 6.022342 | lrm: 1.00 | dt: 488.85ms | tok/sec: 33,515 | bf16_mfu: 0.00 | epoch: 1 pq: 0 rg: 10 | total time: 1.77m | eta: 3.6m
step 00205/00600 (34.17%) | loss: 6.004347 | lrm: 1.00 | dt: 506.72ms | tok/sec: 32,333 | bf16_mfu: 0.00 | epoch: 1 pq: 0 rg: 10 | total time: 1.77m | eta: 3.6m
step 00206/00600 (34.33%) | loss: 6.007180 | lrm: 1.00 | dt: 498.36ms | tok/sec: 32,875 | bf16_mfu: 0.00 | epoch: 1 pq: 0 rg: 10 | total time: 1.78m | eta: 3.6m
step 00207/00600 (34.50%) | loss: 5.996808 | lrm: 1.00 | dt: 508.95ms | tok/sec: 32,191 | bf16_mfu: 0.00 | epoch: 1 pq: 0 rg: 10 | total time: 1.79m | eta: 3.6m
step 00208/00600 (34.67%) | loss: 5.992499 | lrm: 1.00 | dt: 543.43ms | tok/sec: 30,149 | bf16_mfu: 0.00 | epoch: 1 pq: 0 rg: 10 | total time: 1.80m | eta: 3.6m
step 00209/00600 (34.83%) | loss: 5.984730 | lrm: 1.00 | dt: 502.13ms | tok/sec: 32,628 | bf16_mfu: 0.00 | epoch: 1 pq: 0 rg: 10 | total time: 1.81m | eta: 3.6m
step 00210/00600 (35.00%) | loss: 5.982879 | lrm: 1.00 | dt: 576.68ms | tok/sec: 28,410 | bf16_mfu: 0.00 | epoch: 1 pq: 0 rg: 10 | total time: 1.82m | eta: 3.5m
step 00211/00600 (35.17%) | loss: 5.980622 | lrm: 1.00 | dt: 517.10ms | tok/sec: 31,684 | bf16_mfu: 0.00 | epoch: 1 pq: 0 rg: 10 | total time: 1.83m | eta: 3.5m
step 00212/00600 (35.33%) | loss: 5.974566 | lrm: 1.00 | dt: 506.09ms | tok/sec: 32,373 | bf16_mfu: 0.00 | epoch: 1 pq: 0 rg: 10 | total time: 1.83m | eta: 3.5m
step 00213/00600 (35.50%) | loss: 5.953659 | lrm: 0.99 | dt: 505.87ms | tok/sec: 32,387 | bf16_mfu: 0.00 | epoch: 1 pq: 0 rg: 10 | total time: 1.84m | eta: 3.5m
step 00214/00600 (35.67%) | loss: 5.956522 | lrm: 0.99 | dt: 506.89ms | tok/sec: 32,322 | bf16_mfu: 0.00 | epoch: 1 pq: 0 rg: 10 | total time: 1.85m | eta: 3.5m
step 00215/00600 (35.83%) | loss: 5.942034 | lrm: 0.99 | dt: 502.14ms | tok/sec: 32,628 | bf16_mfu: 0.00 | epoch: 1 pq: 0 rg: 10 | total time: 1.86m | eta: 3.5m
step 00216/00600 (36.00%) | loss: 5.934262 | lrm: 0.99 | dt: 499.20ms | tok/sec: 32,820 | bf16_mfu: 0.00 | epoch: 1 pq: 0 rg: 10 | total time: 1.87m | eta: 3.5m
step 00217/00600 (36.17%) | loss: 5.931815 | lrm: 0.98 | dt: 504.21ms | tok/sec: 32,494 | bf16_mfu: 0.00 | epoch: 1 pq: 0 rg: 10 | total time: 1.88m | eta: 3.5m
step 00218/00600 (36.33%) | loss: 5.926367 | lrm: 0.98 | dt: 495.30ms | tok/sec: 33,078 | bf16_mfu: 0.00 | epoch: 1 pq: 0 rg: 10 | total time: 1.88m | eta: 3.5m
step 00219/00600 (36.50%) | loss: 5.927105 | lrm: 0.98 | dt: 404.80ms | tok/sec: 40,474 | bf16_mfu: 0.00 | epoch: 1 pq: 0 rg: 10 | total time: 1.89m | eta: 3.4m
step 00220/00600 (36.67%) | loss: 5.929383 | lrm: 0.98 | dt: 473.79ms | tok/sec: 34,580 | bf16_mfu: 0.00 | epoch: 1 pq: 0 rg: 10 | total time: 1.90m | eta: 3.4m
step 00221/00600 (36.83%) | loss: 5.923766 | lrm: 0.97 | dt: 521.94ms | tok/sec: 31,390 | bf16_mfu: 0.00 | epoch: 1 pq: 0 rg: 10 | total time: 1.91m | eta: 3.4m
step 00222/00600 (37.00%) | loss: 5.919136 | lrm: 0.97 | dt: 498.72ms | tok/sec: 32,852 | bf16_mfu: 0.00 | epoch: 1 pq: 0 rg: 10 | total time: 1.92m | eta: 3.4m
step 00223/00600 (37.17%) | loss: 5.925305 | lrm: 0.97 | dt: 495.52ms | tok/sec: 33,064 | bf16_mfu: 0.00 | epoch: 1 pq: 0 rg: 11 | total time: 1.92m | eta: 3.4m
step 00224/00600 (37.33%) | loss: 5.921980 | lrm: 0.97 | dt: 522.93ms | tok/sec: 31,331 | bf16_mfu: 0.00 | epoch: 1 pq: 0 rg: 11 | total time: 1.93m | eta: 3.4m
step 00225/00600 (37.50%) | loss: 5.922450 | lrm: 0.96 | dt: 489.85ms | tok/sec: 33,446 | bf16_mfu: 0.00 | epoch: 1 pq: 0 rg: 11 | total time: 1.94m | eta: 3.4m
step 00226/00600 (37.67%) | loss: 5.918096 | lrm: 0.96 | dt: 528.21ms | tok/sec: 31,018 | bf16_mfu: 0.00 | epoch: 1 pq: 0 rg: 11 | total time: 1.95m | eta: 3.4m
step 00227/00600 (37.83%) | loss: 5.916687 | lrm: 0.96 | dt: 507.41ms | tok/sec: 32,289 | bf16_mfu: 0.00 | epoch: 1 pq: 0 rg: 11 | total time: 1.96m | eta: 3.4m
step 00228/00600 (38.00%) | loss: 5.906783 | lrm: 0.96 | dt: 496.51ms | tok/sec: 32,998 | bf16_mfu: 0.00 | epoch: 1 pq: 0 rg: 11 | total time: 1.97m | eta: 3.4m
step 00229/00600 (38.17%) | loss: 5.913029 | lrm: 0.95 | dt: 501.50ms | tok/sec: 32,670 | bf16_mfu: 0.00 | epoch: 1 pq: 0 rg: 11 | total time: 1.98m | eta: 3.3m
step 00230/00600 (38.33%) | loss: 5.916133 | lrm: 0.95 | dt: 503.77ms | tok/sec: 32,522 | bf16_mfu: 0.00 | epoch: 1 pq: 0 rg: 11 | total time: 1.98m | eta: 3.3m
step 00231/00600 (38.50%) | loss: 5.904433 | lrm: 0.95 | dt: 495.54ms | tok/sec: 33,062 | bf16_mfu: 0.00 | epoch: 1 pq: 0 rg: 11 | total time: 1.99m | eta: 3.3m
step 00232/00600 (38.67%) | loss: 5.905321 | lrm: 0.95 | dt: 504.88ms | tok/sec: 32,451 | bf16_mfu: 0.00 | epoch: 1 pq: 0 rg: 11 | total time: 2.00m | eta: 3.3m
step 00233/00600 (38.83%) | loss: 5.895955 | lrm: 0.94 | dt: 506.77ms | tok/sec: 32,330 | bf16_mfu: 0.00 | epoch: 1 pq: 0 rg: 11 | total time: 2.01m | eta: 3.3m
step 00234/00600 (39.00%) | loss: 5.882658 | lrm: 0.94 | dt: 570.98ms | tok/sec: 28,694 | bf16_mfu: 0.00 | epoch: 1 pq: 0 rg: 11 | total time: 2.02m | eta: 3.3m
step 00235/00600 (39.17%) | loss: 5.881892 | lrm: 0.94 | dt: 539.49ms | tok/sec: 30,369 | bf16_mfu: 0.00 | epoch: 1 pq: 0 rg: 11 | total time: 2.03m | eta: 3.3m
step 00236/00600 (39.33%) | loss: 5.884713 | lrm: 0.94 | dt: 486.48ms | tok/sec: 33,678 | bf16_mfu: 0.00 | epoch: 1 pq: 0 rg: 11 | total time: 2.04m | eta: 3.3m
step 00237/00600 (39.50%) | loss: 5.872386 | lrm: 0.93 | dt: 495.23ms | tok/sec: 33,083 | bf16_mfu: 0.00 | epoch: 1 pq: 0 rg: 11 | total time: 2.04m | eta: 3.3m
step 00238/00600 (39.67%) | loss: 5.851764 | lrm: 0.93 | dt: 497.30ms | tok/sec: 32,945 | bf16_mfu: 0.00 | epoch: 1 pq: 0 rg: 11 | total time: 2.05m | eta: 3.3m
step 00239/00600 (39.83%) | loss: 5.841954 | lrm: 0.93 | dt: 520.31ms | tok/sec: 31,489 | bf16_mfu: 0.00 | epoch: 1 pq: 0 rg: 11 | total time: 2.06m | eta: 3.2m
step 00240/00600 (40.00%) | loss: 5.839775 | lrm: 0.93 | dt: 510.77ms | tok/sec: 32,077 | bf16_mfu: 0.00 | epoch: 1 pq: 0 rg: 11 | total time: 2.07m | eta: 3.2m
step 00241/00600 (40.17%) | loss: 5.825515 | lrm: 0.92 | dt: 498.74ms | tok/sec: 32,850 | bf16_mfu: 0.00 | epoch: 1 pq: 0 rg: 11 | total time: 2.08m | eta: 3.2m
step 00242/00600 (40.33%) | loss: 5.825567 | lrm: 0.92 | dt: 489.07ms | tok/sec: 33,500 | bf16_mfu: 0.00 | epoch: 1 pq: 0 rg: 11 | total time: 2.09m | eta: 3.2m
step 00243/00600 (40.50%) | loss: 5.820224 | lrm: 0.92 | dt: 511.89ms | tok/sec: 32,006 | bf16_mfu: 0.00 | epoch: 1 pq: 0 rg: 11 | total time: 2.09m | eta: 3.2m
step 00244/00600 (40.67%) | loss: 5.818321 | lrm: 0.92 | dt: 489.23ms | tok/sec: 33,489 | bf16_mfu: 0.00 | epoch: 1 pq: 0 rg: 11 | total time: 2.10m | eta: 3.2m
step 00245/00600 (40.83%) | loss: 5.811494 | lrm: 0.91 | dt: 490.37ms | tok/sec: 33,411 | bf16_mfu: 0.00 | epoch: 1 pq: 0 rg: 11 | total time: 2.11m | eta: 3.2m
step 00246/00600 (41.00%) | loss: 5.809984 | lrm: 0.91 | dt: 559.73ms | tok/sec: 29,271 | bf16_mfu: 0.00 | epoch: 1 pq: 0 rg: 12 | total time: 2.12m | eta: 3.2m
step 00247/00600 (41.17%) | loss: 5.815908 | lrm: 0.91 | dt: 504.23ms | tok/sec: 32,492 | bf16_mfu: 0.00 | epoch: 1 pq: 0 rg: 12 | total time: 2.13m | eta: 3.2m
step 00248/00600 (41.33%) | loss: 5.815920 | lrm: 0.91 | dt: 560.38ms | tok/sec: 29,237 | bf16_mfu: 0.00 | epoch: 1 pq: 0 rg: 12 | total time: 2.14m | eta: 3.2m
step 00249/00600 (41.50%) | loss: 5.825191 | lrm: 0.91 | dt: 539.86ms | tok/sec: 30,348 | bf16_mfu: 0.00 | epoch: 1 pq: 0 rg: 12 | total time: 2.15m | eta: 3.2m
step 00250/00600 (41.67%) | loss: 5.828063 | lrm: 0.90 | dt: 493.97ms | tok/sec: 33,167 | bf16_mfu: 0.00 | epoch: 1 pq: 0 rg: 12 | total time: 2.16m | eta: 3.1m
step 00251/00600 (41.83%) | loss: 5.814141 | lrm: 0.90 | dt: 503.46ms | tok/sec: 32,542 | bf16_mfu: 0.00 | epoch: 1 pq: 0 rg: 12 | total time: 2.16m | eta: 3.1m
step 00252/00600 (42.00%) | loss: 5.818438 | lrm: 0.90 | dt: 504.02ms | tok/sec: 32,506 | bf16_mfu: 0.00 | epoch: 1 pq: 0 rg: 12 | total time: 2.17m | eta: 3.1m
step 00253/00600 (42.17%) | loss: 5.805581 | lrm: 0.90 | dt: 496.88ms | tok/sec: 32,973 | bf16_mfu: 0.00 | epoch: 1 pq: 0 rg: 12 | total time: 2.18m | eta: 3.1m
step 00254/00600 (42.33%) | loss: 5.790639 | lrm: 0.89 | dt: 510.25ms | tok/sec: 32,109 | bf16_mfu: 0.00 | epoch: 1 pq: 0 rg: 12 | total time: 2.19m | eta: 3.1m
step 00255/00600 (42.50%) | loss: 5.790163 | lrm: 0.89 | dt: 495.55ms | tok/sec: 33,062 | bf16_mfu: 0.00 | epoch: 1 pq: 0 rg: 12 | total time: 2.20m | eta: 3.1m
step 00256/00600 (42.67%) | loss: 5.790383 | lrm: 0.89 | dt: 504.37ms | tok/sec: 32,484 | bf16_mfu: 0.00 | epoch: 1 pq: 0 rg: 12 | total time: 2.21m | eta: 3.1m
step 00257/00600 (42.83%) | loss: 5.779308 | lrm: 0.89 | dt: 512.33ms | tok/sec: 31,979 | bf16_mfu: 0.00 | epoch: 1 pq: 0 rg: 12 | total time: 2.21m | eta: 3.1m
step 00258/00600 (43.00%) | loss: 5.781526 | lrm: 0.88 | dt: 503.04ms | tok/sec: 32,569 | bf16_mfu: 0.00 | epoch: 1 pq: 0 rg: 12 | total time: 2.22m | eta: 3.1m
step 00259/00600 (43.17%) | loss: 5.782036 | lrm: 0.88 | dt: 510.09ms | tok/sec: 32,119 | bf16_mfu: 0.00 | epoch: 1 pq: 0 rg: 12 | total time: 2.23m | eta: 3.1m
step 00260/00600 (43.33%) | loss: 5.762107 | lrm: 0.88 | dt: 510.51ms | tok/sec: 32,093 | bf16_mfu: 0.00 | epoch: 1 pq: 0 rg: 12 | total time: 2.24m | eta: 3.0m
step 00261/00600 (43.50%) | loss: 5.766828 | lrm: 0.88 | dt: 500.32ms | tok/sec: 32,747 | bf16_mfu: 0.00 | epoch: 1 pq: 0 rg: 12 | total time: 2.25m | eta: 3.0m
step 00262/00600 (43.67%) | loss: 5.765504 | lrm: 0.87 | dt: 503.39ms | tok/sec: 32,547 | bf16_mfu: 0.00 | epoch: 1 pq: 0 rg: 12 | total time: 2.26m | eta: 3.0m
step 00263/00600 (43.83%) | loss: 5.744846 | lrm: 0.87 | dt: 492.20ms | tok/sec: 33,287 | bf16_mfu: 0.00 | epoch: 1 pq: 0 rg: 12 | total time: 2.26m | eta: 3.0m
step 00264/00600 (44.00%) | loss: 5.744086 | lrm: 0.87 | dt: 514.46ms | tok/sec: 31,846 | bf16_mfu: 0.00 | epoch: 1 pq: 0 rg: 12 | total time: 2.27m | eta: 3.0m
step 00265/00600 (44.17%) | loss: 5.741547 | lrm: 0.87 | dt: 500.45ms | tok/sec: 32,738 | bf16_mfu: 0.00 | epoch: 1 pq: 0 rg: 12 | total time: 2.28m | eta: 3.0m
step 00266/00600 (44.33%) | loss: 5.736225 | lrm: 0.86 | dt: 500.52ms | tok/sec: 32,734 | bf16_mfu: 0.00 | epoch: 1 pq: 0 rg: 12 | total time: 2.29m | eta: 3.0m
step 00267/00600 (44.50%) | loss: 5.744595 | lrm: 0.86 | dt: 505.55ms | tok/sec: 32,408 | bf16_mfu: 0.00 | epoch: 1 pq: 0 rg: 12 | total time: 2.30m | eta: 3.0m
step 00268/00600 (44.67%) | loss: 5.749238 | lrm: 0.86 | dt: 489.27ms | tok/sec: 33,486 | bf16_mfu: 0.00 | epoch: 1 pq: 0 rg: 12 | total time: 2.31m | eta: 3.0m
step 00269/00600 (44.83%) | loss: 5.740557 | lrm: 0.86 | dt: 514.20ms | tok/sec: 31,863 | bf16_mfu: 0.00 | epoch: 1 pq: 0 rg: 13 | total time: 2.31m | eta: 3.0m
step 00270/00600 (45.00%) | loss: 5.743378 | lrm: 0.85 | dt: 515.13ms | tok/sec: 31,805 | bf16_mfu: 0.00 | epoch: 1 pq: 0 rg: 13 | total time: 2.32m | eta: 2.9m
step 00271/00600 (45.17%) | loss: 5.755067 | lrm: 0.85 | dt: 508.34ms | tok/sec: 32,230 | bf16_mfu: 0.00 | epoch: 1 pq: 0 rg: 13 | total time: 2.33m | eta: 2.9m
step 00272/00600 (45.33%) | loss: 5.740414 | lrm: 0.85 | dt: 519.73ms | tok/sec: 31,524 | bf16_mfu: 0.00 | epoch: 1 pq: 0 rg: 13 | total time: 2.34m | eta: 2.9m
step 00273/00600 (45.50%) | loss: 5.732981 | lrm: 0.85 | dt: 504.33ms | tok/sec: 32,486 | bf16_mfu: 0.00 | epoch: 1 pq: 0 rg: 13 | total time: 2.35m | eta: 2.9m
step 00274/00600 (45.67%) | loss: 5.723814 | lrm: 0.84 | dt: 502.21ms | tok/sec: 32,623 | bf16_mfu: 0.00 | epoch: 1 pq: 0 rg: 13 | total time: 2.36m | eta: 2.9m
step 00275/00600 (45.83%) | loss: 5.724280 | lrm: 0.84 | dt: 521.97ms | tok/sec: 31,388 | bf16_mfu: 0.00 | epoch: 1 pq: 0 rg: 13 | total time: 2.37m | eta: 2.9m
step 00276/00600 (46.00%) | loss: 5.720624 | lrm: 0.84 | dt: 509.86ms | tok/sec: 32,134 | bf16_mfu: 0.00 | epoch: 1 pq: 0 rg: 13 | total time: 2.37m | eta: 2.9m
step 00277/00600 (46.17%) | loss: 5.708234 | lrm: 0.84 | dt: 500.03ms | tok/sec: 32,765 | bf16_mfu: 0.00 | epoch: 1 pq: 0 rg: 13 | total time: 2.38m | eta: 2.9m
step 00278/00600 (46.33%) | loss: 5.709260 | lrm: 0.83 | dt: 429.21ms | tok/sec: 38,172 | bf16_mfu: 0.00 | epoch: 1 pq: 0 rg: 13 | total time: 2.39m | eta: 2.9m
step 00279/00600 (46.50%) | loss: 5.704739 | lrm: 0.83 | dt: 447.86ms | tok/sec: 36,582 | bf16_mfu: 0.00 | epoch: 1 pq: 0 rg: 13 | total time: 2.40m | eta: 2.9m
step 00280/00600 (46.67%) | loss: 5.686823 | lrm: 0.83 | dt: 520.76ms | tok/sec: 31,461 | bf16_mfu: 0.00 | epoch: 1 pq: 0 rg: 13 | total time: 2.41m | eta: 2.9m
step 00281/00600 (46.83%) | loss: 5.686318 | lrm: 0.83 | dt: 509.41ms | tok/sec: 32,162 | bf16_mfu: 0.00 | epoch: 1 pq: 0 rg: 13 | total time: 2.41m | eta: 2.8m
step 00282/00600 (47.00%) | loss: 5.681510 | lrm: 0.82 | dt: 501.48ms | tok/sec: 32,671 | bf16_mfu: 0.00 | epoch: 1 pq: 0 rg: 13 | total time: 2.42m | eta: 2.8m
step 00283/00600 (47.17%) | loss: 5.668119 | lrm: 0.82 | dt: 516.23ms | tok/sec: 31,737 | bf16_mfu: 0.00 | epoch: 1 pq: 0 rg: 13 | total time: 2.43m | eta: 2.8m
step 00284/00600 (47.33%) | loss: 5.672820 | lrm: 0.82 | dt: 506.55ms | tok/sec: 32,344 | bf16_mfu: 0.00 | epoch: 1 pq: 0 rg: 13 | total time: 2.44m | eta: 2.8m
step 00285/00600 (47.50%) | loss: 5.666671 | lrm: 0.82 | dt: 496.33ms | tok/sec: 33,010 | bf16_mfu: 0.00 | epoch: 1 pq: 0 rg: 13 | total time: 2.45m | eta: 2.8m
step 00286/00600 (47.67%) | loss: 5.676685 | lrm: 0.81 | dt: 507.59ms | tok/sec: 32,278 | bf16_mfu: 0.00 | epoch: 1 pq: 0 rg: 13 | total time: 2.46m | eta: 2.8m
step 00287/00600 (47.83%) | loss: 5.678037 | lrm: 0.81 | dt: 508.52ms | tok/sec: 32,218 | bf16_mfu: 0.00 | epoch: 1 pq: 0 rg: 13 | total time: 2.47m | eta: 2.8m
step 00288/00600 (48.00%) | loss: 5.680200 | lrm: 0.81 | dt: 499.02ms | tok/sec: 32,832 | bf16_mfu: 0.00 | epoch: 1 pq: 0 rg: 13 | total time: 2.47m | eta: 2.8m
step 00289/00600 (48.17%) | loss: 5.670714 | lrm: 0.81 | dt: 513.34ms | tok/sec: 31,916 | bf16_mfu: 0.00 | epoch: 1 pq: 0 rg: 13 | total time: 2.48m | eta: 2.8m
step 00290/00600 (48.33%) | loss: 5.665860 | lrm: 0.81 | dt: 500.40ms | tok/sec: 32,741 | bf16_mfu: 0.00 | epoch: 1 pq: 0 rg: 13 | total time: 2.49m | eta: 2.8m
step 00291/00600 (48.50%) | loss: 5.657948 | lrm: 0.80 | dt: 498.06ms | tok/sec: 32,895 | bf16_mfu: 0.00 | epoch: 1 pq: 0 rg: 13 | total time: 2.50m | eta: 2.7m
step 00292/00600 (48.67%) | loss: 5.650436 | lrm: 0.80 | dt: 512.45ms | tok/sec: 31,972 | bf16_mfu: 0.00 | epoch: 1 pq: 0 rg: 14 | total time: 2.51m | eta: 2.7m
step 00293/00600 (48.83%) | loss: 5.646875 | lrm: 0.80 | dt: 499.57ms | tok/sec: 32,796 | bf16_mfu: 0.00 | epoch: 1 pq: 0 rg: 14 | total time: 2.52m | eta: 2.7m
step 00294/00600 (49.00%) | loss: 5.651403 | lrm: 0.80 | dt: 522.37ms | tok/sec: 31,364 | bf16_mfu: 0.00 | epoch: 1 pq: 0 rg: 14 | total time: 2.52m | eta: 2.7m
step 00295/00600 (49.17%) | loss: 5.653520 | lrm: 0.79 | dt: 510.96ms | tok/sec: 32,065 | bf16_mfu: 0.00 | epoch: 1 pq: 0 rg: 14 | total time: 2.53m | eta: 2.7m
step 00296/00600 (49.33%) | loss: 5.657578 | lrm: 0.79 | dt: 488.63ms | tok/sec: 33,530 | bf16_mfu: 0.00 | epoch: 1 pq: 0 rg: 14 | total time: 2.54m | eta: 2.7m
step 00297/00600 (49.50%) | loss: 5.651271 | lrm: 0.79 | dt: 513.84ms | tok/sec: 31,885 | bf16_mfu: 0.00 | epoch: 1 pq: 0 rg: 14 | total time: 2.55m | eta: 2.7m
step 00298/00600 (49.67%) | loss: 5.647449 | lrm: 0.79 | dt: 497.53ms | tok/sec: 32,930 | bf16_mfu: 0.00 | epoch: 1 pq: 0 rg: 14 | total time: 2.56m | eta: 2.7m
step 00299/00600 (49.83%) | loss: 5.650097 | lrm: 0.78 | dt: 498.00ms | tok/sec: 32,899 | bf16_mfu: 0.00 | epoch: 1 pq: 0 rg: 14 | total time: 2.57m | eta: 2.7m
Step 00300 | Validation bpb: 1.737302
step 00300/00600 (50.00%) | loss: 5.637841 | lrm: 0.78 | dt: 495.08ms | tok/sec: 33,093 | bf16_mfu: 0.00 | epoch: 1 pq: 0 rg: 14 | total time: 2.57m | eta: 2.7m
step 00301/00600 (50.17%) | loss: 5.638582 | lrm: 0.78 | dt: 495.13ms | tok/sec: 33,090 | bf16_mfu: 0.00 | epoch: 1 pq: 0 rg: 14 | total time: 2.58m | eta: 2.7m
step 00302/00600 (50.33%) | loss: 5.635169 | lrm: 0.78 | dt: 527.11ms | tok/sec: 31,082 | bf16_mfu: 0.00 | epoch: 1 pq: 0 rg: 14 | total time: 2.59m | eta: 2.6m
step 00303/00600 (50.50%) | loss: 5.626979 | lrm: 0.77 | dt: 496.92ms | tok/sec: 32,971 | bf16_mfu: 0.00 | epoch: 1 pq: 0 rg: 14 | total time: 2.60m | eta: 2.6m
step 00304/00600 (50.67%) | loss: 5.611492 | lrm: 0.77 | dt: 494.36ms | tok/sec: 33,141 | bf16_mfu: 0.00 | epoch: 1 pq: 0 rg: 14 | total time: 2.61m | eta: 2.6m
step 00305/00600 (50.83%) | loss: 5.613751 | lrm: 0.77 | dt: 507.69ms | tok/sec: 32,271 | bf16_mfu: 0.00 | epoch: 1 pq: 0 rg: 14 | total time: 2.62m | eta: 2.6m
step 00306/00600 (51.00%) | loss: 5.608284 | lrm: 0.77 | dt: 496.40ms | tok/sec: 33,005 | bf16_mfu: 0.00 | epoch: 1 pq: 0 rg: 14 | total time: 2.62m | eta: 2.6m
step 00307/00600 (51.17%) | loss: 5.612759 | lrm: 0.76 | dt: 521.56ms | tok/sec: 31,413 | bf16_mfu: 0.00 | epoch: 1 pq: 0 rg: 14 | total time: 2.63m | eta: 2.6m
step 00308/00600 (51.33%) | loss: 5.613486 | lrm: 0.76 | dt: 505.37ms | tok/sec: 32,419 | bf16_mfu: 0.00 | epoch: 1 pq: 0 rg: 14 | total time: 2.64m | eta: 2.6m
step 00309/00600 (51.50%) | loss: 5.599338 | lrm: 0.76 | dt: 498.42ms | tok/sec: 32,871 | bf16_mfu: 0.00 | epoch: 1 pq: 0 rg: 14 | total time: 2.65m | eta: 2.6m
step 00310/00600 (51.67%) | loss: 5.601317 | lrm: 0.76 | dt: 511.37ms | tok/sec: 32,039 | bf16_mfu: 0.00 | epoch: 1 pq: 0 rg: 14 | total time: 2.66m | eta: 2.6m
step 00311/00600 (51.83%) | loss: 5.587920 | lrm: 0.75 | dt: 498.83ms | tok/sec: 32,845 | bf16_mfu: 0.00 | epoch: 1 pq: 0 rg: 14 | total time: 2.67m | eta: 2.6m
step 00312/00600 (52.00%) | loss: 5.571197 | lrm: 0.75 | dt: 508.97ms | tok/sec: 32,190 | bf16_mfu: 0.00 | epoch: 1 pq: 0 rg: 14 | total time: 2.68m | eta: 2.6m
step 00313/00600 (52.17%) | loss: 5.574916 | lrm: 0.75 | dt: 505.12ms | tok/sec: 32,435 | bf16_mfu: 0.00 | epoch: 1 pq: 0 rg: 14 | total time: 2.68m | eta: 2.5m
step 00314/00600 (52.33%) | loss: 5.558392 | lrm: 0.75 | dt: 506.35ms | tok/sec: 32,357 | bf16_mfu: 0.00 | epoch: 1 pq: 0 rg: 14 | total time: 2.69m | eta: 2.5m
step 00315/00600 (52.50%) | loss: 5.559662 | lrm: 0.74 | dt: 510.43ms | tok/sec: 32,098 | bf16_mfu: 0.00 | epoch: 1 pq: 0 rg: 15 | total time: 2.70m | eta: 2.5m
step 00316/00600 (52.67%) | loss: 5.557482 | lrm: 0.74 | dt: 502.95ms | tok/sec: 32,575 | bf16_mfu: 0.00 | epoch: 1 pq: 0 rg: 15 | total time: 2.71m | eta: 2.5m
step 00317/00600 (52.83%) | loss: 5.554949 | lrm: 0.74 | dt: 501.26ms | tok/sec: 32,685 | bf16_mfu: 0.00 | epoch: 1 pq: 0 rg: 15 | total time: 2.72m | eta: 2.5m
step 00318/00600 (53.00%) | loss: 5.539831 | lrm: 0.74 | dt: 515.55ms | tok/sec: 31,779 | bf16_mfu: 0.00 | epoch: 1 pq: 0 rg: 15 | total time: 2.73m | eta: 2.5m
step 00319/00600 (53.17%) | loss: 5.549984 | lrm: 0.73 | dt: 495.88ms | tok/sec: 33,040 | bf16_mfu: 0.00 | epoch: 1 pq: 0 rg: 15 | total time: 2.73m | eta: 2.5m
step 00320/00600 (53.33%) | loss: 5.539517 | lrm: 0.73 | dt: 506.26ms | tok/sec: 32,362 | bf16_mfu: 0.00 | epoch: 1 pq: 0 rg: 15 | total time: 2.74m | eta: 2.5m
step 00321/00600 (53.50%) | loss: 5.549470 | lrm: 0.73 | dt: 510.20ms | tok/sec: 32,112 | bf16_mfu: 0.00 | epoch: 1 pq: 0 rg: 15 | total time: 2.75m | eta: 2.5m
step 00322/00600 (53.67%) | loss: 5.559690 | lrm: 0.73 | dt: 504.08ms | tok/sec: 32,503 | bf16_mfu: 0.00 | epoch: 1 pq: 0 rg: 15 | total time: 2.76m | eta: 2.5m
step 00323/00600 (53.83%) | loss: 5.551285 | lrm: 0.72 | dt: 511.06ms | tok/sec: 32,058 | bf16_mfu: 0.00 | epoch: 1 pq: 0 rg: 15 | total time: 2.77m | eta: 2.4m
step 00324/00600 (54.00%) | loss: 5.563236 | lrm: 0.72 | dt: 499.77ms | tok/sec: 32,782 | bf16_mfu: 0.00 | epoch: 1 pq: 0 rg: 15 | total time: 2.78m | eta: 2.4m
step 00325/00600 (54.17%) | loss: 5.553489 | lrm: 0.72 | dt: 530.52ms | tok/sec: 30,882 | bf16_mfu: 0.00 | epoch: 1 pq: 0 rg: 15 | total time: 2.79m | eta: 2.4m
step 00326/00600 (54.33%) | loss: 5.554983 | lrm: 0.72 | dt: 550.59ms | tok/sec: 29,757 | bf16_mfu: 0.00 | epoch: 1 pq: 0 rg: 15 | total time: 2.79m | eta: 2.4m
step 00327/00600 (54.50%) | loss: 5.559018 | lrm: 0.71 | dt: 532.30ms | tok/sec: 30,779 | bf16_mfu: 0.00 | epoch: 1 pq: 0 rg: 15 | total time: 2.80m | eta: 2.4m
step 00328/00600 (54.67%) | loss: 5.575041 | lrm: 0.71 | dt: 514.91ms | tok/sec: 31,819 | bf16_mfu: 0.00 | epoch: 1 pq: 0 rg: 15 | total time: 2.81m | eta: 2.4m
step 00329/00600 (54.83%) | loss: 5.579088 | lrm: 0.71 | dt: 512.53ms | tok/sec: 31,966 | bf16_mfu: 0.00 | epoch: 1 pq: 0 rg: 15 | total time: 2.82m | eta: 2.4m
step 00330/00600 (55.00%) | loss: 5.577885 | lrm: 0.71 | dt: 567.31ms | tok/sec: 28,880 | bf16_mfu: 0.00 | epoch: 1 pq: 0 rg: 15 | total time: 2.83m | eta: 2.4m
step 00331/00600 (55.17%) | loss: 5.569966 | lrm: 0.71 | dt: 523.45ms | tok/sec: 31,300 | bf16_mfu: 0.00 | epoch: 1 pq: 0 rg: 15 | total time: 2.84m | eta: 2.4m
step 00332/00600 (55.33%) | loss: 5.558963 | lrm: 0.70 | dt: 511.30ms | tok/sec: 32,043 | bf16_mfu: 0.00 | epoch: 1 pq: 0 rg: 15 | total time: 2.85m | eta: 2.4m
step 00333/00600 (55.50%) | loss: 5.555515 | lrm: 0.70 | dt: 510.14ms | tok/sec: 32,116 | bf16_mfu: 0.00 | epoch: 1 pq: 0 rg: 15 | total time: 2.86m | eta: 2.4m
step 00334/00600 (55.67%) | loss: 5.549117 | lrm: 0.70 | dt: 480.26ms | tok/sec: 34,114 | bf16_mfu: 0.00 | epoch: 1 pq: 0 rg: 15 | total time: 2.86m | eta: 2.4m
step 00335/00600 (55.83%) | loss: 5.543146 | lrm: 0.70 | dt: 415.24ms | tok/sec: 39,457 | bf16_mfu: 0.00 | epoch: 1 pq: 0 rg: 15 | total time: 2.87m | eta: 2.3m
step 00336/00600 (56.00%) | loss: 5.544142 | lrm: 0.69 | dt: 516.66ms | tok/sec: 31,711 | bf16_mfu: 0.00 | epoch: 1 pq: 0 rg: 15 | total time: 2.88m | eta: 2.3m
step 00337/00600 (56.17%) | loss: 5.538470 | lrm: 0.69 | dt: 522.29ms | tok/sec: 31,369 | bf16_mfu: 0.00 | epoch: 1 pq: 0 rg: 15 | total time: 2.89m | eta: 2.3m
step 00338/00600 (56.33%) | loss: 5.533514 | lrm: 0.69 | dt: 533.45ms | tok/sec: 30,713 | bf16_mfu: 0.00 | epoch: 1 pq: 0 rg: 16 | total time: 2.90m | eta: 2.3m
step 00339/00600 (56.50%) | loss: 5.527242 | lrm: 0.69 | dt: 500.11ms | tok/sec: 32,760 | bf16_mfu: 0.00 | epoch: 1 pq: 0 rg: 16 | total time: 2.91m | eta: 2.3m
step 00340/00600 (56.67%) | loss: 5.525115 | lrm: 0.68 | dt: 515.51ms | tok/sec: 31,782 | bf16_mfu: 0.00 | epoch: 1 pq: 0 rg: 16 | total time: 2.91m | eta: 2.3m
step 00341/00600 (56.83%) | loss: 5.515517 | lrm: 0.68 | dt: 512.33ms | tok/sec: 31,979 | bf16_mfu: 0.00 | epoch: 1 pq: 0 rg: 16 | total time: 2.92m | eta: 2.3m
step 00342/00600 (57.00%) | loss: 5.514414 | lrm: 0.68 | dt: 505.47ms | tok/sec: 32,413 | bf16_mfu: 0.00 | epoch: 1 pq: 0 rg: 16 | total time: 2.93m | eta: 2.3m
step 00343/00600 (57.17%) | loss: 5.514007 | lrm: 0.68 | dt: 513.32ms | tok/sec: 31,917 | bf16_mfu: 0.00 | epoch: 1 pq: 0 rg: 16 | total time: 2.94m | eta: 2.3m
step 00344/00600 (57.33%) | loss: 5.512813 | lrm: 0.67 | dt: 501.19ms | tok/sec: 32,690 | bf16_mfu: 0.00 | epoch: 1 pq: 0 rg: 16 | total time: 2.95m | eta: 2.3m
step 00345/00600 (57.50%) | loss: 5.507124 | lrm: 0.67 | dt: 548.69ms | tok/sec: 29,860 | bf16_mfu: 0.00 | epoch: 1 pq: 0 rg: 16 | total time: 2.96m | eta: 2.3m
step 00346/00600 (57.67%) | loss: 5.524550 | lrm: 0.67 | dt: 530.55ms | tok/sec: 30,881 | bf16_mfu: 0.00 | epoch: 1 pq: 0 rg: 16 | total time: 2.97m | eta: 2.2m
step 00347/00600 (57.83%) | loss: 5.526980 | lrm: 0.67 | dt: 511.18ms | tok/sec: 32,051 | bf16_mfu: 0.00 | epoch: 1 pq: 0 rg: 16 | total time: 2.97m | eta: 2.2m
step 00348/00600 (58.00%) | loss: 5.521271 | lrm: 0.66 | dt: 516.44ms | tok/sec: 31,724 | bf16_mfu: 0.00 | epoch: 1 pq: 0 rg: 16 | total time: 2.98m | eta: 2.2m
step 00349/00600 (58.17%) | loss: 5.524867 | lrm: 0.66 | dt: 521.61ms | tok/sec: 31,410 | bf16_mfu: 0.00 | epoch: 1 pq: 0 rg: 16 | total time: 2.99m | eta: 2.2m
step 00350/00600 (58.33%) | loss: 5.524549 | lrm: 0.66 | dt: 510.70ms | tok/sec: 32,081 | bf16_mfu: 0.00 | epoch: 1 pq: 0 rg: 16 | total time: 3.00m | eta: 2.2m
step 00351/00600 (58.50%) | loss: 5.517656 | lrm: 0.66 | dt: 518.04ms | tok/sec: 31,627 | bf16_mfu: 0.00 | epoch: 1 pq: 0 rg: 16 | total time: 3.01m | eta: 2.2m
step 00352/00600 (58.67%) | loss: 5.509710 | lrm: 0.65 | dt: 502.31ms | tok/sec: 32,617 | bf16_mfu: 0.00 | epoch: 1 pq: 0 rg: 16 | total time: 3.02m | eta: 2.2m
step 00353/00600 (58.83%) | loss: 5.508737 | lrm: 0.65 | dt: 521.22ms | tok/sec: 31,434 | bf16_mfu: 0.00 | epoch: 1 pq: 0 rg: 16 | total time: 3.03m | eta: 2.2m
step 00354/00600 (59.00%) | loss: 5.512057 | lrm: 0.65 | dt: 507.92ms | tok/sec: 32,257 | bf16_mfu: 0.00 | epoch: 1 pq: 0 rg: 16 | total time: 3.03m | eta: 2.2m
step 00355/00600 (59.17%) | loss: 5.514420 | lrm: 0.65 | dt: 506.10ms | tok/sec: 32,373 | bf16_mfu: 0.00 | epoch: 1 pq: 0 rg: 16 | total time: 3.04m | eta: 2.2m
step 00356/00600 (59.33%) | loss: 5.514771 | lrm: 0.64 | dt: 526.98ms | tok/sec: 31,090 | bf16_mfu: 0.00 | epoch: 1 pq: 0 rg: 16 | total time: 3.05m | eta: 2.2m
step 00357/00600 (59.50%) | loss: 5.514550 | lrm: 0.64 | dt: 557.89ms | tok/sec: 29,367 | bf16_mfu: 0.00 | epoch: 1 pq: 0 rg: 16 | total time: 3.06m | eta: 2.1m
step 00358/00600 (59.67%) | loss: 5.501511 | lrm: 0.64 | dt: 519.41ms | tok/sec: 31,543 | bf16_mfu: 0.00 | epoch: 1 pq: 0 rg: 16 | total time: 3.07m | eta: 2.1m
step 00359/00600 (59.83%) | loss: 5.498413 | lrm: 0.64 | dt: 513.27ms | tok/sec: 31,920 | bf16_mfu: 0.00 | epoch: 1 pq: 0 rg: 16 | total time: 3.08m | eta: 2.1m
step 00360/00600 (60.00%) | loss: 5.509321 | lrm: 0.63 | dt: 522.62ms | tok/sec: 31,349 | bf16_mfu: 0.00 | epoch: 1 pq: 0 rg: 16 | total time: 3.09m | eta: 2.1m
step 00361/00600 (60.17%) | loss: 5.511241 | lrm: 0.63 | dt: 519.32ms | tok/sec: 31,549 | bf16_mfu: 0.00 | epoch: 1 pq: 0 rg: 16 | total time: 3.10m | eta: 2.1m
step 00362/00600 (60.33%) | loss: 5.511282 | lrm: 0.63 | dt: 507.38ms | tok/sec: 32,291 | bf16_mfu: 0.00 | epoch: 1 pq: 0 rg: 17 | total time: 3.10m | eta: 2.1m
step 00363/00600 (60.50%) | loss: 5.507369 | lrm: 0.63 | dt: 515.39ms | tok/sec: 31,789 | bf16_mfu: 0.00 | epoch: 1 pq: 0 rg: 17 | total time: 3.11m | eta: 2.1m
step 00364/00600 (60.67%) | loss: 5.495856 | lrm: 0.62 | dt: 519.42ms | tok/sec: 31,542 | bf16_mfu: 0.00 | epoch: 1 pq: 0 rg: 17 | total time: 3.12m | eta: 2.1m
step 00365/00600 (60.83%) | loss: 5.487374 | lrm: 0.62 | dt: 509.55ms | tok/sec: 32,154 | bf16_mfu: 0.00 | epoch: 1 pq: 0 rg: 17 | total time: 3.13m | eta: 2.1m
step 00366/00600 (61.00%) | loss: 5.485620 | lrm: 0.62 | dt: 528.83ms | tok/sec: 30,981 | bf16_mfu: 0.00 | epoch: 1 pq: 0 rg: 17 | total time: 3.14m | eta: 2.1m
step 00367/00600 (61.17%) | loss: 5.477602 | lrm: 0.62 | dt: 508.75ms | tok/sec: 32,204 | bf16_mfu: 0.00 | epoch: 1 pq: 0 rg: 17 | total time: 3.15m | eta: 2.1m
step 00368/00600 (61.33%) | loss: 5.478310 | lrm: 0.62 | dt: 514.31ms | tok/sec: 31,856 | bf16_mfu: 0.00 | epoch: 1 pq: 0 rg: 17 | total time: 3.16m | eta: 2.0m
step 00369/00600 (61.50%) | loss: 5.485625 | lrm: 0.61 | dt: 521.03ms | tok/sec: 31,445 | bf16_mfu: 0.00 | epoch: 1 pq: 0 rg: 17 | total time: 3.16m | eta: 2.0m
step 00370/00600 (61.67%) | loss: 5.477338 | lrm: 0.61 | dt: 551.61ms | tok/sec: 29,702 | bf16_mfu: 0.00 | epoch: 1 pq: 0 rg: 17 | total time: 3.17m | eta: 2.0m
step 00371/00600 (61.83%) | loss: 5.476679 | lrm: 0.61 | dt: 557.00ms | tok/sec: 29,414 | bf16_mfu: 0.00 | epoch: 1 pq: 0 rg: 17 | total time: 3.18m | eta: 2.0m
step 00372/00600 (62.00%) | loss: 5.476879 | lrm: 0.61 | dt: 564.49ms | tok/sec: 29,024 | bf16_mfu: 0.00 | epoch: 1 pq: 0 rg: 17 | total time: 3.19m | eta: 2.0m
step 00373/00600 (62.17%) | loss: 5.466858 | lrm: 0.60 | dt: 528.00ms | tok/sec: 31,030 | bf16_mfu: 0.00 | epoch: 1 pq: 0 rg: 17 | total time: 3.20m | eta: 2.0m
step 00374/00600 (62.33%) | loss: 5.460993 | lrm: 0.60 | dt: 503.72ms | tok/sec: 32,526 | bf16_mfu: 0.00 | epoch: 1 pq: 0 rg: 17 | total time: 3.21m | eta: 2.0m
step 00375/00600 (62.50%) | loss: 5.448582 | lrm: 0.60 | dt: 509.29ms | tok/sec: 32,170 | bf16_mfu: 0.00 | epoch: 1 pq: 0 rg: 17 | total time: 3.22m | eta: 2.0m
step 00376/00600 (62.67%) | loss: 5.454671 | lrm: 0.60 | dt: 521.17ms | tok/sec: 31,436 | bf16_mfu: 0.00 | epoch: 1 pq: 0 rg: 17 | total time: 3.23m | eta: 2.0m
step 00377/00600 (62.83%) | loss: 5.450255 | lrm: 0.59 | dt: 515.24ms | tok/sec: 31,798 | bf16_mfu: 0.00 | epoch: 1 pq: 0 rg: 17 | total time: 3.23m | eta: 2.0m
step 00378/00600 (63.00%) | loss: 5.442300 | lrm: 0.59 | dt: 612.49ms | tok/sec: 26,749 | bf16_mfu: 0.00 | epoch: 1 pq: 0 rg: 17 | total time: 3.24m | eta: 2.0m
step 00379/00600 (63.17%) | loss: 5.426594 | lrm: 0.59 | dt: 563.86ms | tok/sec: 29,057 | bf16_mfu: 0.00 | epoch: 1 pq: 0 rg: 17 | total time: 3.25m | eta: 1.9m
step 00380/00600 (63.33%) | loss: 5.428124 | lrm: 0.59 | dt: 517.01ms | tok/sec: 31,690 | bf16_mfu: 0.00 | epoch: 1 pq: 0 rg: 17 | total time: 3.26m | eta: 1.9m
step 00381/00600 (63.50%) | loss: 5.419679 | lrm: 0.58 | dt: 506.42ms | tok/sec: 32,352 | bf16_mfu: 0.00 | epoch: 1 pq: 0 rg: 17 | total time: 3.27m | eta: 1.9m
step 00382/00600 (63.67%) | loss: 5.417771 | lrm: 0.58 | dt: 526.96ms | tok/sec: 31,091 | bf16_mfu: 0.00 | epoch: 1 pq: 0 rg: 17 | total time: 3.28m | eta: 1.9m
step 00383/00600 (63.83%) | loss: 5.415419 | lrm: 0.58 | dt: 529.99ms | tok/sec: 30,913 | bf16_mfu: 0.00 | epoch: 1 pq: 0 rg: 17 | total time: 3.29m | eta: 1.9m
step 00384/00600 (64.00%) | loss: 5.401847 | lrm: 0.58 | dt: 512.42ms | tok/sec: 31,973 | bf16_mfu: 0.00 | epoch: 1 pq: 0 rg: 17 | total time: 3.30m | eta: 1.9m
step 00385/00600 (64.17%) | loss: 5.409053 | lrm: 0.57 | dt: 527.86ms | tok/sec: 31,038 | bf16_mfu: 0.00 | epoch: 1 pq: 0 rg: 18 | total time: 3.31m | eta: 1.9m
step 00386/00600 (64.33%) | loss: 5.409541 | lrm: 0.57 | dt: 520.87ms | tok/sec: 31,454 | bf16_mfu: 0.00 | epoch: 1 pq: 0 rg: 18 | total time: 3.32m | eta: 1.9m
step 00387/00600 (64.50%) | loss: 5.409317 | lrm: 0.57 | dt: 574.78ms | tok/sec: 28,504 | bf16_mfu: 0.00 | epoch: 1 pq: 0 rg: 18 | total time: 3.32m | eta: 1.9m
step 00388/00600 (64.67%) | loss: 5.410316 | lrm: 0.57 | dt: 543.76ms | tok/sec: 30,130 | bf16_mfu: 0.00 | epoch: 1 pq: 0 rg: 18 | total time: 3.33m | eta: 1.9m
step 00389/00600 (64.83%) | loss: 5.397980 | lrm: 0.56 | dt: 523.06ms | tok/sec: 31,323 | bf16_mfu: 0.00 | epoch: 1 pq: 0 rg: 18 | total time: 3.34m | eta: 1.9m
step 00390/00600 (65.00%) | loss: 5.400936 | lrm: 0.56 | dt: 525.38ms | tok/sec: 31,185 | bf16_mfu: 0.00 | epoch: 1 pq: 0 rg: 18 | total time: 3.35m | eta: 1.9m
step 00391/00600 (65.17%) | loss: 5.393858 | lrm: 0.56 | dt: 519.70ms | tok/sec: 31,525 | bf16_mfu: 0.00 | epoch: 1 pq: 0 rg: 18 | total time: 3.36m | eta: 1.8m
step 00392/00600 (65.33%) | loss: 5.401279 | lrm: 0.56 | dt: 436.81ms | tok/sec: 37,508 | bf16_mfu: 0.00 | epoch: 1 pq: 0 rg: 18 | total time: 3.37m | eta: 1.8m
step 00393/00600 (65.50%) | loss: 5.411056 | lrm: 0.55 | dt: 463.64ms | tok/sec: 35,337 | bf16_mfu: 0.00 | epoch: 1 pq: 0 rg: 18 | total time: 3.37m | eta: 1.8m
step 00394/00600 (65.67%) | loss: 5.399017 | lrm: 0.55 | dt: 531.97ms | tok/sec: 30,798 | bf16_mfu: 0.00 | epoch: 1 pq: 0 rg: 18 | total time: 3.38m | eta: 1.8m
step 00395/00600 (65.83%) | loss: 5.395925 | lrm: 0.55 | dt: 532.37ms | tok/sec: 30,775 | bf16_mfu: 0.00 | epoch: 1 pq: 0 rg: 18 | total time: 3.39m | eta: 1.8m
step 00396/00600 (66.00%) | loss: 5.395766 | lrm: 0.55 | dt: 532.10ms | tok/sec: 30,791 | bf16_mfu: 0.00 | epoch: 1 pq: 0 rg: 18 | total time: 3.40m | eta: 1.8m
step 00397/00600 (66.17%) | loss: 5.391410 | lrm: 0.54 | dt: 513.15ms | tok/sec: 31,928 | bf16_mfu: 0.00 | epoch: 1 pq: 0 rg: 18 | total time: 3.41m | eta: 1.8m
step 00398/00600 (66.33%) | loss: 5.388744 | lrm: 0.54 | dt: 536.53ms | tok/sec: 30,536 | bf16_mfu: 0.00 | epoch: 1 pq: 0 rg: 18 | total time: 3.42m | eta: 1.8m
step 00399/00600 (66.50%) | loss: 5.385703 | lrm: 0.54 | dt: 540.84ms | tok/sec: 30,293 | bf16_mfu: 0.00 | epoch: 1 pq: 0 rg: 18 | total time: 3.43m | eta: 1.8m
Step 00400 | Validation bpb: 1.670604
step 00400/00600 (66.67%) | loss: 5.401332 | lrm: 0.54 | dt: 522.92ms | tok/sec: 31,331 | bf16_mfu: 0.00 | epoch: 1 pq: 0 rg: 18 | total time: 3.44m | eta: 1.8m
step 00401/00600 (66.83%) | loss: 5.399509 | lrm: 0.53 | dt: 509.31ms | tok/sec: 32,169 | bf16_mfu: 0.00 | epoch: 1 pq: 0 rg: 18 | total time: 3.45m | eta: 1.8m
step 00402/00600 (67.00%) | loss: 5.380570 | lrm: 0.53 | dt: 536.39ms | tok/sec: 30,545 | bf16_mfu: 0.00 | epoch: 1 pq: 0 rg: 18 | total time: 3.45m | eta: 1.7m
step 00403/00600 (67.17%) | loss: 5.377303 | lrm: 0.53 | dt: 534.02ms | tok/sec: 30,680 | bf16_mfu: 0.00 | epoch: 1 pq: 0 rg: 18 | total time: 3.46m | eta: 1.7m
step 00404/00600 (67.33%) | loss: 5.388750 | lrm: 0.53 | dt: 512.56ms | tok/sec: 31,964 | bf16_mfu: 0.00 | epoch: 1 pq: 0 rg: 18 | total time: 3.47m | eta: 1.7m
step 00405/00600 (67.50%) | loss: 5.380828 | lrm: 0.53 | dt: 533.08ms | tok/sec: 30,734 | bf16_mfu: 0.00 | epoch: 1 pq: 0 rg: 18 | total time: 3.48m | eta: 1.7m
step 00406/00600 (67.67%) | loss: 5.387414 | lrm: 0.52 | dt: 507.53ms | tok/sec: 32,281 | bf16_mfu: 0.00 | epoch: 1 pq: 0 rg: 18 | total time: 3.49m | eta: 1.7m
step 00407/00600 (67.83%) | loss: 5.376792 | lrm: 0.52 | dt: 528.63ms | tok/sec: 30,993 | bf16_mfu: 0.00 | epoch: 1 pq: 0 rg: 18 | total time: 3.50m | eta: 1.7m
step 00408/00600 (68.00%) | loss: 5.362216 | lrm: 0.52 | dt: 516.34ms | tok/sec: 31,730 | bf16_mfu: 0.00 | epoch: 1 pq: 0 rg: 19 | total time: 3.51m | eta: 1.7m
step 00409/00600 (68.17%) | loss: 5.350750 | lrm: 0.52 | dt: 517.76ms | tok/sec: 31,643 | bf16_mfu: 0.00 | epoch: 1 pq: 0 rg: 19 | total time: 3.51m | eta: 1.7m
step 00410/00600 (68.33%) | loss: 5.360188 | lrm: 0.51 | dt: 577.68ms | tok/sec: 28,361 | bf16_mfu: 0.00 | epoch: 1 pq: 0 rg: 19 | total time: 3.52m | eta: 1.7m
step 00411/00600 (68.50%) | loss: 5.352506 | lrm: 0.51 | dt: 548.63ms | tok/sec: 29,863 | bf16_mfu: 0.00 | epoch: 1 pq: 0 rg: 19 | total time: 3.53m | eta: 1.7m
step 00412/00600 (68.67%) | loss: 5.367591 | lrm: 0.51 | dt: 530.81ms | tok/sec: 30,866 | bf16_mfu: 0.00 | epoch: 1 pq: 0 rg: 19 | total time: 3.54m | eta: 1.7m
step 00413/00600 (68.83%) | loss: 5.371313 | lrm: 0.51 | dt: 548.84ms | tok/sec: 29,851 | bf16_mfu: 0.00 | epoch: 1 pq: 0 rg: 19 | total time: 3.55m | eta: 1.6m
step 00414/00600 (69.00%) | loss: 5.368616 | lrm: 0.50 | dt: 585.57ms | tok/sec: 27,979 | bf16_mfu: 0.00 | epoch: 1 pq: 0 rg: 19 | total time: 3.56m | eta: 1.6m
step 00415/00600 (69.17%) | loss: 5.360933 | lrm: 0.50 | dt: 528.21ms | tok/sec: 31,018 | bf16_mfu: 0.00 | epoch: 1 pq: 0 rg: 19 | total time: 3.57m | eta: 1.6m
step 00416/00600 (69.33%) | loss: 5.363786 | lrm: 0.50 | dt: 518.82ms | tok/sec: 31,579 | bf16_mfu: 0.00 | epoch: 1 pq: 0 rg: 19 | total time: 3.58m | eta: 1.6m
step 00417/00600 (69.50%) | loss: 5.357283 | lrm: 0.50 | dt: 544.54ms | tok/sec: 30,087 | bf16_mfu: 0.00 | epoch: 1 pq: 0 rg: 19 | total time: 3.59m | eta: 1.6m
step 00418/00600 (69.67%) | loss: 5.360187 | lrm: 0.49 | dt: 520.45ms | tok/sec: 31,480 | bf16_mfu: 0.00 | epoch: 1 pq: 0 rg: 19 | total time: 3.60m | eta: 1.6m
step 00419/00600 (69.83%) | loss: 5.361788 | lrm: 0.49 | dt: 526.95ms | tok/sec: 31,092 | bf16_mfu: 0.00 | epoch: 1 pq: 0 rg: 19 | total time: 3.61m | eta: 1.6m
step 00420/00600 (70.00%) | loss: 5.365338 | lrm: 0.49 | dt: 541.80ms | tok/sec: 30,240 | bf16_mfu: 0.00 | epoch: 1 pq: 0 rg: 19 | total time: 3.61m | eta: 1.6m
step 00421/00600 (70.17%) | loss: 5.372796 | lrm: 0.49 | dt: 515.98ms | tok/sec: 31,753 | bf16_mfu: 0.00 | epoch: 1 pq: 0 rg: 19 | total time: 3.62m | eta: 1.6m
step 00422/00600 (70.33%) | loss: 5.374176 | lrm: 0.48 | dt: 539.01ms | tok/sec: 30,396 | bf16_mfu: 0.00 | epoch: 1 pq: 0 rg: 19 | total time: 3.63m | eta: 1.6m
step 00423/00600 (70.50%) | loss: 5.371989 | lrm: 0.48 | dt: 527.49ms | tok/sec: 31,060 | bf16_mfu: 0.00 | epoch: 1 pq: 0 rg: 19 | total time: 3.64m | eta: 1.6m
step 00424/00600 (70.67%) | loss: 5.374735 | lrm: 0.48 | dt: 546.11ms | tok/sec: 30,001 | bf16_mfu: 0.00 | epoch: 1 pq: 0 rg: 19 | total time: 3.65m | eta: 1.6m
step 00425/00600 (70.83%) | loss: 5.372562 | lrm: 0.48 | dt: 556.45ms | tok/sec: 29,443 | bf16_mfu: 0.00 | epoch: 1 pq: 0 rg: 19 | total time: 3.66m | eta: 1.5m
step 00426/00600 (71.00%) | loss: 5.375433 | lrm: 0.47 | dt: 519.71ms | tok/sec: 31,525 | bf16_mfu: 0.00 | epoch: 1 pq: 0 rg: 19 | total time: 3.67m | eta: 1.5m
step 00427/00600 (71.17%) | loss: 5.375114 | lrm: 0.47 | dt: 536.66ms | tok/sec: 30,529 | bf16_mfu: 0.00 | epoch: 1 pq: 0 rg: 19 | total time: 3.68m | eta: 1.5m
step 00428/00600 (71.33%) | loss: 5.361638 | lrm: 0.47 | dt: 525.45ms | tok/sec: 31,180 | bf16_mfu: 0.00 | epoch: 1 pq: 0 rg: 19 | total time: 3.69m | eta: 1.5m
step 00429/00600 (71.50%) | loss: 5.369331 | lrm: 0.47 | dt: 528.61ms | tok/sec: 30,994 | bf16_mfu: 0.00 | epoch: 1 pq: 0 rg: 19 | total time: 3.69m | eta: 1.5m
step 00430/00600 (71.67%) | loss: 5.365448 | lrm: 0.46 | dt: 545.49ms | tok/sec: 30,035 | bf16_mfu: 0.00 | epoch: 1 pq: 0 rg: 19 | total time: 3.70m | eta: 1.5m
step 00431/00600 (71.83%) | loss: 5.348828 | lrm: 0.46 | dt: 523.63ms | tok/sec: 31,289 | bf16_mfu: 0.00 | epoch: 1 pq: 0 rg: 20 | total time: 3.71m | eta: 1.5m
step 00432/00600 (72.00%) | loss: 5.356819 | lrm: 0.46 | dt: 543.27ms | tok/sec: 30,158 | bf16_mfu: 0.00 | epoch: 1 pq: 0 rg: 20 | total time: 3.72m | eta: 1.5m
step 00433/00600 (72.17%) | loss: 5.359764 | lrm: 0.46 | dt: 526.58ms | tok/sec: 31,113 | bf16_mfu: 0.00 | epoch: 1 pq: 0 rg: 20 | total time: 3.73m | eta: 1.5m
step 00434/00600 (72.33%) | loss: 5.366605 | lrm: 0.45 | dt: 601.89ms | tok/sec: 27,221 | bf16_mfu: 0.00 | epoch: 1 pq: 0 rg: 20 | total time: 3.74m | eta: 1.5m
step 00435/00600 (72.50%) | loss: 5.369429 | lrm: 0.45 | dt: 556.12ms | tok/sec: 29,461 | bf16_mfu: 0.00 | epoch: 1 pq: 0 rg: 20 | total time: 3.75m | eta: 1.5m
step 00436/00600 (72.67%) | loss: 5.371551 | lrm: 0.45 | dt: 521.96ms | tok/sec: 31,389 | bf16_mfu: 0.00 | epoch: 1 pq: 0 rg: 20 | total time: 3.76m | eta: 1.4m
step 00437/00600 (72.83%) | loss: 5.366539 | lrm: 0.45 | dt: 549.30ms | tok/sec: 29,826 | bf16_mfu: 0.00 | epoch: 1 pq: 0 rg: 20 | total time: 3.77m | eta: 1.4m
step 00438/00600 (73.00%) | loss: 5.363923 | lrm: 0.44 | dt: 531.13ms | tok/sec: 30,847 | bf16_mfu: 0.00 | epoch: 1 pq: 0 rg: 20 | total time: 3.78m | eta: 1.4m
step 00439/00600 (73.17%) | loss: 5.351122 | lrm: 0.44 | dt: 554.57ms | tok/sec: 29,543 | bf16_mfu: 0.00 | epoch: 1 pq: 0 rg: 20 | total time: 3.79m | eta: 1.4m
step 00440/00600 (73.33%) | loss: 5.335227 | lrm: 0.44 | dt: 549.11ms | tok/sec: 29,837 | bf16_mfu: 0.00 | epoch: 1 pq: 0 rg: 20 | total time: 3.79m | eta: 1.4m
step 00441/00600 (73.50%) | loss: 5.337135 | lrm: 0.44 | dt: 542.91ms | tok/sec: 30,177 | bf16_mfu: 0.00 | epoch: 1 pq: 0 rg: 20 | total time: 3.80m | eta: 1.4m
step 00442/00600 (73.67%) | loss: 5.333585 | lrm: 0.43 | dt: 541.10ms | tok/sec: 30,278 | bf16_mfu: 0.00 | epoch: 1 pq: 0 rg: 20 | total time: 3.81m | eta: 1.4m
step 00443/00600 (73.83%) | loss: 5.342137 | lrm: 0.43 | dt: 546.27ms | tok/sec: 29,992 | bf16_mfu: 0.00 | epoch: 1 pq: 0 rg: 20 | total time: 3.82m | eta: 1.4m
step 00444/00600 (74.00%) | loss: 5.348282 | lrm: 0.43 | dt: 543.32ms | tok/sec: 30,155 | bf16_mfu: 0.00 | epoch: 1 pq: 0 rg: 20 | total time: 3.83m | eta: 1.4m
step 00445/00600 (74.17%) | loss: 5.347570 | lrm: 0.43 | dt: 498.20ms | tok/sec: 32,886 | bf16_mfu: 0.00 | epoch: 1 pq: 0 rg: 20 | total time: 3.84m | eta: 1.4m
step 00446/00600 (74.33%) | loss: 5.339988 | lrm: 0.43 | dt: 432.74ms | tok/sec: 37,860 | bf16_mfu: 0.00 | epoch: 1 pq: 0 rg: 20 | total time: 3.85m | eta: 1.4m
step 00447/00600 (74.50%) | loss: 5.342309 | lrm: 0.42 | dt: 580.68ms | tok/sec: 28,215 | bf16_mfu: 0.00 | epoch: 1 pq: 0 rg: 20 | total time: 3.86m | eta: 1.3m
step 00448/00600 (74.67%) | loss: 5.327848 | lrm: 0.42 | dt: 548.93ms | tok/sec: 29,847 | bf16_mfu: 0.00 | epoch: 1 pq: 0 rg: 20 | total time: 3.87m | eta: 1.3m
step 00449/00600 (74.83%) | loss: 5.333333 | lrm: 0.42 | dt: 547.39ms | tok/sec: 29,931 | bf16_mfu: 0.00 | epoch: 1 pq: 0 rg: 20 | total time: 3.87m | eta: 1.3m
step 00450/00600 (75.00%) | loss: 5.339598 | lrm: 0.42 | dt: 530.60ms | tok/sec: 30,878 | bf16_mfu: 0.00 | epoch: 1 pq: 0 rg: 20 | total time: 3.88m | eta: 1.3m
step 00451/00600 (75.17%) | loss: 5.321639 | lrm: 0.41 | dt: 556.69ms | tok/sec: 29,431 | bf16_mfu: 0.00 | epoch: 1 pq: 0 rg: 20 | total time: 3.89m | eta: 1.3m
step 00452/00600 (75.33%) | loss: 5.326937 | lrm: 0.41 | dt: 536.12ms | tok/sec: 30,560 | bf16_mfu: 0.00 | epoch: 1 pq: 0 rg: 20 | total time: 3.90m | eta: 1.3m
step 00453/00600 (75.50%) | loss: 5.344108 | lrm: 0.41 | dt: 557.45ms | tok/sec: 29,390 | bf16_mfu: 0.00 | epoch: 1 pq: 0 rg: 20 | total time: 3.91m | eta: 1.3m
step 00454/00600 (75.67%) | loss: 5.348686 | lrm: 0.41 | dt: 537.78ms | tok/sec: 30,466 | bf16_mfu: 0.00 | epoch: 1 pq: 0 rg: 20 | total time: 3.92m | eta: 1.3m
step 00455/00600 (75.83%) | loss: 5.342022 | lrm: 0.40 | dt: 553.86ms | tok/sec: 29,581 | bf16_mfu: 0.00 | epoch: 1 pq: 0 rg: 21 | total time: 3.93m | eta: 1.3m
step 00456/00600 (76.00%) | loss: 5.350864 | lrm: 0.40 | dt: 547.68ms | tok/sec: 29,915 | bf16_mfu: 0.00 | epoch: 1 pq: 0 rg: 21 | total time: 3.94m | eta: 1.3m
step 00457/00600 (76.17%) | loss: 5.336623 | lrm: 0.40 | dt: 548.97ms | tok/sec: 29,844 | bf16_mfu: 0.00 | epoch: 1 pq: 0 rg: 21 | total time: 3.95m | eta: 1.3m
step 00458/00600 (76.33%) | loss: 5.335959 | lrm: 0.40 | dt: 572.79ms | tok/sec: 28,603 | bf16_mfu: 0.00 | epoch: 1 pq: 0 rg: 21 | total time: 3.96m | eta: 1.3m
step 00459/00600 (76.50%) | loss: 5.332936 | lrm: 0.39 | dt: 529.64ms | tok/sec: 30,934 | bf16_mfu: 0.00 | epoch: 1 pq: 0 rg: 21 | total time: 3.97m | eta: 1.2m
step 00460/00600 (76.67%) | loss: 5.321842 | lrm: 0.39 | dt: 550.70ms | tok/sec: 29,751 | bf16_mfu: 0.00 | epoch: 1 pq: 0 rg: 21 | total time: 3.97m | eta: 1.2m
step 00461/00600 (76.83%) | loss: 5.319226 | lrm: 0.39 | dt: 558.37ms | tok/sec: 29,342 | bf16_mfu: 0.00 | epoch: 1 pq: 0 rg: 21 | total time: 3.98m | eta: 1.2m
step 00462/00600 (77.00%) | loss: 5.311012 | lrm: 0.39 | dt: 531.67ms | tok/sec: 30,816 | bf16_mfu: 0.00 | epoch: 1 pq: 0 rg: 21 | total time: 3.99m | eta: 1.2m
step 00463/00600 (77.17%) | loss: 5.315579 | lrm: 0.38 | dt: 555.96ms | tok/sec: 29,469 | bf16_mfu: 0.00 | epoch: 1 pq: 0 rg: 21 | total time: 4.00m | eta: 1.2m
step 00464/00600 (77.33%) | loss: 5.313277 | lrm: 0.38 | dt: 541.92ms | tok/sec: 30,233 | bf16_mfu: 0.00 | epoch: 1 pq: 0 rg: 21 | total time: 4.01m | eta: 1.2m
step 00465/00600 (77.50%) | loss: 5.312744 | lrm: 0.38 | dt: 560.52ms | tok/sec: 29,230 | bf16_mfu: 0.00 | epoch: 1 pq: 0 rg: 21 | total time: 4.02m | eta: 1.2m
step 00466/00600 (77.67%) | loss: 5.293108 | lrm: 0.38 | dt: 536.53ms | tok/sec: 30,537 | bf16_mfu: 0.00 | epoch: 1 pq: 0 rg: 21 | total time: 4.03m | eta: 1.2m
step 00467/00600 (77.83%) | loss: 5.290620 | lrm: 0.37 | dt: 555.62ms | tok/sec: 29,487 | bf16_mfu: 0.00 | epoch: 1 pq: 0 rg: 21 | total time: 4.04m | eta: 1.2m
step 00468/00600 (78.00%) | loss: 5.296566 | lrm: 0.37 | dt: 583.18ms | tok/sec: 28,094 | bf16_mfu: 0.00 | epoch: 1 pq: 0 rg: 21 | total time: 4.05m | eta: 1.2m
step 00469/00600 (78.17%) | loss: 5.312313 | lrm: 0.37 | dt: 547.48ms | tok/sec: 29,926 | bf16_mfu: 0.00 | epoch: 1 pq: 0 rg: 21 | total time: 4.06m | eta: 1.2m
step 00470/00600 (78.33%) | loss: 5.314587 | lrm: 0.37 | dt: 559.37ms | tok/sec: 29,290 | bf16_mfu: 0.00 | epoch: 1 pq: 0 rg: 21 | total time: 4.07m | eta: 1.1m
step 00471/00600 (78.50%) | loss: 5.310279 | lrm: 0.36 | dt: 533.72ms | tok/sec: 30,697 | bf16_mfu: 0.00 | epoch: 1 pq: 0 rg: 21 | total time: 4.08m | eta: 1.1m
step 00472/00600 (78.67%) | loss: 5.290419 | lrm: 0.36 | dt: 563.74ms | tok/sec: 29,063 | bf16_mfu: 0.00 | epoch: 1 pq: 0 rg: 21 | total time: 4.08m | eta: 1.1m
step 00473/00600 (78.83%) | loss: 5.298793 | lrm: 0.36 | dt: 555.48ms | tok/sec: 29,495 | bf16_mfu: 0.00 | epoch: 1 pq: 0 rg: 21 | total time: 4.09m | eta: 1.1m
step 00474/00600 (79.00%) | loss: 5.301048 | lrm: 0.36 | dt: 535.69ms | tok/sec: 30,584 | bf16_mfu: 0.00 | epoch: 1 pq: 0 rg: 21 | total time: 4.10m | eta: 1.1m
step 00475/00600 (79.17%) | loss: 5.310448 | lrm: 0.35 | dt: 570.98ms | tok/sec: 28,694 | bf16_mfu: 0.00 | epoch: 1 pq: 0 rg: 21 | total time: 4.11m | eta: 1.1m
step 00476/00600 (79.33%) | loss: 5.307331 | lrm: 0.35 | dt: 539.19ms | tok/sec: 30,386 | bf16_mfu: 0.00 | epoch: 1 pq: 0 rg: 21 | total time: 4.12m | eta: 1.1m
step 00477/00600 (79.50%) | loss: 5.327158 | lrm: 0.35 | dt: 563.83ms | tok/sec: 29,058 | bf16_mfu: 0.00 | epoch: 1 pq: 0 rg: 21 | total time: 4.13m | eta: 1.1m
step 00478/00600 (79.67%) | loss: 5.321190 | lrm: 0.35 | dt: 586.19ms | tok/sec: 27,950 | bf16_mfu: 0.00 | epoch: 1 pq: 0 rg: 22 | total time: 4.14m | eta: 1.1m
step 00479/00600 (79.83%) | loss: 5.311619 | lrm: 0.34 | dt: 551.88ms | tok/sec: 29,687 | bf16_mfu: 0.00 | epoch: 1 pq: 0 rg: 22 | total time: 4.15m | eta: 1.1m
step 00480/00600 (80.00%) | loss: 5.307171 | lrm: 0.34 | dt: 564.75ms | tok/sec: 29,010 | bf16_mfu: 0.00 | epoch: 1 pq: 0 rg: 22 | total time: 4.16m | eta: 1.1m
step 00481/00600 (80.17%) | loss: 5.308515 | lrm: 0.34 | dt: 553.44ms | tok/sec: 29,603 | bf16_mfu: 0.00 | epoch: 1 pq: 0 rg: 22 | total time: 4.17m | eta: 1.1m
step 00482/00600 (80.33%) | loss: 5.313410 | lrm: 0.34 | dt: 565.98ms | tok/sec: 28,947 | bf16_mfu: 0.00 | epoch: 1 pq: 0 rg: 22 | total time: 4.18m | eta: 1.0m
step 00483/00600 (80.50%) | loss: 5.314950 | lrm: 0.33 | dt: 550.68ms | tok/sec: 29,752 | bf16_mfu: 0.00 | epoch: 1 pq: 0 rg: 22 | total time: 4.19m | eta: 1.0m
step 00484/00600 (80.67%) | loss: 5.312104 | lrm: 0.33 | dt: 575.60ms | tok/sec: 28,464 | bf16_mfu: 0.00 | epoch: 1 pq: 0 rg: 22 | total time: 4.20m | eta: 1.0m
step 00485/00600 (80.83%) | loss: 5.295885 | lrm: 0.33 | dt: 551.32ms | tok/sec: 29,717 | bf16_mfu: 0.00 | epoch: 1 pq: 0 rg: 22 | total time: 4.21m | eta: 1.0m
step 00486/00600 (81.00%) | loss: 5.288457 | lrm: 0.33 | dt: 566.65ms | tok/sec: 28,913 | bf16_mfu: 0.00 | epoch: 1 pq: 0 rg: 22 | total time: 4.22m | eta: 1.0m
step 00487/00600 (81.17%) | loss: 5.279271 | lrm: 0.33 | dt: 567.16ms | tok/sec: 28,888 | bf16_mfu: 0.00 | epoch: 1 pq: 0 rg: 22 | total time: 4.22m | eta: 1.0m
step 00488/00600 (81.33%) | loss: 5.276826 | lrm: 0.32 | dt: 586.82ms | tok/sec: 27,919 | bf16_mfu: 0.00 | epoch: 1 pq: 0 rg: 22 | total time: 4.23m | eta: 1.0m
step 00489/00600 (81.50%) | loss: 5.279838 | lrm: 0.32 | dt: 564.85ms | tok/sec: 29,006 | bf16_mfu: 0.00 | epoch: 1 pq: 0 rg: 22 | total time: 4.24m | eta: 1.0m
step 00490/00600 (81.67%) | loss: 5.268876 | lrm: 0.32 | dt: 567.18ms | tok/sec: 28,886 | bf16_mfu: 0.00 | epoch: 1 pq: 0 rg: 22 | total time: 4.25m | eta: 1.0m
step 00491/00600 (81.83%) | loss: 5.270346 | lrm: 0.32 | dt: 579.78ms | tok/sec: 28,259 | bf16_mfu: 0.00 | epoch: 1 pq: 0 rg: 22 | total time: 4.26m | eta: 1.0m
step 00492/00600 (82.00%) | loss: 5.260770 | lrm: 0.31 | dt: 564.41ms | tok/sec: 29,028 | bf16_mfu: 0.00 | epoch: 1 pq: 0 rg: 22 | total time: 4.27m | eta: 1.0m
step 00493/00600 (82.17%) | loss: 5.251129 | lrm: 0.31 | dt: 597.78ms | tok/sec: 27,408 | bf16_mfu: 0.00 | epoch: 1 pq: 0 rg: 22 | total time: 4.28m | eta: 0.9m
step 00494/00600 (82.33%) | loss: 5.250374 | lrm: 0.31 | dt: 581.80ms | tok/sec: 28,160 | bf16_mfu: 0.00 | epoch: 1 pq: 0 rg: 22 | total time: 4.29m | eta: 0.9m
step 00495/00600 (82.50%) | loss: 5.248470 | lrm: 0.31 | dt: 608.52ms | tok/sec: 26,924 | bf16_mfu: 0.00 | epoch: 1 pq: 0 rg: 22 | total time: 4.30m | eta: 0.9m
step 00496/00600 (82.67%) | loss: 5.261534 | lrm: 0.30 | dt: 616.33ms | tok/sec: 26,583 | bf16_mfu: 0.00 | epoch: 1 pq: 0 rg: 22 | total time: 4.31m | eta: 0.9m
step 00497/00600 (82.83%) | loss: 5.259974 | lrm: 0.30 | dt: 584.21ms | tok/sec: 28,044 | bf16_mfu: 0.00 | epoch: 1 pq: 0 rg: 22 | total time: 4.32m | eta: 0.9m
step 00498/00600 (83.00%) | loss: 5.254477 | lrm: 0.30 | dt: 643.88ms | tok/sec: 25,445 | bf16_mfu: 0.00 | epoch: 1 pq: 0 rg: 22 | total time: 4.33m | eta: 0.9m
step 00499/00600 (83.17%) | loss: 5.261464 | lrm: 0.30 | dt: 638.93ms | tok/sec: 25,642 | bf16_mfu: 0.00 | epoch: 1 pq: 0 rg: 22 | total time: 4.34m | eta: 0.9m
Step 00500 | Validation bpb: 1.630760
step 00500/00600 (83.33%) | loss: 5.254771 | lrm: 0.29 | dt: 586.29ms | tok/sec: 27,945 | bf16_mfu: 0.00 | epoch: 1 pq: 0 rg: 22 | total time: 4.35m | eta: 0.9m
step 00501/00600 (83.50%) | loss: 5.249276 | lrm: 0.29 | dt: 597.72ms | tok/sec: 27,410 | bf16_mfu: 0.00 | epoch: 1 pq: 0 rg: 23 | total time: 4.36m | eta: 0.9m
step 00502/00600 (83.67%) | loss: 5.253918 | lrm: 0.29 | dt: 600.65ms | tok/sec: 27,277 | bf16_mfu: 0.00 | epoch: 1 pq: 0 rg: 23 | total time: 4.37m | eta: 0.9m
step 00503/00600 (83.83%) | loss: 5.266043 | lrm: 0.29 | dt: 580.64ms | tok/sec: 28,217 | bf16_mfu: 0.00 | epoch: 1 pq: 0 rg: 23 | total time: 4.38m | eta: 0.9m
step 00504/00600 (84.00%) | loss: 5.259022 | lrm: 0.28 | dt: 613.26ms | tok/sec: 26,716 | bf16_mfu: 0.00 | epoch: 1 pq: 0 rg: 23 | total time: 4.39m | eta: 0.9m
step 00505/00600 (84.17%) | loss: 5.241760 | lrm: 0.28 | dt: 590.28ms | tok/sec: 27,756 | bf16_mfu: 0.00 | epoch: 1 pq: 0 rg: 23 | total time: 4.40m | eta: 0.8m
step 00506/00600 (84.33%) | loss: 5.246914 | lrm: 0.28 | dt: 623.73ms | tok/sec: 26,267 | bf16_mfu: 0.00 | epoch: 1 pq: 0 rg: 23 | total time: 4.41m | eta: 0.8m
step 00507/00600 (84.50%) | loss: 5.230154 | lrm: 0.28 | dt: 595.61ms | tok/sec: 27,507 | bf16_mfu: 0.00 | epoch: 1 pq: 0 rg: 23 | total time: 4.42m | eta: 0.8m
step 00508/00600 (84.67%) | loss: 5.239480 | lrm: 0.27 | dt: 593.38ms | tok/sec: 27,611 | bf16_mfu: 0.00 | epoch: 1 pq: 0 rg: 23 | total time: 4.43m | eta: 0.8m
step 00509/00600 (84.83%) | loss: 5.247809 | lrm: 0.27 | dt: 607.97ms | tok/sec: 26,948 | bf16_mfu: 0.00 | epoch: 1 pq: 0 rg: 23 | total time: 4.44m | eta: 0.8m
step 00510/00600 (85.00%) | loss: 5.237617 | lrm: 0.27 | dt: 598.84ms | tok/sec: 27,359 | bf16_mfu: 0.00 | epoch: 1 pq: 0 rg: 23 | total time: 4.45m | eta: 0.8m
step 00511/00600 (85.17%) | loss: 5.235487 | lrm: 0.27 | dt: 602.67ms | tok/sec: 27,185 | bf16_mfu: 0.00 | epoch: 1 pq: 0 rg: 23 | total time: 4.46m | eta: 0.8m
step 00512/00600 (85.33%) | loss: 5.222490 | lrm: 0.26 | dt: 600.33ms | tok/sec: 27,291 | bf16_mfu: 0.00 | epoch: 1 pq: 0 rg: 23 | total time: 4.47m | eta: 0.8m
step 00513/00600 (85.50%) | loss: 5.217277 | lrm: 0.26 | dt: 621.26ms | tok/sec: 26,372 | bf16_mfu: 0.00 | epoch: 1 pq: 0 rg: 23 | total time: 4.48m | eta: 0.8m
step 00514/00600 (85.67%) | loss: 5.216137 | lrm: 0.26 | dt: 631.14ms | tok/sec: 25,959 | bf16_mfu: 0.00 | epoch: 1 pq: 0 rg: 23 | total time: 4.49m | eta: 0.8m
step 00515/00600 (85.83%) | loss: 5.212399 | lrm: 0.26 | dt: 660.94ms | tok/sec: 24,789 | bf16_mfu: 0.00 | epoch: 1 pq: 0 rg: 23 | total time: 4.51m | eta: 0.8m
step 00516/00600 (86.00%) | loss: 5.195586 | lrm: 0.25 | dt: 609.88ms | tok/sec: 26,864 | bf16_mfu: 0.00 | epoch: 1 pq: 0 rg: 23 | total time: 4.52m | eta: 0.7m
step 00517/00600 (86.17%) | loss: 5.198491 | lrm: 0.25 | dt: 613.62ms | tok/sec: 26,700 | bf16_mfu: 0.00 | epoch: 1 pq: 0 rg: 23 | total time: 4.53m | eta: 0.7m
step 00518/00600 (86.33%) | loss: 5.210694 | lrm: 0.25 | dt: 689.65ms | tok/sec: 23,756 | bf16_mfu: 0.00 | epoch: 1 pq: 0 rg: 23 | total time: 4.54m | eta: 0.7m
step 00519/00600 (86.50%) | loss: 5.206442 | lrm: 0.25 | dt: 628.58ms | tok/sec: 26,064 | bf16_mfu: 0.00 | epoch: 1 pq: 0 rg: 23 | total time: 4.55m | eta: 0.7m
step 00520/00600 (86.67%) | loss: 5.208904 | lrm: 0.24 | dt: 596.42ms | tok/sec: 27,470 | bf16_mfu: 0.00 | epoch: 1 pq: 0 rg: 23 | total time: 4.56m | eta: 0.7m
step 00521/00600 (86.83%) | loss: 5.209581 | lrm: 0.24 | dt: 613.03ms | tok/sec: 26,726 | bf16_mfu: 0.00 | epoch: 1 pq: 0 rg: 23 | total time: 4.57m | eta: 0.7m
step 00522/00600 (87.00%) | loss: 5.205064 | lrm: 0.24 | dt: 632.38ms | tok/sec: 25,908 | bf16_mfu: 0.00 | epoch: 1 pq: 0 rg: 23 | total time: 4.58m | eta: 0.7m
step 00523/00600 (87.17%) | loss: 5.207440 | lrm: 0.24 | dt: 620.24ms | tok/sec: 26,415 | bf16_mfu: 0.00 | epoch: 1 pq: 0 rg: 23 | total time: 4.59m | eta: 0.7m
step 00524/00600 (87.33%) | loss: 5.214498 | lrm: 0.24 | dt: 616.62ms | tok/sec: 26,570 | bf16_mfu: 0.00 | epoch: 1 pq: 0 rg: 23 | total time: 4.60m | eta: 0.7m
step 00525/00600 (87.50%) | loss: 5.201871 | lrm: 0.23 | dt: 628.17ms | tok/sec: 26,081 | bf16_mfu: 0.00 | epoch: 1 pq: 0 rg: 24 | total time: 4.61m | eta: 0.7m
step 00526/00600 (87.67%) | loss: 5.211289 | lrm: 0.23 | dt: 609.58ms | tok/sec: 26,877 | bf16_mfu: 0.00 | epoch: 1 pq: 0 rg: 24 | total time: 4.62m | eta: 0.7m
step 00527/00600 (87.83%) | loss: 5.199492 | lrm: 0.23 | dt: 606.66ms | tok/sec: 27,006 | bf16_mfu: 0.00 | epoch: 1 pq: 0 rg: 24 | total time: 4.63m | eta: 0.7m
step 00528/00600 (88.00%) | loss: 5.187847 | lrm: 0.23 | dt: 622.50ms | tok/sec: 26,319 | bf16_mfu: 0.00 | epoch: 1 pq: 0 rg: 24 | total time: 4.64m | eta: 0.6m
step 00529/00600 (88.17%) | loss: 5.198671 | lrm: 0.22 | dt: 602.38ms | tok/sec: 27,198 | bf16_mfu: 0.00 | epoch: 1 pq: 0 rg: 24 | total time: 4.65m | eta: 0.6m
step 00530/00600 (88.33%) | loss: 5.195355 | lrm: 0.22 | dt: 632.04ms | tok/sec: 25,922 | bf16_mfu: 0.00 | epoch: 1 pq: 0 rg: 24 | total time: 4.66m | eta: 0.6m
step 00531/00600 (88.50%) | loss: 5.198282 | lrm: 0.22 | dt: 612.19ms | tok/sec: 26,763 | bf16_mfu: 0.00 | epoch: 1 pq: 0 rg: 24 | total time: 4.67m | eta: 0.6m
step 00532/00600 (88.67%) | loss: 5.195071 | lrm: 0.22 | dt: 628.45ms | tok/sec: 26,070 | bf16_mfu: 0.00 | epoch: 1 pq: 0 rg: 24 | total time: 4.68m | eta: 0.6m
step 00533/00600 (88.83%) | loss: 5.187426 | lrm: 0.21 | dt: 626.95ms | tok/sec: 26,133 | bf16_mfu: 0.00 | epoch: 1 pq: 0 rg: 24 | total time: 4.69m | eta: 0.6m
step 00534/00600 (89.00%) | loss: 5.190852 | lrm: 0.21 | dt: 644.43ms | tok/sec: 25,423 | bf16_mfu: 0.00 | epoch: 1 pq: 0 rg: 24 | total time: 4.70m | eta: 0.6m
step 00535/00600 (89.17%) | loss: 5.200126 | lrm: 0.21 | dt: 603.42ms | tok/sec: 27,152 | bf16_mfu: 0.00 | epoch: 1 pq: 0 rg: 24 | total time: 4.71m | eta: 0.6m
step 00536/00600 (89.33%) | loss: 5.204020 | lrm: 0.21 | dt: 634.47ms | tok/sec: 25,823 | bf16_mfu: 0.00 | epoch: 1 pq: 0 rg: 24 | total time: 4.72m | eta: 0.6m
step 00537/00600 (89.50%) | loss: 5.213063 | lrm: 0.20 | dt: 610.21ms | tok/sec: 26,849 | bf16_mfu: 0.00 | epoch: 1 pq: 0 rg: 24 | total time: 4.73m | eta: 0.6m
step 00538/00600 (89.67%) | loss: 5.197179 | lrm: 0.20 | dt: 629.66ms | tok/sec: 26,020 | bf16_mfu: 0.00 | epoch: 1 pq: 0 rg: 24 | total time: 4.74m | eta: 0.6m
step 00539/00600 (89.83%) | loss: 5.185961 | lrm: 0.20 | dt: 639.02ms | tok/sec: 25,639 | bf16_mfu: 0.00 | epoch: 1 pq: 0 rg: 24 | total time: 4.75m | eta: 0.5m
step 00540/00600 (90.00%) | loss: 5.201443 | lrm: 0.20 | dt: 643.40ms | tok/sec: 25,464 | bf16_mfu: 0.00 | epoch: 1 pq: 0 rg: 24 | total time: 4.77m | eta: 0.5m
step 00541/00600 (90.17%) | loss: 5.217355 | lrm: 0.19 | dt: 620.71ms | tok/sec: 26,395 | bf16_mfu: 0.00 | epoch: 1 pq: 0 rg: 24 | total time: 4.78m | eta: 0.5m
step 00542/00600 (90.33%) | loss: 5.205997 | lrm: 0.19 | dt: 639.37ms | tok/sec: 25,625 | bf16_mfu: 0.00 | epoch: 1 pq: 0 rg: 24 | total time: 4.79m | eta: 0.5m
step 00543/00600 (90.50%) | loss: 5.216652 | lrm: 0.19 | dt: 643.77ms | tok/sec: 25,450 | bf16_mfu: 0.00 | epoch: 1 pq: 0 rg: 24 | total time: 4.80m | eta: 0.5m
step 00544/00600 (90.67%) | loss: 5.221184 | lrm: 0.19 | dt: 622.16ms | tok/sec: 26,334 | bf16_mfu: 0.00 | epoch: 1 pq: 0 rg: 24 | total time: 4.81m | eta: 0.5m
step 00545/00600 (90.83%) | loss: 5.218900 | lrm: 0.18 | dt: 558.87ms | tok/sec: 29,316 | bf16_mfu: 0.00 | epoch: 1 pq: 0 rg: 24 | total time: 4.82m | eta: 0.5m
step 00546/00600 (91.00%) | loss: 5.226395 | lrm: 0.18 | dt: 552.26ms | tok/sec: 29,667 | bf16_mfu: 0.00 | epoch: 1 pq: 0 rg: 24 | total time: 4.83m | eta: 0.5m
step 00547/00600 (91.17%) | loss: 5.211439 | lrm: 0.18 | dt: 646.54ms | tok/sec: 25,341 | bf16_mfu: 0.00 | epoch: 1 pq: 0 rg: 24 | total time: 4.84m | eta: 0.5m
step 00548/00600 (91.33%) | loss: 5.216798 | lrm: 0.18 | dt: 628.67ms | tok/sec: 26,061 | bf16_mfu: 0.00 | epoch: 1 pq: 0 rg: 25 | total time: 4.85m | eta: 0.5m
step 00549/00600 (91.50%) | loss: 5.218471 | lrm: 0.17 | dt: 628.67ms | tok/sec: 26,061 | bf16_mfu: 0.00 | epoch: 1 pq: 0 rg: 25 | total time: 4.86m | eta: 0.5m
step 00550/00600 (91.67%) | loss: 5.231392 | lrm: 0.17 | dt: 625.55ms | tok/sec: 26,191 | bf16_mfu: 0.00 | epoch: 1 pq: 0 rg: 25 | total time: 4.87m | eta: 0.5m
step 00551/00600 (91.83%) | loss: 5.239785 | lrm: 0.17 | dt: 640.04ms | tok/sec: 25,598 | bf16_mfu: 0.00 | epoch: 1 pq: 0 rg: 25 | total time: 4.88m | eta: 0.4m
step 00552/00600 (92.00%) | loss: 5.238644 | lrm: 0.17 | dt: 620.03ms | tok/sec: 26,424 | bf16_mfu: 0.00 | epoch: 1 pq: 0 rg: 25 | total time: 4.89m | eta: 0.4m
step 00553/00600 (92.17%) | loss: 5.246616 | lrm: 0.16 | dt: 668.29ms | tok/sec: 24,516 | bf16_mfu: 0.00 | epoch: 1 pq: 0 rg: 25 | total time: 4.90m | eta: 0.4m
step 00554/00600 (92.33%) | loss: 5.238945 | lrm: 0.16 | dt: 632.64ms | tok/sec: 25,897 | bf16_mfu: 0.00 | epoch: 1 pq: 0 rg: 25 | total time: 4.91m | eta: 0.4m
step 00555/00600 (92.50%) | loss: 5.231199 | lrm: 0.16 | dt: 641.66ms | tok/sec: 25,533 | bf16_mfu: 0.00 | epoch: 1 pq: 0 rg: 25 | total time: 4.92m | eta: 0.4m
step 00556/00600 (92.67%) | loss: 5.231716 | lrm: 0.16 | dt: 647.00ms | tok/sec: 25,322 | bf16_mfu: 0.00 | epoch: 1 pq: 0 rg: 25 | total time: 4.93m | eta: 0.4m
step 00557/00600 (92.83%) | loss: 5.218866 | lrm: 0.15 | dt: 624.25ms | tok/sec: 26,245 | bf16_mfu: 0.00 | epoch: 1 pq: 0 rg: 25 | total time: 4.94m | eta: 0.4m
step 00558/00600 (93.00%) | loss: 5.226630 | lrm: 0.15 | dt: 646.74ms | tok/sec: 25,333 | bf16_mfu: 0.00 | epoch: 1 pq: 0 rg: 25 | total time: 4.95m | eta: 0.4m
step 00559/00600 (93.17%) | loss: 5.223391 | lrm: 0.15 | dt: 641.10ms | tok/sec: 25,556 | bf16_mfu: 0.00 | epoch: 1 pq: 0 rg: 25 | total time: 4.96m | eta: 0.4m
step 00560/00600 (93.33%) | loss: 5.219676 | lrm: 0.15 | dt: 642.77ms | tok/sec: 25,489 | bf16_mfu: 0.00 | epoch: 1 pq: 0 rg: 25 | total time: 4.98m | eta: 0.4m
step 00561/00600 (93.50%) | loss: 5.219060 | lrm: 0.15 | dt: 644.54ms | tok/sec: 25,419 | bf16_mfu: 0.00 | epoch: 1 pq: 0 rg: 25 | total time: 4.99m | eta: 0.4m
step 00562/00600 (93.67%) | loss: 5.222195 | lrm: 0.14 | dt: 673.28ms | tok/sec: 24,334 | bf16_mfu: 0.00 | epoch: 1 pq: 0 rg: 25 | total time: 5.00m | eta: 0.3m
step 00563/00600 (93.83%) | loss: 5.216412 | lrm: 0.14 | dt: 637.57ms | tok/sec: 25,697 | bf16_mfu: 0.00 | epoch: 1 pq: 0 rg: 25 | total time: 5.01m | eta: 0.3m
step 00564/00600 (94.00%) | loss: 5.238283 | lrm: 0.14 | dt: 658.82ms | tok/sec: 24,868 | bf16_mfu: 0.00 | epoch: 1 pq: 0 rg: 25 | total time: 5.02m | eta: 0.3m
step 00565/00600 (94.17%) | loss: 5.232681 | lrm: 0.14 | dt: 624.99ms | tok/sec: 26,214 | bf16_mfu: 0.00 | epoch: 1 pq: 0 rg: 25 | total time: 5.03m | eta: 0.3m
step 00566/00600 (94.33%) | loss: 5.228719 | lrm: 0.13 | dt: 660.85ms | tok/sec: 24,792 | bf16_mfu: 0.00 | epoch: 1 pq: 0 rg: 25 | total time: 5.04m | eta: 0.3m
step 00567/00600 (94.50%) | loss: 5.229036 | lrm: 0.13 | dt: 635.68ms | tok/sec: 25,773 | bf16_mfu: 0.00 | epoch: 1 pq: 0 rg: 25 | total time: 5.05m | eta: 0.3m
step 00568/00600 (94.67%) | loss: 5.216470 | lrm: 0.13 | dt: 652.60ms | tok/sec: 25,105 | bf16_mfu: 0.00 | epoch: 1 pq: 0 rg: 25 | total time: 5.06m | eta: 0.3m
step 00569/00600 (94.83%) | loss: 5.212945 | lrm: 0.13 | dt: 654.61ms | tok/sec: 25,028 | bf16_mfu: 0.00 | epoch: 1 pq: 0 rg: 25 | total time: 5.07m | eta: 0.3m
step 00570/00600 (95.00%) | loss: 5.221296 | lrm: 0.12 | dt: 673.22ms | tok/sec: 24,336 | bf16_mfu: 0.00 | epoch: 1 pq: 0 rg: 25 | total time: 5.08m | eta: 0.3m
step 00571/00600 (95.17%) | loss: 5.222005 | lrm: 0.12 | dt: 651.65ms | tok/sec: 25,142 | bf16_mfu: 0.00 | epoch: 1 pq: 0 rg: 25 | total time: 5.09m | eta: 0.3m
step 00572/00600 (95.33%) | loss: 5.210370 | lrm: 0.12 | dt: 662.60ms | tok/sec: 24,726 | bf16_mfu: 0.00 | epoch: 1 pq: 0 rg: 26 | total time: 5.11m | eta: 0.3m
step 00573/00600 (95.50%) | loss: 5.208451 | lrm: 0.12 | dt: 641.94ms | tok/sec: 25,522 | bf16_mfu: 0.00 | epoch: 1 pq: 0 rg: 26 | total time: 5.12m | eta: 0.2m
step 00574/00600 (95.67%) | loss: 5.205189 | lrm: 0.11 | dt: 656.78ms | tok/sec: 24,945 | bf16_mfu: 0.00 | epoch: 1 pq: 0 rg: 26 | total time: 5.13m | eta: 0.2m
step 00575/00600 (95.83%) | loss: 5.199179 | lrm: 0.11 | dt: 650.10ms | tok/sec: 25,202 | bf16_mfu: 0.00 | epoch: 1 pq: 0 rg: 26 | total time: 5.14m | eta: 0.2m
step 00576/00600 (96.00%) | loss: 5.203712 | lrm: 0.11 | dt: 668.50ms | tok/sec: 24,508 | bf16_mfu: 0.00 | epoch: 1 pq: 0 rg: 26 | total time: 5.15m | eta: 0.2m
step 00577/00600 (96.17%) | loss: 5.193823 | lrm: 0.11 | dt: 639.22ms | tok/sec: 25,631 | bf16_mfu: 0.00 | epoch: 1 pq: 0 rg: 26 | total time: 5.16m | eta: 0.2m
step 00578/00600 (96.33%) | loss: 5.187021 | lrm: 0.10 | dt: 671.71ms | tok/sec: 24,391 | bf16_mfu: 0.00 | epoch: 1 pq: 0 rg: 26 | total time: 5.17m | eta: 0.2m
step 00579/00600 (96.50%) | loss: 5.182110 | lrm: 0.10 | dt: 673.35ms | tok/sec: 24,332 | bf16_mfu: 0.00 | epoch: 1 pq: 0 rg: 26 | total time: 5.18m | eta: 0.2m
step 00580/00600 (96.67%) | loss: 5.190761 | lrm: 0.10 | dt: 686.13ms | tok/sec: 23,878 | bf16_mfu: 0.00 | epoch: 1 pq: 0 rg: 26 | total time: 5.19m | eta: 0.2m
step 00581/00600 (96.83%) | loss: 5.172292 | lrm: 0.10 | dt: 633.42ms | tok/sec: 25,865 | bf16_mfu: 0.00 | epoch: 1 pq: 0 rg: 26 | total time: 5.20m | eta: 0.2m
step 00582/00600 (97.00%) | loss: 5.175058 | lrm: 0.09 | dt: 669.00ms | tok/sec: 24,490 | bf16_mfu: 0.00 | epoch: 1 pq: 0 rg: 26 | total time: 5.22m | eta: 0.2m
step 00583/00600 (97.17%) | loss: 5.186965 | lrm: 0.09 | dt: 654.15ms | tok/sec: 25,046 | bf16_mfu: 0.00 | epoch: 1 pq: 0 rg: 26 | total time: 5.23m | eta: 0.2m
step 00584/00600 (97.33%) | loss: 5.193883 | lrm: 0.09 | dt: 674.02ms | tok/sec: 24,307 | bf16_mfu: 0.00 | epoch: 1 pq: 0 rg: 26 | total time: 5.24m | eta: 0.1m
step 00585/00600 (97.50%) | loss: 5.200878 | lrm: 0.09 | dt: 659.49ms | tok/sec: 24,843 | bf16_mfu: 0.00 | epoch: 1 pq: 0 rg: 26 | total time: 5.25m | eta: 0.1m
step 00586/00600 (97.67%) | loss: 5.200951 | lrm: 0.08 | dt: 701.77ms | tok/sec: 23,346 | bf16_mfu: 0.00 | epoch: 1 pq: 0 rg: 26 | total time: 5.26m | eta: 0.1m
step 00587/00600 (97.83%) | loss: 5.199985 | lrm: 0.08 | dt: 678.39ms | tok/sec: 24,151 | bf16_mfu: 0.00 | epoch: 1 pq: 0 rg: 26 | total time: 5.27m | eta: 0.1m
step 00588/00600 (98.00%) | loss: 5.207353 | lrm: 0.08 | dt: 699.85ms | tok/sec: 23,410 | bf16_mfu: 0.00 | epoch: 1 pq: 0 rg: 26 | total time: 5.28m | eta: 0.1m
step 00589/00600 (98.17%) | loss: 5.189868 | lrm: 0.08 | dt: 670.71ms | tok/sec: 24,427 | bf16_mfu: 0.00 | epoch: 1 pq: 0 rg: 26 | total time: 5.29m | eta: 0.1m
step 00590/00600 (98.33%) | loss: 5.195526 | lrm: 0.07 | dt: 662.91ms | tok/sec: 24,715 | bf16_mfu: 0.00 | epoch: 1 pq: 0 rg: 26 | total time: 5.31m | eta: 0.1m
step 00591/00600 (98.50%) | loss: 5.195807 | lrm: 0.07 | dt: 594.07ms | tok/sec: 27,579 | bf16_mfu: 0.00 | epoch: 1 pq: 0 rg: 26 | total time: 5.32m | eta: 0.1m
step 00592/00600 (98.67%) | loss: 5.210679 | lrm: 0.07 | dt: 519.49ms | tok/sec: 31,538 | bf16_mfu: 0.00 | epoch: 1 pq: 0 rg: 26 | total time: 5.32m | eta: 0.1m
step 00593/00600 (98.83%) | loss: 5.216752 | lrm: 0.07 | dt: 724.86ms | tok/sec: 22,602 | bf16_mfu: 0.00 | epoch: 1 pq: 0 rg: 26 | total time: 5.34m | eta: 0.1m
step 00594/00600 (99.00%) | loss: 5.212874 | lrm: 0.06 | dt: 667.04ms | tok/sec: 24,562 | bf16_mfu: 0.00 | epoch: 1 pq: 0 rg: 26 | total time: 5.35m | eta: 0.1m
step 00595/00600 (99.17%) | loss: 5.224547 | lrm: 0.06 | dt: 688.82ms | tok/sec: 23,785 | bf16_mfu: 0.00 | epoch: 1 pq: 0 rg: 27 | total time: 5.36m | eta: 0.0m
step 00596/00600 (99.33%) | loss: 5.209825 | lrm: 0.06 | dt: 669.02ms | tok/sec: 24,489 | bf16_mfu: 0.00 | epoch: 1 pq: 0 rg: 27 | total time: 5.37m | eta: 0.0m
step 00597/00600 (99.50%) | loss: 5.219334 | lrm: 0.06 | dt: 698.20ms | tok/sec: 23,466 | bf16_mfu: 0.00 | epoch: 1 pq: 0 rg: 27 | total time: 5.38m | eta: 0.0m
step 00598/00600 (99.67%) | loss: 5.229426 | lrm: 0.05 | dt: 691.43ms | tok/sec: 23,695 | bf16_mfu: 0.00 | epoch: 1 pq: 0 rg: 27 | total time: 5.39m | eta: 0.0m
step 00599/00600 (99.83%) | loss: 5.228407 | lrm: 0.05 | dt: 655.45ms | tok/sec: 24,996 | bf16_mfu: 0.00 | epoch: 1 pq: 0 rg: 27 | total time: 5.40m | eta: 0.0m
Step 00600 | Validation bpb: 1.612853
2026-08-24 21:09:46,682 - nanochat.checkpoint_manager - [32m[1mINFO[0m - Saved model parameters to: /Users/frankfacundo/.cache/nanochat/base_checkpoints/w2_lr-half/model_000600.pt
2026-08-24 21:09:46,683 - nanochat.checkpoint_manager - [32m[1mINFO[0m - Saved metadata to: /Users/frankfacundo/.cache/nanochat/base_checkpoints/w2_lr-half/meta_000600.json
2026-08-24 21:09:47,403 - nanochat.checkpoint_manager - [32m[1mINFO[0m - Saved optimizer state to: /Users/frankfacundo/.cache/nanochat/base_checkpoints/w2_lr-half/optim_000600_rank0.pt
Peak memory usage: 11708.20MiB
Total training time: 5.40m
Minimum validation bpb: 1.612853
