
                                                       █████                █████
                                                      ░░███                ░░███
     ████████    ██████   ████████    ██████   ██████  ░███████    ██████  ███████
    ░░███░░███  ░░░░░███ ░░███░░███  ███░░███ ███░░███ ░███░░███  ░░░░░███░░░███░
     ░███ ░███   ███████  ░███ ░███ ░███ ░███░███ ░░░  ░███ ░███   ███████  ░███
     ░███ ░███  ███░░███  ░███ ░███ ░███ ░███░███  ███ ░███ ░███  ███░░███  ░███ ███
     ████ █████░░████████ ████ █████░░██████ ░░██████  ████ █████░░███████  ░░█████
    ░░░░ ░░░░░  ░░░░░░░░ ░░░░ ░░░░░  ░░░░░░   ░░░░░░  ░░░░ ░░░░░  ░░░░░░░░   ░░░░░
    
Autodetected device type: mps
Using non-default seed from NANOCHAT_SEED: 43
2026-08-24 20:51:17,611 - nanochat.common - [32m[1mINFO[0m - Distributed world size: 1
COMPUTE_DTYPE: torch.float32 (auto-detected: no CUDA (CPU/MPS))
!!!!!!!!!!!!!!!!!!!!!!!!!!!!!!!!!!!!!!!!!!!!!!!!!!!!!!!!!!!!!!!!!!!!!!!!!!!!!!!!
WARNING: Flash Attention 3 not available, using PyTorch SDPA fallback
WARNING: Training will be less efficient without FA3
!!!!!!!!!!!!!!!!!!!!!!!!!!!!!!!!!!!!!!!!!!!!!!!!!!!!!!!!!!!!!!!!!!!!!!!!!!!!!!!!
Vocab size: 32,768
Model config:
{
  "sequence_len": 512,
  "vocab_size": 32768,
  "n_layer": 6,
  "n_head": 6,
  "n_kv_head": 6,
  "n_embd": 384,
  "window_pattern": "L",
  "tie_embeddings": false
}
Parameter counts:
wte                     : 12,582,912
value_embeds            : 37,748,736
lm_head                 : 12,582,912
transformer_matrices    : 10,617,048
scalars                 : 38
total                   : 73,531,646
Estimated FLOPs per token: 1.533557e+08
Scaling LRs by 0.1768 for batch size 16,384 (reference: 524,288)
Scaling weight decay from 0.280000 to 0.234903 for depth 6
Scaling the LR for the AdamW parameters ∝1/√(384/768) = 1.414214
Using user-provided number of iterations: 600
Total number of training tokens: 9,830,400
Tokens : Scaling params ratio: 0.42
Total training FLOPs estimate: 1.507548e+15
Tokens / micro-batch / rank: 32 x 512 = 16,384
Tokens / micro-batch: 16,384
Total batch size 16,384 => gradient accumulation steps: 1
Step 00000 | Validation bpb: 3.199908
step 00000/00600 (0.00%) | loss: 10.398048 | lrm: 0.03 | dt: 1357.16ms | tok/sec: 12,072 | bf16_mfu: 0.00 | epoch: 1 pq: 0 rg: 1 | total time: 0.00m
step 00001/00600 (0.17%) | loss: 10.396847 | lrm: 0.05 | dt: 471.66ms | tok/sec: 34,736 | bf16_mfu: 0.00 | epoch: 1 pq: 0 rg: 1 | total time: 0.00m
step 00002/00600 (0.33%) | loss: 10.394964 | lrm: 0.07 | dt: 611.34ms | tok/sec: 26,800 | bf16_mfu: 0.00 | epoch: 1 pq: 0 rg: 1 | total time: 0.00m
step 00003/00600 (0.50%) | loss: 10.391983 | lrm: 0.10 | dt: 582.64ms | tok/sec: 28,120 | bf16_mfu: 0.00 | epoch: 1 pq: 0 rg: 1 | total time: 0.00m
step 00004/00600 (0.67%) | loss: 10.388314 | lrm: 0.12 | dt: 600.83ms | tok/sec: 27,268 | bf16_mfu: 0.00 | epoch: 1 pq: 0 rg: 1 | total time: 0.00m
step 00005/00600 (0.83%) | loss: 10.383596 | lrm: 0.15 | dt: 596.61ms | tok/sec: 27,461 | bf16_mfu: 0.00 | epoch: 1 pq: 0 rg: 1 | total time: 0.00m
step 00006/00600 (1.00%) | loss: 10.377004 | lrm: 0.17 | dt: 580.28ms | tok/sec: 28,234 | bf16_mfu: 0.00 | epoch: 1 pq: 0 rg: 1 | total time: 0.00m
step 00007/00600 (1.17%) | loss: 10.369274 | lrm: 0.20 | dt: 583.21ms | tok/sec: 28,092 | bf16_mfu: 0.00 | epoch: 1 pq: 0 rg: 1 | total time: 0.00m
step 00008/00600 (1.33%) | loss: 10.358941 | lrm: 0.23 | dt: 586.36ms | tok/sec: 27,941 | bf16_mfu: 0.00 | epoch: 1 pq: 0 rg: 1 | total time: 0.00m
step 00009/00600 (1.50%) | loss: 10.345742 | lrm: 0.25 | dt: 578.36ms | tok/sec: 28,328 | bf16_mfu: 0.00 | epoch: 1 pq: 0 rg: 1 | total time: 0.00m
step 00010/00600 (1.67%) | loss: 10.329135 | lrm: 0.28 | dt: 591.01ms | tok/sec: 27,722 | bf16_mfu: 0.00 | epoch: 1 pq: 0 rg: 1 | total time: 0.00m
step 00011/00600 (1.83%) | loss: 10.307577 | lrm: 0.30 | dt: 664.52ms | tok/sec: 24,655 | bf16_mfu: 0.00 | epoch: 1 pq: 0 rg: 1 | total time: 0.01m | eta: 6.5m
step 00012/00600 (2.00%) | loss: 10.279742 | lrm: 0.33 | dt: 546.05ms | tok/sec: 30,004 | bf16_mfu: 0.00 | epoch: 1 pq: 0 rg: 1 | total time: 0.02m | eta: 5.9m
step 00013/00600 (2.17%) | loss: 10.247158 | lrm: 0.35 | dt: 560.40ms | tok/sec: 29,236 | bf16_mfu: 0.00 | epoch: 1 pq: 0 rg: 1 | total time: 0.03m | eta: 5.8m
step 00014/00600 (2.33%) | loss: 10.207235 | lrm: 0.38 | dt: 584.82ms | tok/sec: 28,015 | bf16_mfu: 0.00 | epoch: 1 pq: 0 rg: 2 | total time: 0.04m | eta: 5.8m
step 00015/00600 (2.50%) | loss: 10.149372 | lrm: 0.40 | dt: 547.85ms | tok/sec: 29,906 | bf16_mfu: 0.00 | epoch: 1 pq: 0 rg: 2 | total time: 0.05m | eta: 5.7m
step 00016/00600 (2.67%) | loss: 10.069611 | lrm: 0.42 | dt: 563.01ms | tok/sec: 29,100 | bf16_mfu: 0.00 | epoch: 1 pq: 0 rg: 2 | total time: 0.06m | eta: 5.6m
step 00017/00600 (2.83%) | loss: 9.952394 | lrm: 0.45 | dt: 557.50ms | tok/sec: 29,388 | bf16_mfu: 0.00 | epoch: 1 pq: 0 rg: 2 | total time: 0.07m | eta: 5.6m
step 00018/00600 (3.00%) | loss: 9.855116 | lrm: 0.47 | dt: 548.77ms | tok/sec: 29,855 | bf16_mfu: 0.00 | epoch: 1 pq: 0 rg: 2 | total time: 0.08m | eta: 5.5m
step 00019/00600 (3.17%) | loss: 9.699106 | lrm: 0.50 | dt: 543.28ms | tok/sec: 30,157 | bf16_mfu: 0.00 | epoch: 1 pq: 0 rg: 2 | total time: 0.09m | eta: 5.5m
step 00020/00600 (3.33%) | loss: 9.551553 | lrm: 0.53 | dt: 564.51ms | tok/sec: 29,023 | bf16_mfu: 0.00 | epoch: 1 pq: 0 rg: 2 | total time: 0.09m | eta: 5.5m
step 00021/00600 (3.50%) | loss: 9.408641 | lrm: 0.55 | dt: 554.19ms | tok/sec: 29,563 | bf16_mfu: 0.00 | epoch: 1 pq: 0 rg: 2 | total time: 0.10m | eta: 5.5m
step 00022/00600 (3.67%) | loss: 9.260430 | lrm: 0.57 | dt: 543.08ms | tok/sec: 30,168 | bf16_mfu: 0.00 | epoch: 1 pq: 0 rg: 2 | total time: 0.11m | eta: 5.4m
step 00023/00600 (3.83%) | loss: 9.106576 | lrm: 0.60 | dt: 564.18ms | tok/sec: 29,040 | bf16_mfu: 0.00 | epoch: 1 pq: 0 rg: 2 | total time: 0.12m | eta: 5.4m
step 00024/00600 (4.00%) | loss: 8.972356 | lrm: 0.62 | dt: 567.67ms | tok/sec: 28,861 | bf16_mfu: 0.00 | epoch: 1 pq: 0 rg: 2 | total time: 0.13m | eta: 5.4m
step 00025/00600 (4.17%) | loss: 8.827456 | lrm: 0.65 | dt: 548.60ms | tok/sec: 29,864 | bf16_mfu: 0.00 | epoch: 1 pq: 0 rg: 2 | total time: 0.14m | eta: 5.4m
step 00026/00600 (4.33%) | loss: 8.698380 | lrm: 0.68 | dt: 555.18ms | tok/sec: 29,511 | bf16_mfu: 0.00 | epoch: 1 pq: 0 rg: 2 | total time: 0.15m | eta: 5.4m
step 00027/00600 (4.50%) | loss: 8.579430 | lrm: 0.70 | dt: 539.61ms | tok/sec: 30,362 | bf16_mfu: 0.00 | epoch: 1 pq: 0 rg: 2 | total time: 0.16m | eta: 5.4m
step 00028/00600 (4.67%) | loss: 8.474602 | lrm: 0.72 | dt: 551.61ms | tok/sec: 29,701 | bf16_mfu: 0.00 | epoch: 1 pq: 0 rg: 2 | total time: 0.17m | eta: 5.4m
step 00029/00600 (4.83%) | loss: 8.389468 | lrm: 0.75 | dt: 554.25ms | tok/sec: 29,560 | bf16_mfu: 0.00 | epoch: 1 pq: 0 rg: 2 | total time: 0.18m | eta: 5.3m
step 00030/00600 (5.00%) | loss: 8.301314 | lrm: 0.78 | dt: 541.18ms | tok/sec: 30,274 | bf16_mfu: 0.00 | epoch: 1 pq: 0 rg: 2 | total time: 0.19m | eta: 5.3m
step 00031/00600 (5.17%) | loss: 8.209583 | lrm: 0.80 | dt: 555.23ms | tok/sec: 29,508 | bf16_mfu: 0.00 | epoch: 1 pq: 0 rg: 2 | total time: 0.20m | eta: 5.3m
step 00032/00600 (5.33%) | loss: 8.125160 | lrm: 0.82 | dt: 547.98ms | tok/sec: 29,898 | bf16_mfu: 0.00 | epoch: 1 pq: 0 rg: 2 | total time: 0.21m | eta: 5.3m
step 00033/00600 (5.50%) | loss: 8.043034 | lrm: 0.85 | dt: 577.76ms | tok/sec: 28,357 | bf16_mfu: 0.00 | epoch: 1 pq: 0 rg: 2 | total time: 0.21m | eta: 5.3m
step 00034/00600 (5.67%) | loss: 7.964621 | lrm: 0.88 | dt: 570.37ms | tok/sec: 28,725 | bf16_mfu: 0.00 | epoch: 1 pq: 0 rg: 2 | total time: 0.22m | eta: 5.3m
step 00035/00600 (5.83%) | loss: 7.896472 | lrm: 0.90 | dt: 546.67ms | tok/sec: 29,970 | bf16_mfu: 0.00 | epoch: 1 pq: 0 rg: 2 | total time: 0.23m | eta: 5.3m
step 00036/00600 (6.00%) | loss: 7.838427 | lrm: 0.93 | dt: 547.82ms | tok/sec: 29,907 | bf16_mfu: 0.00 | epoch: 1 pq: 0 rg: 2 | total time: 0.24m | eta: 5.3m
step 00037/00600 (6.17%) | loss: 7.779846 | lrm: 0.95 | dt: 543.21ms | tok/sec: 30,161 | bf16_mfu: 0.00 | epoch: 1 pq: 0 rg: 3 | total time: 0.25m | eta: 5.2m
step 00038/00600 (6.33%) | loss: 7.711030 | lrm: 0.97 | dt: 538.48ms | tok/sec: 30,426 | bf16_mfu: 0.00 | epoch: 1 pq: 0 rg: 3 | total time: 0.26m | eta: 5.2m
step 00039/00600 (6.50%) | loss: 7.640958 | lrm: 1.00 | dt: 547.30ms | tok/sec: 29,936 | bf16_mfu: 0.00 | epoch: 1 pq: 0 rg: 3 | total time: 0.27m | eta: 5.2m
step 00040/00600 (6.67%) | loss: 7.572448 | lrm: 1.00 | dt: 546.62ms | tok/sec: 29,973 | bf16_mfu: 0.00 | epoch: 1 pq: 0 rg: 3 | total time: 0.28m | eta: 5.2m
step 00041/00600 (6.83%) | loss: 7.510666 | lrm: 1.00 | dt: 544.82ms | tok/sec: 30,072 | bf16_mfu: 0.00 | epoch: 1 pq: 0 rg: 3 | total time: 0.29m | eta: 5.2m
step 00042/00600 (7.00%) | loss: 7.466670 | lrm: 1.00 | dt: 541.02ms | tok/sec: 30,283 | bf16_mfu: 0.00 | epoch: 1 pq: 0 rg: 3 | total time: 0.30m | eta: 5.2m
step 00043/00600 (7.17%) | loss: 7.404406 | lrm: 1.00 | dt: 567.58ms | tok/sec: 28,866 | bf16_mfu: 0.00 | epoch: 1 pq: 0 rg: 3 | total time: 0.31m | eta: 5.2m
step 00044/00600 (7.33%) | loss: 7.355126 | lrm: 1.00 | dt: 543.01ms | tok/sec: 30,172 | bf16_mfu: 0.00 | epoch: 1 pq: 0 rg: 3 | total time: 0.32m | eta: 5.2m
step 00045/00600 (7.50%) | loss: 7.305294 | lrm: 1.00 | dt: 550.80ms | tok/sec: 29,745 | bf16_mfu: 0.00 | epoch: 1 pq: 0 rg: 3 | total time: 0.32m | eta: 5.1m
step 00046/00600 (7.67%) | loss: 7.264073 | lrm: 1.00 | dt: 540.40ms | tok/sec: 30,318 | bf16_mfu: 0.00 | epoch: 1 pq: 0 rg: 3 | total time: 0.33m | eta: 5.1m
step 00047/00600 (7.83%) | loss: 7.221790 | lrm: 1.00 | dt: 544.44ms | tok/sec: 30,093 | bf16_mfu: 0.00 | epoch: 1 pq: 0 rg: 3 | total time: 0.34m | eta: 5.1m
step 00048/00600 (8.00%) | loss: 7.170409 | lrm: 1.00 | dt: 540.67ms | tok/sec: 30,302 | bf16_mfu: 0.00 | epoch: 1 pq: 0 rg: 3 | total time: 0.35m | eta: 5.1m
step 00049/00600 (8.17%) | loss: 7.134039 | lrm: 1.00 | dt: 534.86ms | tok/sec: 30,632 | bf16_mfu: 0.00 | epoch: 1 pq: 0 rg: 3 | total time: 0.36m | eta: 5.1m
step 00050/00600 (8.33%) | loss: 7.102006 | lrm: 1.00 | dt: 546.50ms | tok/sec: 29,979 | bf16_mfu: 0.00 | epoch: 1 pq: 0 rg: 3 | total time: 0.37m | eta: 5.1m
step 00051/00600 (8.50%) | loss: 7.084820 | lrm: 1.00 | dt: 546.20ms | tok/sec: 29,996 | bf16_mfu: 0.00 | epoch: 1 pq: 0 rg: 3 | total time: 0.38m | eta: 5.1m
step 00052/00600 (8.67%) | loss: 7.052734 | lrm: 1.00 | dt: 548.18ms | tok/sec: 29,888 | bf16_mfu: 0.00 | epoch: 1 pq: 0 rg: 3 | total time: 0.39m | eta: 5.1m
step 00053/00600 (8.83%) | loss: 7.033103 | lrm: 1.00 | dt: 545.80ms | tok/sec: 30,018 | bf16_mfu: 0.00 | epoch: 1 pq: 0 rg: 3 | total time: 0.40m | eta: 5.0m
step 00054/00600 (9.00%) | loss: 6.993140 | lrm: 1.00 | dt: 565.62ms | tok/sec: 28,966 | bf16_mfu: 0.00 | epoch: 1 pq: 0 rg: 3 | total time: 0.41m | eta: 5.0m
step 00055/00600 (9.17%) | loss: 6.965937 | lrm: 1.00 | dt: 558.25ms | tok/sec: 29,348 | bf16_mfu: 0.00 | epoch: 1 pq: 0 rg: 3 | total time: 0.42m | eta: 5.0m
step 00056/00600 (9.33%) | loss: 6.946178 | lrm: 1.00 | dt: 584.75ms | tok/sec: 28,018 | bf16_mfu: 0.00 | epoch: 1 pq: 0 rg: 3 | total time: 0.43m | eta: 5.0m
step 00057/00600 (9.50%) | loss: 6.916686 | lrm: 1.00 | dt: 710.54ms | tok/sec: 23,058 | bf16_mfu: 0.00 | epoch: 1 pq: 0 rg: 3 | total time: 0.44m | eta: 5.1m
step 00058/00600 (9.67%) | loss: 6.887843 | lrm: 1.00 | dt: 667.06ms | tok/sec: 24,561 | bf16_mfu: 0.00 | epoch: 1 pq: 0 rg: 3 | total time: 0.45m | eta: 5.1m
step 00059/00600 (9.83%) | loss: 6.854063 | lrm: 1.00 | dt: 583.45ms | tok/sec: 28,081 | bf16_mfu: 0.00 | epoch: 1 pq: 0 rg: 3 | total time: 0.46m | eta: 5.1m
step 00060/00600 (10.00%) | loss: 6.828421 | lrm: 1.00 | dt: 800.21ms | tok/sec: 20,474 | bf16_mfu: 0.00 | epoch: 1 pq: 0 rg: 4 | total time: 0.47m | eta: 5.1m
step 00061/00600 (10.17%) | loss: 6.810915 | lrm: 1.00 | dt: 785.22ms | tok/sec: 20,865 | bf16_mfu: 0.00 | epoch: 1 pq: 0 rg: 4 | total time: 0.48m | eta: 5.1m
step 00062/00600 (10.33%) | loss: 6.793818 | lrm: 1.00 | dt: 740.74ms | tok/sec: 22,118 | bf16_mfu: 0.00 | epoch: 1 pq: 0 rg: 4 | total time: 0.50m | eta: 5.1m
step 00063/00600 (10.50%) | loss: 6.751574 | lrm: 1.00 | dt: 684.29ms | tok/sec: 23,943 | bf16_mfu: 0.00 | epoch: 1 pq: 0 rg: 4 | total time: 0.51m | eta: 5.1m
step 00064/00600 (10.67%) | loss: 6.743026 | lrm: 1.00 | dt: 741.88ms | tok/sec: 22,084 | bf16_mfu: 0.00 | epoch: 1 pq: 0 rg: 4 | total time: 0.52m | eta: 5.2m
step 00065/00600 (10.83%) | loss: 6.733214 | lrm: 1.00 | dt: 751.32ms | tok/sec: 21,806 | bf16_mfu: 0.00 | epoch: 1 pq: 0 rg: 4 | total time: 0.53m | eta: 5.2m
step 00066/00600 (11.00%) | loss: 6.716130 | lrm: 1.00 | dt: 727.08ms | tok/sec: 22,534 | bf16_mfu: 0.00 | epoch: 1 pq: 0 rg: 4 | total time: 0.55m | eta: 5.2m
step 00067/00600 (11.17%) | loss: 6.700078 | lrm: 1.00 | dt: 687.73ms | tok/sec: 23,823 | bf16_mfu: 0.00 | epoch: 1 pq: 0 rg: 4 | total time: 0.56m | eta: 5.2m
step 00068/00600 (11.33%) | loss: 6.696742 | lrm: 1.00 | dt: 557.09ms | tok/sec: 29,409 | bf16_mfu: 0.00 | epoch: 1 pq: 0 rg: 4 | total time: 0.57m | eta: 5.2m
step 00069/00600 (11.50%) | loss: 6.681890 | lrm: 1.00 | dt: 556.74ms | tok/sec: 29,428 | bf16_mfu: 0.00 | epoch: 1 pq: 0 rg: 4 | total time: 0.58m | eta: 5.2m
step 00070/00600 (11.67%) | loss: 6.674315 | lrm: 1.00 | dt: 571.96ms | tok/sec: 28,645 | bf16_mfu: 0.00 | epoch: 1 pq: 0 rg: 4 | total time: 0.58m | eta: 5.2m
step 00071/00600 (11.83%) | loss: 6.662058 | lrm: 1.00 | dt: 575.28ms | tok/sec: 28,479 | bf16_mfu: 0.00 | epoch: 1 pq: 0 rg: 4 | total time: 0.59m | eta: 5.2m
step 00072/00600 (12.00%) | loss: 6.653083 | lrm: 1.00 | dt: 551.74ms | tok/sec: 29,695 | bf16_mfu: 0.00 | epoch: 1 pq: 0 rg: 4 | total time: 0.60m | eta: 5.1m
step 00073/00600 (12.17%) | loss: 6.632645 | lrm: 1.00 | dt: 548.16ms | tok/sec: 29,888 | bf16_mfu: 0.00 | epoch: 1 pq: 0 rg: 4 | total time: 0.61m | eta: 5.1m
step 00074/00600 (12.33%) | loss: 6.604674 | lrm: 1.00 | dt: 566.10ms | tok/sec: 28,941 | bf16_mfu: 0.00 | epoch: 1 pq: 0 rg: 4 | total time: 0.62m | eta: 5.1m
step 00075/00600 (12.50%) | loss: 6.587075 | lrm: 1.00 | dt: 564.74ms | tok/sec: 29,011 | bf16_mfu: 0.00 | epoch: 1 pq: 0 rg: 4 | total time: 0.63m | eta: 5.1m
step 00076/00600 (12.67%) | loss: 6.585317 | lrm: 1.00 | dt: 582.13ms | tok/sec: 28,144 | bf16_mfu: 0.00 | epoch: 1 pq: 0 rg: 4 | total time: 0.64m | eta: 5.1m
step 00077/00600 (12.83%) | loss: 6.564683 | lrm: 1.00 | dt: 553.45ms | tok/sec: 29,603 | bf16_mfu: 0.00 | epoch: 1 pq: 0 rg: 4 | total time: 0.65m | eta: 5.1m
step 00078/00600 (13.00%) | loss: 6.555181 | lrm: 1.00 | dt: 559.76ms | tok/sec: 29,269 | bf16_mfu: 0.00 | epoch: 1 pq: 0 rg: 4 | total time: 0.66m | eta: 5.1m
step 00079/00600 (13.17%) | loss: 6.550267 | lrm: 1.00 | dt: 543.04ms | tok/sec: 30,170 | bf16_mfu: 0.00 | epoch: 1 pq: 0 rg: 4 | total time: 0.67m | eta: 5.1m
step 00080/00600 (13.33%) | loss: 6.541471 | lrm: 1.00 | dt: 556.85ms | tok/sec: 29,422 | bf16_mfu: 0.00 | epoch: 1 pq: 0 rg: 4 | total time: 0.68m | eta: 5.0m
step 00081/00600 (13.50%) | loss: 6.535110 | lrm: 1.00 | dt: 595.09ms | tok/sec: 27,531 | bf16_mfu: 0.00 | epoch: 1 pq: 0 rg: 4 | total time: 0.69m | eta: 5.0m
step 00082/00600 (13.67%) | loss: 6.536014 | lrm: 1.00 | dt: 557.57ms | tok/sec: 29,384 | bf16_mfu: 0.00 | epoch: 1 pq: 0 rg: 4 | total time: 0.70m | eta: 5.0m
step 00083/00600 (13.83%) | loss: 6.523778 | lrm: 1.00 | dt: 566.93ms | tok/sec: 28,899 | bf16_mfu: 0.00 | epoch: 1 pq: 0 rg: 5 | total time: 0.71m | eta: 5.0m
step 00084/00600 (14.00%) | loss: 6.510780 | lrm: 1.00 | dt: 572.48ms | tok/sec: 28,619 | bf16_mfu: 0.00 | epoch: 1 pq: 0 rg: 5 | total time: 0.72m | eta: 5.0m
step 00085/00600 (14.17%) | loss: 6.500370 | lrm: 1.00 | dt: 550.80ms | tok/sec: 29,745 | bf16_mfu: 0.00 | epoch: 1 pq: 0 rg: 5 | total time: 0.73m | eta: 5.0m
step 00086/00600 (14.33%) | loss: 6.482842 | lrm: 1.00 | dt: 559.46ms | tok/sec: 29,285 | bf16_mfu: 0.00 | epoch: 1 pq: 0 rg: 5 | total time: 0.73m | eta: 5.0m
step 00087/00600 (14.50%) | loss: 6.463801 | lrm: 1.00 | dt: 546.91ms | tok/sec: 29,957 | bf16_mfu: 0.00 | epoch: 1 pq: 0 rg: 5 | total time: 0.74m | eta: 5.0m
step 00088/00600 (14.67%) | loss: 6.449123 | lrm: 1.00 | dt: 536.71ms | tok/sec: 30,526 | bf16_mfu: 0.00 | epoch: 1 pq: 0 rg: 5 | total time: 0.75m | eta: 4.9m
step 00089/00600 (14.83%) | loss: 6.436466 | lrm: 1.00 | dt: 551.71ms | tok/sec: 29,696 | bf16_mfu: 0.00 | epoch: 1 pq: 0 rg: 5 | total time: 0.76m | eta: 4.9m
step 00090/00600 (15.00%) | loss: 6.440393 | lrm: 1.00 | dt: 543.07ms | tok/sec: 30,169 | bf16_mfu: 0.00 | epoch: 1 pq: 0 rg: 5 | total time: 0.77m | eta: 4.9m
step 00091/00600 (15.17%) | loss: 6.438879 | lrm: 1.00 | dt: 545.51ms | tok/sec: 30,034 | bf16_mfu: 0.00 | epoch: 1 pq: 0 rg: 5 | total time: 0.78m | eta: 4.9m
step 00092/00600 (15.33%) | loss: 6.430564 | lrm: 1.00 | dt: 564.16ms | tok/sec: 29,041 | bf16_mfu: 0.00 | epoch: 1 pq: 0 rg: 5 | total time: 0.79m | eta: 4.9m
step 00093/00600 (15.50%) | loss: 6.416366 | lrm: 1.00 | dt: 563.93ms | tok/sec: 29,053 | bf16_mfu: 0.00 | epoch: 1 pq: 0 rg: 5 | total time: 0.80m | eta: 4.9m
step 00094/00600 (15.67%) | loss: 6.407478 | lrm: 1.00 | dt: 544.93ms | tok/sec: 30,066 | bf16_mfu: 0.00 | epoch: 1 pq: 0 rg: 5 | total time: 0.81m | eta: 4.9m
step 00095/00600 (15.83%) | loss: 6.408965 | lrm: 1.00 | dt: 547.91ms | tok/sec: 29,902 | bf16_mfu: 0.00 | epoch: 1 pq: 0 rg: 5 | total time: 0.82m | eta: 4.9m
step 00096/00600 (16.00%) | loss: 6.395969 | lrm: 1.00 | dt: 529.46ms | tok/sec: 30,944 | bf16_mfu: 0.00 | epoch: 1 pq: 0 rg: 5 | total time: 0.83m | eta: 4.8m
step 00097/00600 (16.17%) | loss: 6.395207 | lrm: 1.00 | dt: 558.16ms | tok/sec: 29,353 | bf16_mfu: 0.00 | epoch: 1 pq: 0 rg: 5 | total time: 0.84m | eta: 4.8m
step 00098/00600 (16.33%) | loss: 6.398930 | lrm: 1.00 | dt: 546.89ms | tok/sec: 29,958 | bf16_mfu: 0.00 | epoch: 1 pq: 0 rg: 5 | total time: 0.84m | eta: 4.8m
step 00099/00600 (16.50%) | loss: 6.384724 | lrm: 1.00 | dt: 535.89ms | tok/sec: 30,573 | bf16_mfu: 0.00 | epoch: 1 pq: 0 rg: 5 | total time: 0.85m | eta: 4.8m
Step 00100 | Validation bpb: 1.955140
step 00100/00600 (16.67%) | loss: 6.378477 | lrm: 1.00 | dt: 530.80ms | tok/sec: 30,866 | bf16_mfu: 0.00 | epoch: 1 pq: 0 rg: 5 | total time: 0.86m | eta: 4.8m
step 00101/00600 (16.83%) | loss: 6.389870 | lrm: 1.00 | dt: 552.47ms | tok/sec: 29,655 | bf16_mfu: 0.00 | epoch: 1 pq: 0 rg: 5 | total time: 0.87m | eta: 4.8m
step 00102/00600 (17.00%) | loss: 6.395688 | lrm: 1.00 | dt: 543.05ms | tok/sec: 30,170 | bf16_mfu: 0.00 | epoch: 1 pq: 0 rg: 5 | total time: 0.88m | eta: 4.8m
step 00103/00600 (17.17%) | loss: 6.378977 | lrm: 1.00 | dt: 529.40ms | tok/sec: 30,948 | bf16_mfu: 0.00 | epoch: 1 pq: 0 rg: 5 | total time: 0.89m | eta: 4.8m
step 00104/00600 (17.33%) | loss: 6.377288 | lrm: 1.00 | dt: 543.30ms | tok/sec: 30,156 | bf16_mfu: 0.00 | epoch: 1 pq: 0 rg: 5 | total time: 0.90m | eta: 4.7m
step 00105/00600 (17.50%) | loss: 6.365327 | lrm: 1.00 | dt: 573.57ms | tok/sec: 28,564 | bf16_mfu: 0.00 | epoch: 1 pq: 0 rg: 5 | total time: 0.91m | eta: 4.7m
step 00106/00600 (17.67%) | loss: 6.340012 | lrm: 1.00 | dt: 528.03ms | tok/sec: 31,028 | bf16_mfu: 0.00 | epoch: 1 pq: 0 rg: 5 | total time: 0.92m | eta: 4.7m
step 00107/00600 (17.83%) | loss: 6.338737 | lrm: 1.00 | dt: 554.72ms | tok/sec: 29,535 | bf16_mfu: 0.00 | epoch: 1 pq: 0 rg: 6 | total time: 0.93m | eta: 4.7m
step 00108/00600 (18.00%) | loss: 6.333979 | lrm: 1.00 | dt: 554.36ms | tok/sec: 29,554 | bf16_mfu: 0.00 | epoch: 1 pq: 0 rg: 6 | total time: 0.94m | eta: 4.7m
step 00109/00600 (18.17%) | loss: 6.325302 | lrm: 1.00 | dt: 616.95ms | tok/sec: 26,556 | bf16_mfu: 0.00 | epoch: 1 pq: 0 rg: 6 | total time: 0.95m | eta: 4.7m
step 00110/00600 (18.33%) | loss: 6.328057 | lrm: 1.00 | dt: 520.01ms | tok/sec: 31,507 | bf16_mfu: 0.00 | epoch: 1 pq: 0 rg: 6 | total time: 0.95m | eta: 4.7m
step 00111/00600 (18.50%) | loss: 6.314410 | lrm: 1.00 | dt: 538.27ms | tok/sec: 30,438 | bf16_mfu: 0.00 | epoch: 1 pq: 0 rg: 6 | total time: 0.96m | eta: 4.7m
step 00112/00600 (18.67%) | loss: 6.295260 | lrm: 1.00 | dt: 538.46ms | tok/sec: 30,427 | bf16_mfu: 0.00 | epoch: 1 pq: 0 rg: 6 | total time: 0.97m | eta: 4.7m
step 00113/00600 (18.83%) | loss: 6.292990 | lrm: 1.00 | dt: 538.24ms | tok/sec: 30,440 | bf16_mfu: 0.00 | epoch: 1 pq: 0 rg: 6 | total time: 0.98m | eta: 4.6m
step 00114/00600 (19.00%) | loss: 6.273209 | lrm: 1.00 | dt: 530.46ms | tok/sec: 30,886 | bf16_mfu: 0.00 | epoch: 1 pq: 0 rg: 6 | total time: 0.99m | eta: 4.6m
step 00115/00600 (19.17%) | loss: 6.265072 | lrm: 1.00 | dt: 542.95ms | tok/sec: 30,175 | bf16_mfu: 0.00 | epoch: 1 pq: 0 rg: 6 | total time: 1.00m | eta: 4.6m
step 00116/00600 (19.33%) | loss: 6.259618 | lrm: 1.00 | dt: 537.43ms | tok/sec: 30,486 | bf16_mfu: 0.00 | epoch: 1 pq: 0 rg: 6 | total time: 1.01m | eta: 4.6m
step 00117/00600 (19.50%) | loss: 6.252481 | lrm: 1.00 | dt: 544.11ms | tok/sec: 30,111 | bf16_mfu: 0.00 | epoch: 1 pq: 0 rg: 6 | total time: 1.02m | eta: 4.6m
step 00118/00600 (19.67%) | loss: 6.241149 | lrm: 1.00 | dt: 537.76ms | tok/sec: 30,467 | bf16_mfu: 0.00 | epoch: 1 pq: 0 rg: 6 | total time: 1.03m | eta: 4.6m
step 00119/00600 (19.83%) | loss: 6.225707 | lrm: 1.00 | dt: 550.04ms | tok/sec: 29,786 | bf16_mfu: 0.00 | epoch: 1 pq: 0 rg: 6 | total time: 1.04m | eta: 4.6m
step 00120/00600 (20.00%) | loss: 6.222474 | lrm: 1.00 | dt: 545.98ms | tok/sec: 30,008 | bf16_mfu: 0.00 | epoch: 1 pq: 0 rg: 6 | total time: 1.04m | eta: 4.6m
step 00121/00600 (20.17%) | loss: 6.215806 | lrm: 1.00 | dt: 537.50ms | tok/sec: 30,481 | bf16_mfu: 0.00 | epoch: 1 pq: 0 rg: 6 | total time: 1.05m | eta: 4.5m
step 00122/00600 (20.33%) | loss: 6.201658 | lrm: 1.00 | dt: 526.93ms | tok/sec: 31,093 | bf16_mfu: 0.00 | epoch: 1 pq: 0 rg: 6 | total time: 1.06m | eta: 4.5m
step 00123/00600 (20.50%) | loss: 6.199337 | lrm: 1.00 | dt: 537.47ms | tok/sec: 30,483 | bf16_mfu: 0.00 | epoch: 1 pq: 0 rg: 6 | total time: 1.07m | eta: 4.5m
step 00124/00600 (20.67%) | loss: 6.195643 | lrm: 1.00 | dt: 537.75ms | tok/sec: 30,467 | bf16_mfu: 0.00 | epoch: 1 pq: 0 rg: 6 | total time: 1.08m | eta: 4.5m
step 00125/00600 (20.83%) | loss: 6.187601 | lrm: 1.00 | dt: 524.53ms | tok/sec: 31,235 | bf16_mfu: 0.00 | epoch: 1 pq: 0 rg: 6 | total time: 1.09m | eta: 4.5m
step 00126/00600 (21.00%) | loss: 6.195019 | lrm: 1.00 | dt: 536.91ms | tok/sec: 30,515 | bf16_mfu: 0.00 | epoch: 1 pq: 0 rg: 6 | total time: 1.10m | eta: 4.5m
step 00127/00600 (21.17%) | loss: 6.192216 | lrm: 1.00 | dt: 530.54ms | tok/sec: 30,881 | bf16_mfu: 0.00 | epoch: 1 pq: 0 rg: 6 | total time: 1.11m | eta: 4.5m
step 00128/00600 (21.33%) | loss: 6.189620 | lrm: 1.00 | dt: 532.44ms | tok/sec: 30,771 | bf16_mfu: 0.00 | epoch: 1 pq: 0 rg: 6 | total time: 1.12m | eta: 4.5m
step 00129/00600 (21.50%) | loss: 6.197076 | lrm: 1.00 | dt: 536.94ms | tok/sec: 30,513 | bf16_mfu: 0.00 | epoch: 1 pq: 0 rg: 6 | total time: 1.12m | eta: 4.5m
step 00130/00600 (21.67%) | loss: 6.192872 | lrm: 1.00 | dt: 532.34ms | tok/sec: 30,777 | bf16_mfu: 0.00 | epoch: 1 pq: 0 rg: 7 | total time: 1.13m | eta: 4.4m
step 00131/00600 (21.83%) | loss: 6.203308 | lrm: 1.00 | dt: 530.71ms | tok/sec: 30,871 | bf16_mfu: 0.00 | epoch: 1 pq: 0 rg: 7 | total time: 1.14m | eta: 4.4m
step 00132/00600 (22.00%) | loss: 6.210076 | lrm: 1.00 | dt: 534.03ms | tok/sec: 30,679 | bf16_mfu: 0.00 | epoch: 1 pq: 0 rg: 7 | total time: 1.15m | eta: 4.4m
step 00133/00600 (22.17%) | loss: 6.205640 | lrm: 1.00 | dt: 542.21ms | tok/sec: 30,217 | bf16_mfu: 0.00 | epoch: 1 pq: 0 rg: 7 | total time: 1.16m | eta: 4.4m
step 00134/00600 (22.33%) | loss: 6.185338 | lrm: 1.00 | dt: 545.53ms | tok/sec: 30,033 | bf16_mfu: 0.00 | epoch: 1 pq: 0 rg: 7 | total time: 1.17m | eta: 4.4m
step 00135/00600 (22.50%) | loss: 6.172373 | lrm: 1.00 | dt: 535.30ms | tok/sec: 30,606 | bf16_mfu: 0.00 | epoch: 1 pq: 0 rg: 7 | total time: 1.18m | eta: 4.4m
step 00136/00600 (22.67%) | loss: 6.174052 | lrm: 1.00 | dt: 554.82ms | tok/sec: 29,530 | bf16_mfu: 0.00 | epoch: 1 pq: 0 rg: 7 | total time: 1.19m | eta: 4.4m
step 00137/00600 (22.83%) | loss: 6.176061 | lrm: 1.00 | dt: 533.12ms | tok/sec: 30,732 | bf16_mfu: 0.00 | epoch: 1 pq: 0 rg: 7 | total time: 1.20m | eta: 4.4m
step 00138/00600 (23.00%) | loss: 6.170454 | lrm: 1.00 | dt: 518.50ms | tok/sec: 31,599 | bf16_mfu: 0.00 | epoch: 1 pq: 0 rg: 7 | total time: 1.20m | eta: 4.3m
step 00139/00600 (23.17%) | loss: 6.160498 | lrm: 1.00 | dt: 539.02ms | tok/sec: 30,396 | bf16_mfu: 0.00 | epoch: 1 pq: 0 rg: 7 | total time: 1.21m | eta: 4.3m
step 00140/00600 (23.33%) | loss: 6.158965 | lrm: 1.00 | dt: 522.56ms | tok/sec: 31,353 | bf16_mfu: 0.00 | epoch: 1 pq: 0 rg: 7 | total time: 1.22m | eta: 4.3m
step 00141/00600 (23.50%) | loss: 6.136462 | lrm: 1.00 | dt: 529.76ms | tok/sec: 30,926 | bf16_mfu: 0.00 | epoch: 1 pq: 0 rg: 7 | total time: 1.23m | eta: 4.3m
step 00142/00600 (23.67%) | loss: 6.125573 | lrm: 1.00 | dt: 532.44ms | tok/sec: 30,771 | bf16_mfu: 0.00 | epoch: 1 pq: 0 rg: 7 | total time: 1.24m | eta: 4.3m
step 00143/00600 (23.83%) | loss: 6.118607 | lrm: 1.00 | dt: 523.09ms | tok/sec: 31,321 | bf16_mfu: 0.00 | epoch: 1 pq: 0 rg: 7 | total time: 1.25m | eta: 4.3m
step 00144/00600 (24.00%) | loss: 6.099714 | lrm: 1.00 | dt: 526.84ms | tok/sec: 31,098 | bf16_mfu: 0.00 | epoch: 1 pq: 0 rg: 7 | total time: 1.26m | eta: 4.3m
step 00145/00600 (24.17%) | loss: 6.111054 | lrm: 1.00 | dt: 534.60ms | tok/sec: 30,647 | bf16_mfu: 0.00 | epoch: 1 pq: 0 rg: 7 | total time: 1.27m | eta: 4.3m
step 00146/00600 (24.33%) | loss: 6.104715 | lrm: 1.00 | dt: 533.27ms | tok/sec: 30,723 | bf16_mfu: 0.00 | epoch: 1 pq: 0 rg: 7 | total time: 1.28m | eta: 4.3m
step 00147/00600 (24.50%) | loss: 6.099175 | lrm: 1.00 | dt: 533.78ms | tok/sec: 30,694 | bf16_mfu: 0.00 | epoch: 1 pq: 0 rg: 7 | total time: 1.28m | eta: 4.2m
step 00148/00600 (24.67%) | loss: 6.091586 | lrm: 1.00 | dt: 531.79ms | tok/sec: 30,809 | bf16_mfu: 0.00 | epoch: 1 pq: 0 rg: 7 | total time: 1.29m | eta: 4.2m
step 00149/00600 (24.83%) | loss: 6.094431 | lrm: 1.00 | dt: 544.67ms | tok/sec: 30,080 | bf16_mfu: 0.00 | epoch: 1 pq: 0 rg: 7 | total time: 1.30m | eta: 4.2m
step 00150/00600 (25.00%) | loss: 6.089440 | lrm: 1.00 | dt: 529.39ms | tok/sec: 30,948 | bf16_mfu: 0.00 | epoch: 1 pq: 0 rg: 7 | total time: 1.31m | eta: 4.2m
step 00151/00600 (25.17%) | loss: 6.086915 | lrm: 1.00 | dt: 528.02ms | tok/sec: 31,029 | bf16_mfu: 0.00 | epoch: 1 pq: 0 rg: 7 | total time: 1.32m | eta: 4.2m
step 00152/00600 (25.33%) | loss: 6.065604 | lrm: 1.00 | dt: 528.16ms | tok/sec: 31,020 | bf16_mfu: 0.00 | epoch: 1 pq: 0 rg: 7 | total time: 1.33m | eta: 4.2m
step 00153/00600 (25.50%) | loss: 6.059381 | lrm: 1.00 | dt: 526.95ms | tok/sec: 31,092 | bf16_mfu: 0.00 | epoch: 1 pq: 0 rg: 7 | total time: 1.34m | eta: 4.2m
step 00154/00600 (25.67%) | loss: 6.041370 | lrm: 1.00 | dt: 523.19ms | tok/sec: 31,315 | bf16_mfu: 0.00 | epoch: 1 pq: 0 rg: 8 | total time: 1.35m | eta: 4.2m
step 00155/00600 (25.83%) | loss: 6.033600 | lrm: 1.00 | dt: 524.26ms | tok/sec: 31,251 | bf16_mfu: 0.00 | epoch: 1 pq: 0 rg: 8 | total time: 1.35m | eta: 4.2m
step 00156/00600 (26.00%) | loss: 6.012914 | lrm: 1.00 | dt: 524.01ms | tok/sec: 31,266 | bf16_mfu: 0.00 | epoch: 1 pq: 0 rg: 8 | total time: 1.36m | eta: 4.1m
step 00157/00600 (26.17%) | loss: 6.017974 | lrm: 1.00 | dt: 529.56ms | tok/sec: 30,938 | bf16_mfu: 0.00 | epoch: 1 pq: 0 rg: 8 | total time: 1.37m | eta: 4.1m
step 00158/00600 (26.33%) | loss: 6.014800 | lrm: 1.00 | dt: 520.29ms | tok/sec: 31,490 | bf16_mfu: 0.00 | epoch: 1 pq: 0 rg: 8 | total time: 1.38m | eta: 4.1m
step 00159/00600 (26.50%) | loss: 6.001875 | lrm: 1.00 | dt: 523.32ms | tok/sec: 31,307 | bf16_mfu: 0.00 | epoch: 1 pq: 0 rg: 8 | total time: 1.39m | eta: 4.1m
step 00160/00600 (26.67%) | loss: 5.989187 | lrm: 1.00 | dt: 530.62ms | tok/sec: 30,877 | bf16_mfu: 0.00 | epoch: 1 pq: 0 rg: 8 | total time: 1.40m | eta: 4.1m
step 00161/00600 (26.83%) | loss: 5.987223 | lrm: 1.00 | dt: 527.69ms | tok/sec: 31,048 | bf16_mfu: 0.00 | epoch: 1 pq: 0 rg: 8 | total time: 1.41m | eta: 4.1m
step 00162/00600 (27.00%) | loss: 5.980451 | lrm: 1.00 | dt: 529.92ms | tok/sec: 30,917 | bf16_mfu: 0.00 | epoch: 1 pq: 0 rg: 8 | total time: 1.42m | eta: 4.1m
step 00163/00600 (27.17%) | loss: 6.001035 | lrm: 1.00 | dt: 524.54ms | tok/sec: 31,234 | bf16_mfu: 0.00 | epoch: 1 pq: 0 rg: 8 | total time: 1.43m | eta: 4.1m
step 00164/00600 (27.33%) | loss: 5.981326 | lrm: 1.00 | dt: 530.22ms | tok/sec: 30,900 | bf16_mfu: 0.00 | epoch: 1 pq: 0 rg: 8 | total time: 1.43m | eta: 4.1m
step 00165/00600 (27.50%) | loss: 5.968258 | lrm: 1.00 | dt: 536.78ms | tok/sec: 30,522 | bf16_mfu: 0.00 | epoch: 1 pq: 0 rg: 8 | total time: 1.44m | eta: 4.0m
step 00166/00600 (27.67%) | loss: 5.966910 | lrm: 1.00 | dt: 536.26ms | tok/sec: 30,552 | bf16_mfu: 0.00 | epoch: 1 pq: 0 rg: 8 | total time: 1.45m | eta: 4.0m
step 00167/00600 (27.83%) | loss: 5.949223 | lrm: 1.00 | dt: 585.85ms | tok/sec: 27,966 | bf16_mfu: 0.00 | epoch: 1 pq: 0 rg: 8 | total time: 1.46m | eta: 4.0m
step 00168/00600 (28.00%) | loss: 5.946505 | lrm: 1.00 | dt: 540.75ms | tok/sec: 30,298 | bf16_mfu: 0.00 | epoch: 1 pq: 0 rg: 8 | total time: 1.47m | eta: 4.0m
step 00169/00600 (28.17%) | loss: 5.942563 | lrm: 1.00 | dt: 503.14ms | tok/sec: 32,563 | bf16_mfu: 0.00 | epoch: 1 pq: 0 rg: 8 | total time: 1.48m | eta: 4.0m
step 00170/00600 (28.33%) | loss: 5.953761 | lrm: 1.00 | dt: 636.80ms | tok/sec: 25,728 | bf16_mfu: 0.00 | epoch: 1 pq: 0 rg: 8 | total time: 1.49m | eta: 4.0m
step 00171/00600 (28.50%) | loss: 5.949599 | lrm: 1.00 | dt: 505.99ms | tok/sec: 32,380 | bf16_mfu: 0.00 | epoch: 1 pq: 0 rg: 8 | total time: 1.50m | eta: 4.0m
step 00172/00600 (28.67%) | loss: 5.950546 | lrm: 1.00 | dt: 527.61ms | tok/sec: 31,053 | bf16_mfu: 0.00 | epoch: 1 pq: 0 rg: 8 | total time: 1.51m | eta: 4.0m
step 00173/00600 (28.83%) | loss: 5.940559 | lrm: 1.00 | dt: 521.98ms | tok/sec: 31,388 | bf16_mfu: 0.00 | epoch: 1 pq: 0 rg: 8 | total time: 1.52m | eta: 4.0m
step 00174/00600 (29.00%) | loss: 5.934553 | lrm: 1.00 | dt: 522.00ms | tok/sec: 31,387 | bf16_mfu: 0.00 | epoch: 1 pq: 0 rg: 8 | total time: 1.52m | eta: 4.0m
step 00175/00600 (29.17%) | loss: 5.929099 | lrm: 1.00 | dt: 518.07ms | tok/sec: 31,625 | bf16_mfu: 0.00 | epoch: 1 pq: 0 rg: 8 | total time: 1.53m | eta: 3.9m
step 00176/00600 (29.33%) | loss: 5.921157 | lrm: 1.00 | dt: 522.33ms | tok/sec: 31,367 | bf16_mfu: 0.00 | epoch: 1 pq: 0 rg: 8 | total time: 1.54m | eta: 3.9m
step 00177/00600 (29.50%) | loss: 5.916469 | lrm: 1.00 | dt: 527.59ms | tok/sec: 31,054 | bf16_mfu: 0.00 | epoch: 1 pq: 0 rg: 9 | total time: 1.55m | eta: 3.9m
step 00178/00600 (29.67%) | loss: 5.922071 | lrm: 1.00 | dt: 524.44ms | tok/sec: 31,240 | bf16_mfu: 0.00 | epoch: 1 pq: 0 rg: 9 | total time: 1.56m | eta: 3.9m
step 00179/00600 (29.83%) | loss: 5.910380 | lrm: 1.00 | dt: 588.74ms | tok/sec: 27,829 | bf16_mfu: 0.00 | epoch: 1 pq: 0 rg: 9 | total time: 1.57m | eta: 3.9m
step 00180/00600 (30.00%) | loss: 5.911118 | lrm: 1.00 | dt: 541.38ms | tok/sec: 30,263 | bf16_mfu: 0.00 | epoch: 1 pq: 0 rg: 9 | total time: 1.58m | eta: 3.9m
step 00181/00600 (30.17%) | loss: 5.907781 | lrm: 1.00 | dt: 547.41ms | tok/sec: 29,929 | bf16_mfu: 0.00 | epoch: 1 pq: 0 rg: 9 | total time: 1.59m | eta: 3.9m
step 00182/00600 (30.33%) | loss: 5.889226 | lrm: 1.00 | dt: 533.97ms | tok/sec: 30,683 | bf16_mfu: 0.00 | epoch: 1 pq: 0 rg: 9 | total time: 1.60m | eta: 3.9m
step 00183/00600 (30.50%) | loss: 5.891573 | lrm: 1.00 | dt: 566.16ms | tok/sec: 28,938 | bf16_mfu: 0.00 | epoch: 1 pq: 0 rg: 9 | total time: 1.61m | eta: 3.9m
step 00184/00600 (30.67%) | loss: 5.882503 | lrm: 1.00 | dt: 553.89ms | tok/sec: 29,579 | bf16_mfu: 0.00 | epoch: 1 pq: 0 rg: 9 | total time: 1.61m | eta: 3.9m
step 00185/00600 (30.83%) | loss: 5.873919 | lrm: 1.00 | dt: 523.61ms | tok/sec: 31,290 | bf16_mfu: 0.00 | epoch: 1 pq: 0 rg: 9 | total time: 1.62m | eta: 3.8m
step 00186/00600 (31.00%) | loss: 5.865762 | lrm: 1.00 | dt: 521.20ms | tok/sec: 31,435 | bf16_mfu: 0.00 | epoch: 1 pq: 0 rg: 9 | total time: 1.63m | eta: 3.8m
step 00187/00600 (31.17%) | loss: 5.850370 | lrm: 1.00 | dt: 512.53ms | tok/sec: 31,967 | bf16_mfu: 0.00 | epoch: 1 pq: 0 rg: 9 | total time: 1.64m | eta: 3.8m
step 00188/00600 (31.33%) | loss: 5.836973 | lrm: 1.00 | dt: 625.80ms | tok/sec: 26,180 | bf16_mfu: 0.00 | epoch: 1 pq: 0 rg: 9 | total time: 1.65m | eta: 3.8m
step 00189/00600 (31.50%) | loss: 5.841028 | lrm: 1.00 | dt: 539.15ms | tok/sec: 30,388 | bf16_mfu: 0.00 | epoch: 1 pq: 0 rg: 9 | total time: 1.66m | eta: 3.8m
step 00190/00600 (31.67%) | loss: 5.819941 | lrm: 1.00 | dt: 521.64ms | tok/sec: 31,408 | bf16_mfu: 0.00 | epoch: 1 pq: 0 rg: 9 | total time: 1.67m | eta: 3.8m
step 00191/00600 (31.83%) | loss: 5.821205 | lrm: 1.00 | dt: 570.72ms | tok/sec: 28,707 | bf16_mfu: 0.00 | epoch: 1 pq: 0 rg: 9 | total time: 1.68m | eta: 3.8m
step 00192/00600 (32.00%) | loss: 5.813394 | lrm: 1.00 | dt: 574.08ms | tok/sec: 28,539 | bf16_mfu: 0.00 | epoch: 1 pq: 0 rg: 9 | total time: 1.69m | eta: 3.8m
step 00193/00600 (32.17%) | loss: 5.797109 | lrm: 1.00 | dt: 550.90ms | tok/sec: 29,740 | bf16_mfu: 0.00 | epoch: 1 pq: 0 rg: 9 | total time: 1.70m | eta: 3.8m
step 00194/00600 (32.33%) | loss: 5.789751 | lrm: 1.00 | dt: 544.42ms | tok/sec: 30,094 | bf16_mfu: 0.00 | epoch: 1 pq: 0 rg: 9 | total time: 1.71m | eta: 3.8m
step 00195/00600 (32.50%) | loss: 5.794334 | lrm: 1.00 | dt: 525.90ms | tok/sec: 31,153 | bf16_mfu: 0.00 | epoch: 1 pq: 0 rg: 9 | total time: 1.71m | eta: 3.8m
step 00196/00600 (32.67%) | loss: 5.785798 | lrm: 1.00 | dt: 517.48ms | tok/sec: 31,661 | bf16_mfu: 0.00 | epoch: 1 pq: 0 rg: 9 | total time: 1.72m | eta: 3.7m
step 00197/00600 (32.83%) | loss: 5.777321 | lrm: 1.00 | dt: 528.61ms | tok/sec: 30,994 | bf16_mfu: 0.00 | epoch: 1 pq: 0 rg: 9 | total time: 1.73m | eta: 3.7m
step 00198/00600 (33.00%) | loss: 5.769136 | lrm: 1.00 | dt: 532.31ms | tok/sec: 30,778 | bf16_mfu: 0.00 | epoch: 1 pq: 0 rg: 9 | total time: 1.74m | eta: 3.7m
step 00199/00600 (33.17%) | loss: 5.761954 | lrm: 1.00 | dt: 556.33ms | tok/sec: 29,450 | bf16_mfu: 0.00 | epoch: 1 pq: 0 rg: 9 | total time: 1.75m | eta: 3.7m
Step 00200 | Validation bpb: 1.777016
step 00200/00600 (33.33%) | loss: 5.763368 | lrm: 1.00 | dt: 556.99ms | tok/sec: 29,415 | bf16_mfu: 0.00 | epoch: 1 pq: 0 rg: 10 | total time: 1.76m | eta: 3.7m
step 00201/00600 (33.50%) | loss: 5.758660 | lrm: 1.00 | dt: 533.10ms | tok/sec: 30,733 | bf16_mfu: 0.00 | epoch: 1 pq: 0 rg: 10 | total time: 1.77m | eta: 3.7m
step 00202/00600 (33.67%) | loss: 5.754928 | lrm: 1.00 | dt: 558.65ms | tok/sec: 29,327 | bf16_mfu: 0.00 | epoch: 1 pq: 0 rg: 10 | total time: 1.78m | eta: 3.7m
step 00203/00600 (33.83%) | loss: 5.756554 | lrm: 1.00 | dt: 519.78ms | tok/sec: 31,521 | bf16_mfu: 0.00 | epoch: 1 pq: 0 rg: 10 | total time: 1.79m | eta: 3.7m
step 00204/00600 (34.00%) | loss: 5.750577 | lrm: 1.00 | dt: 521.82ms | tok/sec: 31,397 | bf16_mfu: 0.00 | epoch: 1 pq: 0 rg: 10 | total time: 1.80m | eta: 3.7m
step 00205/00600 (34.17%) | loss: 5.729494 | lrm: 1.00 | dt: 516.51ms | tok/sec: 31,720 | bf16_mfu: 0.00 | epoch: 1 pq: 0 rg: 10 | total time: 1.80m | eta: 3.7m
step 00206/00600 (34.33%) | loss: 5.732581 | lrm: 1.00 | dt: 584.50ms | tok/sec: 28,030 | bf16_mfu: 0.00 | epoch: 1 pq: 0 rg: 10 | total time: 1.81m | eta: 3.6m
step 00207/00600 (34.50%) | loss: 5.721298 | lrm: 1.00 | dt: 570.80ms | tok/sec: 28,703 | bf16_mfu: 0.00 | epoch: 1 pq: 0 rg: 10 | total time: 1.82m | eta: 3.6m
step 00208/00600 (34.67%) | loss: 5.717684 | lrm: 1.00 | dt: 539.64ms | tok/sec: 30,361 | bf16_mfu: 0.00 | epoch: 1 pq: 0 rg: 10 | total time: 1.83m | eta: 3.6m
step 00209/00600 (34.83%) | loss: 5.709157 | lrm: 1.00 | dt: 519.39ms | tok/sec: 31,544 | bf16_mfu: 0.00 | epoch: 1 pq: 0 rg: 10 | total time: 1.84m | eta: 3.6m
step 00210/00600 (35.00%) | loss: 5.705913 | lrm: 1.00 | dt: 541.00ms | tok/sec: 30,284 | bf16_mfu: 0.00 | epoch: 1 pq: 0 rg: 10 | total time: 1.85m | eta: 3.6m
step 00211/00600 (35.17%) | loss: 5.706116 | lrm: 1.00 | dt: 541.84ms | tok/sec: 30,237 | bf16_mfu: 0.00 | epoch: 1 pq: 0 rg: 10 | total time: 1.86m | eta: 3.6m
step 00212/00600 (35.33%) | loss: 5.697916 | lrm: 1.00 | dt: 533.41ms | tok/sec: 30,715 | bf16_mfu: 0.00 | epoch: 1 pq: 0 rg: 10 | total time: 1.87m | eta: 3.6m
step 00213/00600 (35.50%) | loss: 5.678831 | lrm: 0.99 | dt: 529.26ms | tok/sec: 30,956 | bf16_mfu: 0.00 | epoch: 1 pq: 0 rg: 10 | total time: 1.88m | eta: 3.6m
step 00214/00600 (35.67%) | loss: 5.684336 | lrm: 0.99 | dt: 547.47ms | tok/sec: 29,926 | bf16_mfu: 0.00 | epoch: 1 pq: 0 rg: 10 | total time: 1.89m | eta: 3.6m
step 00215/00600 (35.83%) | loss: 5.669868 | lrm: 0.99 | dt: 508.19ms | tok/sec: 32,239 | bf16_mfu: 0.00 | epoch: 1 pq: 0 rg: 10 | total time: 1.89m | eta: 3.6m
step 00216/00600 (36.00%) | loss: 5.660119 | lrm: 0.99 | dt: 515.57ms | tok/sec: 31,778 | bf16_mfu: 0.00 | epoch: 1 pq: 0 rg: 10 | total time: 1.90m | eta: 3.5m
step 00217/00600 (36.17%) | loss: 5.657501 | lrm: 0.98 | dt: 519.54ms | tok/sec: 31,535 | bf16_mfu: 0.00 | epoch: 1 pq: 0 rg: 10 | total time: 1.91m | eta: 3.5m
step 00218/00600 (36.33%) | loss: 5.654553 | lrm: 0.98 | dt: 525.32ms | tok/sec: 31,188 | bf16_mfu: 0.00 | epoch: 1 pq: 0 rg: 10 | total time: 1.92m | eta: 3.5m
step 00219/00600 (36.50%) | loss: 5.656559 | lrm: 0.98 | dt: 519.82ms | tok/sec: 31,518 | bf16_mfu: 0.00 | epoch: 1 pq: 0 rg: 10 | total time: 1.93m | eta: 3.5m
step 00220/00600 (36.67%) | loss: 5.660276 | lrm: 0.98 | dt: 533.97ms | tok/sec: 30,683 | bf16_mfu: 0.00 | epoch: 1 pq: 0 rg: 10 | total time: 1.94m | eta: 3.5m
step 00221/00600 (36.83%) | loss: 5.656036 | lrm: 0.97 | dt: 529.33ms | tok/sec: 30,952 | bf16_mfu: 0.00 | epoch: 1 pq: 0 rg: 10 | total time: 1.95m | eta: 3.5m
step 00222/00600 (37.00%) | loss: 5.651625 | lrm: 0.97 | dt: 543.43ms | tok/sec: 30,149 | bf16_mfu: 0.00 | epoch: 1 pq: 0 rg: 10 | total time: 1.96m | eta: 3.5m
step 00223/00600 (37.17%) | loss: 5.656631 | lrm: 0.97 | dt: 528.14ms | tok/sec: 31,022 | bf16_mfu: 0.00 | epoch: 1 pq: 0 rg: 11 | total time: 1.96m | eta: 3.5m
step 00224/00600 (37.33%) | loss: 5.653787 | lrm: 0.97 | dt: 511.39ms | tok/sec: 32,037 | bf16_mfu: 0.00 | epoch: 1 pq: 0 rg: 11 | total time: 1.97m | eta: 3.5m
step 00225/00600 (37.50%) | loss: 5.653790 | lrm: 0.96 | dt: 504.03ms | tok/sec: 32,506 | bf16_mfu: 0.00 | epoch: 1 pq: 0 rg: 11 | total time: 1.98m | eta: 3.5m
step 00226/00600 (37.67%) | loss: 5.650053 | lrm: 0.96 | dt: 514.96ms | tok/sec: 31,816 | bf16_mfu: 0.00 | epoch: 1 pq: 0 rg: 11 | total time: 1.99m | eta: 3.4m
step 00227/00600 (37.83%) | loss: 5.650261 | lrm: 0.96 | dt: 507.50ms | tok/sec: 32,283 | bf16_mfu: 0.00 | epoch: 1 pq: 0 rg: 11 | total time: 2.00m | eta: 3.4m
step 00228/00600 (38.00%) | loss: 5.641233 | lrm: 0.96 | dt: 512.41ms | tok/sec: 31,974 | bf16_mfu: 0.00 | epoch: 1 pq: 0 rg: 11 | total time: 2.01m | eta: 3.4m
step 00229/00600 (38.17%) | loss: 5.648614 | lrm: 0.95 | dt: 534.69ms | tok/sec: 30,642 | bf16_mfu: 0.00 | epoch: 1 pq: 0 rg: 11 | total time: 2.02m | eta: 3.4m
step 00230/00600 (38.33%) | loss: 5.652550 | lrm: 0.95 | dt: 517.42ms | tok/sec: 31,665 | bf16_mfu: 0.00 | epoch: 1 pq: 0 rg: 11 | total time: 2.02m | eta: 3.4m
step 00231/00600 (38.50%) | loss: 5.640153 | lrm: 0.95 | dt: 531.85ms | tok/sec: 30,805 | bf16_mfu: 0.00 | epoch: 1 pq: 0 rg: 11 | total time: 2.03m | eta: 3.4m
step 00232/00600 (38.67%) | loss: 5.640026 | lrm: 0.95 | dt: 528.95ms | tok/sec: 30,974 | bf16_mfu: 0.00 | epoch: 1 pq: 0 rg: 11 | total time: 2.04m | eta: 3.4m
step 00233/00600 (38.83%) | loss: 5.627459 | lrm: 0.94 | dt: 514.90ms | tok/sec: 31,819 | bf16_mfu: 0.00 | epoch: 1 pq: 0 rg: 11 | total time: 2.05m | eta: 3.4m
step 00234/00600 (39.00%) | loss: 5.617129 | lrm: 0.94 | dt: 513.67ms | tok/sec: 31,895 | bf16_mfu: 0.00 | epoch: 1 pq: 0 rg: 11 | total time: 2.06m | eta: 3.4m
step 00235/00600 (39.17%) | loss: 5.618607 | lrm: 0.94 | dt: 507.39ms | tok/sec: 32,290 | bf16_mfu: 0.00 | epoch: 1 pq: 0 rg: 11 | total time: 2.07m | eta: 3.4m
step 00236/00600 (39.33%) | loss: 5.621415 | lrm: 0.94 | dt: 502.73ms | tok/sec: 32,590 | bf16_mfu: 0.00 | epoch: 1 pq: 0 rg: 11 | total time: 2.08m | eta: 3.3m
step 00237/00600 (39.50%) | loss: 5.610944 | lrm: 0.93 | dt: 546.52ms | tok/sec: 29,978 | bf16_mfu: 0.00 | epoch: 1 pq: 0 rg: 11 | total time: 2.09m | eta: 3.3m
step 00238/00600 (39.67%) | loss: 5.588499 | lrm: 0.93 | dt: 513.04ms | tok/sec: 31,935 | bf16_mfu: 0.00 | epoch: 1 pq: 0 rg: 11 | total time: 2.09m | eta: 3.3m
step 00239/00600 (39.83%) | loss: 5.578859 | lrm: 0.93 | dt: 509.17ms | tok/sec: 32,177 | bf16_mfu: 0.00 | epoch: 1 pq: 0 rg: 11 | total time: 2.10m | eta: 3.3m
step 00240/00600 (40.00%) | loss: 5.577453 | lrm: 0.93 | dt: 525.60ms | tok/sec: 31,171 | bf16_mfu: 0.00 | epoch: 1 pq: 0 rg: 11 | total time: 2.11m | eta: 3.3m
step 00241/00600 (40.17%) | loss: 5.562895 | lrm: 0.92 | dt: 535.15ms | tok/sec: 30,615 | bf16_mfu: 0.00 | epoch: 1 pq: 0 rg: 11 | total time: 2.12m | eta: 3.3m
step 00242/00600 (40.33%) | loss: 5.563473 | lrm: 0.92 | dt: 542.35ms | tok/sec: 30,209 | bf16_mfu: 0.00 | epoch: 1 pq: 0 rg: 11 | total time: 2.13m | eta: 3.3m
step 00243/00600 (40.50%) | loss: 5.556695 | lrm: 0.92 | dt: 527.07ms | tok/sec: 31,085 | bf16_mfu: 0.00 | epoch: 1 pq: 0 rg: 11 | total time: 2.14m | eta: 3.3m
step 00244/00600 (40.67%) | loss: 5.553208 | lrm: 0.92 | dt: 533.23ms | tok/sec: 30,726 | bf16_mfu: 0.00 | epoch: 1 pq: 0 rg: 11 | total time: 2.15m | eta: 3.3m
step 00245/00600 (40.83%) | loss: 5.547408 | lrm: 0.91 | dt: 541.33ms | tok/sec: 30,266 | bf16_mfu: 0.00 | epoch: 1 pq: 0 rg: 11 | total time: 2.16m | eta: 3.3m
step 00246/00600 (41.00%) | loss: 5.547183 | lrm: 0.91 | dt: 547.09ms | tok/sec: 29,947 | bf16_mfu: 0.00 | epoch: 1 pq: 0 rg: 12 | total time: 2.16m | eta: 3.2m
step 00247/00600 (41.17%) | loss: 5.553467 | lrm: 0.91 | dt: 523.43ms | tok/sec: 31,301 | bf16_mfu: 0.00 | epoch: 1 pq: 0 rg: 12 | total time: 2.17m | eta: 3.2m
step 00248/00600 (41.33%) | loss: 5.554747 | lrm: 0.91 | dt: 520.65ms | tok/sec: 31,468 | bf16_mfu: 0.00 | epoch: 1 pq: 0 rg: 12 | total time: 2.18m | eta: 3.2m
step 00249/00600 (41.50%) | loss: 5.563637 | lrm: 0.91 | dt: 615.18ms | tok/sec: 26,633 | bf16_mfu: 0.00 | epoch: 1 pq: 0 rg: 12 | total time: 2.19m | eta: 3.2m
step 00250/00600 (41.67%) | loss: 5.567985 | lrm: 0.90 | dt: 499.42ms | tok/sec: 32,805 | bf16_mfu: 0.00 | epoch: 1 pq: 0 rg: 12 | total time: 2.20m | eta: 3.2m
step 00251/00600 (41.83%) | loss: 5.552761 | lrm: 0.90 | dt: 529.22ms | tok/sec: 30,958 | bf16_mfu: 0.00 | epoch: 1 pq: 0 rg: 12 | total time: 2.21m | eta: 3.2m
step 00252/00600 (42.00%) | loss: 5.556953 | lrm: 0.90 | dt: 537.98ms | tok/sec: 30,454 | bf16_mfu: 0.00 | epoch: 1 pq: 0 rg: 12 | total time: 2.22m | eta: 3.2m
step 00253/00600 (42.17%) | loss: 5.546735 | lrm: 0.90 | dt: 503.50ms | tok/sec: 32,539 | bf16_mfu: 0.00 | epoch: 1 pq: 0 rg: 12 | total time: 2.23m | eta: 3.2m
step 00254/00600 (42.33%) | loss: 5.531988 | lrm: 0.89 | dt: 573.81ms | tok/sec: 28,552 | bf16_mfu: 0.00 | epoch: 1 pq: 0 rg: 12 | total time: 2.24m | eta: 3.2m
step 00255/00600 (42.50%) | loss: 5.530998 | lrm: 0.89 | dt: 511.90ms | tok/sec: 32,006 | bf16_mfu: 0.00 | epoch: 1 pq: 0 rg: 12 | total time: 2.24m | eta: 3.2m
step 00256/00600 (42.67%) | loss: 5.531462 | lrm: 0.89 | dt: 514.82ms | tok/sec: 31,824 | bf16_mfu: 0.00 | epoch: 1 pq: 0 rg: 12 | total time: 2.25m | eta: 3.2m
step 00257/00600 (42.83%) | loss: 5.520077 | lrm: 0.89 | dt: 512.95ms | tok/sec: 31,940 | bf16_mfu: 0.00 | epoch: 1 pq: 0 rg: 12 | total time: 2.26m | eta: 3.1m
step 00258/00600 (43.00%) | loss: 5.523375 | lrm: 0.88 | dt: 521.72ms | tok/sec: 31,404 | bf16_mfu: 0.00 | epoch: 1 pq: 0 rg: 12 | total time: 2.27m | eta: 3.1m
step 00259/00600 (43.17%) | loss: 5.524392 | lrm: 0.88 | dt: 524.79ms | tok/sec: 31,219 | bf16_mfu: 0.00 | epoch: 1 pq: 0 rg: 12 | total time: 2.28m | eta: 3.1m
step 00260/00600 (43.33%) | loss: 5.503594 | lrm: 0.88 | dt: 541.39ms | tok/sec: 30,262 | bf16_mfu: 0.00 | epoch: 1 pq: 0 rg: 12 | total time: 2.29m | eta: 3.1m
step 00261/00600 (43.50%) | loss: 5.508845 | lrm: 0.88 | dt: 535.65ms | tok/sec: 30,587 | bf16_mfu: 0.00 | epoch: 1 pq: 0 rg: 12 | total time: 2.30m | eta: 3.1m
step 00262/00600 (43.67%) | loss: 5.507929 | lrm: 0.87 | dt: 517.40ms | tok/sec: 31,665 | bf16_mfu: 0.00 | epoch: 1 pq: 0 rg: 12 | total time: 2.31m | eta: 3.1m
step 00263/00600 (43.83%) | loss: 5.485507 | lrm: 0.87 | dt: 511.76ms | tok/sec: 32,015 | bf16_mfu: 0.00 | epoch: 1 pq: 0 rg: 12 | total time: 2.31m | eta: 3.1m
step 00264/00600 (44.00%) | loss: 5.481799 | lrm: 0.87 | dt: 535.01ms | tok/sec: 30,623 | bf16_mfu: 0.00 | epoch: 1 pq: 0 rg: 12 | total time: 2.32m | eta: 3.1m
step 00265/00600 (44.17%) | loss: 5.478150 | lrm: 0.87 | dt: 500.20ms | tok/sec: 32,754 | bf16_mfu: 0.00 | epoch: 1 pq: 0 rg: 12 | total time: 2.33m | eta: 3.1m
step 00266/00600 (44.33%) | loss: 5.473181 | lrm: 0.86 | dt: 502.32ms | tok/sec: 32,616 | bf16_mfu: 0.00 | epoch: 1 pq: 0 rg: 12 | total time: 2.34m | eta: 3.1m
step 00267/00600 (44.50%) | loss: 5.480438 | lrm: 0.86 | dt: 499.42ms | tok/sec: 32,805 | bf16_mfu: 0.00 | epoch: 1 pq: 0 rg: 12 | total time: 2.35m | eta: 3.0m
step 00268/00600 (44.67%) | loss: 5.486403 | lrm: 0.86 | dt: 501.89ms | tok/sec: 32,644 | bf16_mfu: 0.00 | epoch: 1 pq: 0 rg: 12 | total time: 2.36m | eta: 3.0m
step 00269/00600 (44.83%) | loss: 5.480585 | lrm: 0.86 | dt: 512.89ms | tok/sec: 31,944 | bf16_mfu: 0.00 | epoch: 1 pq: 0 rg: 13 | total time: 2.37m | eta: 3.0m
step 00270/00600 (45.00%) | loss: 5.482442 | lrm: 0.85 | dt: 509.26ms | tok/sec: 32,171 | bf16_mfu: 0.00 | epoch: 1 pq: 0 rg: 13 | total time: 2.37m | eta: 3.0m
step 00271/00600 (45.17%) | loss: 5.495308 | lrm: 0.85 | dt: 518.23ms | tok/sec: 31,615 | bf16_mfu: 0.00 | epoch: 1 pq: 0 rg: 13 | total time: 2.38m | eta: 3.0m
step 00272/00600 (45.33%) | loss: 5.484280 | lrm: 0.85 | dt: 501.40ms | tok/sec: 32,676 | bf16_mfu: 0.00 | epoch: 1 pq: 0 rg: 13 | total time: 2.39m | eta: 3.0m
step 00273/00600 (45.50%) | loss: 5.477192 | lrm: 0.85 | dt: 548.18ms | tok/sec: 29,887 | bf16_mfu: 0.00 | epoch: 1 pq: 0 rg: 13 | total time: 2.40m | eta: 3.0m
step 00274/00600 (45.67%) | loss: 5.468080 | lrm: 0.84 | dt: 537.54ms | tok/sec: 30,479 | bf16_mfu: 0.00 | epoch: 1 pq: 0 rg: 13 | total time: 2.41m | eta: 3.0m
step 00275/00600 (45.83%) | loss: 5.468415 | lrm: 0.84 | dt: 562.29ms | tok/sec: 29,137 | bf16_mfu: 0.00 | epoch: 1 pq: 0 rg: 13 | total time: 2.42m | eta: 3.0m
step 00276/00600 (46.00%) | loss: 5.464296 | lrm: 0.84 | dt: 524.42ms | tok/sec: 31,242 | bf16_mfu: 0.00 | epoch: 1 pq: 0 rg: 13 | total time: 2.43m | eta: 3.0m
step 00277/00600 (46.17%) | loss: 5.453096 | lrm: 0.84 | dt: 521.13ms | tok/sec: 31,439 | bf16_mfu: 0.00 | epoch: 1 pq: 0 rg: 13 | total time: 2.44m | eta: 2.9m
step 00278/00600 (46.33%) | loss: 5.453350 | lrm: 0.83 | dt: 513.25ms | tok/sec: 31,922 | bf16_mfu: 0.00 | epoch: 1 pq: 0 rg: 13 | total time: 2.44m | eta: 2.9m
step 00279/00600 (46.50%) | loss: 5.451227 | lrm: 0.83 | dt: 502.40ms | tok/sec: 32,611 | bf16_mfu: 0.00 | epoch: 1 pq: 0 rg: 13 | total time: 2.45m | eta: 2.9m
step 00280/00600 (46.67%) | loss: 5.434505 | lrm: 0.83 | dt: 512.92ms | tok/sec: 31,942 | bf16_mfu: 0.00 | epoch: 1 pq: 0 rg: 13 | total time: 2.46m | eta: 2.9m
step 00281/00600 (46.83%) | loss: 5.433785 | lrm: 0.83 | dt: 504.39ms | tok/sec: 32,483 | bf16_mfu: 0.00 | epoch: 1 pq: 0 rg: 13 | total time: 2.47m | eta: 2.9m
step 00282/00600 (47.00%) | loss: 5.430627 | lrm: 0.82 | dt: 512.15ms | tok/sec: 31,990 | bf16_mfu: 0.00 | epoch: 1 pq: 0 rg: 13 | total time: 2.48m | eta: 2.9m
step 00283/00600 (47.17%) | loss: 5.416218 | lrm: 0.82 | dt: 532.51ms | tok/sec: 30,767 | bf16_mfu: 0.00 | epoch: 1 pq: 0 rg: 13 | total time: 2.49m | eta: 2.9m
step 00284/00600 (47.33%) | loss: 5.420943 | lrm: 0.82 | dt: 501.32ms | tok/sec: 32,681 | bf16_mfu: 0.00 | epoch: 1 pq: 0 rg: 13 | total time: 2.50m | eta: 2.9m
step 00285/00600 (47.50%) | loss: 5.415232 | lrm: 0.82 | dt: 534.63ms | tok/sec: 30,645 | bf16_mfu: 0.00 | epoch: 1 pq: 0 rg: 13 | total time: 2.50m | eta: 2.9m
step 00286/00600 (47.67%) | loss: 5.424458 | lrm: 0.81 | dt: 509.03ms | tok/sec: 32,186 | bf16_mfu: 0.00 | epoch: 1 pq: 0 rg: 13 | total time: 2.51m | eta: 2.9m
step 00287/00600 (47.83%) | loss: 5.427396 | lrm: 0.81 | dt: 493.88ms | tok/sec: 33,174 | bf16_mfu: 0.00 | epoch: 1 pq: 0 rg: 13 | total time: 2.52m | eta: 2.8m
step 00288/00600 (48.00%) | loss: 5.429526 | lrm: 0.81 | dt: 498.87ms | tok/sec: 32,841 | bf16_mfu: 0.00 | epoch: 1 pq: 0 rg: 13 | total time: 2.53m | eta: 2.8m
step 00289/00600 (48.17%) | loss: 5.419354 | lrm: 0.81 | dt: 510.68ms | tok/sec: 32,082 | bf16_mfu: 0.00 | epoch: 1 pq: 0 rg: 13 | total time: 2.54m | eta: 2.8m
step 00290/00600 (48.33%) | loss: 5.414529 | lrm: 0.81 | dt: 493.60ms | tok/sec: 33,193 | bf16_mfu: 0.00 | epoch: 1 pq: 0 rg: 13 | total time: 2.55m | eta: 2.8m
step 00291/00600 (48.50%) | loss: 5.407667 | lrm: 0.80 | dt: 511.61ms | tok/sec: 32,024 | bf16_mfu: 0.00 | epoch: 1 pq: 0 rg: 13 | total time: 2.55m | eta: 2.8m
step 00292/00600 (48.67%) | loss: 5.400431 | lrm: 0.80 | dt: 515.00ms | tok/sec: 31,813 | bf16_mfu: 0.00 | epoch: 1 pq: 0 rg: 14 | total time: 2.56m | eta: 2.8m
step 00293/00600 (48.83%) | loss: 5.394641 | lrm: 0.80 | dt: 502.30ms | tok/sec: 32,617 | bf16_mfu: 0.00 | epoch: 1 pq: 0 rg: 14 | total time: 2.57m | eta: 2.8m
step 00294/00600 (49.00%) | loss: 5.399544 | lrm: 0.80 | dt: 499.13ms | tok/sec: 32,824 | bf16_mfu: 0.00 | epoch: 1 pq: 0 rg: 14 | total time: 2.58m | eta: 2.8m
step 00295/00600 (49.17%) | loss: 5.400322 | lrm: 0.79 | dt: 568.18ms | tok/sec: 28,835 | bf16_mfu: 0.00 | epoch: 1 pq: 0 rg: 14 | total time: 2.59m | eta: 2.8m
step 00296/00600 (49.33%) | loss: 5.405937 | lrm: 0.79 | dt: 472.68ms | tok/sec: 34,661 | bf16_mfu: 0.00 | epoch: 1 pq: 0 rg: 14 | total time: 2.60m | eta: 2.8m
step 00297/00600 (49.50%) | loss: 5.401068 | lrm: 0.79 | dt: 488.01ms | tok/sec: 33,573 | bf16_mfu: 0.00 | epoch: 1 pq: 0 rg: 14 | total time: 2.61m | eta: 2.8m
step 00298/00600 (49.67%) | loss: 5.397157 | lrm: 0.79 | dt: 522.38ms | tok/sec: 31,364 | bf16_mfu: 0.00 | epoch: 1 pq: 0 rg: 14 | total time: 2.61m | eta: 2.7m
step 00299/00600 (49.83%) | loss: 5.400225 | lrm: 0.78 | dt: 478.51ms | tok/sec: 34,239 | bf16_mfu: 0.00 | epoch: 1 pq: 0 rg: 14 | total time: 2.62m | eta: 2.7m
Step 00300 | Validation bpb: 1.661941
step 00300/00600 (50.00%) | loss: 5.385737 | lrm: 0.78 | dt: 522.76ms | tok/sec: 31,341 | bf16_mfu: 0.00 | epoch: 1 pq: 0 rg: 14 | total time: 2.63m | eta: 2.7m
step 00301/00600 (50.17%) | loss: 5.386408 | lrm: 0.78 | dt: 491.08ms | tok/sec: 33,363 | bf16_mfu: 0.00 | epoch: 1 pq: 0 rg: 14 | total time: 2.64m | eta: 2.7m
step 00302/00600 (50.33%) | loss: 5.384552 | lrm: 0.78 | dt: 517.67ms | tok/sec: 31,649 | bf16_mfu: 0.00 | epoch: 1 pq: 0 rg: 14 | total time: 2.65m | eta: 2.7m
step 00303/00600 (50.50%) | loss: 5.376808 | lrm: 0.77 | dt: 512.39ms | tok/sec: 31,975 | bf16_mfu: 0.00 | epoch: 1 pq: 0 rg: 14 | total time: 2.66m | eta: 2.7m
step 00304/00600 (50.67%) | loss: 5.356929 | lrm: 0.77 | dt: 494.34ms | tok/sec: 33,142 | bf16_mfu: 0.00 | epoch: 1 pq: 0 rg: 14 | total time: 2.66m | eta: 2.7m
step 00305/00600 (50.83%) | loss: 5.361116 | lrm: 0.77 | dt: 501.33ms | tok/sec: 32,680 | bf16_mfu: 0.00 | epoch: 1 pq: 0 rg: 14 | total time: 2.67m | eta: 2.7m
step 00306/00600 (51.00%) | loss: 5.356944 | lrm: 0.77 | dt: 504.41ms | tok/sec: 32,481 | bf16_mfu: 0.00 | epoch: 1 pq: 0 rg: 14 | total time: 2.68m | eta: 2.7m
step 00307/00600 (51.17%) | loss: 5.361944 | lrm: 0.76 | dt: 492.12ms | tok/sec: 33,292 | bf16_mfu: 0.00 | epoch: 1 pq: 0 rg: 14 | total time: 2.69m | eta: 2.7m
step 00308/00600 (51.33%) | loss: 5.363968 | lrm: 0.76 | dt: 482.01ms | tok/sec: 33,990 | bf16_mfu: 0.00 | epoch: 1 pq: 0 rg: 14 | total time: 2.70m | eta: 2.6m
step 00309/00600 (51.50%) | loss: 5.348346 | lrm: 0.76 | dt: 490.20ms | tok/sec: 33,423 | bf16_mfu: 0.00 | epoch: 1 pq: 0 rg: 14 | total time: 2.71m | eta: 2.6m
step 00310/00600 (51.67%) | loss: 5.349879 | lrm: 0.76 | dt: 481.71ms | tok/sec: 34,012 | bf16_mfu: 0.00 | epoch: 1 pq: 0 rg: 14 | total time: 2.71m | eta: 2.6m
step 00311/00600 (51.83%) | loss: 5.336524 | lrm: 0.75 | dt: 496.39ms | tok/sec: 33,006 | bf16_mfu: 0.00 | epoch: 1 pq: 0 rg: 14 | total time: 2.72m | eta: 2.6m
step 00312/00600 (52.00%) | loss: 5.317241 | lrm: 0.75 | dt: 488.72ms | tok/sec: 33,524 | bf16_mfu: 0.00 | epoch: 1 pq: 0 rg: 14 | total time: 2.73m | eta: 2.6m
step 00313/00600 (52.17%) | loss: 5.321087 | lrm: 0.75 | dt: 502.40ms | tok/sec: 32,611 | bf16_mfu: 0.00 | epoch: 1 pq: 0 rg: 14 | total time: 2.74m | eta: 2.6m
step 00314/00600 (52.33%) | loss: 5.305895 | lrm: 0.75 | dt: 508.17ms | tok/sec: 32,241 | bf16_mfu: 0.00 | epoch: 1 pq: 0 rg: 14 | total time: 2.75m | eta: 2.6m
step 00315/00600 (52.50%) | loss: 5.308484 | lrm: 0.74 | dt: 496.64ms | tok/sec: 32,989 | bf16_mfu: 0.00 | epoch: 1 pq: 0 rg: 15 | total time: 2.76m | eta: 2.6m
step 00316/00600 (52.67%) | loss: 5.305232 | lrm: 0.74 | dt: 482.29ms | tok/sec: 33,971 | bf16_mfu: 0.00 | epoch: 1 pq: 0 rg: 15 | total time: 2.76m | eta: 2.6m
step 00317/00600 (52.83%) | loss: 5.305502 | lrm: 0.74 | dt: 491.94ms | tok/sec: 33,304 | bf16_mfu: 0.00 | epoch: 1 pq: 0 rg: 15 | total time: 2.77m | eta: 2.6m
step 00318/00600 (53.00%) | loss: 5.288804 | lrm: 0.74 | dt: 512.41ms | tok/sec: 31,974 | bf16_mfu: 0.00 | epoch: 1 pq: 0 rg: 15 | total time: 2.78m | eta: 2.5m
step 00319/00600 (53.17%) | loss: 5.300806 | lrm: 0.73 | dt: 479.21ms | tok/sec: 34,189 | bf16_mfu: 0.00 | epoch: 1 pq: 0 rg: 15 | total time: 2.79m | eta: 2.5m
step 00320/00600 (53.33%) | loss: 5.292082 | lrm: 0.73 | dt: 480.41ms | tok/sec: 34,103 | bf16_mfu: 0.00 | epoch: 1 pq: 0 rg: 15 | total time: 2.80m | eta: 2.5m
step 00321/00600 (53.50%) | loss: 5.299048 | lrm: 0.73 | dt: 478.96ms | tok/sec: 34,207 | bf16_mfu: 0.00 | epoch: 1 pq: 0 rg: 15 | total time: 2.80m | eta: 2.5m
step 00322/00600 (53.67%) | loss: 5.311863 | lrm: 0.73 | dt: 471.71ms | tok/sec: 34,733 | bf16_mfu: 0.00 | epoch: 1 pq: 0 rg: 15 | total time: 2.81m | eta: 2.5m
step 00323/00600 (53.83%) | loss: 5.305277 | lrm: 0.72 | dt: 474.66ms | tok/sec: 34,517 | bf16_mfu: 0.00 | epoch: 1 pq: 0 rg: 15 | total time: 2.82m | eta: 2.5m
step 00324/00600 (54.00%) | loss: 5.318794 | lrm: 0.72 | dt: 496.23ms | tok/sec: 33,017 | bf16_mfu: 0.00 | epoch: 1 pq: 0 rg: 15 | total time: 2.83m | eta: 2.5m
step 00325/00600 (54.17%) | loss: 5.309265 | lrm: 0.72 | dt: 501.76ms | tok/sec: 32,652 | bf16_mfu: 0.00 | epoch: 1 pq: 0 rg: 15 | total time: 2.84m | eta: 2.5m
step 00326/00600 (54.33%) | loss: 5.309411 | lrm: 0.72 | dt: 498.01ms | tok/sec: 32,898 | bf16_mfu: 0.00 | epoch: 1 pq: 0 rg: 15 | total time: 2.84m | eta: 2.5m
step 00327/00600 (54.50%) | loss: 5.314171 | lrm: 0.71 | dt: 511.35ms | tok/sec: 32,040 | bf16_mfu: 0.00 | epoch: 1 pq: 0 rg: 15 | total time: 2.85m | eta: 2.5m
step 00328/00600 (54.67%) | loss: 5.331491 | lrm: 0.71 | dt: 496.15ms | tok/sec: 33,022 | bf16_mfu: 0.00 | epoch: 1 pq: 0 rg: 15 | total time: 2.86m | eta: 2.4m
step 00329/00600 (54.83%) | loss: 5.333644 | lrm: 0.71 | dt: 508.67ms | tok/sec: 32,209 | bf16_mfu: 0.00 | epoch: 1 pq: 0 rg: 15 | total time: 2.87m | eta: 2.4m
step 00330/00600 (55.00%) | loss: 5.331946 | lrm: 0.71 | dt: 510.62ms | tok/sec: 32,086 | bf16_mfu: 0.00 | epoch: 1 pq: 0 rg: 15 | total time: 2.88m | eta: 2.4m
step 00331/00600 (55.17%) | loss: 5.325465 | lrm: 0.71 | dt: 485.00ms | tok/sec: 33,781 | bf16_mfu: 0.00 | epoch: 1 pq: 0 rg: 15 | total time: 2.89m | eta: 2.4m
step 00332/00600 (55.33%) | loss: 5.314007 | lrm: 0.70 | dt: 492.37ms | tok/sec: 33,275 | bf16_mfu: 0.00 | epoch: 1 pq: 0 rg: 15 | total time: 2.89m | eta: 2.4m
step 00333/00600 (55.50%) | loss: 5.308830 | lrm: 0.70 | dt: 475.65ms | tok/sec: 34,445 | bf16_mfu: 0.00 | epoch: 1 pq: 0 rg: 15 | total time: 2.90m | eta: 2.4m
step 00334/00600 (55.67%) | loss: 5.303318 | lrm: 0.70 | dt: 490.16ms | tok/sec: 33,425 | bf16_mfu: 0.00 | epoch: 1 pq: 0 rg: 15 | total time: 2.91m | eta: 2.4m
step 00335/00600 (55.83%) | loss: 5.299465 | lrm: 0.70 | dt: 489.56ms | tok/sec: 33,466 | bf16_mfu: 0.00 | epoch: 1 pq: 0 rg: 15 | total time: 2.92m | eta: 2.4m
step 00336/00600 (56.00%) | loss: 5.299916 | lrm: 0.69 | dt: 503.48ms | tok/sec: 32,541 | bf16_mfu: 0.00 | epoch: 1 pq: 0 rg: 15 | total time: 2.93m | eta: 2.4m
step 00337/00600 (56.17%) | loss: 5.293442 | lrm: 0.69 | dt: 499.12ms | tok/sec: 32,825 | bf16_mfu: 0.00 | epoch: 1 pq: 0 rg: 15 | total time: 2.94m | eta: 2.4m
step 00338/00600 (56.33%) | loss: 5.286822 | lrm: 0.69 | dt: 496.64ms | tok/sec: 32,989 | bf16_mfu: 0.00 | epoch: 1 pq: 0 rg: 16 | total time: 2.94m | eta: 2.4m
step 00339/00600 (56.50%) | loss: 5.281397 | lrm: 0.69 | dt: 510.76ms | tok/sec: 32,077 | bf16_mfu: 0.00 | epoch: 1 pq: 0 rg: 16 | total time: 2.95m | eta: 2.3m
step 00340/00600 (56.67%) | loss: 5.277753 | lrm: 0.68 | dt: 511.61ms | tok/sec: 32,024 | bf16_mfu: 0.00 | epoch: 1 pq: 0 rg: 16 | total time: 2.96m | eta: 2.3m
step 00341/00600 (56.83%) | loss: 5.269578 | lrm: 0.68 | dt: 620.93ms | tok/sec: 26,386 | bf16_mfu: 0.00 | epoch: 1 pq: 0 rg: 16 | total time: 2.97m | eta: 2.3m
step 00342/00600 (57.00%) | loss: 5.264683 | lrm: 0.68 | dt: 556.17ms | tok/sec: 29,458 | bf16_mfu: 0.00 | epoch: 1 pq: 0 rg: 16 | total time: 2.98m | eta: 2.3m
step 00343/00600 (57.17%) | loss: 5.263852 | lrm: 0.68 | dt: 529.52ms | tok/sec: 30,941 | bf16_mfu: 0.00 | epoch: 1 pq: 0 rg: 16 | total time: 2.99m | eta: 2.3m
step 00344/00600 (57.33%) | loss: 5.262620 | lrm: 0.67 | dt: 545.55ms | tok/sec: 30,031 | bf16_mfu: 0.00 | epoch: 1 pq: 0 rg: 16 | total time: 3.00m | eta: 2.3m
step 00345/00600 (57.50%) | loss: 5.255794 | lrm: 0.67 | dt: 681.86ms | tok/sec: 24,028 | bf16_mfu: 0.00 | epoch: 1 pq: 0 rg: 16 | total time: 3.01m | eta: 2.3m
step 00346/00600 (57.67%) | loss: 5.275793 | lrm: 0.67 | dt: 616.62ms | tok/sec: 26,570 | bf16_mfu: 0.00 | epoch: 1 pq: 0 rg: 16 | total time: 3.02m | eta: 2.3m
step 00347/00600 (57.83%) | loss: 5.280752 | lrm: 0.67 | dt: 672.98ms | tok/sec: 24,345 | bf16_mfu: 0.00 | epoch: 1 pq: 0 rg: 16 | total time: 3.03m | eta: 2.3m
step 00348/00600 (58.00%) | loss: 5.271670 | lrm: 0.66 | dt: 719.87ms | tok/sec: 22,759 | bf16_mfu: 0.00 | epoch: 1 pq: 0 rg: 16 | total time: 3.04m | eta: 2.3m
step 00349/00600 (58.17%) | loss: 5.273360 | lrm: 0.66 | dt: 720.30ms | tok/sec: 22,746 | bf16_mfu: 0.00 | epoch: 1 pq: 0 rg: 16 | total time: 3.06m | eta: 2.3m
step 00350/00600 (58.33%) | loss: 5.275015 | lrm: 0.66 | dt: 734.89ms | tok/sec: 22,294 | bf16_mfu: 0.00 | epoch: 1 pq: 0 rg: 16 | total time: 3.07m | eta: 2.3m
step 00351/00600 (58.50%) | loss: 5.270416 | lrm: 0.66 | dt: 719.76ms | tok/sec: 22,763 | bf16_mfu: 0.00 | epoch: 1 pq: 0 rg: 16 | total time: 3.08m | eta: 2.2m
step 00352/00600 (58.67%) | loss: 5.262949 | lrm: 0.65 | dt: 781.67ms | tok/sec: 20,960 | bf16_mfu: 0.00 | epoch: 1 pq: 0 rg: 16 | total time: 3.09m | eta: 2.2m
step 00353/00600 (58.83%) | loss: 5.261237 | lrm: 0.65 | dt: 829.22ms | tok/sec: 19,758 | bf16_mfu: 0.00 | epoch: 1 pq: 0 rg: 16 | total time: 3.11m | eta: 2.2m
step 00354/00600 (59.00%) | loss: 5.263465 | lrm: 0.65 | dt: 657.05ms | tok/sec: 24,935 | bf16_mfu: 0.00 | epoch: 1 pq: 0 rg: 16 | total time: 3.12m | eta: 2.2m
step 00355/00600 (59.17%) | loss: 5.265891 | lrm: 0.65 | dt: 694.30ms | tok/sec: 23,598 | bf16_mfu: 0.00 | epoch: 1 pq: 0 rg: 16 | total time: 3.13m | eta: 2.2m
step 00356/00600 (59.33%) | loss: 5.265738 | lrm: 0.64 | dt: 567.16ms | tok/sec: 28,887 | bf16_mfu: 0.00 | epoch: 1 pq: 0 rg: 16 | total time: 3.14m | eta: 2.2m
step 00357/00600 (59.50%) | loss: 5.267121 | lrm: 0.64 | dt: 481.38ms | tok/sec: 34,035 | bf16_mfu: 0.00 | epoch: 1 pq: 0 rg: 16 | total time: 3.15m | eta: 2.2m
step 00358/00600 (59.67%) | loss: 5.255095 | lrm: 0.64 | dt: 490.22ms | tok/sec: 33,421 | bf16_mfu: 0.00 | epoch: 1 pq: 0 rg: 16 | total time: 3.15m | eta: 2.2m
step 00359/00600 (59.83%) | loss: 5.250254 | lrm: 0.64 | dt: 488.03ms | tok/sec: 33,571 | bf16_mfu: 0.00 | epoch: 1 pq: 0 rg: 16 | total time: 3.16m | eta: 2.2m
step 00360/00600 (60.00%) | loss: 5.262298 | lrm: 0.63 | dt: 487.84ms | tok/sec: 33,584 | bf16_mfu: 0.00 | epoch: 1 pq: 0 rg: 16 | total time: 3.17m | eta: 2.2m
step 00361/00600 (60.17%) | loss: 5.263818 | lrm: 0.63 | dt: 485.85ms | tok/sec: 33,722 | bf16_mfu: 0.00 | epoch: 1 pq: 0 rg: 16 | total time: 3.18m | eta: 2.2m
step 00362/00600 (60.33%) | loss: 5.261514 | lrm: 0.63 | dt: 496.62ms | tok/sec: 32,990 | bf16_mfu: 0.00 | epoch: 1 pq: 0 rg: 17 | total time: 3.19m | eta: 2.2m
step 00363/00600 (60.50%) | loss: 5.258378 | lrm: 0.63 | dt: 519.40ms | tok/sec: 31,544 | bf16_mfu: 0.00 | epoch: 1 pq: 0 rg: 17 | total time: 3.20m | eta: 2.1m
step 00364/00600 (60.67%) | loss: 5.245908 | lrm: 0.62 | dt: 491.10ms | tok/sec: 33,361 | bf16_mfu: 0.00 | epoch: 1 pq: 0 rg: 17 | total time: 3.20m | eta: 2.1m
step 00365/00600 (60.83%) | loss: 5.236200 | lrm: 0.62 | dt: 544.80ms | tok/sec: 30,073 | bf16_mfu: 0.00 | epoch: 1 pq: 0 rg: 17 | total time: 3.21m | eta: 2.1m
step 00366/00600 (61.00%) | loss: 5.237157 | lrm: 0.62 | dt: 497.57ms | tok/sec: 32,928 | bf16_mfu: 0.00 | epoch: 1 pq: 0 rg: 17 | total time: 3.22m | eta: 2.1m
step 00367/00600 (61.17%) | loss: 5.229846 | lrm: 0.62 | dt: 483.70ms | tok/sec: 33,872 | bf16_mfu: 0.00 | epoch: 1 pq: 0 rg: 17 | total time: 3.23m | eta: 2.1m
step 00368/00600 (61.33%) | loss: 5.228984 | lrm: 0.62 | dt: 499.11ms | tok/sec: 32,826 | bf16_mfu: 0.00 | epoch: 1 pq: 0 rg: 17 | total time: 3.24m | eta: 2.1m
step 00369/00600 (61.50%) | loss: 5.237107 | lrm: 0.61 | dt: 483.14ms | tok/sec: 33,911 | bf16_mfu: 0.00 | epoch: 1 pq: 0 rg: 17 | total time: 3.25m | eta: 2.1m
step 00370/00600 (61.67%) | loss: 5.225478 | lrm: 0.61 | dt: 577.31ms | tok/sec: 28,380 | bf16_mfu: 0.00 | epoch: 1 pq: 0 rg: 17 | total time: 3.26m | eta: 2.1m
step 00371/00600 (61.83%) | loss: 5.221860 | lrm: 0.61 | dt: 555.68ms | tok/sec: 29,484 | bf16_mfu: 0.00 | epoch: 1 pq: 0 rg: 17 | total time: 3.26m | eta: 2.1m
step 00372/00600 (62.00%) | loss: 5.224447 | lrm: 0.61 | dt: 460.58ms | tok/sec: 35,572 | bf16_mfu: 0.00 | epoch: 1 pq: 0 rg: 17 | total time: 3.27m | eta: 2.1m
step 00373/00600 (62.17%) | loss: 5.211982 | lrm: 0.60 | dt: 498.57ms | tok/sec: 32,861 | bf16_mfu: 0.00 | epoch: 1 pq: 0 rg: 17 | total time: 3.28m | eta: 2.1m
step 00374/00600 (62.33%) | loss: 5.206479 | lrm: 0.60 | dt: 480.28ms | tok/sec: 34,113 | bf16_mfu: 0.00 | epoch: 1 pq: 0 rg: 17 | total time: 3.29m | eta: 2.0m
step 00375/00600 (62.50%) | loss: 5.193904 | lrm: 0.60 | dt: 493.68ms | tok/sec: 33,187 | bf16_mfu: 0.00 | epoch: 1 pq: 0 rg: 17 | total time: 3.30m | eta: 2.0m
step 00376/00600 (62.67%) | loss: 5.201349 | lrm: 0.60 | dt: 486.78ms | tok/sec: 33,658 | bf16_mfu: 0.00 | epoch: 1 pq: 0 rg: 17 | total time: 3.31m | eta: 2.0m
step 00377/00600 (62.83%) | loss: 5.199347 | lrm: 0.59 | dt: 484.54ms | tok/sec: 33,813 | bf16_mfu: 0.00 | epoch: 1 pq: 0 rg: 17 | total time: 3.31m | eta: 2.0m
step 00378/00600 (63.00%) | loss: 5.191028 | lrm: 0.59 | dt: 505.45ms | tok/sec: 32,414 | bf16_mfu: 0.00 | epoch: 1 pq: 0 rg: 17 | total time: 3.32m | eta: 2.0m
step 00379/00600 (63.17%) | loss: 5.175033 | lrm: 0.59 | dt: 513.94ms | tok/sec: 31,879 | bf16_mfu: 0.00 | epoch: 1 pq: 0 rg: 17 | total time: 3.33m | eta: 2.0m
step 00380/00600 (63.33%) | loss: 5.178600 | lrm: 0.59 | dt: 491.51ms | tok/sec: 33,333 | bf16_mfu: 0.00 | epoch: 1 pq: 0 rg: 17 | total time: 3.34m | eta: 2.0m
step 00381/00600 (63.50%) | loss: 5.170725 | lrm: 0.58 | dt: 490.35ms | tok/sec: 33,412 | bf16_mfu: 0.00 | epoch: 1 pq: 0 rg: 17 | total time: 3.35m | eta: 2.0m
step 00382/00600 (63.67%) | loss: 5.168635 | lrm: 0.58 | dt: 493.99ms | tok/sec: 33,166 | bf16_mfu: 0.00 | epoch: 1 pq: 0 rg: 17 | total time: 3.35m | eta: 2.0m
step 00383/00600 (63.83%) | loss: 5.166048 | lrm: 0.58 | dt: 484.50ms | tok/sec: 33,816 | bf16_mfu: 0.00 | epoch: 1 pq: 0 rg: 17 | total time: 3.36m | eta: 2.0m
step 00384/00600 (64.00%) | loss: 5.153737 | lrm: 0.58 | dt: 491.61ms | tok/sec: 33,327 | bf16_mfu: 0.00 | epoch: 1 pq: 0 rg: 17 | total time: 3.37m | eta: 1.9m
step 00385/00600 (64.17%) | loss: 5.158559 | lrm: 0.57 | dt: 504.56ms | tok/sec: 32,471 | bf16_mfu: 0.00 | epoch: 1 pq: 0 rg: 18 | total time: 3.38m | eta: 1.9m
step 00386/00600 (64.33%) | loss: 5.158831 | lrm: 0.57 | dt: 507.54ms | tok/sec: 32,281 | bf16_mfu: 0.00 | epoch: 1 pq: 0 rg: 18 | total time: 3.39m | eta: 1.9m
step 00387/00600 (64.50%) | loss: 5.159325 | lrm: 0.57 | dt: 492.62ms | tok/sec: 33,258 | bf16_mfu: 0.00 | epoch: 1 pq: 0 rg: 18 | total time: 3.40m | eta: 1.9m
step 00388/00600 (64.67%) | loss: 5.161175 | lrm: 0.57 | dt: 575.14ms | tok/sec: 28,486 | bf16_mfu: 0.00 | epoch: 1 pq: 0 rg: 18 | total time: 3.41m | eta: 1.9m
step 00389/00600 (64.83%) | loss: 5.149093 | lrm: 0.56 | dt: 479.11ms | tok/sec: 34,196 | bf16_mfu: 0.00 | epoch: 1 pq: 0 rg: 18 | total time: 3.41m | eta: 1.9m
step 00390/00600 (65.00%) | loss: 5.152783 | lrm: 0.56 | dt: 535.79ms | tok/sec: 30,578 | bf16_mfu: 0.00 | epoch: 1 pq: 0 rg: 18 | total time: 3.42m | eta: 1.9m
step 00391/00600 (65.17%) | loss: 5.144816 | lrm: 0.56 | dt: 491.54ms | tok/sec: 33,331 | bf16_mfu: 0.00 | epoch: 1 pq: 0 rg: 18 | total time: 3.43m | eta: 1.9m
step 00392/00600 (65.33%) | loss: 5.151044 | lrm: 0.56 | dt: 478.21ms | tok/sec: 34,261 | bf16_mfu: 0.00 | epoch: 1 pq: 0 rg: 18 | total time: 3.44m | eta: 1.9m
step 00393/00600 (65.50%) | loss: 5.161145 | lrm: 0.55 | dt: 483.14ms | tok/sec: 33,911 | bf16_mfu: 0.00 | epoch: 1 pq: 0 rg: 18 | total time: 3.45m | eta: 1.9m
step 00394/00600 (65.67%) | loss: 5.144917 | lrm: 0.55 | dt: 584.12ms | tok/sec: 28,048 | bf16_mfu: 0.00 | epoch: 1 pq: 0 rg: 18 | total time: 3.46m | eta: 1.9m
step 00395/00600 (65.83%) | loss: 5.141561 | lrm: 0.55 | dt: 573.89ms | tok/sec: 28,548 | bf16_mfu: 0.00 | epoch: 1 pq: 0 rg: 18 | total time: 3.47m | eta: 1.8m
step 00396/00600 (66.00%) | loss: 5.142286 | lrm: 0.55 | dt: 475.28ms | tok/sec: 34,472 | bf16_mfu: 0.00 | epoch: 1 pq: 0 rg: 18 | total time: 3.47m | eta: 1.8m
step 00397/00600 (66.17%) | loss: 5.137554 | lrm: 0.54 | dt: 491.61ms | tok/sec: 33,327 | bf16_mfu: 0.00 | epoch: 1 pq: 0 rg: 18 | total time: 3.48m | eta: 1.8m
step 00398/00600 (66.33%) | loss: 5.134300 | lrm: 0.54 | dt: 483.62ms | tok/sec: 33,877 | bf16_mfu: 0.00 | epoch: 1 pq: 0 rg: 18 | total time: 3.49m | eta: 1.8m
step 00399/00600 (66.50%) | loss: 5.131787 | lrm: 0.54 | dt: 483.86ms | tok/sec: 33,861 | bf16_mfu: 0.00 | epoch: 1 pq: 0 rg: 18 | total time: 3.50m | eta: 1.8m
Step 00400 | Validation bpb: 1.593649
step 00400/00600 (66.67%) | loss: 5.146563 | lrm: 0.54 | dt: 536.02ms | tok/sec: 30,566 | bf16_mfu: 0.00 | epoch: 1 pq: 0 rg: 18 | total time: 3.51m | eta: 1.8m
step 00401/00600 (66.83%) | loss: 5.144722 | lrm: 0.53 | dt: 458.36ms | tok/sec: 35,745 | bf16_mfu: 0.00 | epoch: 1 pq: 0 rg: 18 | total time: 3.52m | eta: 1.8m
step 00402/00600 (67.00%) | loss: 5.125302 | lrm: 0.53 | dt: 495.93ms | tok/sec: 33,037 | bf16_mfu: 0.00 | epoch: 1 pq: 0 rg: 18 | total time: 3.52m | eta: 1.8m
step 00403/00600 (67.17%) | loss: 5.122687 | lrm: 0.53 | dt: 475.80ms | tok/sec: 34,434 | bf16_mfu: 0.00 | epoch: 1 pq: 0 rg: 18 | total time: 3.53m | eta: 1.8m
step 00404/00600 (67.33%) | loss: 5.133274 | lrm: 0.53 | dt: 489.07ms | tok/sec: 33,500 | bf16_mfu: 0.00 | epoch: 1 pq: 0 rg: 18 | total time: 3.54m | eta: 1.8m
step 00405/00600 (67.50%) | loss: 5.123134 | lrm: 0.53 | dt: 503.32ms | tok/sec: 32,551 | bf16_mfu: 0.00 | epoch: 1 pq: 0 rg: 18 | total time: 3.55m | eta: 1.8m
step 00406/00600 (67.67%) | loss: 5.130573 | lrm: 0.52 | dt: 528.47ms | tok/sec: 31,002 | bf16_mfu: 0.00 | epoch: 1 pq: 0 rg: 18 | total time: 3.56m | eta: 1.7m
step 00407/00600 (67.83%) | loss: 5.119623 | lrm: 0.52 | dt: 563.00ms | tok/sec: 29,101 | bf16_mfu: 0.00 | epoch: 1 pq: 0 rg: 18 | total time: 3.57m | eta: 1.7m
step 00408/00600 (68.00%) | loss: 5.105295 | lrm: 0.52 | dt: 470.13ms | tok/sec: 34,849 | bf16_mfu: 0.00 | epoch: 1 pq: 0 rg: 19 | total time: 3.57m | eta: 1.7m
step 00409/00600 (68.17%) | loss: 5.094529 | lrm: 0.52 | dt: 482.64ms | tok/sec: 33,946 | bf16_mfu: 0.00 | epoch: 1 pq: 0 rg: 19 | total time: 3.58m | eta: 1.7m
step 00410/00600 (68.33%) | loss: 5.104463 | lrm: 0.51 | dt: 487.57ms | tok/sec: 33,603 | bf16_mfu: 0.00 | epoch: 1 pq: 0 rg: 19 | total time: 3.59m | eta: 1.7m
step 00411/00600 (68.50%) | loss: 5.097979 | lrm: 0.51 | dt: 482.89ms | tok/sec: 33,929 | bf16_mfu: 0.00 | epoch: 1 pq: 0 rg: 19 | total time: 3.60m | eta: 1.7m
step 00412/00600 (68.67%) | loss: 5.113426 | lrm: 0.51 | dt: 489.49ms | tok/sec: 33,471 | bf16_mfu: 0.00 | epoch: 1 pq: 0 rg: 19 | total time: 3.61m | eta: 1.7m
step 00413/00600 (68.83%) | loss: 5.116373 | lrm: 0.51 | dt: 487.34ms | tok/sec: 33,619 | bf16_mfu: 0.00 | epoch: 1 pq: 0 rg: 19 | total time: 3.61m | eta: 1.7m
step 00414/00600 (69.00%) | loss: 5.113685 | lrm: 0.50 | dt: 481.48ms | tok/sec: 34,028 | bf16_mfu: 0.00 | epoch: 1 pq: 0 rg: 19 | total time: 3.62m | eta: 1.7m
step 00415/00600 (69.17%) | loss: 5.105457 | lrm: 0.50 | dt: 482.37ms | tok/sec: 33,965 | bf16_mfu: 0.00 | epoch: 1 pq: 0 rg: 19 | total time: 3.63m | eta: 1.7m
step 00416/00600 (69.33%) | loss: 5.110669 | lrm: 0.50 | dt: 481.20ms | tok/sec: 34,048 | bf16_mfu: 0.00 | epoch: 1 pq: 0 rg: 19 | total time: 3.64m | eta: 1.6m
step 00417/00600 (69.50%) | loss: 5.105054 | lrm: 0.50 | dt: 485.87ms | tok/sec: 33,721 | bf16_mfu: 0.00 | epoch: 1 pq: 0 rg: 19 | total time: 3.65m | eta: 1.6m
step 00418/00600 (69.67%) | loss: 5.106817 | lrm: 0.49 | dt: 481.32ms | tok/sec: 34,039 | bf16_mfu: 0.00 | epoch: 1 pq: 0 rg: 19 | total time: 3.65m | eta: 1.6m
step 00419/00600 (69.83%) | loss: 5.107745 | lrm: 0.49 | dt: 478.38ms | tok/sec: 34,248 | bf16_mfu: 0.00 | epoch: 1 pq: 0 rg: 19 | total time: 3.66m | eta: 1.6m
step 00420/00600 (70.00%) | loss: 5.113153 | lrm: 0.49 | dt: 486.53ms | tok/sec: 33,675 | bf16_mfu: 0.00 | epoch: 1 pq: 0 rg: 19 | total time: 3.67m | eta: 1.6m
step 00421/00600 (70.17%) | loss: 5.119762 | lrm: 0.49 | dt: 477.67ms | tok/sec: 34,300 | bf16_mfu: 0.00 | epoch: 1 pq: 0 rg: 19 | total time: 3.68m | eta: 1.6m
step 00422/00600 (70.33%) | loss: 5.120111 | lrm: 0.48 | dt: 487.95ms | tok/sec: 33,577 | bf16_mfu: 0.00 | epoch: 1 pq: 0 rg: 19 | total time: 3.69m | eta: 1.6m
step 00423/00600 (70.50%) | loss: 5.116209 | lrm: 0.48 | dt: 472.51ms | tok/sec: 34,674 | bf16_mfu: 0.00 | epoch: 1 pq: 0 rg: 19 | total time: 3.69m | eta: 1.6m
step 00424/00600 (70.67%) | loss: 5.117218 | lrm: 0.48 | dt: 482.02ms | tok/sec: 33,990 | bf16_mfu: 0.00 | epoch: 1 pq: 0 rg: 19 | total time: 3.70m | eta: 1.6m
step 00425/00600 (70.83%) | loss: 5.115407 | lrm: 0.48 | dt: 480.31ms | tok/sec: 34,111 | bf16_mfu: 0.00 | epoch: 1 pq: 0 rg: 19 | total time: 3.71m | eta: 1.6m
step 00426/00600 (71.00%) | loss: 5.117700 | lrm: 0.47 | dt: 481.07ms | tok/sec: 34,057 | bf16_mfu: 0.00 | epoch: 1 pq: 0 rg: 19 | total time: 3.72m | eta: 1.6m
step 00427/00600 (71.17%) | loss: 5.117298 | lrm: 0.47 | dt: 479.93ms | tok/sec: 34,138 | bf16_mfu: 0.00 | epoch: 1 pq: 0 rg: 19 | total time: 3.73m | eta: 1.5m
step 00428/00600 (71.33%) | loss: 5.102675 | lrm: 0.47 | dt: 484.55ms | tok/sec: 33,813 | bf16_mfu: 0.00 | epoch: 1 pq: 0 rg: 19 | total time: 3.73m | eta: 1.5m
step 00429/00600 (71.50%) | loss: 5.110872 | lrm: 0.47 | dt: 476.07ms | tok/sec: 34,414 | bf16_mfu: 0.00 | epoch: 1 pq: 0 rg: 19 | total time: 3.74m | eta: 1.5m
step 00430/00600 (71.67%) | loss: 5.106313 | lrm: 0.46 | dt: 485.69ms | tok/sec: 33,733 | bf16_mfu: 0.00 | epoch: 1 pq: 0 rg: 19 | total time: 3.75m | eta: 1.5m
step 00431/00600 (71.83%) | loss: 5.087664 | lrm: 0.46 | dt: 484.12ms | tok/sec: 33,842 | bf16_mfu: 0.00 | epoch: 1 pq: 0 rg: 20 | total time: 3.76m | eta: 1.5m
step 00432/00600 (72.00%) | loss: 5.096216 | lrm: 0.46 | dt: 478.75ms | tok/sec: 34,222 | bf16_mfu: 0.00 | epoch: 1 pq: 0 rg: 20 | total time: 3.77m | eta: 1.5m
step 00433/00600 (72.17%) | loss: 5.101294 | lrm: 0.46 | dt: 480.15ms | tok/sec: 34,122 | bf16_mfu: 0.00 | epoch: 1 pq: 0 rg: 20 | total time: 3.77m | eta: 1.5m
step 00434/00600 (72.33%) | loss: 5.107048 | lrm: 0.45 | dt: 484.32ms | tok/sec: 33,828 | bf16_mfu: 0.00 | epoch: 1 pq: 0 rg: 20 | total time: 3.78m | eta: 1.5m
step 00435/00600 (72.50%) | loss: 5.108914 | lrm: 0.45 | dt: 480.87ms | tok/sec: 34,071 | bf16_mfu: 0.00 | epoch: 1 pq: 0 rg: 20 | total time: 3.79m | eta: 1.5m
step 00436/00600 (72.67%) | loss: 5.109348 | lrm: 0.45 | dt: 479.39ms | tok/sec: 34,176 | bf16_mfu: 0.00 | epoch: 1 pq: 0 rg: 20 | total time: 3.80m | eta: 1.5m
step 00437/00600 (72.83%) | loss: 5.103071 | lrm: 0.45 | dt: 484.25ms | tok/sec: 33,833 | bf16_mfu: 0.00 | epoch: 1 pq: 0 rg: 20 | total time: 3.81m | eta: 1.5m
step 00438/00600 (73.00%) | loss: 5.101713 | lrm: 0.44 | dt: 474.86ms | tok/sec: 34,503 | bf16_mfu: 0.00 | epoch: 1 pq: 0 rg: 20 | total time: 3.81m | eta: 1.4m
step 00439/00600 (73.17%) | loss: 5.089209 | lrm: 0.44 | dt: 480.27ms | tok/sec: 34,114 | bf16_mfu: 0.00 | epoch: 1 pq: 0 rg: 20 | total time: 3.82m | eta: 1.4m
step 00440/00600 (73.33%) | loss: 5.072445 | lrm: 0.44 | dt: 490.50ms | tok/sec: 33,402 | bf16_mfu: 0.00 | epoch: 1 pq: 0 rg: 20 | total time: 3.83m | eta: 1.4m
step 00441/00600 (73.50%) | loss: 5.073129 | lrm: 0.44 | dt: 477.00ms | tok/sec: 34,347 | bf16_mfu: 0.00 | epoch: 1 pq: 0 rg: 20 | total time: 3.84m | eta: 1.4m
step 00442/00600 (73.67%) | loss: 5.068926 | lrm: 0.43 | dt: 480.13ms | tok/sec: 34,124 | bf16_mfu: 0.00 | epoch: 1 pq: 0 rg: 20 | total time: 3.85m | eta: 1.4m
step 00443/00600 (73.83%) | loss: 5.078077 | lrm: 0.43 | dt: 483.77ms | tok/sec: 33,867 | bf16_mfu: 0.00 | epoch: 1 pq: 0 rg: 20 | total time: 3.86m | eta: 1.4m
step 00444/00600 (74.00%) | loss: 5.085029 | lrm: 0.43 | dt: 477.66ms | tok/sec: 34,300 | bf16_mfu: 0.00 | epoch: 1 pq: 0 rg: 20 | total time: 3.86m | eta: 1.4m
step 00445/00600 (74.17%) | loss: 5.084395 | lrm: 0.43 | dt: 478.90ms | tok/sec: 34,211 | bf16_mfu: 0.00 | epoch: 1 pq: 0 rg: 20 | total time: 3.87m | eta: 1.4m
step 00446/00600 (74.33%) | loss: 5.077508 | lrm: 0.43 | dt: 484.96ms | tok/sec: 33,784 | bf16_mfu: 0.00 | epoch: 1 pq: 0 rg: 20 | total time: 3.88m | eta: 1.4m
step 00447/00600 (74.50%) | loss: 5.080692 | lrm: 0.42 | dt: 476.75ms | tok/sec: 34,366 | bf16_mfu: 0.00 | epoch: 1 pq: 0 rg: 20 | total time: 3.89m | eta: 1.4m
step 00448/00600 (74.67%) | loss: 5.063713 | lrm: 0.42 | dt: 484.26ms | tok/sec: 33,832 | bf16_mfu: 0.00 | epoch: 1 pq: 0 rg: 20 | total time: 3.90m | eta: 1.4m
step 00449/00600 (74.83%) | loss: 5.071138 | lrm: 0.42 | dt: 485.92ms | tok/sec: 33,717 | bf16_mfu: 0.00 | epoch: 1 pq: 0 rg: 20 | total time: 3.90m | eta: 1.3m
step 00450/00600 (75.00%) | loss: 5.077990 | lrm: 0.42 | dt: 479.37ms | tok/sec: 34,178 | bf16_mfu: 0.00 | epoch: 1 pq: 0 rg: 20 | total time: 3.91m | eta: 1.3m
step 00451/00600 (75.17%) | loss: 5.058164 | lrm: 0.41 | dt: 479.28ms | tok/sec: 34,184 | bf16_mfu: 0.00 | epoch: 1 pq: 0 rg: 20 | total time: 3.92m | eta: 1.3m
step 00452/00600 (75.33%) | loss: 5.063419 | lrm: 0.41 | dt: 488.52ms | tok/sec: 33,537 | bf16_mfu: 0.00 | epoch: 1 pq: 0 rg: 20 | total time: 3.93m | eta: 1.3m
step 00453/00600 (75.50%) | loss: 5.081193 | lrm: 0.41 | dt: 482.02ms | tok/sec: 33,990 | bf16_mfu: 0.00 | epoch: 1 pq: 0 rg: 20 | total time: 3.94m | eta: 1.3m
step 00454/00600 (75.67%) | loss: 5.085038 | lrm: 0.41 | dt: 481.04ms | tok/sec: 34,059 | bf16_mfu: 0.00 | epoch: 1 pq: 0 rg: 20 | total time: 3.94m | eta: 1.3m
step 00455/00600 (75.83%) | loss: 5.075848 | lrm: 0.40 | dt: 488.71ms | tok/sec: 33,524 | bf16_mfu: 0.00 | epoch: 1 pq: 0 rg: 21 | total time: 3.95m | eta: 1.3m
step 00456/00600 (76.00%) | loss: 5.082228 | lrm: 0.40 | dt: 478.32ms | tok/sec: 34,252 | bf16_mfu: 0.00 | epoch: 1 pq: 0 rg: 21 | total time: 3.96m | eta: 1.3m
step 00457/00600 (76.17%) | loss: 5.069784 | lrm: 0.40 | dt: 483.68ms | tok/sec: 33,873 | bf16_mfu: 0.00 | epoch: 1 pq: 0 rg: 21 | total time: 3.97m | eta: 1.3m
step 00458/00600 (76.33%) | loss: 5.067573 | lrm: 0.40 | dt: 483.38ms | tok/sec: 33,894 | bf16_mfu: 0.00 | epoch: 1 pq: 0 rg: 21 | total time: 3.98m | eta: 1.3m
step 00459/00600 (76.50%) | loss: 5.063456 | lrm: 0.39 | dt: 480.80ms | tok/sec: 34,076 | bf16_mfu: 0.00 | epoch: 1 pq: 0 rg: 21 | total time: 3.98m | eta: 1.3m
step 00460/00600 (76.67%) | loss: 5.050325 | lrm: 0.39 | dt: 477.64ms | tok/sec: 34,301 | bf16_mfu: 0.00 | epoch: 1 pq: 0 rg: 21 | total time: 3.99m | eta: 1.2m
step 00461/00600 (76.83%) | loss: 5.047576 | lrm: 0.39 | dt: 486.28ms | tok/sec: 33,692 | bf16_mfu: 0.00 | epoch: 1 pq: 0 rg: 21 | total time: 4.00m | eta: 1.2m
step 00462/00600 (77.00%) | loss: 5.037815 | lrm: 0.39 | dt: 484.02ms | tok/sec: 33,850 | bf16_mfu: 0.00 | epoch: 1 pq: 0 rg: 21 | total time: 4.01m | eta: 1.2m
step 00463/00600 (77.17%) | loss: 5.042794 | lrm: 0.38 | dt: 475.38ms | tok/sec: 34,465 | bf16_mfu: 0.00 | epoch: 1 pq: 0 rg: 21 | total time: 4.02m | eta: 1.2m
step 00464/00600 (77.33%) | loss: 5.044055 | lrm: 0.38 | dt: 485.15ms | tok/sec: 33,771 | bf16_mfu: 0.00 | epoch: 1 pq: 0 rg: 21 | total time: 4.02m | eta: 1.2m
step 00465/00600 (77.50%) | loss: 5.041847 | lrm: 0.38 | dt: 481.72ms | tok/sec: 34,011 | bf16_mfu: 0.00 | epoch: 1 pq: 0 rg: 21 | total time: 4.03m | eta: 1.2m
step 00466/00600 (77.67%) | loss: 5.021003 | lrm: 0.38 | dt: 477.18ms | tok/sec: 34,335 | bf16_mfu: 0.00 | epoch: 1 pq: 0 rg: 21 | total time: 4.04m | eta: 1.2m
step 00467/00600 (77.83%) | loss: 5.018119 | lrm: 0.37 | dt: 483.89ms | tok/sec: 33,858 | bf16_mfu: 0.00 | epoch: 1 pq: 0 rg: 21 | total time: 4.05m | eta: 1.2m
step 00468/00600 (78.00%) | loss: 5.026682 | lrm: 0.37 | dt: 477.68ms | tok/sec: 34,298 | bf16_mfu: 0.00 | epoch: 1 pq: 0 rg: 21 | total time: 4.06m | eta: 1.2m
step 00469/00600 (78.17%) | loss: 5.043891 | lrm: 0.37 | dt: 489.12ms | tok/sec: 33,496 | bf16_mfu: 0.00 | epoch: 1 pq: 0 rg: 21 | total time: 4.06m | eta: 1.2m
step 00470/00600 (78.33%) | loss: 5.045532 | lrm: 0.37 | dt: 486.64ms | tok/sec: 33,667 | bf16_mfu: 0.00 | epoch: 1 pq: 0 rg: 21 | total time: 4.07m | eta: 1.2m
step 00471/00600 (78.50%) | loss: 5.042724 | lrm: 0.36 | dt: 483.80ms | tok/sec: 33,865 | bf16_mfu: 0.00 | epoch: 1 pq: 0 rg: 21 | total time: 4.08m | eta: 1.1m
step 00472/00600 (78.67%) | loss: 5.022040 | lrm: 0.36 | dt: 482.63ms | tok/sec: 33,947 | bf16_mfu: 0.00 | epoch: 1 pq: 0 rg: 21 | total time: 4.09m | eta: 1.1m
step 00473/00600 (78.83%) | loss: 5.028738 | lrm: 0.36 | dt: 486.82ms | tok/sec: 33,655 | bf16_mfu: 0.00 | epoch: 1 pq: 0 rg: 21 | total time: 4.10m | eta: 1.1m
step 00474/00600 (79.00%) | loss: 5.031918 | lrm: 0.36 | dt: 478.49ms | tok/sec: 34,240 | bf16_mfu: 0.00 | epoch: 1 pq: 0 rg: 21 | total time: 4.10m | eta: 1.1m
step 00475/00600 (79.17%) | loss: 5.037513 | lrm: 0.35 | dt: 517.08ms | tok/sec: 31,685 | bf16_mfu: 0.00 | epoch: 1 pq: 0 rg: 21 | total time: 4.11m | eta: 1.1m
step 00476/00600 (79.33%) | loss: 5.035801 | lrm: 0.35 | dt: 457.53ms | tok/sec: 35,809 | bf16_mfu: 0.00 | epoch: 1 pq: 0 rg: 21 | total time: 4.12m | eta: 1.1m
step 00477/00600 (79.50%) | loss: 5.056408 | lrm: 0.35 | dt: 502.14ms | tok/sec: 32,628 | bf16_mfu: 0.00 | epoch: 1 pq: 0 rg: 21 | total time: 4.13m | eta: 1.1m
step 00478/00600 (79.67%) | loss: 5.049326 | lrm: 0.35 | dt: 477.56ms | tok/sec: 34,307 | bf16_mfu: 0.00 | epoch: 1 pq: 0 rg: 22 | total time: 4.14m | eta: 1.1m
step 00479/00600 (79.83%) | loss: 5.038026 | lrm: 0.34 | dt: 479.89ms | tok/sec: 34,141 | bf16_mfu: 0.00 | epoch: 1 pq: 0 rg: 22 | total time: 4.14m | eta: 1.1m
step 00480/00600 (80.00%) | loss: 5.034430 | lrm: 0.34 | dt: 477.36ms | tok/sec: 34,322 | bf16_mfu: 0.00 | epoch: 1 pq: 0 rg: 22 | total time: 4.15m | eta: 1.1m
step 00481/00600 (80.17%) | loss: 5.036813 | lrm: 0.34 | dt: 488.14ms | tok/sec: 33,563 | bf16_mfu: 0.00 | epoch: 1 pq: 0 rg: 22 | total time: 4.16m | eta: 1.1m
step 00482/00600 (80.33%) | loss: 5.041497 | lrm: 0.34 | dt: 478.13ms | tok/sec: 34,266 | bf16_mfu: 0.00 | epoch: 1 pq: 0 rg: 22 | total time: 4.17m | eta: 1.0m
step 00483/00600 (80.50%) | loss: 5.042584 | lrm: 0.33 | dt: 484.65ms | tok/sec: 33,805 | bf16_mfu: 0.00 | epoch: 1 pq: 0 rg: 22 | total time: 4.18m | eta: 1.0m
step 00484/00600 (80.67%) | loss: 5.041753 | lrm: 0.33 | dt: 483.92ms | tok/sec: 33,856 | bf16_mfu: 0.00 | epoch: 1 pq: 0 rg: 22 | total time: 4.18m | eta: 1.0m
step 00485/00600 (80.83%) | loss: 5.024435 | lrm: 0.33 | dt: 475.76ms | tok/sec: 34,437 | bf16_mfu: 0.00 | epoch: 1 pq: 0 rg: 22 | total time: 4.19m | eta: 1.0m
step 00486/00600 (81.00%) | loss: 5.017530 | lrm: 0.33 | dt: 481.47ms | tok/sec: 34,029 | bf16_mfu: 0.00 | epoch: 1 pq: 0 rg: 22 | total time: 4.20m | eta: 1.0m
step 00487/00600 (81.17%) | loss: 5.007552 | lrm: 0.33 | dt: 481.81ms | tok/sec: 34,004 | bf16_mfu: 0.00 | epoch: 1 pq: 0 rg: 22 | total time: 4.21m | eta: 1.0m
step 00488/00600 (81.33%) | loss: 5.003784 | lrm: 0.32 | dt: 481.95ms | tok/sec: 33,995 | bf16_mfu: 0.00 | epoch: 1 pq: 0 rg: 22 | total time: 4.22m | eta: 1.0m
step 00489/00600 (81.50%) | loss: 5.005596 | lrm: 0.32 | dt: 472.97ms | tok/sec: 34,641 | bf16_mfu: 0.00 | epoch: 1 pq: 0 rg: 22 | total time: 4.22m | eta: 1.0m
step 00490/00600 (81.67%) | loss: 4.995828 | lrm: 0.32 | dt: 486.04ms | tok/sec: 33,709 | bf16_mfu: 0.00 | epoch: 1 pq: 0 rg: 22 | total time: 4.23m | eta: 1.0m
step 00491/00600 (81.83%) | loss: 4.994319 | lrm: 0.32 | dt: 478.31ms | tok/sec: 34,253 | bf16_mfu: 0.00 | epoch: 1 pq: 0 rg: 22 | total time: 4.24m | eta: 1.0m
step 00492/00600 (82.00%) | loss: 4.983279 | lrm: 0.31 | dt: 492.06ms | tok/sec: 33,296 | bf16_mfu: 0.00 | epoch: 1 pq: 0 rg: 22 | total time: 4.25m | eta: 1.0m
step 00493/00600 (82.17%) | loss: 4.971907 | lrm: 0.31 | dt: 547.54ms | tok/sec: 29,922 | bf16_mfu: 0.00 | epoch: 1 pq: 0 rg: 22 | total time: 4.26m | eta: 0.9m
step 00494/00600 (82.33%) | loss: 4.972594 | lrm: 0.31 | dt: 469.39ms | tok/sec: 34,904 | bf16_mfu: 0.00 | epoch: 1 pq: 0 rg: 22 | total time: 4.27m | eta: 0.9m
step 00495/00600 (82.50%) | loss: 4.971805 | lrm: 0.31 | dt: 494.73ms | tok/sec: 33,117 | bf16_mfu: 0.00 | epoch: 1 pq: 0 rg: 22 | total time: 4.27m | eta: 0.9m
step 00496/00600 (82.67%) | loss: 4.983718 | lrm: 0.30 | dt: 476.18ms | tok/sec: 34,407 | bf16_mfu: 0.00 | epoch: 1 pq: 0 rg: 22 | total time: 4.28m | eta: 0.9m
step 00497/00600 (82.83%) | loss: 4.983808 | lrm: 0.30 | dt: 486.22ms | tok/sec: 33,696 | bf16_mfu: 0.00 | epoch: 1 pq: 0 rg: 22 | total time: 4.29m | eta: 0.9m
step 00498/00600 (83.00%) | loss: 4.977086 | lrm: 0.30 | dt: 561.99ms | tok/sec: 29,153 | bf16_mfu: 0.00 | epoch: 1 pq: 0 rg: 22 | total time: 4.30m | eta: 0.9m
step 00499/00600 (83.17%) | loss: 4.984209 | lrm: 0.30 | dt: 494.04ms | tok/sec: 33,163 | bf16_mfu: 0.00 | epoch: 1 pq: 0 rg: 22 | total time: 4.31m | eta: 0.9m
Step 00500 | Validation bpb: 1.546689
step 00500/00600 (83.33%) | loss: 4.976506 | lrm: 0.29 | dt: 518.46ms | tok/sec: 31,601 | bf16_mfu: 0.00 | epoch: 1 pq: 0 rg: 22 | total time: 4.32m | eta: 0.9m
step 00501/00600 (83.50%) | loss: 4.970833 | lrm: 0.29 | dt: 504.62ms | tok/sec: 32,467 | bf16_mfu: 0.00 | epoch: 1 pq: 0 rg: 23 | total time: 4.33m | eta: 0.9m
step 00502/00600 (83.67%) | loss: 4.974436 | lrm: 0.29 | dt: 512.93ms | tok/sec: 31,941 | bf16_mfu: 0.00 | epoch: 1 pq: 0 rg: 23 | total time: 4.33m | eta: 0.9m
step 00503/00600 (83.83%) | loss: 4.988508 | lrm: 0.29 | dt: 513.76ms | tok/sec: 31,890 | bf16_mfu: 0.00 | epoch: 1 pq: 0 rg: 23 | total time: 4.34m | eta: 0.9m
step 00504/00600 (84.00%) | loss: 4.980350 | lrm: 0.28 | dt: 488.93ms | tok/sec: 33,509 | bf16_mfu: 0.00 | epoch: 1 pq: 0 rg: 23 | total time: 4.35m | eta: 0.8m
step 00505/00600 (84.17%) | loss: 4.960297 | lrm: 0.28 | dt: 487.20ms | tok/sec: 33,629 | bf16_mfu: 0.00 | epoch: 1 pq: 0 rg: 23 | total time: 4.36m | eta: 0.8m
step 00506/00600 (84.33%) | loss: 4.966276 | lrm: 0.28 | dt: 499.35ms | tok/sec: 32,810 | bf16_mfu: 0.00 | epoch: 1 pq: 0 rg: 23 | total time: 4.37m | eta: 0.8m
step 00507/00600 (84.50%) | loss: 4.948803 | lrm: 0.28 | dt: 505.95ms | tok/sec: 32,382 | bf16_mfu: 0.00 | epoch: 1 pq: 0 rg: 23 | total time: 4.38m | eta: 0.8m
step 00508/00600 (84.67%) | loss: 4.956973 | lrm: 0.27 | dt: 502.36ms | tok/sec: 32,614 | bf16_mfu: 0.00 | epoch: 1 pq: 0 rg: 23 | total time: 4.38m | eta: 0.8m
step 00509/00600 (84.83%) | loss: 4.964650 | lrm: 0.27 | dt: 513.33ms | tok/sec: 31,916 | bf16_mfu: 0.00 | epoch: 1 pq: 0 rg: 23 | total time: 4.39m | eta: 0.8m
step 00510/00600 (85.00%) | loss: 4.954229 | lrm: 0.27 | dt: 499.46ms | tok/sec: 32,803 | bf16_mfu: 0.00 | epoch: 1 pq: 0 rg: 23 | total time: 4.40m | eta: 0.8m
step 00511/00600 (85.17%) | loss: 4.950017 | lrm: 0.27 | dt: 480.64ms | tok/sec: 34,087 | bf16_mfu: 0.00 | epoch: 1 pq: 0 rg: 23 | total time: 4.41m | eta: 0.8m
step 00512/00600 (85.33%) | loss: 4.938589 | lrm: 0.26 | dt: 504.24ms | tok/sec: 32,492 | bf16_mfu: 0.00 | epoch: 1 pq: 0 rg: 23 | total time: 4.42m | eta: 0.8m
step 00513/00600 (85.50%) | loss: 4.933986 | lrm: 0.26 | dt: 484.70ms | tok/sec: 33,802 | bf16_mfu: 0.00 | epoch: 1 pq: 0 rg: 23 | total time: 4.42m | eta: 0.8m
step 00514/00600 (85.67%) | loss: 4.932647 | lrm: 0.26 | dt: 492.61ms | tok/sec: 33,259 | bf16_mfu: 0.00 | epoch: 1 pq: 0 rg: 23 | total time: 4.43m | eta: 0.8m
step 00515/00600 (85.83%) | loss: 4.929044 | lrm: 0.26 | dt: 544.78ms | tok/sec: 30,074 | bf16_mfu: 0.00 | epoch: 1 pq: 0 rg: 23 | total time: 4.44m | eta: 0.7m
step 00516/00600 (86.00%) | loss: 4.910722 | lrm: 0.25 | dt: 553.01ms | tok/sec: 29,627 | bf16_mfu: 0.00 | epoch: 1 pq: 0 rg: 23 | total time: 4.45m | eta: 0.7m
step 00517/00600 (86.17%) | loss: 4.914425 | lrm: 0.25 | dt: 484.92ms | tok/sec: 33,787 | bf16_mfu: 0.00 | epoch: 1 pq: 0 rg: 23 | total time: 4.46m | eta: 0.7m
step 00518/00600 (86.33%) | loss: 4.924082 | lrm: 0.25 | dt: 536.71ms | tok/sec: 30,526 | bf16_mfu: 0.00 | epoch: 1 pq: 0 rg: 23 | total time: 4.47m | eta: 0.7m
step 00519/00600 (86.50%) | loss: 4.919235 | lrm: 0.25 | dt: 485.12ms | tok/sec: 33,773 | bf16_mfu: 0.00 | epoch: 1 pq: 0 rg: 23 | total time: 4.48m | eta: 0.7m
step 00520/00600 (86.67%) | loss: 4.924365 | lrm: 0.24 | dt: 483.68ms | tok/sec: 33,873 | bf16_mfu: 0.00 | epoch: 1 pq: 0 rg: 23 | total time: 4.48m | eta: 0.7m
step 00521/00600 (86.83%) | loss: 4.927081 | lrm: 0.24 | dt: 483.61ms | tok/sec: 33,878 | bf16_mfu: 0.00 | epoch: 1 pq: 0 rg: 23 | total time: 4.49m | eta: 0.7m
step 00522/00600 (87.00%) | loss: 4.920602 | lrm: 0.24 | dt: 486.25ms | tok/sec: 33,694 | bf16_mfu: 0.00 | epoch: 1 pq: 0 rg: 23 | total time: 4.50m | eta: 0.7m
step 00523/00600 (87.17%) | loss: 4.922251 | lrm: 0.24 | dt: 481.18ms | tok/sec: 34,049 | bf16_mfu: 0.00 | epoch: 1 pq: 0 rg: 23 | total time: 4.51m | eta: 0.7m
step 00524/00600 (87.33%) | loss: 4.929620 | lrm: 0.24 | dt: 477.45ms | tok/sec: 34,315 | bf16_mfu: 0.00 | epoch: 1 pq: 0 rg: 23 | total time: 4.52m | eta: 0.7m
step 00525/00600 (87.50%) | loss: 4.916310 | lrm: 0.23 | dt: 533.57ms | tok/sec: 30,706 | bf16_mfu: 0.00 | epoch: 1 pq: 0 rg: 24 | total time: 4.53m | eta: 0.7m
step 00526/00600 (87.67%) | loss: 4.926332 | lrm: 0.23 | dt: 584.10ms | tok/sec: 28,049 | bf16_mfu: 0.00 | epoch: 1 pq: 0 rg: 24 | total time: 4.54m | eta: 0.7m
step 00527/00600 (87.83%) | loss: 4.912362 | lrm: 0.23 | dt: 556.94ms | tok/sec: 29,417 | bf16_mfu: 0.00 | epoch: 1 pq: 0 rg: 24 | total time: 4.54m | eta: 0.6m
step 00528/00600 (88.00%) | loss: 4.898423 | lrm: 0.23 | dt: 551.77ms | tok/sec: 29,693 | bf16_mfu: 0.00 | epoch: 1 pq: 0 rg: 24 | total time: 4.55m | eta: 0.6m
step 00529/00600 (88.17%) | loss: 4.910477 | lrm: 0.22 | dt: 485.79ms | tok/sec: 33,726 | bf16_mfu: 0.00 | epoch: 1 pq: 0 rg: 24 | total time: 4.56m | eta: 0.6m
step 00530/00600 (88.33%) | loss: 4.909866 | lrm: 0.22 | dt: 483.40ms | tok/sec: 33,893 | bf16_mfu: 0.00 | epoch: 1 pq: 0 rg: 24 | total time: 4.57m | eta: 0.6m
step 00531/00600 (88.50%) | loss: 4.914071 | lrm: 0.22 | dt: 488.32ms | tok/sec: 33,551 | bf16_mfu: 0.00 | epoch: 1 pq: 0 rg: 24 | total time: 4.58m | eta: 0.6m
step 00532/00600 (88.67%) | loss: 4.908294 | lrm: 0.22 | dt: 493.68ms | tok/sec: 33,187 | bf16_mfu: 0.00 | epoch: 1 pq: 0 rg: 24 | total time: 4.59m | eta: 0.6m
step 00533/00600 (88.83%) | loss: 4.902643 | lrm: 0.21 | dt: 479.39ms | tok/sec: 34,176 | bf16_mfu: 0.00 | epoch: 1 pq: 0 rg: 24 | total time: 4.59m | eta: 0.6m
step 00534/00600 (89.00%) | loss: 4.907830 | lrm: 0.21 | dt: 526.68ms | tok/sec: 31,107 | bf16_mfu: 0.00 | epoch: 1 pq: 0 rg: 24 | total time: 4.60m | eta: 0.6m
step 00535/00600 (89.17%) | loss: 4.917046 | lrm: 0.21 | dt: 535.67ms | tok/sec: 30,586 | bf16_mfu: 0.00 | epoch: 1 pq: 0 rg: 24 | total time: 4.61m | eta: 0.6m
step 00536/00600 (89.33%) | loss: 4.920936 | lrm: 0.21 | dt: 501.49ms | tok/sec: 32,670 | bf16_mfu: 0.00 | epoch: 1 pq: 0 rg: 24 | total time: 4.62m | eta: 0.6m
step 00537/00600 (89.50%) | loss: 4.931164 | lrm: 0.20 | dt: 499.05ms | tok/sec: 32,830 | bf16_mfu: 0.00 | epoch: 1 pq: 0 rg: 24 | total time: 4.63m | eta: 0.6m
step 00538/00600 (89.67%) | loss: 4.913644 | lrm: 0.20 | dt: 521.69ms | tok/sec: 31,405 | bf16_mfu: 0.00 | epoch: 1 pq: 0 rg: 24 | total time: 4.64m | eta: 0.5m
step 00539/00600 (89.83%) | loss: 4.899019 | lrm: 0.20 | dt: 475.63ms | tok/sec: 34,447 | bf16_mfu: 0.00 | epoch: 1 pq: 0 rg: 24 | total time: 4.65m | eta: 0.5m
step 00540/00600 (90.00%) | loss: 4.913077 | lrm: 0.20 | dt: 516.54ms | tok/sec: 31,718 | bf16_mfu: 0.00 | epoch: 1 pq: 0 rg: 24 | total time: 4.65m | eta: 0.5m
step 00541/00600 (90.17%) | loss: 4.930172 | lrm: 0.19 | dt: 516.84ms | tok/sec: 31,700 | bf16_mfu: 0.00 | epoch: 1 pq: 0 rg: 24 | total time: 4.66m | eta: 0.5m
step 00542/00600 (90.33%) | loss: 4.917650 | lrm: 0.19 | dt: 507.93ms | tok/sec: 32,256 | bf16_mfu: 0.00 | epoch: 1 pq: 0 rg: 24 | total time: 4.67m | eta: 0.5m
step 00543/00600 (90.50%) | loss: 4.928199 | lrm: 0.19 | dt: 518.86ms | tok/sec: 31,576 | bf16_mfu: 0.00 | epoch: 1 pq: 0 rg: 24 | total time: 4.68m | eta: 0.5m
step 00544/00600 (90.67%) | loss: 4.933296 | lrm: 0.19 | dt: 503.99ms | tok/sec: 32,508 | bf16_mfu: 0.00 | epoch: 1 pq: 0 rg: 24 | total time: 4.69m | eta: 0.5m
step 00545/00600 (90.83%) | loss: 4.932018 | lrm: 0.18 | dt: 509.09ms | tok/sec: 32,182 | bf16_mfu: 0.00 | epoch: 1 pq: 0 rg: 24 | total time: 4.70m | eta: 0.5m
step 00546/00600 (91.00%) | loss: 4.940062 | lrm: 0.18 | dt: 527.70ms | tok/sec: 31,047 | bf16_mfu: 0.00 | epoch: 1 pq: 0 rg: 24 | total time: 4.71m | eta: 0.5m
step 00547/00600 (91.17%) | loss: 4.926593 | lrm: 0.18 | dt: 485.89ms | tok/sec: 33,719 | bf16_mfu: 0.00 | epoch: 1 pq: 0 rg: 24 | total time: 4.71m | eta: 0.5m
step 00548/00600 (91.33%) | loss: 4.930838 | lrm: 0.18 | dt: 534.28ms | tok/sec: 30,665 | bf16_mfu: 0.00 | epoch: 1 pq: 0 rg: 25 | total time: 4.72m | eta: 0.5m
step 00549/00600 (91.50%) | loss: 4.930925 | lrm: 0.17 | dt: 507.25ms | tok/sec: 32,299 | bf16_mfu: 0.00 | epoch: 1 pq: 0 rg: 25 | total time: 4.73m | eta: 0.4m
step 00550/00600 (91.67%) | loss: 4.942439 | lrm: 0.17 | dt: 492.43ms | tok/sec: 33,271 | bf16_mfu: 0.00 | epoch: 1 pq: 0 rg: 25 | total time: 4.74m | eta: 0.4m
step 00551/00600 (91.83%) | loss: 4.954351 | lrm: 0.17 | dt: 501.29ms | tok/sec: 32,683 | bf16_mfu: 0.00 | epoch: 1 pq: 0 rg: 25 | total time: 4.75m | eta: 0.4m
step 00552/00600 (92.00%) | loss: 4.950290 | lrm: 0.17 | dt: 509.14ms | tok/sec: 32,179 | bf16_mfu: 0.00 | epoch: 1 pq: 0 rg: 25 | total time: 4.76m | eta: 0.4m
step 00553/00600 (92.17%) | loss: 4.961280 | lrm: 0.16 | dt: 481.70ms | tok/sec: 34,012 | bf16_mfu: 0.00 | epoch: 1 pq: 0 rg: 25 | total time: 4.76m | eta: 0.4m
step 00554/00600 (92.33%) | loss: 4.953772 | lrm: 0.16 | dt: 545.00ms | tok/sec: 30,062 | bf16_mfu: 0.00 | epoch: 1 pq: 0 rg: 25 | total time: 4.77m | eta: 0.4m
step 00555/00600 (92.50%) | loss: 4.945407 | lrm: 0.16 | dt: 501.99ms | tok/sec: 32,638 | bf16_mfu: 0.00 | epoch: 1 pq: 0 rg: 25 | total time: 4.78m | eta: 0.4m
step 00556/00600 (92.67%) | loss: 4.948157 | lrm: 0.16 | dt: 544.96ms | tok/sec: 30,064 | bf16_mfu: 0.00 | epoch: 1 pq: 0 rg: 25 | total time: 4.79m | eta: 0.4m
step 00557/00600 (92.83%) | loss: 4.934148 | lrm: 0.15 | dt: 481.94ms | tok/sec: 33,996 | bf16_mfu: 0.00 | epoch: 1 pq: 0 rg: 25 | total time: 4.80m | eta: 0.4m
step 00558/00600 (93.00%) | loss: 4.940720 | lrm: 0.15 | dt: 494.57ms | tok/sec: 33,128 | bf16_mfu: 0.00 | epoch: 1 pq: 0 rg: 25 | total time: 4.81m | eta: 0.4m
step 00559/00600 (93.17%) | loss: 4.936556 | lrm: 0.15 | dt: 486.37ms | tok/sec: 33,686 | bf16_mfu: 0.00 | epoch: 1 pq: 0 rg: 25 | total time: 4.81m | eta: 0.4m
step 00560/00600 (93.33%) | loss: 4.934129 | lrm: 0.15 | dt: 526.24ms | tok/sec: 31,134 | bf16_mfu: 0.00 | epoch: 1 pq: 0 rg: 25 | total time: 4.82m | eta: 0.4m
step 00561/00600 (93.50%) | loss: 4.931582 | lrm: 0.15 | dt: 508.79ms | tok/sec: 32,201 | bf16_mfu: 0.00 | epoch: 1 pq: 0 rg: 25 | total time: 4.83m | eta: 0.3m
step 00562/00600 (93.67%) | loss: 4.937308 | lrm: 0.14 | dt: 535.96ms | tok/sec: 30,569 | bf16_mfu: 0.00 | epoch: 1 pq: 0 rg: 25 | total time: 4.84m | eta: 0.3m
step 00563/00600 (93.83%) | loss: 4.930491 | lrm: 0.14 | dt: 490.10ms | tok/sec: 33,430 | bf16_mfu: 0.00 | epoch: 1 pq: 0 rg: 25 | total time: 4.85m | eta: 0.3m
step 00564/00600 (94.00%) | loss: 4.948984 | lrm: 0.14 | dt: 500.07ms | tok/sec: 32,763 | bf16_mfu: 0.00 | epoch: 1 pq: 0 rg: 25 | total time: 4.86m | eta: 0.3m
step 00565/00600 (94.17%) | loss: 4.945877 | lrm: 0.14 | dt: 494.62ms | tok/sec: 33,124 | bf16_mfu: 0.00 | epoch: 1 pq: 0 rg: 25 | total time: 4.87m | eta: 0.3m
step 00566/00600 (94.33%) | loss: 4.941701 | lrm: 0.13 | dt: 520.67ms | tok/sec: 31,466 | bf16_mfu: 0.00 | epoch: 1 pq: 0 rg: 25 | total time: 4.87m | eta: 0.3m
step 00567/00600 (94.50%) | loss: 4.941137 | lrm: 0.13 | dt: 581.35ms | tok/sec: 28,182 | bf16_mfu: 0.00 | epoch: 1 pq: 0 rg: 25 | total time: 4.88m | eta: 0.3m
step 00568/00600 (94.67%) | loss: 4.928833 | lrm: 0.13 | dt: 582.66ms | tok/sec: 28,119 | bf16_mfu: 0.00 | epoch: 1 pq: 0 rg: 25 | total time: 4.89m | eta: 0.3m
step 00569/00600 (94.83%) | loss: 4.925655 | lrm: 0.13 | dt: 492.19ms | tok/sec: 33,287 | bf16_mfu: 0.00 | epoch: 1 pq: 0 rg: 25 | total time: 4.90m | eta: 0.3m
step 00570/00600 (95.00%) | loss: 4.931748 | lrm: 0.12 | dt: 488.63ms | tok/sec: 33,530 | bf16_mfu: 0.00 | epoch: 1 pq: 0 rg: 25 | total time: 4.91m | eta: 0.3m
step 00571/00600 (95.17%) | loss: 4.933173 | lrm: 0.12 | dt: 482.83ms | tok/sec: 33,932 | bf16_mfu: 0.00 | epoch: 1 pq: 0 rg: 25 | total time: 4.92m | eta: 0.3m
step 00572/00600 (95.33%) | loss: 4.918418 | lrm: 0.12 | dt: 495.57ms | tok/sec: 33,061 | bf16_mfu: 0.00 | epoch: 1 pq: 0 rg: 26 | total time: 4.93m | eta: 0.2m
step 00573/00600 (95.50%) | loss: 4.918197 | lrm: 0.12 | dt: 548.70ms | tok/sec: 29,859 | bf16_mfu: 0.00 | epoch: 1 pq: 0 rg: 26 | total time: 4.94m | eta: 0.2m
step 00574/00600 (95.67%) | loss: 4.913654 | lrm: 0.11 | dt: 503.91ms | tok/sec: 32,513 | bf16_mfu: 0.00 | epoch: 1 pq: 0 rg: 26 | total time: 4.94m | eta: 0.2m
step 00575/00600 (95.83%) | loss: 4.908540 | lrm: 0.11 | dt: 526.57ms | tok/sec: 31,114 | bf16_mfu: 0.00 | epoch: 1 pq: 0 rg: 26 | total time: 4.95m | eta: 0.2m
step 00576/00600 (96.00%) | loss: 4.912440 | lrm: 0.11 | dt: 528.96ms | tok/sec: 30,974 | bf16_mfu: 0.00 | epoch: 1 pq: 0 rg: 26 | total time: 4.96m | eta: 0.2m
step 00577/00600 (96.17%) | loss: 4.901915 | lrm: 0.11 | dt: 512.56ms | tok/sec: 31,965 | bf16_mfu: 0.00 | epoch: 1 pq: 0 rg: 26 | total time: 4.97m | eta: 0.2m
step 00578/00600 (96.33%) | loss: 4.895608 | lrm: 0.10 | dt: 522.92ms | tok/sec: 31,331 | bf16_mfu: 0.00 | epoch: 1 pq: 0 rg: 26 | total time: 4.98m | eta: 0.2m
step 00579/00600 (96.50%) | loss: 4.889541 | lrm: 0.10 | dt: 520.28ms | tok/sec: 31,490 | bf16_mfu: 0.00 | epoch: 1 pq: 0 rg: 26 | total time: 4.99m | eta: 0.2m
step 00580/00600 (96.67%) | loss: 4.895277 | lrm: 0.10 | dt: 500.01ms | tok/sec: 32,767 | bf16_mfu: 0.00 | epoch: 1 pq: 0 rg: 26 | total time: 5.00m | eta: 0.2m
step 00581/00600 (96.83%) | loss: 4.877490 | lrm: 0.10 | dt: 494.04ms | tok/sec: 33,163 | bf16_mfu: 0.00 | epoch: 1 pq: 0 rg: 26 | total time: 5.00m | eta: 0.2m
step 00582/00600 (97.00%) | loss: 4.879309 | lrm: 0.09 | dt: 706.57ms | tok/sec: 23,188 | bf16_mfu: 0.00 | epoch: 1 pq: 0 rg: 26 | total time: 5.02m | eta: 0.2m
step 00583/00600 (97.17%) | loss: 4.893922 | lrm: 0.09 | dt: 593.41ms | tok/sec: 27,610 | bf16_mfu: 0.00 | epoch: 1 pq: 0 rg: 26 | total time: 5.03m | eta: 0.1m
step 00584/00600 (97.33%) | loss: 4.901592 | lrm: 0.09 | dt: 563.34ms | tok/sec: 29,083 | bf16_mfu: 0.00 | epoch: 1 pq: 0 rg: 26 | total time: 5.04m | eta: 0.1m
step 00585/00600 (97.50%) | loss: 4.909679 | lrm: 0.09 | dt: 592.99ms | tok/sec: 27,629 | bf16_mfu: 0.00 | epoch: 1 pq: 0 rg: 26 | total time: 5.05m | eta: 0.1m
step 00586/00600 (97.67%) | loss: 4.915410 | lrm: 0.08 | dt: 604.19ms | tok/sec: 27,117 | bf16_mfu: 0.00 | epoch: 1 pq: 0 rg: 26 | total time: 5.06m | eta: 0.1m
step 00587/00600 (97.83%) | loss: 4.914784 | lrm: 0.08 | dt: 544.80ms | tok/sec: 30,073 | bf16_mfu: 0.00 | epoch: 1 pq: 0 rg: 26 | total time: 5.06m | eta: 0.1m
step 00588/00600 (98.00%) | loss: 4.922934 | lrm: 0.08 | dt: 598.19ms | tok/sec: 27,389 | bf16_mfu: 0.00 | epoch: 1 pq: 0 rg: 26 | total time: 5.07m | eta: 0.1m
step 00589/00600 (98.17%) | loss: 4.904449 | lrm: 0.08 | dt: 524.34ms | tok/sec: 31,246 | bf16_mfu: 0.00 | epoch: 1 pq: 0 rg: 26 | total time: 5.08m | eta: 0.1m
step 00590/00600 (98.33%) | loss: 4.908603 | lrm: 0.07 | dt: 595.11ms | tok/sec: 27,531 | bf16_mfu: 0.00 | epoch: 1 pq: 0 rg: 26 | total time: 5.09m | eta: 0.1m
step 00591/00600 (98.50%) | loss: 4.908632 | lrm: 0.07 | dt: 520.03ms | tok/sec: 31,506 | bf16_mfu: 0.00 | epoch: 1 pq: 0 rg: 26 | total time: 5.10m | eta: 0.1m
step 00592/00600 (98.67%) | loss: 4.926314 | lrm: 0.07 | dt: 596.73ms | tok/sec: 27,456 | bf16_mfu: 0.00 | epoch: 1 pq: 0 rg: 26 | total time: 5.11m | eta: 0.1m
step 00593/00600 (98.83%) | loss: 4.929865 | lrm: 0.07 | dt: 539.44ms | tok/sec: 30,372 | bf16_mfu: 0.00 | epoch: 1 pq: 0 rg: 26 | total time: 5.12m | eta: 0.1m
step 00594/00600 (99.00%) | loss: 4.922518 | lrm: 0.06 | dt: 546.63ms | tok/sec: 29,972 | bf16_mfu: 0.00 | epoch: 1 pq: 0 rg: 26 | total time: 5.13m | eta: 0.1m
step 00595/00600 (99.17%) | loss: 4.935537 | lrm: 0.06 | dt: 574.36ms | tok/sec: 28,525 | bf16_mfu: 0.00 | epoch: 1 pq: 0 rg: 27 | total time: 5.14m | eta: 0.0m
step 00596/00600 (99.33%) | loss: 4.920084 | lrm: 0.06 | dt: 595.65ms | tok/sec: 27,506 | bf16_mfu: 0.00 | epoch: 1 pq: 0 rg: 27 | total time: 5.15m | eta: 0.0m
step 00597/00600 (99.50%) | loss: 4.927659 | lrm: 0.06 | dt: 601.88ms | tok/sec: 27,221 | bf16_mfu: 0.00 | epoch: 1 pq: 0 rg: 27 | total time: 5.16m | eta: 0.0m
step 00598/00600 (99.67%) | loss: 4.938412 | lrm: 0.05 | dt: 593.27ms | tok/sec: 27,616 | bf16_mfu: 0.00 | epoch: 1 pq: 0 rg: 27 | total time: 5.17m | eta: 0.0m
step 00599/00600 (99.83%) | loss: 4.936213 | lrm: 0.05 | dt: 632.25ms | tok/sec: 25,913 | bf16_mfu: 0.00 | epoch: 1 pq: 0 rg: 27 | total time: 5.18m | eta: 0.0m
Step 00600 | Validation bpb: 1.523440
2026-08-24 20:56:49,160 - nanochat.checkpoint_manager - [32m[1mINFO[0m - Saved model parameters to: /Users/frankfacundo/.cache/nanochat/base_checkpoints/w2noise/model_000600.pt
2026-08-24 20:56:49,160 - nanochat.checkpoint_manager - [32m[1mINFO[0m - Saved metadata to: /Users/frankfacundo/.cache/nanochat/base_checkpoints/w2noise/meta_000600.json
2026-08-24 20:56:49,591 - nanochat.checkpoint_manager - [32m[1mINFO[0m - Saved optimizer state to: /Users/frankfacundo/.cache/nanochat/base_checkpoints/w2noise/optim_000600_rank0.pt
Peak memory usage: 11708.20MiB
Total training time: 5.18m
Minimum validation bpb: 1.523440
