====================================================================================================
A. VERIFIER AUDIT - attacking tasks/gsm8k.py directly
====================================================================================================
  The whole reward is: extract_answer(response) == extract_answer(reference), string compare.
    GSM_RE = '#### (\\-?[0-9\\.\\,]+)'
    gold answer for item 0 = '16'

  response fed to reward()                                          extracted  reward
  '#### 16'                                                                16     1.0   exact
  'The answer is #### 16'                                                  16     1.0   prefixed prose
  '#### 16\n#### 99'                                                       16     1.0   two markers, first wins
  '#### 99\n#### 16'                                                       99     0.0   two markers, first wins
  '#### 16.0'                                                            16.0     0.0   float form of a correct answer
  '#### 016'                                                              016     0.0   leading zero
  '#### 16,'                                                               16     1.0   trailing comma inside the class
  '####16'                                                               None     0.0   no space - regex needs one
  '#### -16'                                                              -16     0.0   sign flipped
  "I don't know."                                                        None     0.0   no marker at all
  '#### 1 #### 6'                                                           1     0.0   split digits
  'Reasoning is wrong but #### 16'                                         16     1.0   right answer, broken reasoning
  '#### 16 garbage garbage garbage garbage garbage garbage ...'            16     1.0   correct then padding

  FINDINGS:
   1. The verifier reads the FIRST '#### <num>' and ignores everything else. Reasoning is
      never checked. '#### 16' preceded by completely wrong arithmetic scores a full 1.0.
      Reward here measures ANSWER MATCHING, not reasoning - any claim about "better
      reasoning" from reward alone is unsupported by construction.
   2. Formatting is brittle in ways that are NOT about correctness: '####16' (no space)
      and '#### 16.0' both fail while being right. Some of what RL learns is the emission
      of a literal '#### ' marker - a pure format skill that inflates reward with zero
      capability change.
   3. extract_answer returns None when nothing matches. Reward is `pred == ref`, so a
      response with no marker is only safe because the GSM8K reference ALWAYS has one
      (checked below). If a reference ever lacked '####', None == None would award 1.0
      to a model that said nothing.
      -> references without a '####' marker in the first 200 train items: 0
      The None==None hazard is currently unreachable, but it is one dataset swap away.
      A verifier should return a distinguished FAILURE, never a value that can match.

====================================================================================================
B. GROUP SIZE: information per rollout vs compute per rollout
====================================================================================================
  A group of k rollouts on one prompt yields a NONZERO gradient only if the rewards are
  not unanimous. With binary reward and per-sample success probability p:
        P(informative) = 1 - (1-p)^k - p^k
  Cost grows linearly in k; information grows and then saturates.

       p       k=2       k=4       k=8      k=16     informative-per-rollout (k=2..16)
    0.01     0.020     0.039     0.077     0.149       0.010   0.010   0.010   0.009
    0.05     0.095     0.185     0.337     0.560       0.048   0.046   0.042   0.035
    0.10     0.180     0.344     0.570     0.815       0.090   0.086   0.071   0.051
    0.25     0.375     0.680     0.900     0.990       0.188   0.170   0.112   0.062
    0.50     0.500     0.875     0.992     1.000       0.250   0.219   0.124   0.062
    0.75     0.375     0.680     0.900     0.990       0.188   0.170   0.112   0.062

  READ IT AS: P(informative) is what you buy; P(informative)/k is what you buy per unit of
  compute. Efficiency per rollout is ALWAYS highest at k=2 - large groups buy a higher hit
  rate at worse marginal cost. Large k is justified only when p is far from 0.5, because
  that is where a small group is almost certainly unanimous and returns nothing at all.
  The catalog's w5-rl-baseline (k=4) vs w5-rl-samples8 (k=8) is exactly this trade, and it
  is NOT compute-matched: k=8 costs 2x the generation for the same number of optimizer
  steps. Comparing them at fixed steps compares 2x the compute; comparing at fixed wall
  time is the honest axis for a "which k should I use" claim.

  MEASURED ON THIS MODEL (experiment 01): 0 of 12 items were informative at k=8,
  i.e. 0 successes in 96 samples. A 95% upper bound on p is about 0.031.
    if p = 0.005 -> P(informative | k=8) = 0.0393, so ~25 items of rollouts per single gradient-carrying item
    if p = 0.01  -> P(informative | k=8) = 0.0773, so ~13 items of rollouts per single gradient-carrying item
    if p = 0.031 -> P(informative | k=8) = 0.2227, so ~4 items of rollouts per single gradient-carrying item
  CONCLUSION FOR THIS MODEL: RL on GSM8K at d6 is not a weak intervention, it is an
  approximately EMPTY one. The correct next move is not tuning k, it is raising p
  (better SFT, easier task subset, or more sampling budget per item) until the group
  is not unanimous. Any reward curve produced here would be noise around zero.

====================================================================================================
C. THE JOINT METRIC TABLE (never read reward alone)
====================================================================================================
  metric                     what it detects                  failure it exposes
  -------------------------- -------------------------------- ---------------------------------
  mean reward                the optimised quantity           nothing on its own
  pass@1 (greedy, held-out)  deployable single-shot skill     reward up, pass@1 flat -> the
                                                              model is exploiting sampling,
                                                              not improving
  pass@k (same k as train)   breadth of the solution set      pass@k DOWN while pass@1 up ->
                                                              entropy collapse: RL sharpened
                                                              onto one mode and lost coverage
  response length            the token-level normalization
                             bias (W5/01 section 4)           length up with reward -> length
                                                              is doing the work
  nonzero-advantage fraction  whether ANY gradient flowed     near 0 -> the run is a no-op
                                                              regardless of the reward curve
  wall time / rollout         where compute actually goes     on-policy RL is generation-bound
  pretraining val bpb        capability retention             no KL term exists in this
                             (base vs post-RL, W3/02 method)  implementation, so nothing else
                                                              bounds the drift

  IF REWARD RISES WHILE pass@1 IS FLAT, the admissible conclusions are:
    (a) the model got better at the SAMPLING distribution used in training but not at the
        greedy policy that pass@1 measures - a temperature/entropy effect, not a capability;
    (b) the model learned verifier-satisfying FORMAT (emitting '#### <num>' reliably), which
        raises reward on both correct and incorrect reasoning - audit A shows the verifier
        cannot tell these apart;
    (c) the training and evaluation prompts differ enough that the gain does not transfer.
  What is NOT admissible: "the model reasons better". That claim requires pass@1 to move on
  a held-out set, with response length and format-compliance rate reported alongside so the
  reader can rule out (a) and (b).

  PRE-REGISTERED DECISION RULE: report the k=4 vs k=8 comparison at FIXED WALL TIME, with
  pass@1 as the primary endpoint, reward as a secondary, and the nonzero-advantage fraction
  as a validity gate. If that fraction is below ~0.1, report the run as UNINFORMATIVE and
  do not compare arms at all - which, on the evidence above, is the expected outcome at d6.
